140.205.127.135 - - [01/Apr/2019:11:02:45 +0800] "GET /api/js/component/partners.js?v=911c4302.js HTTP/1.1" 200 821 "http://qsong.fun/gif/detail/128" "Mozilla/5.0 (Windows NT 10.0; WOW64) AppleWebKit/537.36 (KHTML, like Gecko) Chrome/73.0.3683.86 Safari/537.36"
140.205.127.134 - - [01/Apr/2019:11:02:46 +0800] "GET /api/js/trans/logger.js?v=d16ec0e3.js HTTP/1.1" 200 20 "http://qsong.fun/gif/detail/128" "Mozilla/5.0 (Windows NT 10.0; WOW64) AppleWebKit/537.36 (KHTML, like Gecko) Chrome/73.0.3683.86 Safari/537.36"
120.24.76.122 - - [01/Apr/2019:11:02:48 +0800] "GET /article/getArticleList?ps=10&pn=1 HTTP/1.1" 200 8589 "-" "Mozilla/5.0 (Windows NT 10.0; WOW64) AppleWebKit/537.36 (KHTML, like Gecko) Chrome/73.0.3683.86 Safari/537.36"
120.24.76.122 - - [01/Apr/2019:11:02:49 +0800] "GET /article/getArticleList?ps=5&pn=1&sort=read HTTP/1.1" 200 4358 "-" "Mozilla/5.0 (Windows NT 10.0; WOW64) AppleWebKit/537.36 (KHTML, like Gecko) Chrome/73.0.3683.86 Safari/537.36"
120.24.76.122 - - [01/Apr/2019:11:02:49 +0800] "GET /article/getArticleList?ps=1&pn=1&type=dz HTTP/1.1" 200 1252 "-" "Mozilla/5.0 (Windows NT 10.0; WOW64) AppleWebKit/537.36 (KHTML, like Gecko) Chrome/73.0.3683.86 Safari/537.36"
120.24.76.122 - - [01/Apr/2019:11:02:49 +0800] "GET /article/getArticleList?ps=1&pn=1&type=video&sort=read HTTP/1.1" 200 1024 "-" "Mozilla/5.0 (Windows NT 10.0; WOW64) AppleWebKit/537.36 (KHTML, like Gecko) Chrome/73.0.3683.86 Safari/537.36"
120.24.76.122 - - [01/Apr/2019:11:02:49 +0800] "GET /article/getArticleList?ps=5&pn=1&type=notice HTTP/1.1" 200 1590 "-" "Mozilla/5.0 (Windows NT 10.0; WOW64) AppleWebKit/537.36 (KHTML, like Gecko) Chrome/73.0.3683.86 Safari/537.36"
120.24.76.122 - - [01/Apr/2019:11:02:49 +0800] "GET /article/getCountInfo HTTP/1.1" 200 282 "-" "Mozilla/5.0 (Windows NT 10.0; WOW64) AppleWebKit/537.36 (KHTML, like Gecko) Chrome/73.0.3683.86 Safari/537.36"
120.24.76.122 - - [01/Apr/2019:11:02:49 +0800] "GET /article/getRandArticle HTTP/1.1" 200 5045 "-" "Mozilla/5.0 (Windows NT 10.0; WOW64) AppleWebKit/537.36 (KHTML, like Gecko) Chrome/73.0.3683.86 Safari/537.36"
140.205.127.157 - - [01/Apr/2019:11:02:48 +0800] "GET / HTTP/1.1" 200 8507 "-" "Mozilla/5.0 (Windows NT 10.0; WOW64) AppleWebKit/537.36 (KHTML, like Gecko) Chrome/73.0.3683.86 Safari/537.36"
140.205.127.169 - - [01/Apr/2019:11:02:49 +0800] "GET /css/font-awesome.min.css HTTP/1.1" 200 7046 "http://qsong.fun/" "Mozilla/5.0 (Windows NT 10.0; WOW64) AppleWebKit/537.36 (KHTML, like Gecko) Chrome/73.0.3683.86 Safari/537.36"
140.205.127.137 - - [01/Apr/2019:11:02:49 +0800] "GET /js/jquery.min.js HTTP/1.1" 200 33354 "http://qsong.fun/" "Mozilla/5.0 (Windows NT 10.0; WOW64) AppleWebKit/537.36 (KHTML, like Gecko) Chrome/73.0.3683.86 Safari/537.36"
140.205.127.175 - - [01/Apr/2019:11:02:49 +0800] "GET /image/Banner_woniu.jpg HTTP/1.1" 200 55537 "http://qsong.fun/" "Mozilla/5.0 (Windows NT 10.0; WOW64) AppleWebKit/537.36 (KHTML, like Gecko) Chrome/73.0.3683.86 Safari/537.36"
140.205.127.163 - - [01/Apr/2019:11:02:49 +0800] "GET /image/logo.png HTTP/1.1" 200 6525 "http://qsong.fun/" "Mozilla/5.0 (Windows NT 10.0; WOW64) AppleWebKit/537.36 (KHTML, like Gecko) Chrome/73.0.3683.86 Safari/537.36"
140.205.127.171 - - [01/Apr/2019:11:02:49 +0800] "GET /css/main.css HTTP/1.1" 200 18617 "http://qsong.fun/" "Mozilla/5.0 (Windows NT 10.0; WOW64) AppleWebKit/537.36 (KHTML, like Gecko) Chrome/73.0.3683.86 Safari/537.36"
140.205.127.158 - - [01/Apr/2019:11:02:49 +0800] "GET /css/bootstrap.min.css HTTP/1.1" 200 16330 "http://qsong.fun/" "Mozilla/5.0 (Windows NT 10.0; WOW64) AppleWebKit/537.36 (KHTML, like Gecko) Chrome/73.0.3683.86 Safari/537.36"
140.205.127.158 - - [01/Apr/2019:11:02:49 +0800] "GET /js/bootstrap.min.js HTTP/1.1" 200 9551 "http://qsong.fun/" "Mozilla/5.0 (Windows NT 10.0; WOW64) AppleWebKit/537.36 (KHTML, like Gecko) Chrome/73.0.3683.86 Safari/537.36"
140.205.127.165 - - [01/Apr/2019:11:02:49 +0800] "GET /js/ias.js HTTP/1.1" 200 2185 "http://qsong.fun/" "Mozilla/5.0 (Windows NT 10.0; WOW64) AppleWebKit/537.36 (KHTML, like Gecko) Chrome/73.0.3683.86 Safari/537.36"
140.205.127.175 - - [01/Apr/2019:11:02:49 +0800] "GET /js/main.js HTTP/1.1" 200 6125 "http://qsong.fun/" "Mozilla/5.0 (Windows NT 10.0; WOW64) AppleWebKit/537.36 (KHTML, like Gecko) Chrome/73.0.3683.86 Safari/537.36"
140.205.127.136 - - [01/Apr/2019:11:02:49 +0800] "GET /image/Banner_guangyingshuihua.jpg HTTP/1.1" 200 40592 "http://qsong.fun/" "Mozilla/5.0 (Windows NT 10.0; WOW64) AppleWebKit/537.36 (KHTML, like Gecko) Chrome/73.0.3683.86 Safari/537.36"
140.205.127.166 - - [01/Apr/2019:11:02:49 +0800] "GET /fonts/fontawesome-webfont.woff?v=4.7.0 HTTP/1.1" 200 98024 "http://qsong.fun/css/font-awesome.min.css" "Mozilla/5.0 (Windows NT 10.0; WOW64) AppleWebKit/537.36 (KHTML, like Gecko) Chrome/73.0.3683.86 Safari/537.36"
140.205.127.164 - - [01/Apr/2019:11:02:49 +0800] "GET /image/loading.gif HTTP/1.1" 200 2418 "http://qsong.fun/" "Mozilla/5.0 (Windows NT 10.0; WOW64) AppleWebKit/537.36 (KHTML, like Gecko) Chrome/73.0.3683.86 Safari/537.36"
140.205.127.167 - - [01/Apr/2019:11:02:49 +0800] "GET /image/wxapp.jpg HTTP/1.1" 200 75999 "http://qsong.fun/" "Mozilla/5.0 (Windows NT 10.0; WOW64) AppleWebKit/537.36 (KHTML, like Gecko) Chrome/73.0.3683.86 Safari/537.36"
140.205.127.136 - - [01/Apr/2019:11:02:49 +0800] "GET /image/wxqrcode.png HTTP/1.1" 200 40117 "http://qsong.fun/" "Mozilla/5.0 (Windows NT 10.0; WOW64) AppleWebKit/537.36 (KHTML, like Gecko) Chrome/73.0.3683.86 Safari/537.36"
140.205.127.147 - - [01/Apr/2019:11:02:49 +0800] "GET /image/Banner_weimei.jpg HTTP/1.1" 200 165019 "http://qsong.fun/" "Mozilla/5.0 (Windows NT 10.0; WOW64) AppleWebKit/537.36 (KHTML, like Gecko) Chrome/73.0.3683.86 Safari/537.36"
140.205.127.174 - - [01/Apr/2019:11:02:52 +0800] "GET /favicon.ico HTTP/1.1" 200 1925 "http://qsong.fun/" "Mozilla/5.0 (Windows NT 10.0; WOW64) AppleWebKit/537.36 (KHTML, like Gecko) Chrome/73.0.3683.86 Safari/537.36"
127.0.0.1 - - [01/Apr/2019:11:02:54 +0800] "OPTIONS * HTTP/1.0" 200 - "-" "Apache/2.4.6 (CentOS) OpenSSL/1.0.2k-fips PHP/5.4.16 (internal dummy connection)"
127.0.0.1 - - [01/Apr/2019:11:02:55 +0800] "OPTIONS * HTTP/1.0" 200 - "-" "Apache/2.4.6 (CentOS) OpenSSL/1.0.2k-fips PHP/5.4.16 (internal dummy connection)"
140.205.127.171 - - [01/Apr/2019:11:02:55 +0800] "GET /css/main.css HTTP/1.1" 200 18617 "http://qsong.fun/" "Mozilla/5.0 (Windows NT 10.0; WOW64) AppleWebKit/537.36 (KHTML, like Gecko) Chrome/73.0.3683.86 Safari/537.36"
140.205.127.163 - - [01/Apr/2019:11:02:55 +0800] "GET /image/logo.png HTTP/1.1" 200 6525 "http://qsong.fun/" "Mozilla/5.0 (Windows NT 10.0; WOW64) AppleWebKit/537.36 (KHTML, like Gecko) Chrome/73.0.3683.86 Safari/537.36"
140.205.127.158 - - [01/Apr/2019:11:02:55 +0800] "GET /css/bootstrap.min.css HTTP/1.1" 200 16330 "http://qsong.fun/" "Mozilla/5.0 (Windows NT 10.0; WOW64) AppleWebKit/537.36 (KHTML, like Gecko) Chrome/73.0.3683.86 Safari/537.36"
140.205.127.137 - - [01/Apr/2019:11:02:55 +0800] "GET /js/jquery.min.js HTTP/1.1" 200 33354 "http://qsong.fun/" "Mozilla/5.0 (Windows NT 10.0; WOW64) AppleWebKit/537.36 (KHTML, like Gecko) Chrome/73.0.3683.86 Safari/537.36"
140.205.127.169 - - [01/Apr/2019:11:02:55 +0800] "GET /css/font-awesome.min.css HTTP/1.1" 200 7046 "http://qsong.fun/" "Mozilla/5.0 (Windows NT 10.0; WOW64) AppleWebKit/537.36 (KHTML, like Gecko) Chrome/73.0.3683.86 Safari/537.36"
140.205.127.175 - - [01/Apr/2019:11:02:55 +0800] "GET /image/Banner_woniu.jpg HTTP/1.1" 200 55537 "http://qsong.fun/" "Mozilla/5.0 (Windows NT 10.0; WOW64) AppleWebKit/537.36 (KHTML, like Gecko) Chrome/73.0.3683.86 Safari/537.36"
140.205.127.158 - - [01/Apr/2019:11:02:55 +0800] "GET /js/bootstrap.min.js HTTP/1.1" 200 9551 "http://qsong.fun/" "Mozilla/5.0 (Windows NT 10.0; WOW64) AppleWebKit/537.36 (KHTML, like Gecko) Chrome/73.0.3683.86 Safari/537.36"
140.205.127.165 - - [01/Apr/2019:11:02:56 +0800] "GET /js/ias.js HTTP/1.1" 200 2185 "http://qsong.fun/" "Mozilla/5.0 (Windows NT 10.0; WOW64) AppleWebKit/537.36 (KHTML, like Gecko) Chrome/73.0.3683.86 Safari/537.36"
140.205.127.175 - - [01/Apr/2019:11:02:56 +0800] "GET /js/main.js HTTP/1.1" 200 6125 "http://qsong.fun/" "Mozilla/5.0 (Windows NT 10.0; WOW64) AppleWebKit/537.36 (KHTML, like Gecko) Chrome/73.0.3683.86 Safari/537.36"
140.205.127.136 - - [01/Apr/2019:11:02:56 +0800] "GET /image/Banner_guangyingshuihua.jpg HTTP/1.1" 200 40592 "http://qsong.fun/" "Mozilla/5.0 (Windows NT 10.0; WOW64) AppleWebKit/537.36 (KHTML, like Gecko) Chrome/73.0.3683.86 Safari/537.36"
140.205.127.167 - - [01/Apr/2019:11:02:56 +0800] "GET /image/wxapp.jpg HTTP/1.1" 200 75999 "http://qsong.fun/" "Mozilla/5.0 (Windows NT 10.0; WOW64) AppleWebKit/537.36 (KHTML, like Gecko) Chrome/73.0.3683.86 Safari/537.36"
140.205.127.164 - - [01/Apr/2019:11:02:56 +0800] "GET /image/loading.gif HTTP/1.1" 200 2418 "http://qsong.fun/" "Mozilla/5.0 (Windows NT 10.0; WOW64) AppleWebKit/537.36 (KHTML, like Gecko) Chrome/73.0.3683.86 Safari/537.36"
140.205.127.136 - - [01/Apr/2019:11:02:56 +0800] "GET /image/wxqrcode.png HTTP/1.1" 200 40117 "http://qsong.fun/" "Mozilla/5.0 (Windows NT 10.0; WOW64) AppleWebKit/537.36 (KHTML, like Gecko) Chrome/73.0.3683.86 Safari/537.36"
140.205.127.147 - - [01/Apr/2019:11:02:56 +0800] "GET /image/Banner_weimei.jpg HTTP/1.1" 200 165019 "http://qsong.fun/" "Mozilla/5.0 (Windows NT 10.0; WOW64) AppleWebKit/537.36 (KHTML, like Gecko) Chrome/73.0.3683.86 Safari/537.36"
140.205.127.174 - - [01/Apr/2019:11:02:57 +0800] "GET /favicon.ico HTTP/1.1" 200 1925 "http://qsong.fun/" "Mozilla/5.0 (Windows NT 10.0; WOW64) AppleWebKit/537.36 (KHTML, like Gecko) Chrome/73.0.3683.86 Safari/537.36"
140.205.127.158 - - [01/Apr/2019:11:03:00 +0800] "GET /css/bootstrap.min.css HTTP/1.1" 200 16330 "http://qsong.fun/" "Mozilla/5.0 (Windows NT 10.0; WOW64) AppleWebKit/537.36 (KHTML, like Gecko) Chrome/73.0.3683.86 Safari/537.36"
140.205.127.137 - - [01/Apr/2019:11:03:00 +0800] "GET /js/jquery.min.js HTTP/1.1" 200 33354 "http://qsong.fun/" "Mozilla/5.0 (Windows NT 10.0; WOW64) AppleWebKit/537.36 (KHTML, like Gecko) Chrome/73.0.3683.86 Safari/537.36"
140.205.127.163 - - [01/Apr/2019:11:03:00 +0800] "GET /image/logo.png HTTP/1.1" 200 6525 "http://qsong.fun/" "Mozilla/5.0 (Windows NT 10.0; WOW64) AppleWebKit/537.36 (KHTML, like Gecko) Chrome/73.0.3683.86 Safari/537.36"
140.205.127.171 - - [01/Apr/2019:11:03:00 +0800] "GET /css/main.css HTTP/1.1" 200 18617 "http://qsong.fun/" "Mozilla/5.0 (Windows NT 10.0; WOW64) AppleWebKit/537.36 (KHTML, like Gecko) Chrome/73.0.3683.86 Safari/537.36"
140.205.127.175 - - [01/Apr/2019:11:03:00 +0800] "GET /image/Banner_woniu.jpg HTTP/1.1" 200 55537 "http://qsong.fun/" "Mozilla/5.0 (Windows NT 10.0; WOW64) AppleWebKit/537.36 (KHTML, like Gecko) Chrome/73.0.3683.86 Safari/537.36"
140.205.127.169 - - [01/Apr/2019:11:03:00 +0800] "GET /css/font-awesome.min.css HTTP/1.1" 200 7046 "http://qsong.fun/" "Mozilla/5.0 (Windows NT 10.0; WOW64) AppleWebKit/537.36 (KHTML, like Gecko) Chrome/73.0.3683.86 Safari/537.36"
140.205.127.158 - - [01/Apr/2019:11:03:01 +0800] "GET /js/bootstrap.min.js HTTP/1.1" 200 9551 "http://qsong.fun/" "Mozilla/5.0 (Windows NT 10.0; WOW64) AppleWebKit/537.36 (KHTML, like Gecko) Chrome/73.0.3683.86 Safari/537.36"
140.205.127.136 - - [01/Apr/2019:11:03:01 +0800] "GET /image/Banner_guangyingshuihua.jpg HTTP/1.1" 200 40592 "http://qsong.fun/" "Mozilla/5.0 (Windows NT 10.0; WOW64) AppleWebKit/537.36 (KHTML, like Gecko) Chrome/73.0.3683.86 Safari/537.36"
140.205.127.165 - - [01/Apr/2019:11:03:01 +0800] "GET /js/ias.js HTTP/1.1" 200 2185 "http://qsong.fun/" "Mozilla/5.0 (Windows NT 10.0; WOW64) AppleWebKit/537.36 (KHTML, like Gecko) Chrome/73.0.3683.86 Safari/537.36"
140.205.127.167 - - [01/Apr/2019:11:03:01 +0800] "GET /image/wxapp.jpg HTTP/1.1" 200 75999 "http://qsong.fun/" "Mozilla/5.0 (Windows NT 10.0; WOW64) AppleWebKit/537.36 (KHTML, like Gecko) Chrome/73.0.3683.86 Safari/537.36"
140.205.127.175 - - [01/Apr/2019:11:03:01 +0800] "GET /js/main.js HTTP/1.1" 200 6125 "http://qsong.fun/" "Mozilla/5.0 (Windows NT 10.0; WOW64) AppleWebKit/537.36 (KHTML, like Gecko) Chrome/73.0.3683.86 Safari/537.36"
140.205.127.164 - - [01/Apr/2019:11:03:01 +0800] "GET /image/loading.gif HTTP/1.1" 200 2418 "http://qsong.fun/" "Mozilla/5.0 (Windows NT 10.0; WOW64) AppleWebKit/537.36 (KHTML, like Gecko) Chrome/73.0.3683.86 Safari/537.36"
140.205.127.136 - - [01/Apr/2019:11:03:01 +0800] "GET /image/wxqrcode.png HTTP/1.1" 200 40117 "http://qsong.fun/" "Mozilla/5.0 (Windows NT 10.0; WOW64) AppleWebKit/537.36 (KHTML, like Gecko) Chrome/73.0.3683.86 Safari/537.36"
140.205.127.147 - - [01/Apr/2019:11:03:01 +0800] "GET /image/Banner_weimei.jpg HTTP/1.1" 200 165019 "http://qsong.fun/" "Mozilla/5.0 (Windows NT 10.0; WOW64) AppleWebKit/537.36 (KHTML, like Gecko) Chrome/73.0.3683.86 Safari/537.36"
140.205.127.174 - - [01/Apr/2019:11:03:03 +0800] "GET /favicon.ico HTTP/1.1" 200 1925 "http://qsong.fun/" "Mozilla/5.0 (Windows NT 10.0; WOW64) AppleWebKit/537.36 (KHTML, like Gecko) Chrome/73.0.3683.86 Safari/537.36"
127.0.0.1 - - [01/Apr/2019:11:03:06 +0800] "OPTIONS * HTTP/1.0" 200 - "-" "Apache/2.4.6 (CentOS) OpenSSL/1.0.2k-fips PHP/5.4.16 (internal dummy connection)"
127.0.0.1 - - [01/Apr/2019:11:03:07 +0800] "OPTIONS * HTTP/1.0" 200 - "-" "Apache/2.4.6 (CentOS) OpenSSL/1.0.2k-fips PHP/5.4.16 (internal dummy connection)"
127.0.0.1 - - [01/Apr/2019:11:03:08 +0800] "OPTIONS * HTTP/1.0" 200 - "-" "Apache/2.4.6 (CentOS) OpenSSL/1.0.2k-fips PHP/5.4.16 (internal dummy connection)"
127.0.0.1 - - [01/Apr/2019:11:03:09 +0800] "OPTIONS * HTTP/1.0" 200 - "-" "Apache/2.4.6 (CentOS) OpenSSL/1.0.2k-fips PHP/5.4.16 (internal dummy connection)"
127.0.0.1 - - [01/Apr/2019:11:03:10 +0800] "OPTIONS * HTTP/1.0" 200 - "-" "Apache/2.4.6 (CentOS) OpenSSL/1.0.2k-fips PHP/5.4.16 (internal dummy connection)"
127.0.0.1 - - [01/Apr/2019:11:03:11 +0800] "OPTIONS * HTTP/1.0" 200 - "-" "Apache/2.4.6 (CentOS) OpenSSL/1.0.2k-fips PHP/5.4.16 (internal dummy connection)"
127.0.0.1 - - [01/Apr/2019:11:03:12 +0800] "OPTIONS * HTTP/1.0" 200 - "-" "Apache/2.4.6 (CentOS) OpenSSL/1.0.2k-fips PHP/5.4.16 (internal dummy connection)"
127.0.0.1 - - [01/Apr/2019:11:03:13 +0800] "OPTIONS * HTTP/1.0" 200 - "-" "Apache/2.4.6 (CentOS) OpenSSL/1.0.2k-fips PHP/5.4.16 (internal dummy connection)"
127.0.0.1 - - [01/Apr/2019:11:03:14 +0800] "OPTIONS * HTTP/1.0" 200 - "-" "Apache/2.4.6 (CentOS) OpenSSL/1.0.2k-fips PHP/5.4.16 (internal dummy connection)"
120.24.76.122 - - [01/Apr/2019:11:03:15 +0800] "GET /article/getRandArticle HTTP/1.1" 200 4371 "http://qsong.fun/" "Mozilla/5.0 (Windows NT 10.0; WOW64) AppleWebKit/537.36 (KHTML, like Gecko) Chrome/73.0.3683.86 Safari/537.36"
120.24.76.122 - - [01/Apr/2019:11:03:15 +0800] "GET /article/getArticleDtl?articleId=129&type=gif HTTP/1.1" 200 8422 "http://qsong.fun/" "Mozilla/5.0 (Windows NT 10.0; WOW64) AppleWebKit/537.36 (KHTML, like Gecko) Chrome/73.0.3683.86 Safari/537.36"
140.205.127.134 - - [01/Apr/2019:11:03:15 +0800] "GET /gif/detail/129 HTTP/1.1" 200 6557 "http://qsong.fun/" "Mozilla/5.0 (Windows NT 10.0; WOW64) AppleWebKit/537.36 (KHTML, like Gecko) Chrome/73.0.3683.86 Safari/537.36"
127.0.0.1 - - [01/Apr/2019:11:03:15 +0800] "OPTIONS * HTTP/1.0" 200 - "-" "Apache/2.4.6 (CentOS) OpenSSL/1.0.2k-fips PHP/5.4.16 (internal dummy connection)"
140.205.127.165 - - [01/Apr/2019:11:03:15 +0800] "GET /js/share.js HTTP/1.1" 200 6240 "http://qsong.fun/gif/detail/129" "Mozilla/5.0 (Windows NT 10.0; WOW64) AppleWebKit/537.36 (KHTML, like Gecko) Chrome/73.0.3683.86 Safari/537.36"
140.205.127.149 - - [01/Apr/2019:11:03:15 +0800] "GET /css/share.css HTTP/1.1" 200 484 "http://qsong.fun/gif/detail/129" "Mozilla/5.0 (Windows NT 10.0; WOW64) AppleWebKit/537.36 (KHTML, like Gecko) Chrome/73.0.3683.86 Safari/537.36"
140.205.127.158 - - [01/Apr/2019:11:03:15 +0800] "GET /css/bootstrap.min.css HTTP/1.1" 200 16330 "http://qsong.fun/gif/detail/129" "Mozilla/5.0 (Windows NT 10.0; WOW64) AppleWebKit/537.36 (KHTML, like Gecko) Chrome/73.0.3683.86 Safari/537.36"
140.205.127.143 - - [01/Apr/2019:11:03:15 +0800] "GET /css/baguetteBox.min.css HTTP/1.1" 200 1000 "http://qsong.fun/gif/detail/129" "Mozilla/5.0 (Windows NT 10.0; WOW64) AppleWebKit/537.36 (KHTML, like Gecko) Chrome/73.0.3683.86 Safari/537.36"
140.205.127.169 - - [01/Apr/2019:11:03:15 +0800] "GET /css/font-awesome.min.css HTTP/1.1" 200 7046 "http://qsong.fun/gif/detail/129" "Mozilla/5.0 (Windows NT 10.0; WOW64) AppleWebKit/537.36 (KHTML, like Gecko) Chrome/73.0.3683.86 Safari/537.36"
140.205.127.171 - - [01/Apr/2019:11:03:15 +0800] "GET /css/main.css HTTP/1.1" 200 18617 "http://qsong.fun/gif/detail/129" "Mozilla/5.0 (Windows NT 10.0; WOW64) AppleWebKit/537.36 (KHTML, like Gecko) Chrome/73.0.3683.86 Safari/537.36"
140.205.127.149 - - [01/Apr/2019:11:03:15 +0800] "GET /css/gallery-clean.css HTTP/1.1" 200 406 "http://qsong.fun/gif/detail/129" "Mozilla/5.0 (Windows NT 10.0; WOW64) AppleWebKit/537.36 (KHTML, like Gecko) Chrome/73.0.3683.86 Safari/537.36"
140.205.127.137 - - [01/Apr/2019:11:03:15 +0800] "GET /js/jquery.min.js HTTP/1.1" 200 33354 "http://qsong.fun/gif/detail/129" "Mozilla/5.0 (Windows NT 10.0; WOW64) AppleWebKit/537.36 (KHTML, like Gecko) Chrome/73.0.3683.86 Safari/537.36"
140.205.127.163 - - [01/Apr/2019:11:03:15 +0800] "GET /image/logo.png HTTP/1.1" 200 6525 "http://qsong.fun/gif/detail/129" "Mozilla/5.0 (Windows NT 10.0; WOW64) AppleWebKit/537.36 (KHTML, like Gecko) Chrome/73.0.3683.86 Safari/537.36"
140.205.127.165 - - [01/Apr/2019:11:03:15 +0800] "GET /js/ias.js HTTP/1.1" 200 2185 "http://qsong.fun/gif/detail/129" "Mozilla/5.0 (Windows NT 10.0; WOW64) AppleWebKit/537.36 (KHTML, like Gecko) Chrome/73.0.3683.86 Safari/537.36"
140.205.127.158 - - [01/Apr/2019:11:03:15 +0800] "GET /js/bootstrap.min.js HTTP/1.1" 200 9551 "http://qsong.fun/gif/detail/129" "Mozilla/5.0 (Windows NT 10.0; WOW64) AppleWebKit/537.36 (KHTML, like Gecko) Chrome/73.0.3683.86 Safari/537.36"
140.205.127.175 - - [01/Apr/2019:11:03:16 +0800] "GET /js/main.js HTTP/1.1" 200 6125 "http://qsong.fun/gif/detail/129" "Mozilla/5.0 (Windows NT 10.0; WOW64) AppleWebKit/537.36 (KHTML, like Gecko) Chrome/73.0.3683.86 Safari/537.36"
140.205.127.129 - - [01/Apr/2019:11:03:16 +0800] "GET /image/share.png HTTP/1.1" 200 6932 "http://qsong.fun/css/share.css" "Mozilla/5.0 (Windows NT 10.0; WOW64) AppleWebKit/537.36 (KHTML, like Gecko) Chrome/73.0.3683.86 Safari/537.36"
140.205.127.136 - - [01/Apr/2019:11:03:16 +0800] "GET /image/wxqrcode.png HTTP/1.1" 200 40117 "http://qsong.fun/gif/detail/129" "Mozilla/5.0 (Windows NT 10.0; WOW64) AppleWebKit/537.36 (KHTML, like Gecko) Chrome/73.0.3683.86 Safari/537.36"
140.205.127.173 - - [01/Apr/2019:11:03:16 +0800] "GET /js/share.js?cdnversion=431690 HTTP/1.1" 200 6240 "http://qsong.fun/gif/detail/129" "Mozilla/5.0 (Windows NT 10.0; WOW64) AppleWebKit/537.36 (KHTML, like Gecko) Chrome/73.0.3683.86 Safari/537.36"
140.205.127.145 - - [01/Apr/2019:11:03:17 +0800] "GET /api/js/share/share_api.js?v=226108fe.js HTTP/1.1" 200 484 "http://qsong.fun/gif/detail/129" "Mozilla/5.0 (Windows NT 10.0; WOW64) AppleWebKit/537.36 (KHTML, like Gecko) Chrome/73.0.3683.86 Safari/537.36"
140.205.127.160 - - [01/Apr/2019:11:03:17 +0800] "GET /api/js/view/share_view.js?v=3ae6026d.js HTTP/1.1" 200 895 "http://qsong.fun/gif/detail/129" "Mozilla/5.0 (Windows NT 10.0; WOW64) AppleWebKit/537.36 (KHTML, like Gecko) Chrome/73.0.3683.86 Safari/537.36"
140.205.127.160 - - [01/Apr/2019:11:03:17 +0800] "GET /api/js/base/tangram.js?v=37768233.js HTTP/1.1" 200 36079 "http://qsong.fun/gif/detail/129" "Mozilla/5.0 (Windows NT 10.0; WOW64) AppleWebKit/537.36 (KHTML, like Gecko) Chrome/73.0.3683.86 Safari/537.36"
140.205.127.173 - - [01/Apr/2019:11:03:17 +0800] "GET /api/js/share/api_base.js HTTP/1.1" 200 580 "http://qsong.fun/gif/detail/129" "Mozilla/5.0 (Windows NT 10.0; WOW64) AppleWebKit/537.36 (KHTML, like Gecko) Chrome/73.0.3683.86 Safari/537.36"
140.205.127.145 - - [01/Apr/2019:11:03:17 +0800] "GET /api/js/view/view_base.js HTTP/1.1" 200 728 "http://qsong.fun/gif/detail/129" "Mozilla/5.0 (Windows NT 10.0; WOW64) AppleWebKit/537.36 (KHTML, like Gecko) Chrome/73.0.3683.86 Safari/537.36"
127.0.0.1 - - [01/Apr/2019:11:03:20 +0800] "OPTIONS * HTTP/1.0" 200 - "-" "Apache/2.4.6 (CentOS) OpenSSL/1.0.2k-fips PHP/5.4.16 (internal dummy connection)"
127.0.0.1 - - [01/Apr/2019:11:03:21 +0800] "OPTIONS * HTTP/1.0" 200 - "-" "Apache/2.4.6 (CentOS) OpenSSL/1.0.2k-fips PHP/5.4.16 (internal dummy connection)"
127.0.0.1 - - [01/Apr/2019:11:03:22 +0800] "OPTIONS * HTTP/1.0" 200 - "-" "Apache/2.4.6 (CentOS) OpenSSL/1.0.2k-fips PHP/5.4.16 (internal dummy connection)"
127.0.0.1 - - [01/Apr/2019:11:03:23 +0800] "OPTIONS * HTTP/1.0" 200 - "-" "Apache/2.4.6 (CentOS) OpenSSL/1.0.2k-fips PHP/5.4.16 (internal dummy connection)"
127.0.0.1 - - [01/Apr/2019:11:03:24 +0800] "OPTIONS * HTTP/1.0" 200 - "-" "Apache/2.4.6 (CentOS) OpenSSL/1.0.2k-fips PHP/5.4.16 (internal dummy connection)"
127.0.0.1 - - [01/Apr/2019:11:03:25 +0800] "OPTIONS * HTTP/1.0" 200 - "-" "Apache/2.4.6 (CentOS) OpenSSL/1.0.2k-fips PHP/5.4.16 (internal dummy connection)"
127.0.0.1 - - [01/Apr/2019:11:03:26 +0800] "OPTIONS * HTTP/1.0" 200 - "-" "Apache/2.4.6 (CentOS) OpenSSL/1.0.2k-fips PHP/5.4.16 (internal dummy connection)"
127.0.0.1 - - [01/Apr/2019:11:03:27 +0800] "OPTIONS * HTTP/1.0" 200 - "-" "Apache/2.4.6 (CentOS) OpenSSL/1.0.2k-fips PHP/5.4.16 (internal dummy connection)"
127.0.0.1 - - [01/Apr/2019:11:03:28 +0800] "OPTIONS * HTTP/1.0" 200 - "-" "Apache/2.4.6 (CentOS) OpenSSL/1.0.2k-fips PHP/5.4.16 (internal dummy connection)"
127.0.0.1 - - [01/Apr/2019:11:03:29 +0800] "OPTIONS * HTTP/1.0" 200 - "-" "Apache/2.4.6 (CentOS) OpenSSL/1.0.2k-fips PHP/5.4.16 (internal dummy connection)"
127.0.0.1 - - [01/Apr/2019:11:03:30 +0800] "OPTIONS * HTTP/1.0" 200 - "-" "Apache/2.4.6 (CentOS) OpenSSL/1.0.2k-fips PHP/5.4.16 (internal dummy connection)"
127.0.0.1 - - [01/Apr/2019:11:03:31 +0800] "OPTIONS * HTTP/1.0" 200 - "-" "Apache/2.4.6 (CentOS) OpenSSL/1.0.2k-fips PHP/5.4.16 (internal dummy connection)"
127.0.0.1 - - [01/Apr/2019:11:03:32 +0800] "OPTIONS * HTTP/1.0" 200 - "-" "Apache/2.4.6 (CentOS) OpenSSL/1.0.2k-fips PHP/5.4.16 (internal dummy connection)"
127.0.0.1 - - [01/Apr/2019:11:03:33 +0800] "OPTIONS * HTTP/1.0" 200 - "-" "Apache/2.4.6 (CentOS) OpenSSL/1.0.2k-fips PHP/5.4.16 (internal dummy connection)"
127.0.0.1 - - [01/Apr/2019:11:03:39 +0800] "OPTIONS * HTTP/1.0" 200 - "-" "Apache/2.4.6 (CentOS) OpenSSL/1.0.2k-fips PHP/5.4.16 (internal dummy connection)"
127.0.0.1 - - [01/Apr/2019:11:03:40 +0800] "OPTIONS * HTTP/1.0" 200 - "-" "Apache/2.4.6 (CentOS) OpenSSL/1.0.2k-fips PHP/5.4.16 (internal dummy connection)"
127.0.0.1 - - [01/Apr/2019:11:03:42 +0800] "OPTIONS * HTTP/1.0" 200 - "-" "Apache/2.4.6 (CentOS) OpenSSL/1.0.2k-fips PHP/5.4.16 (internal dummy connection)"
127.0.0.1 - - [01/Apr/2019:11:03:43 +0800] "OPTIONS * HTTP/1.0" 200 - "-" "Apache/2.4.6 (CentOS) OpenSSL/1.0.2k-fips PHP/5.4.16 (internal dummy connection)"
127.0.0.1 - - [01/Apr/2019:11:03:44 +0800] "OPTIONS * HTTP/1.0" 200 - "-" "Apache/2.4.6 (CentOS) OpenSSL/1.0.2k-fips PHP/5.4.16 (internal dummy connection)"
127.0.0.1 - - [01/Apr/2019:11:03:45 +0800] "OPTIONS * HTTP/1.0" 200 - "-" "Apache/2.4.6 (CentOS) OpenSSL/1.0.2k-fips PHP/5.4.16 (internal dummy connection)"
127.0.0.1 - - [01/Apr/2019:11:03:58 +0800] "OPTIONS * HTTP/1.0" 200 - "-" "Apache/2.4.6 (CentOS) OpenSSL/1.0.2k-fips PHP/5.4.16 (internal dummy connection)"
101.200.101.216 - - [01/Apr/2019:11:06:59 +0800] "GET /css/bootstrap.min.css HTTP/1.1" 200 16330 "http://qsong.fun/gif/detail/129" "Mozilla/5.0 (Windows NT 10.0; WOW64) AppleWebKit/537.36 (KHTML, like Gecko) Chrome/73.0.3683.86 Safari/537.36"
101.200.101.206 - - [01/Apr/2019:11:06:59 +0800] "GET /css/main.css HTTP/1.1" 200 18617 "http://qsong.fun/gif/detail/129" "Mozilla/5.0 (Windows NT 10.0; WOW64) AppleWebKit/537.36 (KHTML, like Gecko) Chrome/73.0.3683.86 Safari/537.36"
140.205.127.165 - - [01/Apr/2019:11:06:59 +0800] "GET /js/share.js HTTP/1.1" 200 6240 "http://qsong.fun/gif/detail/129" "Mozilla/5.0 (Windows NT 10.0; WOW64) AppleWebKit/537.36 (KHTML, like Gecko) Chrome/73.0.3683.86 Safari/537.36"
140.205.127.169 - - [01/Apr/2019:11:06:59 +0800] "GET /css/font-awesome.min.css HTTP/1.1" 200 7046 "http://qsong.fun/gif/detail/129" "Mozilla/5.0 (Windows NT 10.0; WOW64) AppleWebKit/537.36 (KHTML, like Gecko) Chrome/73.0.3683.86 Safari/537.36"
140.205.127.149 - - [01/Apr/2019:11:06:59 +0800] "GET /css/share.css HTTP/1.1" 200 484 "http://qsong.fun/gif/detail/129" "Mozilla/5.0 (Windows NT 10.0; WOW64) AppleWebKit/537.36 (KHTML, like Gecko) Chrome/73.0.3683.86 Safari/537.36"
140.205.127.143 - - [01/Apr/2019:11:06:59 +0800] "GET /css/baguetteBox.min.css HTTP/1.1" 200 1000 "http://qsong.fun/gif/detail/129" "Mozilla/5.0 (Windows NT 10.0; WOW64) AppleWebKit/537.36 (KHTML, like Gecko) Chrome/73.0.3683.86 Safari/537.36"
61.147.73.164 - - [01/Apr/2019:11:06:59 +0800] "GET /css/gallery-clean.css HTTP/1.1" 200 406 "http://qsong.fun/gif/detail/129" "Mozilla/5.0 (Windows NT 10.0; WOW64) AppleWebKit/537.36 (KHTML, like Gecko) Chrome/73.0.3683.86 Safari/537.36"
61.147.73.173 - - [01/Apr/2019:11:06:59 +0800] "GET /js/bootstrap.min.js HTTP/1.1" 200 9551 "http://qsong.fun/gif/detail/129" "Mozilla/5.0 (Windows NT 10.0; WOW64) AppleWebKit/537.36 (KHTML, like Gecko) Chrome/73.0.3683.86 Safari/537.36"
101.200.101.217 - - [01/Apr/2019:11:06:59 +0800] "GET /js/jquery.min.js HTTP/1.1" 200 33354 "http://qsong.fun/gif/detail/129" "Mozilla/5.0 (Windows NT 10.0; WOW64) AppleWebKit/537.36 (KHTML, like Gecko) Chrome/73.0.3683.86 Safari/537.36"
101.200.101.208 - - [01/Apr/2019:11:06:59 +0800] "GET /image/logo.png HTTP/1.1" 200 6525 "http://qsong.fun/gif/detail/129" "Mozilla/5.0 (Windows NT 10.0; WOW64) AppleWebKit/537.36 (KHTML, like Gecko) Chrome/73.0.3683.86 Safari/537.36"
61.147.73.193 - - [01/Apr/2019:11:06:59 +0800] "GET /js/ias.js HTTP/1.1" 200 2185 "http://qsong.fun/gif/detail/129" "Mozilla/5.0 (Windows NT 10.0; WOW64) AppleWebKit/537.36 (KHTML, like Gecko) Chrome/73.0.3683.86 Safari/537.36"
61.147.73.198 - - [01/Apr/2019:11:07:00 +0800] "GET /js/main.js HTTP/1.1" 200 6125 "http://qsong.fun/gif/detail/129" "Mozilla/5.0 (Windows NT 10.0; WOW64) AppleWebKit/537.36 (KHTML, like Gecko) Chrome/73.0.3683.86 Safari/537.36"
61.147.73.150 - - [01/Apr/2019:11:07:00 +0800] "GET /fonts/fontawesome-webfont.woff?v=4.7.0 HTTP/1.1" 200 98024 "http://qsong.fun/css/font-awesome.min.css" "Mozilla/5.0 (Windows NT 10.0; WOW64) AppleWebKit/537.36 (KHTML, like Gecko) Chrome/73.0.3683.86 Safari/537.36"
140.205.127.136 - - [01/Apr/2019:11:07:01 +0800] "GET /image/wxqrcode.png HTTP/1.1" 200 40117 "http://qsong.fun/gif/detail/129" "Mozilla/5.0 (Windows NT 10.0; WOW64) AppleWebKit/537.36 (KHTML, like Gecko) Chrome/73.0.3683.86 Safari/537.36"
140.205.127.129 - - [01/Apr/2019:11:07:01 +0800] "GET /image/share.png HTTP/1.1" 200 6932 "http://qsong.fun/css/share.css" "Mozilla/5.0 (Windows NT 10.0; WOW64) AppleWebKit/537.36 (KHTML, like Gecko) Chrome/73.0.3683.86 Safari/537.36"
61.147.73.194 - - [01/Apr/2019:11:07:01 +0800] "GET /js/share.js?cdnversion=431690 HTTP/1.1" 200 6240 "http://qsong.fun/gif/detail/129" "Mozilla/5.0 (Windows NT 10.0; WOW64) AppleWebKit/537.36 (KHTML, like Gecko) Chrome/73.0.3683.86 Safari/537.36"
61.147.73.150 - - [01/Apr/2019:11:07:01 +0800] "GET /api/js/share/share_api.js?v=226108fe.js HTTP/1.1" 200 484 "http://qsong.fun/gif/detail/129" "Mozilla/5.0 (Windows NT 10.0; WOW64) AppleWebKit/537.36 (KHTML, like Gecko) Chrome/73.0.3683.86 Safari/537.36"
61.147.73.164 - - [01/Apr/2019:11:07:02 +0800] "GET /api/js/view/share_view.js?v=3ae6026d.js HTTP/1.1" 200 895 "http://qsong.fun/gif/detail/129" "Mozilla/5.0 (Windows NT 10.0; WOW64) AppleWebKit/537.36 (KHTML, like Gecko) Chrome/73.0.3683.86 Safari/537.36"
61.147.73.180 - - [01/Apr/2019:11:07:02 +0800] "GET /api/js/base/tangram.js?v=37768233.js HTTP/1.1" 200 36079 "http://qsong.fun/gif/detail/129" "Mozilla/5.0 (Windows NT 10.0; WOW64) AppleWebKit/537.36 (KHTML, like Gecko) Chrome/73.0.3683.86 Safari/537.36"
61.147.73.183 - - [01/Apr/2019:11:07:02 +0800] "GET /api/js/view/view_base.js HTTP/1.1" 200 728 "http://qsong.fun/gif/detail/129" "Mozilla/5.0 (Windows NT 10.0; WOW64) AppleWebKit/537.36 (KHTML, like Gecko) Chrome/73.0.3683.86 Safari/537.36"
101.200.101.215 - - [01/Apr/2019:11:07:02 +0800] "GET /api/js/share/api_base.js HTTP/1.1" 200 580 "http://qsong.fun/gif/detail/129" "Mozilla/5.0 (Windows NT 10.0; WOW64) AppleWebKit/537.36 (KHTML, like Gecko) Chrome/73.0.3683.86 Safari/537.36"
101.200.101.208 - - [01/Apr/2019:11:07:03 +0800] "GET /api/js/component/partners.js?v=911c4302.js HTTP/1.1" 200 821 "http://qsong.fun/gif/detail/129" "Mozilla/5.0 (Windows NT 10.0; WOW64) AppleWebKit/537.36 (KHTML, like Gecko) Chrome/73.0.3683.86 Safari/537.36"
127.0.0.1 - - [01/Apr/2019:11:07:04 +0800] "OPTIONS * HTTP/1.0" 200 - "-" "Apache/2.4.6 (CentOS) OpenSSL/1.0.2k-fips PHP/5.4.16 (internal dummy connection)"
101.200.101.211 - - [01/Apr/2019:11:07:05 +0800] "GET /api/js/trans/logger.js?v=d16ec0e3.js HTTP/1.1" 200 20 "http://qsong.fun/gif/detail/129" "Mozilla/5.0 (Windows NT 10.0; WOW64) AppleWebKit/537.36 (KHTML, like Gecko) Chrome/73.0.3683.86 Safari/537.36"
127.0.0.1 - - [01/Apr/2019:11:07:05 +0800] "OPTIONS * HTTP/1.0" 200 - "-" "Apache/2.4.6 (CentOS) OpenSSL/1.0.2k-fips PHP/5.4.16 (internal dummy connection)"
127.0.0.1 - - [01/Apr/2019:11:07:06 +0800] "OPTIONS * HTTP/1.0" 200 - "-" "Apache/2.4.6 (CentOS) OpenSSL/1.0.2k-fips PHP/5.4.16 (internal dummy connection)"
127.0.0.1 - - [01/Apr/2019:11:07:07 +0800] "OPTIONS * HTTP/1.0" 200 - "-" "Apache/2.4.6 (CentOS) OpenSSL/1.0.2k-fips PHP/5.4.16 (internal dummy connection)"
127.0.0.1 - - [01/Apr/2019:11:07:08 +0800] "OPTIONS * HTTP/1.0" 200 - "-" "Apache/2.4.6 (CentOS) OpenSSL/1.0.2k-fips PHP/5.4.16 (internal dummy connection)"
101.200.101.206 - - [01/Apr/2019:11:07:09 +0800] "GET /css/main.css HTTP/1.1" 200 18617 "http://qsong.fun/" "Mozilla/5.0 (Windows NT 10.0; WOW64) AppleWebKit/537.36 (KHTML, like Gecko) Chrome/73.0.3683.86 Safari/537.36"
61.147.73.160 - - [01/Apr/2019:11:07:09 +0800] "GET /image/logo.png HTTP/1.1" 200 6525 "http://qsong.fun/" "Mozilla/5.0 (Windows NT 10.0; WOW64) AppleWebKit/537.36 (KHTML, like Gecko) Chrome/73.0.3683.86 Safari/537.36"
61.147.73.162 - - [01/Apr/2019:11:07:09 +0800] "GET /image/Banner_woniu.jpg HTTP/1.1" 200 55537 "http://qsong.fun/" "Mozilla/5.0 (Windows NT 10.0; WOW64) AppleWebKit/537.36 (KHTML, like Gecko) Chrome/73.0.3683.86 Safari/537.36"
61.147.73.185 - - [01/Apr/2019:11:07:09 +0800] "GET /css/bootstrap.min.css HTTP/1.1" 200 16330 "http://qsong.fun/" "Mozilla/5.0 (Windows NT 10.0; WOW64) AppleWebKit/537.36 (KHTML, like Gecko) Chrome/73.0.3683.86 Safari/537.36"
101.200.101.217 - - [01/Apr/2019:11:07:09 +0800] "GET /js/jquery.min.js HTTP/1.1" 200 33354 "http://qsong.fun/" "Mozilla/5.0 (Windows NT 10.0; WOW64) AppleWebKit/537.36 (KHTML, like Gecko) Chrome/73.0.3683.86 Safari/537.36"
140.205.127.169 - - [01/Apr/2019:11:07:09 +0800] "GET /css/font-awesome.min.css HTTP/1.1" 200 7046 "http://qsong.fun/" "Mozilla/5.0 (Windows NT 10.0; WOW64) AppleWebKit/537.36 (KHTML, like Gecko) Chrome/73.0.3683.86 Safari/537.36"
140.205.127.158 - - [01/Apr/2019:11:07:09 +0800] "GET /js/bootstrap.min.js HTTP/1.1" 200 9551 "http://qsong.fun/" "Mozilla/5.0 (Windows NT 10.0; WOW64) AppleWebKit/537.36 (KHTML, like Gecko) Chrome/73.0.3683.86 Safari/537.36"
140.205.127.165 - - [01/Apr/2019:11:07:09 +0800] "GET /js/ias.js HTTP/1.1" 200 2185 "http://qsong.fun/" "Mozilla/5.0 (Windows NT 10.0; WOW64) AppleWebKit/537.36 (KHTML, like Gecko) Chrome/73.0.3683.86 Safari/537.36"
61.147.73.198 - - [01/Apr/2019:11:07:09 +0800] "GET /js/main.js HTTP/1.1" 200 6125 "http://qsong.fun/" "Mozilla/5.0 (Windows NT 10.0; WOW64) AppleWebKit/537.36 (KHTML, like Gecko) Chrome/73.0.3683.86 Safari/537.36"
61.147.73.181 - - [01/Apr/2019:11:07:09 +0800] "GET /image/loading.gif HTTP/1.1" 200 2418 "http://qsong.fun/" "Mozilla/5.0 (Windows NT 10.0; WOW64) AppleWebKit/537.36 (KHTML, like Gecko) Chrome/73.0.3683.86 Safari/537.36"
101.200.101.214 - - [01/Apr/2019:11:07:09 +0800] "GET /image/Banner_guangyingshuihua.jpg HTTP/1.1" 200 40592 "http://qsong.fun/" "Mozilla/5.0 (Windows NT 10.0; WOW64) AppleWebKit/537.36 (KHTML, like Gecko) Chrome/73.0.3683.86 Safari/537.36"
101.200.101.216 - - [01/Apr/2019:11:07:09 +0800] "GET /image/wxapp.jpg HTTP/1.1" 200 75999 "http://qsong.fun/" "Mozilla/5.0 (Windows NT 10.0; WOW64) AppleWebKit/537.36 (KHTML, like Gecko) Chrome/73.0.3683.86 Safari/537.36"
101.200.101.204 - - [01/Apr/2019:11:07:09 +0800] "GET /image/wxqrcode.png HTTP/1.1" 200 40117 "http://qsong.fun/" "Mozilla/5.0 (Windows NT 10.0; WOW64) AppleWebKit/537.36 (KHTML, like Gecko) Chrome/73.0.3683.86 Safari/537.36"
101.200.101.208 - - [01/Apr/2019:11:07:09 +0800] "GET /image/Banner_weimei.jpg HTTP/1.1" 200 165019 "http://qsong.fun/" "Mozilla/5.0 (Windows NT 10.0; WOW64) AppleWebKit/537.36 (KHTML, like Gecko) Chrome/73.0.3683.86 Safari/537.36"
120.24.76.122 - - [01/Apr/2019:11:07:10 +0800] "GET /article/getRandArticle HTTP/1.1" 200 5114 "http://qsong.fun/" "Mozilla/5.0 (Windows NT 10.0; WOW64) AppleWebKit/537.36 (KHTML, like Gecko) Chrome/73.0.3683.86 Safari/537.36"
120.24.76.122 - - [01/Apr/2019:11:07:10 +0800] "GET /article/getArticleDtl?articleId=120&type=dz HTTP/1.1" 200 3613 "http://qsong.fun/" "Mozilla/5.0 (Windows NT 10.0; WOW64) AppleWebKit/537.36 (KHTML, like Gecko) Chrome/73.0.3683.86 Safari/537.36"
101.200.101.209 - - [01/Apr/2019:11:07:10 +0800] "GET /jokes/detail/120 HTTP/1.1" 200 5582 "http://qsong.fun/" "Mozilla/5.0 (Windows NT 10.0; WOW64) AppleWebKit/537.36 (KHTML, like Gecko) Chrome/73.0.3683.86 Safari/537.36"
61.147.73.181 - - [01/Apr/2019:11:07:11 +0800] "GET /js/share.js HTTP/1.1" 200 6240 "http://qsong.fun/jokes/detail/120" "Mozilla/5.0 (Windows NT 10.0; WOW64) AppleWebKit/537.36 (KHTML, like Gecko) Chrome/73.0.3683.86 Safari/537.36"
61.147.73.185 - - [01/Apr/2019:11:07:11 +0800] "GET /css/bootstrap.min.css HTTP/1.1" 200 16330 "http://qsong.fun/jokes/detail/120" "Mozilla/5.0 (Windows NT 10.0; WOW64) AppleWebKit/537.36 (KHTML, like Gecko) Chrome/73.0.3683.86 Safari/537.36"
140.205.127.169 - - [01/Apr/2019:11:07:11 +0800] "GET /css/font-awesome.min.css HTTP/1.1" 200 7046 "http://qsong.fun/jokes/detail/120" "Mozilla/5.0 (Windows NT 10.0; WOW64) AppleWebKit/537.36 (KHTML, like Gecko) Chrome/73.0.3683.86 Safari/537.36"
101.200.101.214 - - [01/Apr/2019:11:07:11 +0800] "GET /_nuxt/0f3982bf34711b1b48dc.js HTTP/1.1" 200 4845 "http://qsong.fun/jokes/detail/120" "Mozilla/5.0 (Windows NT 10.0; WOW64) AppleWebKit/537.36 (KHTML, like Gecko) Chrome/73.0.3683.86 Safari/537.36"
140.205.127.171 - - [01/Apr/2019:11:07:11 +0800] "GET /css/main.css HTTP/1.1" 200 18617 "http://qsong.fun/jokes/detail/120" "Mozilla/5.0 (Windows NT 10.0; WOW64) AppleWebKit/537.36 (KHTML, like Gecko) Chrome/73.0.3683.86 Safari/537.36"
101.200.101.212 - - [01/Apr/2019:11:07:11 +0800] "GET /css/share.css HTTP/1.1" 200 484 "http://qsong.fun/jokes/detail/120" "Mozilla/5.0 (Windows NT 10.0; WOW64) AppleWebKit/537.36 (KHTML, like Gecko) Chrome/73.0.3683.86 Safari/537.36"
61.147.73.159 - - [01/Apr/2019:11:07:11 +0800] "GET /js/jquery.min.js HTTP/1.1" 200 33354 "http://qsong.fun/jokes/detail/120" "Mozilla/5.0 (Windows NT 10.0; WOW64) AppleWebKit/537.36 (KHTML, like Gecko) Chrome/73.0.3683.86 Safari/537.36"
101.200.101.208 - - [01/Apr/2019:11:07:11 +0800] "GET /image/logo.png HTTP/1.1" 200 6525 "http://qsong.fun/jokes/detail/120" "Mozilla/5.0 (Windows NT 10.0; WOW64) AppleWebKit/537.36 (KHTML, like Gecko) Chrome/73.0.3683.86 Safari/537.36"
61.147.73.152 - - [01/Apr/2019:11:07:11 +0800] "GET /image/wxqrcode.png HTTP/1.1" 200 40117 "http://qsong.fun/jokes/detail/120" "Mozilla/5.0 (Windows NT 10.0; WOW64) AppleWebKit/537.36 (KHTML, like Gecko) Chrome/73.0.3683.86 Safari/537.36"
140.205.127.165 - - [01/Apr/2019:11:07:11 +0800] "GET /js/ias.js HTTP/1.1" 200 2185 "http://qsong.fun/jokes/detail/120" "Mozilla/5.0 (Windows NT 10.0; WOW64) AppleWebKit/537.36 (KHTML, like Gecko) Chrome/73.0.3683.86 Safari/537.36"
101.200.101.201 - - [01/Apr/2019:11:07:11 +0800] "GET /js/bootstrap.min.js HTTP/1.1" 200 9551 "http://qsong.fun/jokes/detail/120" "Mozilla/5.0 (Windows NT 10.0; WOW64) AppleWebKit/537.36 (KHTML, like Gecko) Chrome/73.0.3683.86 Safari/537.36"
140.205.127.175 - - [01/Apr/2019:11:07:11 +0800] "GET /js/main.js HTTP/1.1" 200 6125 "http://qsong.fun/jokes/detail/120" "Mozilla/5.0 (Windows NT 10.0; WOW64) AppleWebKit/537.36 (KHTML, like Gecko) Chrome/73.0.3683.86 Safari/537.36"
61.147.73.194 - - [01/Apr/2019:11:07:12 +0800] "GET /js/share.js?cdnversion=431690 HTTP/1.1" 200 6240 "http://qsong.fun/jokes/detail/120" "Mozilla/5.0 (Windows NT 10.0; WOW64) AppleWebKit/537.36 (KHTML, like Gecko) Chrome/73.0.3683.86 Safari/537.36"
140.205.127.160 - - [01/Apr/2019:11:07:12 +0800] "GET /api/js/view/share_view.js?v=3ae6026d.js HTTP/1.1" 200 895 "http://qsong.fun/jokes/detail/120" "Mozilla/5.0 (Windows NT 10.0; WOW64) AppleWebKit/537.36 (KHTML, like Gecko) Chrome/73.0.3683.86 Safari/537.36"
61.147.73.180 - - [01/Apr/2019:11:07:13 +0800] "GET /api/js/base/tangram.js?v=37768233.js HTTP/1.1" 200 36079 "http://qsong.fun/jokes/detail/120" "Mozilla/5.0 (Windows NT 10.0; WOW64) AppleWebKit/537.36 (KHTML, like Gecko) Chrome/73.0.3683.86 Safari/537.36"
140.205.127.145 - - [01/Apr/2019:11:07:13 +0800] "GET /api/js/share/share_api.js?v=226108fe.js HTTP/1.1" 200 484 "http://qsong.fun/jokes/detail/120" "Mozilla/5.0 (Windows NT 10.0; WOW64) AppleWebKit/537.36 (KHTML, like Gecko) Chrome/73.0.3683.86 Safari/537.36"
101.200.101.211 - - [01/Apr/2019:11:07:13 +0800] "GET /api/js/view/view_base.js HTTP/1.1" 200 728 "http://qsong.fun/jokes/detail/120" "Mozilla/5.0 (Windows NT 10.0; WOW64) AppleWebKit/537.36 (KHTML, like Gecko) Chrome/73.0.3683.86 Safari/537.36"
61.147.73.173 - - [01/Apr/2019:11:07:13 +0800] "GET /api/js/share/api_base.js HTTP/1.1" 200 580 "http://qsong.fun/jokes/detail/120" "Mozilla/5.0 (Windows NT 10.0; WOW64) AppleWebKit/537.36 (KHTML, like Gecko) Chrome/73.0.3683.86 Safari/537.36"
101.200.101.208 - - [01/Apr/2019:11:07:13 +0800] "GET /api/js/component/partners.js?v=911c4302.js HTTP/1.1" 200 821 "http://qsong.fun/jokes/detail/120" "Mozilla/5.0 (Windows NT 10.0; WOW64) AppleWebKit/537.36 (KHTML, like Gecko) Chrome/73.0.3683.86 Safari/537.36"
127.0.0.1 - - [01/Apr/2019:11:07:14 +0800] "OPTIONS * HTTP/1.0" 200 - "-" "Apache/2.4.6 (CentOS) OpenSSL/1.0.2k-fips PHP/5.4.16 (internal dummy connection)"
101.200.101.208 - - [01/Apr/2019:11:07:15 +0800] "GET /api/js/component/anticheat.js?v=44b9b245.js HTTP/1.1" 200 484 "http://qsong.fun/jokes/detail/120" "Mozilla/5.0 (Windows NT 10.0; WOW64) AppleWebKit/537.36 (KHTML, like Gecko) Chrome/73.0.3683.86 Safari/537.36"
61.147.73.150 - - [01/Apr/2019:11:07:15 +0800] "GET /css/main.css HTTP/1.1" 200 18617 "http://qsong.fun/jokes/detail/120" "Mozilla/5.0 (Windows NT 10.0; WOW64) AppleWebKit/537.36 (KHTML, like Gecko) Chrome/73.0.3683.86 Safari/537.36"
61.147.73.163 - - [01/Apr/2019:11:07:15 +0800] "GET /css/share.css HTTP/1.1" 200 484 "http://qsong.fun/jokes/detail/120" "Mozilla/5.0 (Windows NT 10.0; WOW64) AppleWebKit/537.36 (KHTML, like Gecko) Chrome/73.0.3683.86 Safari/537.36"
101.200.101.216 - - [01/Apr/2019:11:07:15 +0800] "GET /css/bootstrap.min.css HTTP/1.1" 200 16330 "http://qsong.fun/jokes/detail/120" "Mozilla/5.0 (Windows NT 10.0; WOW64) AppleWebKit/537.36 (KHTML, like Gecko) Chrome/73.0.3683.86 Safari/537.36"
101.200.101.203 - - [01/Apr/2019:11:07:15 +0800] "GET /css/font-awesome.min.css HTTP/1.1" 200 7046 "http://qsong.fun/jokes/detail/120" "Mozilla/5.0 (Windows NT 10.0; WOW64) AppleWebKit/537.36 (KHTML, like Gecko) Chrome/73.0.3683.86 Safari/537.36"
140.205.127.137 - - [01/Apr/2019:11:07:15 +0800] "GET /js/jquery.min.map HTTP/1.1" 404 63 "-" "Mozilla/5.0 (Windows NT 10.0; WOW64) AppleWebKit/537.36 (KHTML, like Gecko) Chrome/73.0.3683.86 Safari/537.36"
101.200.101.211 - - [01/Apr/2019:11:07:15 +0800] "GET /api/js/trans/logger.js?v=d16ec0e3.js HTTP/1.1" 200 20 "http://qsong.fun/jokes/detail/120" "Mozilla/5.0 (Windows NT 10.0; WOW64) AppleWebKit/537.36 (KHTML, like Gecko) Chrome/73.0.3683.86 Safari/537.36"
127.0.0.1 - - [01/Apr/2019:11:07:16 +0800] "OPTIONS * HTTP/1.0" 200 - "-" "Apache/2.4.6 (CentOS) OpenSSL/1.0.2k-fips PHP/5.4.16 (internal dummy connection)"
127.0.0.1 - - [01/Apr/2019:11:07:17 +0800] "OPTIONS * HTTP/1.0" 200 - "-" "Apache/2.4.6 (CentOS) OpenSSL/1.0.2k-fips PHP/5.4.16 (internal dummy connection)"
127.0.0.1 - - [01/Apr/2019:11:07:18 +0800] "OPTIONS * HTTP/1.0" 200 - "-" "Apache/2.4.6 (CentOS) OpenSSL/1.0.2k-fips PHP/5.4.16 (internal dummy connection)"
127.0.0.1 - - [01/Apr/2019:11:07:19 +0800] "OPTIONS * HTTP/1.0" 200 - "-" "Apache/2.4.6 (CentOS) OpenSSL/1.0.2k-fips PHP/5.4.16 (internal dummy connection)"
127.0.0.1 - - [01/Apr/2019:11:07:20 +0800] "OPTIONS * HTTP/1.0" 200 - "-" "Apache/2.4.6 (CentOS) OpenSSL/1.0.2k-fips PHP/5.4.16 (internal dummy connection)"
127.0.0.1 - - [01/Apr/2019:11:07:21 +0800] "OPTIONS * HTTP/1.0" 200 - "-" "Apache/2.4.6 (CentOS) OpenSSL/1.0.2k-fips PHP/5.4.16 (internal dummy connection)"
127.0.0.1 - - [01/Apr/2019:11:07:22 +0800] "OPTIONS * HTTP/1.0" 200 - "-" "Apache/2.4.6 (CentOS) OpenSSL/1.0.2k-fips PHP/5.4.16 (internal dummy connection)"
127.0.0.1 - - [01/Apr/2019:11:07:23 +0800] "OPTIONS * HTTP/1.0" 200 - "-" "Apache/2.4.6 (CentOS) OpenSSL/1.0.2k-fips PHP/5.4.16 (internal dummy connection)"
127.0.0.1 - - [01/Apr/2019:11:07:24 +0800] "OPTIONS * HTTP/1.0" 200 - "-" "Apache/2.4.6 (CentOS) OpenSSL/1.0.2k-fips PHP/5.4.16 (internal dummy connection)"
127.0.0.1 - - [01/Apr/2019:11:07:25 +0800] "OPTIONS * HTTP/1.0" 200 - "-" "Apache/2.4.6 (CentOS) OpenSSL/1.0.2k-fips PHP/5.4.16 (internal dummy connection)"
127.0.0.1 - - [01/Apr/2019:11:07:26 +0800] "OPTIONS * HTTP/1.0" 200 - "-" "Apache/2.4.6 (CentOS) OpenSSL/1.0.2k-fips PHP/5.4.16 (internal dummy connection)"
127.0.0.1 - - [01/Apr/2019:11:07:27 +0800] "OPTIONS * HTTP/1.0" 200 - "-" "Apache/2.4.6 (CentOS) OpenSSL/1.0.2k-fips PHP/5.4.16 (internal dummy connection)"
127.0.0.1 - - [01/Apr/2019:11:07:28 +0800] "OPTIONS * HTTP/1.0" 200 - "-" "Apache/2.4.6 (CentOS) OpenSSL/1.0.2k-fips PHP/5.4.16 (internal dummy connection)"
127.0.0.1 - - [01/Apr/2019:11:07:29 +0800] "OPTIONS * HTTP/1.0" 200 - "-" "Apache/2.4.6 (CentOS) OpenSSL/1.0.2k-fips PHP/5.4.16 (internal dummy connection)"
127.0.0.1 - - [01/Apr/2019:11:07:30 +0800] "OPTIONS * HTTP/1.0" 200 - "-" "Apache/2.4.6 (CentOS) OpenSSL/1.0.2k-fips PHP/5.4.16 (internal dummy connection)"
120.24.76.122 - - [01/Apr/2019:11:07:34 +0800] "GET /article/getRandArticle HTTP/1.1" 200 5108 "https://qsong.fun/" "Mozilla/5.0 (Windows NT 10.0; WOW64) AppleWebKit/537.36 (KHTML, like Gecko) Chrome/73.0.3683.86 Safari/537.36"
120.24.76.122 - - [01/Apr/2019:11:07:34 +0800] "GET /article/getArticleDtl?articleId=120&type=dz HTTP/1.1" 200 3613 "https://qsong.fun/" "Mozilla/5.0 (Windows NT 10.0; WOW64) AppleWebKit/537.36 (KHTML, like Gecko) Chrome/73.0.3683.86 Safari/537.36"
127.0.0.1 - - [01/Apr/2019:11:07:40 +0800] "OPTIONS * HTTP/1.0" 200 - "-" "Apache/2.4.6 (CentOS) OpenSSL/1.0.2k-fips PHP/5.4.16 (internal dummy connection)"
127.0.0.1 - - [01/Apr/2019:11:07:41 +0800] "OPTIONS * HTTP/1.0" 200 - "-" "Apache/2.4.6 (CentOS) OpenSSL/1.0.2k-fips PHP/5.4.16 (internal dummy connection)"
127.0.0.1 - - [01/Apr/2019:11:07:42 +0800] "OPTIONS * HTTP/1.0" 200 - "-" "Apache/2.4.6 (CentOS) OpenSSL/1.0.2k-fips PHP/5.4.16 (internal dummy connection)"
127.0.0.1 - - [01/Apr/2019:11:07:43 +0800] "OPTIONS * HTTP/1.0" 200 - "-" "Apache/2.4.6 (CentOS) OpenSSL/1.0.2k-fips PHP/5.4.16 (internal dummy connection)"
127.0.0.1 - - [01/Apr/2019:11:07:44 +0800] "OPTIONS * HTTP/1.0" 200 - "-" "Apache/2.4.6 (CentOS) OpenSSL/1.0.2k-fips PHP/5.4.16 (internal dummy connection)"
127.0.0.1 - - [01/Apr/2019:11:07:45 +0800] "OPTIONS * HTTP/1.0" 200 - "-" "Apache/2.4.6 (CentOS) OpenSSL/1.0.2k-fips PHP/5.4.16 (internal dummy connection)"
127.0.0.1 - - [01/Apr/2019:11:07:46 +0800] "OPTIONS * HTTP/1.0" 200 - "-" "Apache/2.4.6 (CentOS) OpenSSL/1.0.2k-fips PHP/5.4.16 (internal dummy connection)"
127.0.0.1 - - [01/Apr/2019:11:07:47 +0800] "OPTIONS * HTTP/1.0" 200 - "-" "Apache/2.4.6 (CentOS) OpenSSL/1.0.2k-fips PHP/5.4.16 (internal dummy connection)"
127.0.0.1 - - [01/Apr/2019:11:07:48 +0800] "OPTIONS * HTTP/1.0" 200 - "-" "Apache/2.4.6 (CentOS) OpenSSL/1.0.2k-fips PHP/5.4.16 (internal dummy connection)"
127.0.0.1 - - [01/Apr/2019:11:07:49 +0800] "OPTIONS * HTTP/1.0" 200 - "-" "Apache/2.4.6 (CentOS) OpenSSL/1.0.2k-fips PHP/5.4.16 (internal dummy connection)"
127.0.0.1 - - [01/Apr/2019:11:07:50 +0800] "OPTIONS * HTTP/1.0" 200 - "-" "Apache/2.4.6 (CentOS) OpenSSL/1.0.2k-fips PHP/5.4.16 (internal dummy connection)"
127.0.0.1 - - [01/Apr/2019:11:07:51 +0800] "OPTIONS * HTTP/1.0" 200 - "-" "Apache/2.4.6 (CentOS) OpenSSL/1.0.2k-fips PHP/5.4.16 (internal dummy connection)"
127.0.0.1 - - [01/Apr/2019:11:07:52 +0800] "OPTIONS * HTTP/1.0" 200 - "-" "Apache/2.4.6 (CentOS) OpenSSL/1.0.2k-fips PHP/5.4.16 (internal dummy connection)"
127.0.0.1 - - [01/Apr/2019:11:07:53 +0800] "OPTIONS * HTTP/1.0" 200 - "-" "Apache/2.4.6 (CentOS) OpenSSL/1.0.2k-fips PHP/5.4.16 (internal dummy connection)"
127.0.0.1 - - [01/Apr/2019:11:07:54 +0800] "OPTIONS * HTTP/1.0" 200 - "-" "Apache/2.4.6 (CentOS) OpenSSL/1.0.2k-fips PHP/5.4.16 (internal dummy connection)"
127.0.0.1 - - [01/Apr/2019:11:07:55 +0800] "OPTIONS * HTTP/1.0" 200 - "-" "Apache/2.4.6 (CentOS) OpenSSL/1.0.2k-fips PHP/5.4.16 (internal dummy connection)"
120.24.76.122 - - [01/Apr/2019:11:07:56 +0800] "GET /article/getRandArticle HTTP/1.1" 200 4105 "https://qsong.fun/jokes/detail/120" "Mozilla/5.0 (Windows NT 10.0; WOW64) AppleWebKit/537.36 (KHTML, like Gecko) Chrome/73.0.3683.86 Safari/537.36"
120.24.76.122 - - [01/Apr/2019:11:07:56 +0800] "GET /article/getArticleDtl?articleId=101&type=dz HTTP/1.1" 200 4021 "https://qsong.fun/jokes/detail/120" "Mozilla/5.0 (Windows NT 10.0; WOW64) AppleWebKit/537.36 (KHTML, like Gecko) Chrome/73.0.3683.86 Safari/537.36"
127.0.0.1 - - [01/Apr/2019:11:07:56 +0800] "OPTIONS * HTTP/1.0" 200 - "-" "Apache/2.4.6 (CentOS) OpenSSL/1.0.2k-fips PHP/5.4.16 (internal dummy connection)"
127.0.0.1 - - [01/Apr/2019:11:08:02 +0800] "OPTIONS * HTTP/1.0" 200 - "-" "Apache/2.4.6 (CentOS) OpenSSL/1.0.2k-fips PHP/5.4.16 (internal dummy connection)"
127.0.0.1 - - [01/Apr/2019:11:08:03 +0800] "OPTIONS * HTTP/1.0" 200 - "-" "Apache/2.4.6 (CentOS) OpenSSL/1.0.2k-fips PHP/5.4.16 (internal dummy connection)"
127.0.0.1 - - [01/Apr/2019:11:08:04 +0800] "OPTIONS * HTTP/1.0" 200 - "-" "Apache/2.4.6 (CentOS) OpenSSL/1.0.2k-fips PHP/5.4.16 (internal dummy connection)"
127.0.0.1 - - [01/Apr/2019:11:08:05 +0800] "OPTIONS * HTTP/1.0" 200 - "-" "Apache/2.4.6 (CentOS) OpenSSL/1.0.2k-fips PHP/5.4.16 (internal dummy connection)"
127.0.0.1 - - [01/Apr/2019:11:08:06 +0800] "OPTIONS * HTTP/1.0" 200 - "-" "Apache/2.4.6 (CentOS) OpenSSL/1.0.2k-fips PHP/5.4.16 (internal dummy connection)"
127.0.0.1 - - [01/Apr/2019:11:08:07 +0800] "OPTIONS * HTTP/1.0" 200 - "-" "Apache/2.4.6 (CentOS) OpenSSL/1.0.2k-fips PHP/5.4.16 (internal dummy connection)"
127.0.0.1 - - [01/Apr/2019:11:08:08 +0800] "OPTIONS * HTTP/1.0" 200 - "-" "Apache/2.4.6 (CentOS) OpenSSL/1.0.2k-fips PHP/5.4.16 (internal dummy connection)"
127.0.0.1 - - [01/Apr/2019:11:08:09 +0800] "OPTIONS * HTTP/1.0" 200 - "-" "Apache/2.4.6 (CentOS) OpenSSL/1.0.2k-fips PHP/5.4.16 (internal dummy connection)"
127.0.0.1 - - [01/Apr/2019:11:08:10 +0800] "OPTIONS * HTTP/1.0" 200 - "-" "Apache/2.4.6 (CentOS) OpenSSL/1.0.2k-fips PHP/5.4.16 (internal dummy connection)"
120.24.76.122 - - [01/Apr/2019:11:08:20 +0800] "GET /article/getRandArticle HTTP/1.1" 200 4807 "https://qsong.fun/jokes/detail/101" "Mozilla/5.0 (Windows NT 10.0; WOW64) AppleWebKit/537.36 (KHTML, like Gecko) Chrome/73.0.3683.86 Safari/537.36"
120.24.76.122 - - [01/Apr/2019:11:08:20 +0800] "GET /article/getArticleDtl?articleId=100&type=dz HTTP/1.1" 200 4017 "https://qsong.fun/jokes/detail/101" "Mozilla/5.0 (Windows NT 10.0; WOW64) AppleWebKit/537.36 (KHTML, like Gecko) Chrome/73.0.3683.86 Safari/537.36"
127.0.0.1 - - [01/Apr/2019:11:08:26 +0800] "OPTIONS * HTTP/1.0" 200 - "-" "Apache/2.4.6 (CentOS) OpenSSL/1.0.2k-fips PHP/5.4.16 (internal dummy connection)"
127.0.0.1 - - [01/Apr/2019:11:08:27 +0800] "OPTIONS * HTTP/1.0" 200 - "-" "Apache/2.4.6 (CentOS) OpenSSL/1.0.2k-fips PHP/5.4.16 (internal dummy connection)"
127.0.0.1 - - [01/Apr/2019:11:08:28 +0800] "OPTIONS * HTTP/1.0" 200 - "-" "Apache/2.4.6 (CentOS) OpenSSL/1.0.2k-fips PHP/5.4.16 (internal dummy connection)"
127.0.0.1 - - [01/Apr/2019:11:08:29 +0800] "OPTIONS * HTTP/1.0" 200 - "-" "Apache/2.4.6 (CentOS) OpenSSL/1.0.2k-fips PHP/5.4.16 (internal dummy connection)"
127.0.0.1 - - [01/Apr/2019:11:08:30 +0800] "OPTIONS * HTTP/1.0" 200 - "-" "Apache/2.4.6 (CentOS) OpenSSL/1.0.2k-fips PHP/5.4.16 (internal dummy connection)"
127.0.0.1 - - [01/Apr/2019:11:08:31 +0800] "OPTIONS * HTTP/1.0" 200 - "-" "Apache/2.4.6 (CentOS) OpenSSL/1.0.2k-fips PHP/5.4.16 (internal dummy connection)"
127.0.0.1 - - [01/Apr/2019:11:08:32 +0800] "OPTIONS * HTTP/1.0" 200 - "-" "Apache/2.4.6 (CentOS) OpenSSL/1.0.2k-fips PHP/5.4.16 (internal dummy connection)"
127.0.0.1 - - [01/Apr/2019:11:08:33 +0800] "OPTIONS * HTTP/1.0" 200 - "-" "Apache/2.4.6 (CentOS) OpenSSL/1.0.2k-fips PHP/5.4.16 (internal dummy connection)"
127.0.0.1 - - [01/Apr/2019:11:08:34 +0800] "OPTIONS * HTTP/1.0" 200 - "-" "Apache/2.4.6 (CentOS) OpenSSL/1.0.2k-fips PHP/5.4.16 (internal dummy connection)"
127.0.0.1 - - [01/Apr/2019:11:08:35 +0800] "OPTIONS * HTTP/1.0" 200 - "-" "Apache/2.4.6 (CentOS) OpenSSL/1.0.2k-fips PHP/5.4.16 (internal dummy connection)"
127.0.0.1 - - [01/Apr/2019:11:08:36 +0800] "OPTIONS * HTTP/1.0" 200 - "-" "Apache/2.4.6 (CentOS) OpenSSL/1.0.2k-fips PHP/5.4.16 (internal dummy connection)"
127.0.0.1 - - [01/Apr/2019:11:08:37 +0800] "OPTIONS * HTTP/1.0" 200 - "-" "Apache/2.4.6 (CentOS) OpenSSL/1.0.2k-fips PHP/5.4.16 (internal dummy connection)"
