120.202.26.149 - - [23/Apr/2019:10:22:43 +0800] "GET /image/Banner_woniu.jpg HTTP/1.1" 200 55537 "http://www.qsong.fun/" "Mozilla/5.0 (Windows NT 10.0; WOW64) AppleWebKit/537.36 (KHTML, like Gecko) Chrome/73.0.3683.103 Safari/537.36"
120.202.26.149 - - [23/Apr/2019:10:22:43 +0800] "GET /js/bootstrap.min.js HTTP/1.1" 200 9551 "http://www.qsong.fun/" "Mozilla/5.0 (Windows NT 10.0; WOW64) AppleWebKit/537.36 (KHTML, like Gecko) Chrome/73.0.3683.103 Safari/537.36"
120.202.26.149 - - [23/Apr/2019:10:22:43 +0800] "GET /js/ias.js HTTP/1.1" 200 2185 "http://www.qsong.fun/" "Mozilla/5.0 (Windows NT 10.0; WOW64) AppleWebKit/537.36 (KHTML, like Gecko) Chrome/73.0.3683.103 Safari/537.36"
120.202.26.149 - - [23/Apr/2019:10:22:43 +0800] "GET /image/Banner_guangyingshuihua.jpg HTTP/1.1" 200 40592 "http://www.qsong.fun/" "Mozilla/5.0 (Windows NT 10.0; WOW64) AppleWebKit/537.36 (KHTML, like Gecko) Chrome/73.0.3683.103 Safari/537.36"
120.202.26.149 - - [23/Apr/2019:10:22:43 +0800] "GET /js/main.js HTTP/1.1" 200 6193 "http://www.qsong.fun/" "Mozilla/5.0 (Windows NT 10.0; WOW64) AppleWebKit/537.36 (KHTML, like Gecko) Chrome/73.0.3683.103 Safari/537.36"
120.202.26.149 - - [23/Apr/2019:10:22:43 +0800] "GET /fonts/fontawesome-webfont.woff?v=4.7.0 HTTP/1.1" 200 98024 "http://www.qsong.fun/css/font-awesome.min.css" "Mozilla/5.0 (Windows NT 10.0; WOW64) AppleWebKit/537.36 (KHTML, like Gecko) Chrome/73.0.3683.103 Safari/537.36"
120.202.26.149 - - [23/Apr/2019:10:22:45 +0800] "GET /js/jquery.min.map HTTP/1.1" 404 63 "-" "Mozilla/5.0 (Windows NT 10.0; WOW64) AppleWebKit/537.36 (KHTML, like Gecko) Chrome/73.0.3683.103 Safari/537.36"
120.202.26.149 - - [23/Apr/2019:10:22:45 +0800] "GET /image/loading.gif HTTP/1.1" 200 2418 "http://www.qsong.fun/" "Mozilla/5.0 (Windows NT 10.0; WOW64) AppleWebKit/537.36 (KHTML, like Gecko) Chrome/73.0.3683.103 Safari/537.36"
120.202.26.149 - - [23/Apr/2019:10:22:46 +0800] "GET /image/wxapp.jpg HTTP/1.1" 200 75999 "http://www.qsong.fun/" "Mozilla/5.0 (Windows NT 10.0; WOW64) AppleWebKit/537.36 (KHTML, like Gecko) Chrome/73.0.3683.103 Safari/537.36"
120.202.26.149 - - [23/Apr/2019:10:22:46 +0800] "GET /image/wxqrcode.png HTTP/1.1" 200 40117 "http://www.qsong.fun/" "Mozilla/5.0 (Windows NT 10.0; WOW64) AppleWebKit/537.36 (KHTML, like Gecko) Chrome/73.0.3683.103 Safari/537.36"
120.202.26.149 - - [23/Apr/2019:10:22:43 +0800] "GET /image/Banner_weimei.jpg HTTP/1.1" 200 165019 "http://www.qsong.fun/" "Mozilla/5.0 (Windows NT 10.0; WOW64) AppleWebKit/537.36 (KHTML, like Gecko) Chrome/73.0.3683.103 Safari/537.36"
127.0.0.1 - - [23/Apr/2019:10:22:51 +0800] "OPTIONS * HTTP/1.0" 200 - "-" "Apache/2.4.6 (CentOS) OpenSSL/1.0.2k-fips PHP/5.4.16 (internal dummy connection)"
127.0.0.1 - - [23/Apr/2019:10:22:52 +0800] "OPTIONS * HTTP/1.0" 200 - "-" "Apache/2.4.6 (CentOS) OpenSSL/1.0.2k-fips PHP/5.4.16 (internal dummy connection)"
127.0.0.1 - - [23/Apr/2019:10:22:53 +0800] "OPTIONS * HTTP/1.0" 200 - "-" "Apache/2.4.6 (CentOS) OpenSSL/1.0.2k-fips PHP/5.4.16 (internal dummy connection)"
127.0.0.1 - - [23/Apr/2019:10:22:54 +0800] "OPTIONS * HTTP/1.0" 200 - "-" "Apache/2.4.6 (CentOS) OpenSSL/1.0.2k-fips PHP/5.4.16 (internal dummy connection)"
127.0.0.1 - - [23/Apr/2019:10:22:55 +0800] "OPTIONS * HTTP/1.0" 200 - "-" "Apache/2.4.6 (CentOS) OpenSSL/1.0.2k-fips PHP/5.4.16 (internal dummy connection)"
127.0.0.1 - - [23/Apr/2019:10:22:56 +0800] "OPTIONS * HTTP/1.0" 200 - "-" "Apache/2.4.6 (CentOS) OpenSSL/1.0.2k-fips PHP/5.4.16 (internal dummy connection)"
127.0.0.1 - - [23/Apr/2019:10:22:57 +0800] "OPTIONS * HTTP/1.0" 200 - "-" "Apache/2.4.6 (CentOS) OpenSSL/1.0.2k-fips PHP/5.4.16 (internal dummy connection)"
127.0.0.1 - - [23/Apr/2019:10:22:58 +0800] "OPTIONS * HTTP/1.0" 200 - "-" "Apache/2.4.6 (CentOS) OpenSSL/1.0.2k-fips PHP/5.4.16 (internal dummy connection)"
127.0.0.1 - - [23/Apr/2019:10:22:59 +0800] "OPTIONS * HTTP/1.0" 200 - "-" "Apache/2.4.6 (CentOS) OpenSSL/1.0.2k-fips PHP/5.4.16 (internal dummy connection)"
120.202.26.149 - - [23/Apr/2019:10:26:59 +0800] "GET / HTTP/1.1" 301 230 "-" "Mozilla/5.0 (Windows NT 10.0; WOW64) AppleWebKit/537.36 (KHTML, like Gecko) Chrome/73.0.3683.103 Safari/537.36"
127.0.0.1 - - [23/Apr/2019:10:27:11 +0800] "OPTIONS * HTTP/1.0" 200 - "-" "Apache/2.4.6 (CentOS) OpenSSL/1.0.2k-fips PHP/5.4.16 (internal dummy connection)"
127.0.0.1 - - [23/Apr/2019:10:27:12 +0800] "OPTIONS * HTTP/1.0" 200 - "-" "Apache/2.4.6 (CentOS) OpenSSL/1.0.2k-fips PHP/5.4.16 (internal dummy connection)"
120.202.26.149 - - [23/Apr/2019:10:27:14 +0800] "GET / HTTP/1.1" 301 230 "-" "Mozilla/5.0 (Windows NT 10.0; WOW64) AppleWebKit/537.36 (KHTML, like Gecko) Chrome/73.0.3683.103 Safari/537.36"
127.0.0.1 - - [23/Apr/2019:10:27:19 +0800] "OPTIONS * HTTP/1.0" 200 - "-" "Apache/2.4.6 (CentOS) OpenSSL/1.0.2k-fips PHP/5.4.16 (internal dummy connection)"
127.0.0.1 - - [23/Apr/2019:10:27:20 +0800] "OPTIONS * HTTP/1.0" 200 - "-" "Apache/2.4.6 (CentOS) OpenSSL/1.0.2k-fips PHP/5.4.16 (internal dummy connection)"
127.0.0.1 - - [23/Apr/2019:10:27:22 +0800] "OPTIONS * HTTP/1.0" 200 - "-" "Apache/2.4.6 (CentOS) OpenSSL/1.0.2k-fips PHP/5.4.16 (internal dummy connection)"
5.89.163.116 - - [23/Apr/2019:10:47:58 +0800] "GET /wp-login.php HTTP/1.1" 301 242 "-" "Mozilla/5.0 (Windows NT 6.1; WOW64; rv:40.0) Gecko/20100101 Firefox/40.1"
5.89.163.116 - - [23/Apr/2019:10:48:01 +0800] "GET / HTTP/1.1" 301 230 "-" "Mozilla/5.0 (Windows NT 6.1; WOW64; rv:40.0) Gecko/20100101 Firefox/40.1"
191.176.236.23 - - [23/Apr/2019:10:48:57 +0800] "GET /wp-login.php HTTP/1.1" 301 242 "-" "Mozilla/5.0 (Windows NT 6.1; WOW64; rv:40.0) Gecko/20100101 Firefox/40.1"
191.176.236.23 - - [23/Apr/2019:10:49:00 +0800] "GET / HTTP/1.1" 301 230 "-" "Mozilla/5.0 (Windows NT 6.1; WOW64; rv:40.0) Gecko/20100101 Firefox/40.1"
41.102.2.125 - - [23/Apr/2019:11:06:34 +0800] "GET /wp-login.php HTTP/1.1" 301 242 "-" "Mozilla/5.0 (Windows NT 6.1; WOW64; rv:40.0) Gecko/20100101 Firefox/40.1"
127.0.0.1 - - [23/Apr/2019:11:08:49 +0800] "OPTIONS * HTTP/1.0" 200 - "-" "Apache/2.4.6 (CentOS) OpenSSL/1.0.2k-fips PHP/5.4.16 (internal dummy connection)"
216.244.66.199 - - [23/Apr/2019:11:13:35 +0800] "GET /robots.txt HTTP/1.1" 301 240 "-" "Mozilla/5.0 (compatible; DotBot/1.1; http://www.opensiteexplorer.org/dotbot, help@moz.com)"
51.38.12.21 - - [23/Apr/2019:11:27:47 +0800] "GET / HTTP/1.1" 200 35377 "-" "Mozilla/5.0 (Windows NT 6.1) AppleWebKit/537.36 (KHTML, like Gecko) Chrome/41.0.2228.0 Safari/537.36"
127.0.0.1 - - [23/Apr/2019:11:39:42 +0800] "OPTIONS * HTTP/1.0" 200 - "-" "Apache/2.4.6 (CentOS) OpenSSL/1.0.2k-fips PHP/5.4.16 (internal dummy connection)"
219.129.216.239 - - [23/Apr/2019:11:53:52 +0800] "GET / HTTP/1.1" 301 230 "-" "Mozilla/5.0 (compatible; MSIE 9.0; Windows NT 6.1; WOW64; Trident/5.0)"
218.90.199.36 - - [23/Apr/2019:11:53:52 +0800] "GET / HTTP/1.1" 301 230 "-" "Mozilla/5.0 (compatible; Baiduspider/2.0; +http://www.baidu.com/search/spider.html)"
127.0.0.1 - - [23/Apr/2019:11:55:54 +0800] "OPTIONS * HTTP/1.0" 200 - "-" "Apache/2.4.6 (CentOS) OpenSSL/1.0.2k-fips PHP/5.4.16 (internal dummy connection)"
127.0.0.1 - - [23/Apr/2019:11:57:12 +0800] "OPTIONS * HTTP/1.0" 200 - "-" "Apache/2.4.6 (CentOS) OpenSSL/1.0.2k-fips PHP/5.4.16 (internal dummy connection)"
127.0.0.1 - - [23/Apr/2019:11:57:13 +0800] "OPTIONS * HTTP/1.0" 200 - "-" "Apache/2.4.6 (CentOS) OpenSSL/1.0.2k-fips PHP/5.4.16 (internal dummy connection)"
127.0.0.1 - - [23/Apr/2019:11:57:14 +0800] "OPTIONS * HTTP/1.0" 200 - "-" "Apache/2.4.6 (CentOS) OpenSSL/1.0.2k-fips PHP/5.4.16 (internal dummy connection)"
123.125.71.92 - - [23/Apr/2019:12:03:02 +0800] "GET /image/wxapp.jpg HTTP/1.1" 301 245 "-" "Mozilla/5.0 (Windows NT 10.0; WOW64) AppleWebKit/537.36 (KHTML, like Gecko) Chrome/48.0.2564.116 Safari/537.36"
216.244.66.199 - - [23/Apr/2019:12:03:57 +0800] "GET /robots.txt HTTP/1.1" 301 240 "-" "Mozilla/5.0 (compatible; DotBot/1.1; http://www.opensiteexplorer.org/dotbot, help@moz.com)"
180.191.126.40 - - [23/Apr/2019:12:12:39 +0800] "GET /wp-login.php HTTP/1.1" 301 242 "-" "Mozilla/5.0 (Windows NT 6.1; WOW64; rv:40.0) Gecko/20100101 Firefox/40.1"
180.191.126.40 - - [23/Apr/2019:12:12:41 +0800] "GET / HTTP/1.1" 301 230 "-" "Mozilla/5.0 (Windows NT 6.1; WOW64; rv:40.0) Gecko/20100101 Firefox/40.1"
37.17.172.132 - - [23/Apr/2019:12:14:53 +0800] "GET / HTTP/1.1" 301 230 "-" "Mozilla/5.0 (X11; Linux x86_64; rv:55.0) Gecko/20100101 Firefox/55.0"
161.129.65.142 - - [23/Apr/2019:12:19:54 +0800] "GET / HTTP/1.1" 301 230 "-" "Mozilla/4.0 (compatible; MSIE 5.0; Windows NT; DigExt; DTS Agent"
123.158.49.52 - - [23/Apr/2019:12:22:30 +0800] "GET http://api.ipify.org/ HTTP/1.1" 200 8284 "-" "Mozilla/5.0 (Windows NT 10.0; WOW64) AppleWebKit/537.36 (KHTML, like Gecko) Chrome/45.0.2454.101 Safari/537.36"
119.118.23.108 - - [23/Apr/2019:12:22:32 +0800] "GET http://www.wujieliulan.com/ HTTP/1.1" 200 8041 "-" "Mozilla/5.0 (Windows NT 10.0; WOW64) AppleWebKit/537.36 (KHTML, like Gecko) Chrome/45.0.2454.101 Safari/537.36"
36.32.3.245 - - [23/Apr/2019:12:22:33 +0800] "GET http://boxun.com/ HTTP/1.1" 200 8618 "-" "Mozilla/5.0 (Windows NT 10.0; WOW64; rv:45.0) Gecko/20100101 Firefox/45.0"
123.145.21.125 - - [23/Apr/2019:12:22:30 +0800] "GET http://www.123cha.com HTTP/1.1" 200 35452 "-" "Mozilla/5.0 (Windows NT 5.1) AppleWebKit/537.36 (KHTML, like Gecko) Chrome/43.0.2357.132 Safari/537.36"
182.200.179.57 - - [23/Apr/2019:12:22:37 +0800] "GET http://www.123cha.com/ HTTP/1.1" 200 8518 "-" "Mozilla/5.0 (Windows NT 10.0; WOW64; rv:45.0) Gecko/20100101 Firefox/45.0"
221.13.12.70 - - [23/Apr/2019:12:22:38 +0800] "CONNECT www.voanews.com:443 HTTP/1.1" 502 383 "-" "PycURL/7.43.0 libcurl/7.47.0 GnuTLS/3.4.10 zlib/1.2.8 libidn/1.32 librtmp/2.3"
119.39.46.109 - - [23/Apr/2019:12:22:38 +0800] "GET http://www.minghui.org/ HTTP/1.1" 200 8072 "-" "Mozilla/5.0 (Windows NT 6.1) AppleWebKit/537.36 (KHTML, like Gecko) Chrome/50.0.2661.102 Safari/537.36Mozilla/5.0 (Windows NT 6.1; Trident/7.0; rv:11.0) like GeckoMozilla/5.0 (Windows NT 10.0; WOW64; rv:45.0) Gecko/20100101 Firefox/45.0"
182.138.162.212 - - [23/Apr/2019:12:22:38 +0800] "GET http://www.epochtimes.com/ HTTP/1.1" 200 8514 "-" "Mozilla/5.0 (Windows NT 10.0; WOW64; rv:45.0) Gecko/20100101 Firefox/45.0"
180.95.238.33 - - [23/Apr/2019:12:22:39 +0800] "GET http://www.rfa.org/english/ HTTP/1.1" 404 1926 "-" "Mozilla/5.0 (Windows NT 10.0; WOW64; rv:45.0) Gecko/20100101 Firefox/45.0"
123.145.22.35 - - [23/Apr/2019:12:22:39 +0800] "GET http://www.ip.cn/ HTTP/1.1" 200 8646 "-" "Mozilla/5.0 (Windows NT 6.1) AppleWebKit/537.36 (KHTML, like Gecko) Chrome/50.0.2661.102 Safari/537.36Mozilla/5.0 (Windows NT 6.1; Trident/7.0; rv:11.0) like GeckoMozilla/5.0 (Windows NT 10.0; WOW64; rv:45.0) Gecko/20100101 Firefox/45.0"
36.5.178.167 - - [23/Apr/2019:12:22:40 +0800] "CONNECT www.baidu.com:443 HTTP/1.1" 502 383 "-" "PycURL/7.43.0 libcurl/7.47.0 GnuTLS/3.4.10 zlib/1.2.8 libidn/1.32 librtmp/2.3"
101.249.224.148 - - [23/Apr/2019:12:22:40 +0800] "CONNECT cn.bing.com:443 HTTP/1.1" 502 383 "-" "PycURL/7.43.0 libcurl/7.47.0 GnuTLS/3.4.10 zlib/1.2.8 libidn/1.32 librtmp/2.3"
120.202.26.149 - - [23/Apr/2019:12:46:05 +0800] "GET / HTTP/1.1" 301 230 "-" "Mozilla/5.0 (Windows NT 10.0; WOW64) AppleWebKit/537.36 (KHTML, like Gecko) Chrome/63.0.3239.132 Safari/537.36"
14.152.92.116 - - [23/Apr/2019:12:46:36 +0800] "GET / HTTP/1.1" 301 230 "-" "Mozilla/5.0 (compatible; MSIE 9.0; Windows NT 6.1; WOW64; Trident/5.0)"
14.152.92.116 - - [23/Apr/2019:12:46:37 +0800] "GET / HTTP/1.1" 301 230 "-" "Mozilla/5.0 (compatible; Baiduspider/2.0; +http://www.baidu.com/search/spider.html)"
14.152.92.116 - - [23/Apr/2019:12:46:45 +0800] "GET / HTTP/1.1" 301 230 "-" "Mozilla/5.0 (compatible; MSIE 9.0; Windows NT 6.1; WOW64; Trident/5.0)"
14.152.92.116 - - [23/Apr/2019:12:46:45 +0800] "GET / HTTP/1.1" 301 230 "-" "Mozilla/5.0 (compatible; Baiduspider/2.0; +http://www.baidu.com/search/spider.html)"
14.152.92.116 - - [23/Apr/2019:12:46:52 +0800] "GET / HTTP/1.1" 301 230 "-" "Mozilla/5.0 (compatible; MSIE 9.0; Windows NT 6.1; WOW64; Trident/5.0)"
14.152.92.116 - - [23/Apr/2019:12:46:52 +0800] "GET / HTTP/1.1" 301 230 "-" "Mozilla/5.0 (compatible; Baiduspider/2.0; +http://www.baidu.com/search/spider.html)"
14.152.92.116 - - [23/Apr/2019:12:46:58 +0800] "GET / HTTP/1.1" 301 230 "-" "Mozilla/5.0 (compatible; MSIE 9.0; Windows NT 6.1; WOW64; Trident/5.0)"
14.152.92.116 - - [23/Apr/2019:12:46:58 +0800] "GET / HTTP/1.1" 301 230 "-" "Mozilla/5.0 (compatible; Baiduspider/2.0; +http://www.baidu.com/search/spider.html)"
127.0.0.1 - - [23/Apr/2019:12:47:06 +0800] "OPTIONS * HTTP/1.0" 200 - "-" "Apache/2.4.6 (CentOS) OpenSSL/1.0.2k-fips PHP/5.4.16 (internal dummy connection)"
207.46.13.68 - - [23/Apr/2019:12:50:22 +0800] "GET /picture HTTP/1.1" 200 6472 "-" "Mozilla/5.0 (compatible; bingbot/2.0; +http://www.bing.com/bingbot.htm)"
157.55.39.133 - - [23/Apr/2019:12:51:25 +0800] "GET /?p=84 HTTP/1.1" 200 8566 "-" "Mozilla/5.0 (compatible; bingbot/2.0; +http://www.bing.com/bingbot.htm)"
216.244.66.199 - - [23/Apr/2019:12:55:04 +0800] "GET /robots.txt HTTP/1.1" 301 240 "-" "Mozilla/5.0 (compatible; DotBot/1.1; http://www.opensiteexplorer.org/dotbot, help@moz.com)"
220.181.108.174 - - [23/Apr/2019:12:55:37 +0800] "GET /static/qsong/html/gifdetail.html?id=15 HTTP/1.1" 301 268 "-" "Mozilla/5.0 (compatible; Baiduspider/2.0; +http://www.baidu.com/search/spider.html)"
127.0.0.1 - - [23/Apr/2019:13:37:20 +0800] "OPTIONS * HTTP/1.0" 200 - "-" "Apache/2.4.6 (CentOS) OpenSSL/1.0.2k-fips PHP/5.4.16 (internal dummy connection)"
127.0.0.1 - - [23/Apr/2019:13:37:21 +0800] "OPTIONS * HTTP/1.0" 200 - "-" "Apache/2.4.6 (CentOS) OpenSSL/1.0.2k-fips PHP/5.4.16 (internal dummy connection)"
127.0.0.1 - - [23/Apr/2019:13:37:22 +0800] "OPTIONS * HTTP/1.0" 200 - "-" "Apache/2.4.6 (CentOS) OpenSSL/1.0.2k-fips PHP/5.4.16 (internal dummy connection)"
127.0.0.1 - - [23/Apr/2019:13:37:37 +0800] "OPTIONS * HTTP/1.0" 200 - "-" "Apache/2.4.6 (CentOS) OpenSSL/1.0.2k-fips PHP/5.4.16 (internal dummy connection)"
127.0.0.1 - - [23/Apr/2019:13:37:38 +0800] "OPTIONS * HTTP/1.0" 200 - "-" "Apache/2.4.6 (CentOS) OpenSSL/1.0.2k-fips PHP/5.4.16 (internal dummy connection)"
127.0.0.1 - - [23/Apr/2019:13:37:39 +0800] "OPTIONS * HTTP/1.0" 200 - "-" "Apache/2.4.6 (CentOS) OpenSSL/1.0.2k-fips PHP/5.4.16 (internal dummy connection)"
127.0.0.1 - - [23/Apr/2019:13:37:40 +0800] "OPTIONS * HTTP/1.0" 200 - "-" "Apache/2.4.6 (CentOS) OpenSSL/1.0.2k-fips PHP/5.4.16 (internal dummy connection)"
127.0.0.1 - - [23/Apr/2019:13:37:41 +0800] "OPTIONS * HTTP/1.0" 200 - "-" "Apache/2.4.6 (CentOS) OpenSSL/1.0.2k-fips PHP/5.4.16 (internal dummy connection)"
127.0.0.1 - - [23/Apr/2019:13:37:42 +0800] "OPTIONS * HTTP/1.0" 200 - "-" "Apache/2.4.6 (CentOS) OpenSSL/1.0.2k-fips PHP/5.4.16 (internal dummy connection)"
127.0.0.1 - - [23/Apr/2019:13:37:43 +0800] "OPTIONS * HTTP/1.0" 200 - "-" "Apache/2.4.6 (CentOS) OpenSSL/1.0.2k-fips PHP/5.4.16 (internal dummy connection)"
127.0.0.1 - - [23/Apr/2019:13:37:45 +0800] "OPTIONS * HTTP/1.0" 200 - "-" "Apache/2.4.6 (CentOS) OpenSSL/1.0.2k-fips PHP/5.4.16 (internal dummy connection)"
127.0.0.1 - - [23/Apr/2019:13:37:46 +0800] "OPTIONS * HTTP/1.0" 200 - "-" "Apache/2.4.6 (CentOS) OpenSSL/1.0.2k-fips PHP/5.4.16 (internal dummy connection)"
127.0.0.1 - - [23/Apr/2019:13:37:47 +0800] "OPTIONS * HTTP/1.0" 200 - "-" "Apache/2.4.6 (CentOS) OpenSSL/1.0.2k-fips PHP/5.4.16 (internal dummy connection)"
127.0.0.1 - - [23/Apr/2019:13:37:48 +0800] "OPTIONS * HTTP/1.0" 200 - "-" "Apache/2.4.6 (CentOS) OpenSSL/1.0.2k-fips PHP/5.4.16 (internal dummy connection)"
127.0.0.1 - - [23/Apr/2019:13:37:49 +0800] "OPTIONS * HTTP/1.0" 200 - "-" "Apache/2.4.6 (CentOS) OpenSSL/1.0.2k-fips PHP/5.4.16 (internal dummy connection)"
127.0.0.1 - - [23/Apr/2019:13:37:50 +0800] "OPTIONS * HTTP/1.0" 200 - "-" "Apache/2.4.6 (CentOS) OpenSSL/1.0.2k-fips PHP/5.4.16 (internal dummy connection)"
127.0.0.1 - - [23/Apr/2019:13:37:51 +0800] "OPTIONS * HTTP/1.0" 200 - "-" "Apache/2.4.6 (CentOS) OpenSSL/1.0.2k-fips PHP/5.4.16 (internal dummy connection)"
127.0.0.1 - - [23/Apr/2019:13:37:52 +0800] "OPTIONS * HTTP/1.0" 200 - "-" "Apache/2.4.6 (CentOS) OpenSSL/1.0.2k-fips PHP/5.4.16 (internal dummy connection)"
127.0.0.1 - - [23/Apr/2019:13:38:15 +0800] "OPTIONS * HTTP/1.0" 200 - "-" "Apache/2.4.6 (CentOS) OpenSSL/1.0.2k-fips PHP/5.4.16 (internal dummy connection)"
127.0.0.1 - - [23/Apr/2019:13:38:16 +0800] "OPTIONS * HTTP/1.0" 200 - "-" "Apache/2.4.6 (CentOS) OpenSSL/1.0.2k-fips PHP/5.4.16 (internal dummy connection)"
127.0.0.1 - - [23/Apr/2019:13:38:17 +0800] "OPTIONS * HTTP/1.0" 200 - "-" "Apache/2.4.6 (CentOS) OpenSSL/1.0.2k-fips PHP/5.4.16 (internal dummy connection)"
127.0.0.1 - - [23/Apr/2019:13:38:18 +0800] "OPTIONS * HTTP/1.0" 200 - "-" "Apache/2.4.6 (CentOS) OpenSSL/1.0.2k-fips PHP/5.4.16 (internal dummy connection)"
127.0.0.1 - - [23/Apr/2019:13:38:19 +0800] "OPTIONS * HTTP/1.0" 200 - "-" "Apache/2.4.6 (CentOS) OpenSSL/1.0.2k-fips PHP/5.4.16 (internal dummy connection)"
127.0.0.1 - - [23/Apr/2019:13:38:20 +0800] "OPTIONS * HTTP/1.0" 200 - "-" "Apache/2.4.6 (CentOS) OpenSSL/1.0.2k-fips PHP/5.4.16 (internal dummy connection)"
127.0.0.1 - - [23/Apr/2019:13:38:31 +0800] "OPTIONS * HTTP/1.0" 200 - "-" "Apache/2.4.6 (CentOS) OpenSSL/1.0.2k-fips PHP/5.4.16 (internal dummy connection)"
127.0.0.1 - - [23/Apr/2019:13:38:32 +0800] "OPTIONS * HTTP/1.0" 200 - "-" "Apache/2.4.6 (CentOS) OpenSSL/1.0.2k-fips PHP/5.4.16 (internal dummy connection)"
127.0.0.1 - - [23/Apr/2019:13:38:33 +0800] "OPTIONS * HTTP/1.0" 200 - "-" "Apache/2.4.6 (CentOS) OpenSSL/1.0.2k-fips PHP/5.4.16 (internal dummy connection)"
127.0.0.1 - - [23/Apr/2019:13:38:34 +0800] "OPTIONS * HTTP/1.0" 200 - "-" "Apache/2.4.6 (CentOS) OpenSSL/1.0.2k-fips PHP/5.4.16 (internal dummy connection)"
127.0.0.1 - - [23/Apr/2019:13:38:35 +0800] "OPTIONS * HTTP/1.0" 200 - "-" "Apache/2.4.6 (CentOS) OpenSSL/1.0.2k-fips PHP/5.4.16 (internal dummy connection)"
127.0.0.1 - - [23/Apr/2019:13:38:36 +0800] "OPTIONS * HTTP/1.0" 200 - "-" "Apache/2.4.6 (CentOS) OpenSSL/1.0.2k-fips PHP/5.4.16 (internal dummy connection)"
127.0.0.1 - - [23/Apr/2019:13:38:37 +0800] "OPTIONS * HTTP/1.0" 200 - "-" "Apache/2.4.6 (CentOS) OpenSSL/1.0.2k-fips PHP/5.4.16 (internal dummy connection)"
127.0.0.1 - - [23/Apr/2019:13:38:38 +0800] "OPTIONS * HTTP/1.0" 200 - "-" "Apache/2.4.6 (CentOS) OpenSSL/1.0.2k-fips PHP/5.4.16 (internal dummy connection)"
216.244.66.199 - - [23/Apr/2019:13:46:17 +0800] "GET /robots.txt HTTP/1.1" 301 240 "-" "Mozilla/5.0 (compatible; DotBot/1.1; http://www.opensiteexplorer.org/dotbot, help@moz.com)"
115.164.186.45 - - [23/Apr/2019:14:07:59 +0800] "GET /wp-login.php HTTP/1.1" 301 242 "-" "Mozilla/5.0 (Windows NT 6.1; WOW64; rv:40.0) Gecko/20100101 Firefox/40.1"
115.164.186.45 - - [23/Apr/2019:14:08:00 +0800] "GET / HTTP/1.1" 301 230 "-" "Mozilla/5.0 (Windows NT 6.1; WOW64; rv:40.0) Gecko/20100101 Firefox/40.1"
220.181.108.120 - - [23/Apr/2019:14:19:16 +0800] "GET /image/wxqrcode.png HTTP/1.1" 301 248 "-" "Mozilla/5.0 (Windows NT 10.0; WOW64) AppleWebKit/537.36 (KHTML, like Gecko) Chrome/48.0.2564.116 Safari/537.36"
128.119.202.221 - - [23/Apr/2019:14:24:40 +0800] "GET /wp-login.php HTTP/1.1" 301 242 "-" "Mozilla/5.0 (Windows NT 6.1; WOW64; rv:40.0) Gecko/20100101 Firefox/40.1"
128.119.202.221 - - [23/Apr/2019:14:24:42 +0800] "GET / HTTP/1.1" 301 230 "-" "Mozilla/5.0 (Windows NT 6.1; WOW64; rv:40.0) Gecko/20100101 Firefox/40.1"
127.0.0.1 - - [23/Apr/2019:14:24:48 +0800] "OPTIONS * HTTP/1.0" 200 - "-" "Apache/2.4.6 (CentOS) OpenSSL/1.0.2k-fips PHP/5.4.16 (internal dummy connection)"
74.12.223.214 - - [23/Apr/2019:14:35:44 +0800] "GET /wp-login.php HTTP/1.1" 301 242 "-" "Mozilla/5.0 (Windows NT 6.1; WOW64; rv:40.0) Gecko/20100101 Firefox/40.1"
74.12.223.214 - - [23/Apr/2019:14:35:45 +0800] "GET / HTTP/1.1" 301 230 "-" "Mozilla/5.0 (Windows NT 6.1; WOW64; rv:40.0) Gecko/20100101 Firefox/40.1"
216.244.66.199 - - [23/Apr/2019:14:37:41 +0800] "GET /robots.txt HTTP/1.1" 301 240 "-" "Mozilla/5.0 (compatible; DotBot/1.1; http://www.opensiteexplorer.org/dotbot, help@moz.com)"
157.32.148.156 - - [23/Apr/2019:14:38:38 +0800] "GET /wp-login.php HTTP/1.1" 301 242 "-" "Mozilla/5.0 (Windows NT 6.1; WOW64; rv:40.0) Gecko/20100101 Firefox/40.1"
157.32.148.156 - - [23/Apr/2019:14:38:41 +0800] "GET / HTTP/1.1" 301 230 "-" "Mozilla/5.0 (Windows NT 6.1; WOW64; rv:40.0) Gecko/20100101 Firefox/40.1"
186.154.32.18 - - [23/Apr/2019:14:58:33 +0800] "GET /wp-login.php HTTP/1.1" 301 242 "-" "Mozilla/5.0 (Windows NT 6.1; WOW64; rv:40.0) Gecko/20100101 Firefox/40.1"
186.154.32.18 - - [23/Apr/2019:14:58:39 +0800] "GET / HTTP/1.1" 301 230 "-" "Mozilla/5.0 (Windows NT 6.1; WOW64; rv:40.0) Gecko/20100101 Firefox/40.1"
194.228.131.205 - - [23/Apr/2019:15:07:12 +0800] "GET / HTTP/1.0" 200 35427 "-" "-"
194.228.131.205 - - [23/Apr/2019:15:07:13 +0800] "GET / HTTP/1.0" 200 35130 "-" "-"
165.227.153.226 - - [23/Apr/2019:15:19:42 +0800] "GET / HTTP/1.0" 200 35888 "-" "masscan/1.0 (https://github.com/robertdavidgraham/masscan)"
216.244.66.199 - - [23/Apr/2019:15:27:10 +0800] "GET /robots.txt HTTP/1.1" 301 240 "-" "Mozilla/5.0 (compatible; DotBot/1.1; http://www.opensiteexplorer.org/dotbot, help@moz.com)"
184.22.127.172 - - [23/Apr/2019:15:41:26 +0800] "GET / HTTP/1.1" 301 230 "-" "Mozilla/4.0 (compatible; MSIE 5.0; Windows NT; DigExt; DTS Agent"
127.0.0.1 - - [23/Apr/2019:15:46:51 +0800] "OPTIONS * HTTP/1.0" 200 - "-" "Apache/2.4.6 (CentOS) OpenSSL/1.0.2k-fips PHP/5.4.16 (internal dummy connection)"
182.16.179.75 - - [23/Apr/2019:16:09:03 +0800] "GET /wp-login.php HTTP/1.1" 301 242 "-" "Mozilla/5.0 (Windows NT 6.1; WOW64; rv:40.0) Gecko/20100101 Firefox/40.1"
182.16.179.75 - - [23/Apr/2019:16:09:06 +0800] "GET / HTTP/1.1" 301 230 "-" "Mozilla/5.0 (Windows NT 6.1; WOW64; rv:40.0) Gecko/20100101 Firefox/40.1"
27.5.76.180 - - [23/Apr/2019:16:10:53 +0800] "GET /wp-login.php HTTP/1.1" 301 242 "-" "Mozilla/5.0 (Windows NT 6.1; WOW64; rv:40.0) Gecko/20100101 Firefox/40.1"
203.122.35.58 - - [23/Apr/2019:16:13:19 +0800] "GET /wp-login.php HTTP/1.1" 301 242 "-" "Mozilla/5.0 (Windows NT 6.1; WOW64; rv:40.0) Gecko/20100101 Firefox/40.1"
216.244.66.199 - - [23/Apr/2019:16:16:47 +0800] "GET /robots.txt HTTP/1.1" 301 240 "-" "Mozilla/5.0 (compatible; DotBot/1.1; http://www.opensiteexplorer.org/dotbot, help@moz.com)"
66.249.71.79 - - [23/Apr/2019:16:17:45 +0800] "GET /article/getArticleDtl?articleId=6&type=gif HTTP/1.1" 301 276 "http://www.qsong.fun/static/qsong/html/gifdetail.html?id=6" "Mozilla/5.0 AppleWebKit/537.36 (KHTML, like Gecko; compatible; Googlebot/2.1; +http://www.google.com/bot.html) Safari/537.36"
66.249.71.79 - - [23/Apr/2019:16:17:46 +0800] "GET /static/qsong/js/share.js?cdnversion=429287 HTTP/1.1" 301 272 "http://www.qsong.fun/static/qsong/html/gifdetail.html?id=6" "Mozilla/5.0 AppleWebKit/537.36 (KHTML, like Gecko; compatible; Googlebot/2.1; +http://www.google.com/bot.html) Safari/537.36"
66.249.71.79 - - [23/Apr/2019:16:17:47 +0800] "GET /static/qsong/js/main.js HTTP/1.1" 301 253 "http://www.qsong.fun/static/qsong/html/gifdetail.html?id=6" "Mozilla/5.0 AppleWebKit/537.36 (KHTML, like Gecko; compatible; Googlebot/2.1; +http://www.google.com/bot.html) Safari/537.36"
66.249.71.75 - - [23/Apr/2019:16:17:48 +0800] "GET /static/api/js/base/tangram.js?v=37768233.js HTTP/1.1" 301 273 "http://www.qsong.fun/static/qsong/html/gifdetail.html?id=6" "Mozilla/5.0 AppleWebKit/537.36 (KHTML, like Gecko; compatible; Googlebot/2.1; +http://www.google.com/bot.html) Safari/537.36"
66.249.71.75 - - [23/Apr/2019:16:17:49 +0800] "GET /static/api/js/share/api_base.js HTTP/1.1" 301 261 "http://www.qsong.fun/static/qsong/html/gifdetail.html?id=6" "Mozilla/5.0 AppleWebKit/537.36 (KHTML, like Gecko; compatible; Googlebot/2.1; +http://www.google.com/bot.html) Safari/537.36"
66.249.71.79 - - [23/Apr/2019:16:17:49 +0800] "GET /article/getArticleDtl?articleId=6&type=gif HTTP/1.1" 301 276 "http://www.qsong.fun/static/qsong/html/gifdetail.html?id=6" "Mozilla/5.0 AppleWebKit/537.36 (KHTML, like Gecko; compatible; Googlebot/2.1; +http://www.google.com/bot.html) Safari/537.36"
220.181.108.159 - - [23/Apr/2019:16:18:31 +0800] "GET / HTTP/1.1" 301 230 "-" "Mozilla/5.0 (compatible; Baiduspider/2.0; +http://www.baidu.com/search/spider.html)"
109.103.173.146 - - [23/Apr/2019:16:28:48 +0800] "GET /wp-login.php HTTP/1.1" 301 242 "-" "Mozilla/5.0 (Windows NT 6.1; WOW64; rv:40.0) Gecko/20100101 Firefox/40.1"
109.103.173.146 - - [23/Apr/2019:16:28:50 +0800] "GET / HTTP/1.1" 301 230 "-" "Mozilla/5.0 (Windows NT 6.1; WOW64; rv:40.0) Gecko/20100101 Firefox/40.1"
41.106.224.1 - - [23/Apr/2019:16:39:19 +0800] "GET /wp-login.php HTTP/1.1" 301 242 "-" "Mozilla/5.0 (Windows NT 6.1; WOW64; rv:40.0) Gecko/20100101 Firefox/40.1"
41.106.224.1 - - [23/Apr/2019:16:39:22 +0800] "GET / HTTP/1.1" 301 230 "-" "Mozilla/5.0 (Windows NT 6.1; WOW64; rv:40.0) Gecko/20100101 Firefox/40.1"
117.205.13.226 - - [23/Apr/2019:16:40:20 +0800] "GET /wp-login.php HTTP/1.1" 301 242 "-" "Mozilla/5.0 (Windows NT 6.1; WOW64; rv:40.0) Gecko/20100101 Firefox/40.1"
117.205.13.226 - - [23/Apr/2019:16:40:23 +0800] "GET / HTTP/1.1" 301 230 "-" "Mozilla/5.0 (Windows NT 6.1; WOW64; rv:40.0) Gecko/20100101 Firefox/40.1"
49.149.74.210 - - [23/Apr/2019:16:43:13 +0800] "GET /wp-login.php HTTP/1.1" 301 242 "-" "Mozilla/5.0 (Windows NT 6.1; WOW64; rv:40.0) Gecko/20100101 Firefox/40.1"
157.45.110.45 - - [23/Apr/2019:16:54:25 +0800] "GET /wp-login.php HTTP/1.1" 301 242 "-" "Mozilla/5.0 (Windows NT 6.1; WOW64; rv:40.0) Gecko/20100101 Firefox/40.1"
157.45.110.45 - - [23/Apr/2019:16:54:28 +0800] "GET / HTTP/1.1" 301 230 "-" "Mozilla/5.0 (Windows NT 6.1; WOW64; rv:40.0) Gecko/20100101 Firefox/40.1"
136.169.171.121 - - [23/Apr/2019:17:02:35 +0800] "GET / HTTP/1.1" 200 35729 "-" "Mozilla/5.0 (Windows NT 6.1; WOW64) AppleWebKit/537.36 (KHTML, like Gecko) Chrome/52.0.2743.116 Safari/537.36"
127.0.0.1 - - [23/Apr/2019:17:02:58 +0800] "OPTIONS * HTTP/1.0" 200 - "-" "Apache/2.4.6 (CentOS) OpenSSL/1.0.2k-fips PHP/5.4.16 (internal dummy connection)"
127.0.0.1 - - [23/Apr/2019:17:04:06 +0800] "OPTIONS * HTTP/1.0" 200 - "-" "Apache/2.4.6 (CentOS) OpenSSL/1.0.2k-fips PHP/5.4.16 (internal dummy connection)"
216.244.66.199 - - [23/Apr/2019:17:06:53 +0800] "GET /robots.txt HTTP/1.1" 301 240 "-" "Mozilla/5.0 (compatible; DotBot/1.1; http://www.opensiteexplorer.org/dotbot, help@moz.com)"
127.0.0.1 - - [23/Apr/2019:17:11:28 +0800] "OPTIONS * HTTP/1.0" 200 - "-" "Apache/2.4.6 (CentOS) OpenSSL/1.0.2k-fips PHP/5.4.16 (internal dummy connection)"
127.0.0.1 - - [23/Apr/2019:17:11:29 +0800] "OPTIONS * HTTP/1.0" 200 - "-" "Apache/2.4.6 (CentOS) OpenSSL/1.0.2k-fips PHP/5.4.16 (internal dummy connection)"
127.0.0.1 - - [23/Apr/2019:17:11:30 +0800] "OPTIONS * HTTP/1.0" 200 - "-" "Apache/2.4.6 (CentOS) OpenSSL/1.0.2k-fips PHP/5.4.16 (internal dummy connection)"
127.0.0.1 - - [23/Apr/2019:17:11:41 +0800] "OPTIONS * HTTP/1.0" 200 - "-" "Apache/2.4.6 (CentOS) OpenSSL/1.0.2k-fips PHP/5.4.16 (internal dummy connection)"
127.0.0.1 - - [23/Apr/2019:17:11:42 +0800] "OPTIONS * HTTP/1.0" 200 - "-" "Apache/2.4.6 (CentOS) OpenSSL/1.0.2k-fips PHP/5.4.16 (internal dummy connection)"
127.0.0.1 - - [23/Apr/2019:17:11:48 +0800] "OPTIONS * HTTP/1.0" 200 - "-" "Apache/2.4.6 (CentOS) OpenSSL/1.0.2k-fips PHP/5.4.16 (internal dummy connection)"
127.0.0.1 - - [23/Apr/2019:17:11:49 +0800] "OPTIONS * HTTP/1.0" 200 - "-" "Apache/2.4.6 (CentOS) OpenSSL/1.0.2k-fips PHP/5.4.16 (internal dummy connection)"
127.0.0.1 - - [23/Apr/2019:17:11:50 +0800] "OPTIONS * HTTP/1.0" 200 - "-" "Apache/2.4.6 (CentOS) OpenSSL/1.0.2k-fips PHP/5.4.16 (internal dummy connection)"
127.0.0.1 - - [23/Apr/2019:17:11:51 +0800] "OPTIONS * HTTP/1.0" 200 - "-" "Apache/2.4.6 (CentOS) OpenSSL/1.0.2k-fips PHP/5.4.16 (internal dummy connection)"
127.0.0.1 - - [23/Apr/2019:17:11:59 +0800] "OPTIONS * HTTP/1.0" 200 - "-" "Apache/2.4.6 (CentOS) OpenSSL/1.0.2k-fips PHP/5.4.16 (internal dummy connection)"
127.0.0.1 - - [23/Apr/2019:17:13:57 +0800] "OPTIONS * HTTP/1.0" 200 - "-" "Apache/2.4.6 (CentOS) OpenSSL/1.0.2k-fips PHP/5.4.16 (internal dummy connection)"
127.0.0.1 - - [23/Apr/2019:17:13:58 +0800] "OPTIONS * HTTP/1.0" 200 - "-" "Apache/2.4.6 (CentOS) OpenSSL/1.0.2k-fips PHP/5.4.16 (internal dummy connection)"
127.0.0.1 - - [23/Apr/2019:17:13:59 +0800] "OPTIONS * HTTP/1.0" 200 - "-" "Apache/2.4.6 (CentOS) OpenSSL/1.0.2k-fips PHP/5.4.16 (internal dummy connection)"
127.0.0.1 - - [23/Apr/2019:17:14:00 +0800] "OPTIONS * HTTP/1.0" 200 - "-" "Apache/2.4.6 (CentOS) OpenSSL/1.0.2k-fips PHP/5.4.16 (internal dummy connection)"
127.0.0.1 - - [23/Apr/2019:17:14:01 +0800] "OPTIONS * HTTP/1.0" 200 - "-" "Apache/2.4.6 (CentOS) OpenSSL/1.0.2k-fips PHP/5.4.16 (internal dummy connection)"
127.0.0.1 - - [23/Apr/2019:17:14:11 +0800] "OPTIONS * HTTP/1.0" 200 - "-" "Apache/2.4.6 (CentOS) OpenSSL/1.0.2k-fips PHP/5.4.16 (internal dummy connection)"
127.0.0.1 - - [23/Apr/2019:17:14:12 +0800] "OPTIONS * HTTP/1.0" 200 - "-" "Apache/2.4.6 (CentOS) OpenSSL/1.0.2k-fips PHP/5.4.16 (internal dummy connection)"
127.0.0.1 - - [23/Apr/2019:17:14:37 +0800] "OPTIONS * HTTP/1.0" 200 - "-" "Apache/2.4.6 (CentOS) OpenSSL/1.0.2k-fips PHP/5.4.16 (internal dummy connection)"
127.0.0.1 - - [23/Apr/2019:17:14:38 +0800] "OPTIONS * HTTP/1.0" 200 - "-" "Apache/2.4.6 (CentOS) OpenSSL/1.0.2k-fips PHP/5.4.16 (internal dummy connection)"
127.0.0.1 - - [23/Apr/2019:17:14:39 +0800] "OPTIONS * HTTP/1.0" 200 - "-" "Apache/2.4.6 (CentOS) OpenSSL/1.0.2k-fips PHP/5.4.16 (internal dummy connection)"
127.0.0.1 - - [23/Apr/2019:17:14:40 +0800] "OPTIONS * HTTP/1.0" 200 - "-" "Apache/2.4.6 (CentOS) OpenSSL/1.0.2k-fips PHP/5.4.16 (internal dummy connection)"
127.0.0.1 - - [23/Apr/2019:17:14:41 +0800] "OPTIONS * HTTP/1.0" 200 - "-" "Apache/2.4.6 (CentOS) OpenSSL/1.0.2k-fips PHP/5.4.16 (internal dummy connection)"
127.0.0.1 - - [23/Apr/2019:17:14:57 +0800] "OPTIONS * HTTP/1.0" 200 - "-" "Apache/2.4.6 (CentOS) OpenSSL/1.0.2k-fips PHP/5.4.16 (internal dummy connection)"
127.0.0.1 - - [23/Apr/2019:17:14:59 +0800] "OPTIONS * HTTP/1.0" 200 - "-" "Apache/2.4.6 (CentOS) OpenSSL/1.0.2k-fips PHP/5.4.16 (internal dummy connection)"
127.0.0.1 - - [23/Apr/2019:17:15:00 +0800] "OPTIONS * HTTP/1.0" 200 - "-" "Apache/2.4.6 (CentOS) OpenSSL/1.0.2k-fips PHP/5.4.16 (internal dummy connection)"
127.0.0.1 - - [23/Apr/2019:17:15:12 +0800] "OPTIONS * HTTP/1.0" 200 - "-" "Apache/2.4.6 (CentOS) OpenSSL/1.0.2k-fips PHP/5.4.16 (internal dummy connection)"
127.0.0.1 - - [23/Apr/2019:17:16:10 +0800] "OPTIONS * HTTP/1.0" 200 - "-" "Apache/2.4.6 (CentOS) OpenSSL/1.0.2k-fips PHP/5.4.16 (internal dummy connection)"
127.0.0.1 - - [23/Apr/2019:17:16:11 +0800] "OPTIONS * HTTP/1.0" 200 - "-" "Apache/2.4.6 (CentOS) OpenSSL/1.0.2k-fips PHP/5.4.16 (internal dummy connection)"
127.0.0.1 - - [23/Apr/2019:17:16:20 +0800] "OPTIONS * HTTP/1.0" 200 - "-" "Apache/2.4.6 (CentOS) OpenSSL/1.0.2k-fips PHP/5.4.16 (internal dummy connection)"
120.202.26.149 - - [23/Apr/2019:17:37:33 +0800] "GET / HTTP/1.1" 301 230 "-" "Mozilla/5.0 (Windows NT 10.0; WOW64) AppleWebKit/537.36 (KHTML, like Gecko) Chrome/63.0.3239.132 Safari/537.36"
154.16.137.147 - - [23/Apr/2019:17:47:34 +0800] "GET / HTTP/1.1" 301 230 "-" "Mozilla/4.0 (compatible; MSIE 5.0; Windows NT; DigExt; DTS Agent"
14.251.226.233 - - [23/Apr/2019:17:53:27 +0800] "GET / HTTP/1.1" 200 36468 "-" "Mozilla/5.0 (Windows NT 10.0; WOW64) AppleWebKit/537.36 (KHTML, like Gecko) Chrome/52.0.2743.116 Safari/537.36"
102.157.191.245 - - [23/Apr/2019:17:58:16 +0800] "GET /wp-login.php HTTP/1.1" 301 242 "-" "Mozilla/5.0 (Windows NT 6.1; WOW64; rv:40.0) Gecko/20100101 Firefox/40.1"
102.157.191.245 - - [23/Apr/2019:17:58:18 +0800] "GET / HTTP/1.1" 301 230 "-" "Mozilla/5.0 (Windows NT 6.1; WOW64; rv:40.0) Gecko/20100101 Firefox/40.1"
157.55.39.133 - - [23/Apr/2019:18:00:33 +0800] "GET /jokes/detail/40 HTTP/1.1" 200 5314 "-" "Mozilla/5.0 (compatible; bingbot/2.0; +http://www.bing.com/bingbot.htm)"
117.206.48.62 - - [23/Apr/2019:18:01:43 +0800] "GET /wp-login.php HTTP/1.1" 301 242 "-" "Mozilla/5.0 (Windows NT 6.1; WOW64; rv:40.0) Gecko/20100101 Firefox/40.1"
117.206.48.62 - - [23/Apr/2019:18:01:46 +0800] "GET / HTTP/1.1" 301 230 "-" "Mozilla/5.0 (Windows NT 6.1; WOW64; rv:40.0) Gecko/20100101 Firefox/40.1"
220.181.108.107 - - [23/Apr/2019:18:03:35 +0800] "GET /img/99172252009ed0638d971b353748b907.gif HTTP/1.1" 301 270 "-" "Mozilla/5.0 (Windows NT 10.0; WOW64) AppleWebKit/537.36 (KHTML, like Gecko) Chrome/48.0.2564.116 Safari/537.36"
117.71.34.139 - - [23/Apr/2019:18:03:57 +0800] "GET / HTTP/1.1" 301 230 "-" "Mozilla/4.0 (compatible; MSIE 6.0; Windows NT 5.2; .NET CLR 1.1.4322)"
220.181.108.88 - - [23/Apr/2019:18:05:47 +0800] "GET /jokes/detail/48 HTTP/1.1" 301 245 "-" "Mozilla/5.0 (compatible; Baiduspider/2.0; +http://www.baidu.com/search/spider.html)"
118.25.127.220 - - [23/Apr/2019:18:08:38 +0800] "GET / HTTP/1.1" 200 8456 "-" "Mozilla/5.0 zgrab/0.x"
85.96.39.221 - - [23/Apr/2019:18:08:54 +0800] "GET /wp-login.php HTTP/1.1" 301 242 "-" "Mozilla/5.0 (Windows NT 6.1; WOW64; rv:40.0) Gecko/20100101 Firefox/40.1"
85.96.39.221 - - [23/Apr/2019:18:08:57 +0800] "GET / HTTP/1.1" 301 230 "-" "Mozilla/5.0 (Windows NT 6.1; WOW64; rv:40.0) Gecko/20100101 Firefox/40.1"
123.157.193.55 - - [23/Apr/2019:18:13:30 +0800] "GET / HTTP/1.1" 301 230 "-" "Mozilla/5.0 (iPhone; CPU iPhone OS 9_1 like Mac OS X) AppleWebKit/601.1.46 (KHTML, like Gecko) Version/9.0 Mobile/13B143 Safari/601.1"
96.93.73.249 - - [23/Apr/2019:18:21:20 +0800] "GET / HTTP/1.1" 200 36263 "-" "Mozilla/5.0 (Windows NT 10.0; WOW64) AppleWebKit/537.36 (KHTML, like Gecko) Chrome/52.0.2743.116 Safari/537.36"
183.82.109.41 - - [23/Apr/2019:18:23:04 +0800] "GET /wp-login.php HTTP/1.1" 301 242 "-" "Mozilla/5.0 (Windows NT 6.1; WOW64; rv:40.0) Gecko/20100101 Firefox/40.1"
183.82.109.41 - - [23/Apr/2019:18:23:06 +0800] "GET / HTTP/1.1" 301 230 "-" "Mozilla/5.0 (Windows NT 6.1; WOW64; rv:40.0) Gecko/20100101 Firefox/40.1"
122.2.226.48 - - [23/Apr/2019:18:26:51 +0800] "GET /wp-login.php HTTP/1.1" 301 242 "-" "Mozilla/5.0 (Windows NT 6.1; WOW64; rv:40.0) Gecko/20100101 Firefox/40.1"
122.2.226.48 - - [23/Apr/2019:18:26:53 +0800] "GET / HTTP/1.1" 301 230 "-" "Mozilla/5.0 (Windows NT 6.1; WOW64; rv:40.0) Gecko/20100101 Firefox/40.1"
205.205.150.11 - - [23/Apr/2019:18:27:24 +0800] "GET / HTTP/1.1" 200 37831 "-" "Mozilla/5.0 (compatible; Nmap Scripting Engine; https://nmap.org/book/nse.html)"
37.187.249.85 - - [23/Apr/2019:18:28:42 +0800] "GET /wp-login.php HTTP/1.1" 301 257 "-" "Mozilla 5.0"
37.187.249.85 - - [23/Apr/2019:18:28:48 +0800] "GET /site/wp-login.php HTTP/1.1" 301 262 "-" "Mozilla 5.0"
37.187.249.85 - - [23/Apr/2019:18:28:53 +0800] "GET /portal/wp-login.php HTTP/1.1" 301 264 "-" "Mozilla 5.0"
49.206.8.135 - - [23/Apr/2019:18:28:54 +0800] "GET /wp-login.php HTTP/1.1" 301 242 "-" "Mozilla/5.0 (Windows NT 6.1; WOW64; rv:40.0) Gecko/20100101 Firefox/40.1"
49.206.8.135 - - [23/Apr/2019:18:28:56 +0800] "GET / HTTP/1.1" 301 230 "-" "Mozilla/5.0 (Windows NT 6.1; WOW64; rv:40.0) Gecko/20100101 Firefox/40.1"
37.187.249.85 - - [23/Apr/2019:18:28:56 +0800] "GET /wp/wp-login.php HTTP/1.1" 301 260 "-" "Mozilla 5.0"
37.187.249.85 - - [23/Apr/2019:18:29:12 +0800] "-" 408 - "-" "-"
205.205.150.11 - - [23/Apr/2019:18:34:17 +0800] "GET / HTTP/1.1" 200 37128 "-" "Mozilla/5.0 (compatible; Nmap Scripting Engine; https://nmap.org/book/nse.html)"
157.55.39.133 - - [23/Apr/2019:18:36:12 +0800] "GET /?cat=7 HTTP/1.1" 200 8934 "-" "Mozilla/5.0 (compatible; bingbot/2.0; +http://www.bing.com/bingbot.htm)"
216.244.66.199 - - [23/Apr/2019:18:45:36 +0800] "GET /robots.txt HTTP/1.1" 301 240 "-" "Mozilla/5.0 (compatible; DotBot/1.1; http://www.opensiteexplorer.org/dotbot, help@moz.com)"
220.181.108.92 - - [23/Apr/2019:18:46:14 +0800] "GET /img/d16e590fec486a70de1ab0268c55e853.gif HTTP/1.1" 301 270 "-" "Mozilla/5.0 (Windows NT 10.0; WOW64) AppleWebKit/537.36 (KHTML, like Gecko) Chrome/48.0.2564.116 Safari/537.36"
40.77.167.2 - - [23/Apr/2019:18:55:23 +0800] "GET / HTTP/1.1" 200 8523 "-" "Mozilla/5.0 (compatible; bingbot/2.0; +http://www.bing.com/bingbot.htm)"
68.8.89.105 - - [23/Apr/2019:19:06:35 +0800] "GET /wp-login.php HTTP/1.1" 301 242 "-" "Mozilla/5.0 (Windows NT 6.1; WOW64; rv:40.0) Gecko/20100101 Firefox/40.1"
68.8.89.105 - - [23/Apr/2019:19:06:38 +0800] "GET / HTTP/1.1" 301 230 "-" "Mozilla/5.0 (Windows NT 6.1; WOW64; rv:40.0) Gecko/20100101 Firefox/40.1"
123.125.71.106 - - [23/Apr/2019:19:12:27 +0800] "GET /gif/detail/13 HTTP/1.1" 301 243 "-" "Mozilla/5.0 (compatible; Baiduspider/2.0; +http://www.baidu.com/search/spider.html)"
110.54.240.39 - - [23/Apr/2019:19:12:54 +0800] "GET /wp-login.php HTTP/1.1" 301 242 "-" "Mozilla/5.0 (Windows NT 6.1; WOW64; rv:40.0) Gecko/20100101 Firefox/40.1"
110.54.240.39 - - [23/Apr/2019:19:12:56 +0800] "GET / HTTP/1.1" 301 230 "-" "Mozilla/5.0 (Windows NT 6.1; WOW64; rv:40.0) Gecko/20100101 Firefox/40.1"
93.172.156.181 - - [23/Apr/2019:19:12:57 +0800] "GET /wp-login.php HTTP/1.1" 301 242 "-" "Mozilla/5.0 (Windows NT 6.1; WOW64; rv:40.0) Gecko/20100101 Firefox/40.1"
93.172.156.181 - - [23/Apr/2019:19:12:59 +0800] "GET / HTTP/1.1" 301 230 "-" "Mozilla/5.0 (Windows NT 6.1; WOW64; rv:40.0) Gecko/20100101 Firefox/40.1"
78.83.222.173 - - [23/Apr/2019:19:15:50 +0800] "GET /wp-login.php HTTP/1.1" 301 242 "-" "Mozilla/5.0 (Windows NT 6.1; WOW64; rv:40.0) Gecko/20100101 Firefox/40.1"
78.83.222.173 - - [23/Apr/2019:19:15:51 +0800] "GET / HTTP/1.1" 301 230 "-" "Mozilla/5.0 (Windows NT 6.1; WOW64; rv:40.0) Gecko/20100101 Firefox/40.1"
47.101.200.175 - - [23/Apr/2019:19:32:12 +0800] "GET / HTTP/1.1" 301 230 "-" "Mozilla/5.0 (X11; Ubuntu; Linux x86_64; rv:36.0) Gecko/20100101 Firefox/36.0"
47.101.200.175 - - [23/Apr/2019:19:32:14 +0800] "GET / HTTP/1.1" 301 230 "-" "Mozilla/5.0 (X11; Ubuntu; Linux x86_64; rv:36.0) Gecko/20100101 Firefox/36.0"
47.101.200.175 - - [23/Apr/2019:19:32:14 +0800] "GET /image/wxapp.jpg HTTP/1.1" 301 245 "-" "Mozilla/5.0 (X11; Ubuntu; Linux x86_64; rv:36.0) Gecko/20100101 Firefox/36.0"
47.101.200.175 - - [23/Apr/2019:19:32:14 +0800] "GET /gif HTTP/1.1" 301 233 "-" "Mozilla/5.0 (X11; Ubuntu; Linux x86_64; rv:36.0) Gecko/20100101 Firefox/36.0"
47.101.200.175 - - [23/Apr/2019:19:32:14 +0800] "GET /image/loading.gif HTTP/1.1" 301 247 "-" "Mozilla/5.0 (X11; Ubuntu; Linux x86_64; rv:36.0) Gecko/20100101 Firefox/36.0"
47.101.200.175 - - [23/Apr/2019:19:32:14 +0800] "GET /image/Banner_weimei.jpg HTTP/1.1" 301 253 "-" "Mozilla/5.0 (X11; Ubuntu; Linux x86_64; rv:36.0) Gecko/20100101 Firefox/36.0"
47.101.200.175 - - [23/Apr/2019:19:32:14 +0800] "GET /geng HTTP/1.1" 301 234 "-" "Mozilla/5.0 (X11; Ubuntu; Linux x86_64; rv:36.0) Gecko/20100101 Firefox/36.0"
47.101.200.175 - - [23/Apr/2019:19:32:14 +0800] "GET /image/Banner_guangyingshuihua.jpg HTTP/1.1" 301 263 "-" "Mozilla/5.0 (X11; Ubuntu; Linux x86_64; rv:36.0) Gecko/20100101 Firefox/36.0"
47.101.200.175 - - [23/Apr/2019:19:32:14 +0800] "GET /image/logo.png HTTP/1.1" 301 244 "-" "Mozilla/5.0 (X11; Ubuntu; Linux x86_64; rv:36.0) Gecko/20100101 Firefox/36.0"
47.101.200.175 - - [23/Apr/2019:19:32:17 +0800] "GET /image/Banner_woniu.jpg HTTP/1.1" 301 252 "-" "Mozilla/5.0 (X11; Ubuntu; Linux x86_64; rv:36.0) Gecko/20100101 Firefox/36.0"
47.101.200.175 - - [23/Apr/2019:19:32:17 +0800] "GET /image/wxqrcode.png HTTP/1.1" 301 248 "-" "Mozilla/5.0 (X11; Ubuntu; Linux x86_64; rv:36.0) Gecko/20100101 Firefox/36.0"
47.101.200.175 - - [23/Apr/2019:19:32:17 +0800] "GET /jokes HTTP/1.1" 301 235 "-" "Mozilla/5.0 (X11; Ubuntu; Linux x86_64; rv:36.0) Gecko/20100101 Firefox/36.0"
47.101.200.175 - - [23/Apr/2019:19:32:17 +0800] "GET /picture HTTP/1.1" 301 237 "-" "Mozilla/5.0 (X11; Ubuntu; Linux x86_64; rv:36.0) Gecko/20100101 Firefox/36.0"
47.101.200.175 - - [23/Apr/2019:19:32:17 +0800] "GET /video HTTP/1.1" 301 235 "-" "Mozilla/5.0 (X11; Ubuntu; Linux x86_64; rv:36.0) Gecko/20100101 Firefox/36.0"
47.101.200.175 - - [23/Apr/2019:19:32:17 +0800] "GET /welfare HTTP/1.1" 301 237 "-" "Mozilla/5.0 (X11; Ubuntu; Linux x86_64; rv:36.0) Gecko/20100101 Firefox/36.0"
127.0.0.1 - - [23/Apr/2019:19:32:21 +0800] "OPTIONS * HTTP/1.0" 200 - "-" "Apache/2.4.6 (CentOS) OpenSSL/1.0.2k-fips PHP/5.4.16 (internal dummy connection)"
127.0.0.1 - - [23/Apr/2019:19:32:22 +0800] "OPTIONS * HTTP/1.0" 200 - "-" "Apache/2.4.6 (CentOS) OpenSSL/1.0.2k-fips PHP/5.4.16 (internal dummy connection)"
127.0.0.1 - - [23/Apr/2019:19:32:23 +0800] "OPTIONS * HTTP/1.0" 200 - "-" "Apache/2.4.6 (CentOS) OpenSSL/1.0.2k-fips PHP/5.4.16 (internal dummy connection)"
127.0.0.1 - - [23/Apr/2019:19:32:24 +0800] "OPTIONS * HTTP/1.0" 200 - "-" "Apache/2.4.6 (CentOS) OpenSSL/1.0.2k-fips PHP/5.4.16 (internal dummy connection)"
127.0.0.1 - - [23/Apr/2019:19:32:25 +0800] "OPTIONS * HTTP/1.0" 200 - "-" "Apache/2.4.6 (CentOS) OpenSSL/1.0.2k-fips PHP/5.4.16 (internal dummy connection)"
127.0.0.1 - - [23/Apr/2019:19:32:26 +0800] "OPTIONS * HTTP/1.0" 200 - "-" "Apache/2.4.6 (CentOS) OpenSSL/1.0.2k-fips PHP/5.4.16 (internal dummy connection)"
127.0.0.1 - - [23/Apr/2019:19:32:27 +0800] "OPTIONS * HTTP/1.0" 200 - "-" "Apache/2.4.6 (CentOS) OpenSSL/1.0.2k-fips PHP/5.4.16 (internal dummy connection)"
127.0.0.1 - - [23/Apr/2019:19:32:28 +0800] "OPTIONS * HTTP/1.0" 200 - "-" "Apache/2.4.6 (CentOS) OpenSSL/1.0.2k-fips PHP/5.4.16 (internal dummy connection)"
127.0.0.1 - - [23/Apr/2019:19:32:29 +0800] "OPTIONS * HTTP/1.0" 200 - "-" "Apache/2.4.6 (CentOS) OpenSSL/1.0.2k-fips PHP/5.4.16 (internal dummy connection)"
127.0.0.1 - - [23/Apr/2019:19:32:30 +0800] "OPTIONS * HTTP/1.0" 200 - "-" "Apache/2.4.6 (CentOS) OpenSSL/1.0.2k-fips PHP/5.4.16 (internal dummy connection)"
127.0.0.1 - - [23/Apr/2019:19:32:31 +0800] "OPTIONS * HTTP/1.0" 200 - "-" "Apache/2.4.6 (CentOS) OpenSSL/1.0.2k-fips PHP/5.4.16 (internal dummy connection)"
127.0.0.1 - - [23/Apr/2019:19:32:32 +0800] "OPTIONS * HTTP/1.0" 200 - "-" "Apache/2.4.6 (CentOS) OpenSSL/1.0.2k-fips PHP/5.4.16 (internal dummy connection)"
127.0.0.1 - - [23/Apr/2019:19:32:33 +0800] "OPTIONS * HTTP/1.0" 200 - "-" "Apache/2.4.6 (CentOS) OpenSSL/1.0.2k-fips PHP/5.4.16 (internal dummy connection)"
127.0.0.1 - - [23/Apr/2019:19:32:34 +0800] "OPTIONS * HTTP/1.0" 200 - "-" "Apache/2.4.6 (CentOS) OpenSSL/1.0.2k-fips PHP/5.4.16 (internal dummy connection)"
127.0.0.1 - - [23/Apr/2019:19:32:35 +0800] "OPTIONS * HTTP/1.0" 200 - "-" "Apache/2.4.6 (CentOS) OpenSSL/1.0.2k-fips PHP/5.4.16 (internal dummy connection)"
127.0.0.1 - - [23/Apr/2019:19:32:36 +0800] "OPTIONS * HTTP/1.0" 200 - "-" "Apache/2.4.6 (CentOS) OpenSSL/1.0.2k-fips PHP/5.4.16 (internal dummy connection)"
127.0.0.1 - - [23/Apr/2019:19:32:37 +0800] "OPTIONS * HTTP/1.0" 200 - "-" "Apache/2.4.6 (CentOS) OpenSSL/1.0.2k-fips PHP/5.4.16 (internal dummy connection)"
127.0.0.1 - - [23/Apr/2019:19:32:38 +0800] "OPTIONS * HTTP/1.0" 200 - "-" "Apache/2.4.6 (CentOS) OpenSSL/1.0.2k-fips PHP/5.4.16 (internal dummy connection)"
127.0.0.1 - - [23/Apr/2019:19:32:39 +0800] "OPTIONS * HTTP/1.0" 200 - "-" "Apache/2.4.6 (CentOS) OpenSSL/1.0.2k-fips PHP/5.4.16 (internal dummy connection)"
127.0.0.1 - - [23/Apr/2019:19:32:40 +0800] "OPTIONS * HTTP/1.0" 200 - "-" "Apache/2.4.6 (CentOS) OpenSSL/1.0.2k-fips PHP/5.4.16 (internal dummy connection)"
127.0.0.1 - - [23/Apr/2019:19:32:41 +0800] "OPTIONS * HTTP/1.0" 200 - "-" "Apache/2.4.6 (CentOS) OpenSSL/1.0.2k-fips PHP/5.4.16 (internal dummy connection)"
127.0.0.1 - - [23/Apr/2019:19:32:42 +0800] "OPTIONS * HTTP/1.0" 200 - "-" "Apache/2.4.6 (CentOS) OpenSSL/1.0.2k-fips PHP/5.4.16 (internal dummy connection)"
127.0.0.1 - - [23/Apr/2019:19:32:43 +0800] "OPTIONS * HTTP/1.0" 200 - "-" "Apache/2.4.6 (CentOS) OpenSSL/1.0.2k-fips PHP/5.4.16 (internal dummy connection)"
127.0.0.1 - - [23/Apr/2019:19:32:44 +0800] "OPTIONS * HTTP/1.0" 200 - "-" "Apache/2.4.6 (CentOS) OpenSSL/1.0.2k-fips PHP/5.4.16 (internal dummy connection)"
127.0.0.1 - - [23/Apr/2019:19:32:45 +0800] "OPTIONS * HTTP/1.0" 200 - "-" "Apache/2.4.6 (CentOS) OpenSSL/1.0.2k-fips PHP/5.4.16 (internal dummy connection)"
127.0.0.1 - - [23/Apr/2019:19:32:46 +0800] "OPTIONS * HTTP/1.0" 200 - "-" "Apache/2.4.6 (CentOS) OpenSSL/1.0.2k-fips PHP/5.4.16 (internal dummy connection)"
127.0.0.1 - - [23/Apr/2019:19:32:47 +0800] "OPTIONS * HTTP/1.0" 200 - "-" "Apache/2.4.6 (CentOS) OpenSSL/1.0.2k-fips PHP/5.4.16 (internal dummy connection)"
127.0.0.1 - - [23/Apr/2019:19:32:48 +0800] "OPTIONS * HTTP/1.0" 200 - "-" "Apache/2.4.6 (CentOS) OpenSSL/1.0.2k-fips PHP/5.4.16 (internal dummy connection)"
127.0.0.1 - - [23/Apr/2019:19:32:49 +0800] "OPTIONS * HTTP/1.0" 200 - "-" "Apache/2.4.6 (CentOS) OpenSSL/1.0.2k-fips PHP/5.4.16 (internal dummy connection)"
127.0.0.1 - - [23/Apr/2019:19:32:50 +0800] "OPTIONS * HTTP/1.0" 200 - "-" "Apache/2.4.6 (CentOS) OpenSSL/1.0.2k-fips PHP/5.4.16 (internal dummy connection)"
127.0.0.1 - - [23/Apr/2019:19:32:51 +0800] "OPTIONS * HTTP/1.0" 200 - "-" "Apache/2.4.6 (CentOS) OpenSSL/1.0.2k-fips PHP/5.4.16 (internal dummy connection)"
103.28.112.183 - - [23/Apr/2019:19:36:41 +0800] "GET /wp-login.php HTTP/1.1" 301 242 "-" "Mozilla/5.0 (Windows NT 6.1; WOW64; rv:40.0) Gecko/20100101 Firefox/40.1"
103.28.112.183 - - [23/Apr/2019:19:36:46 +0800] "GET / HTTP/1.1" 301 230 "-" "Mozilla/5.0 (Windows NT 6.1; WOW64; rv:40.0) Gecko/20100101 Firefox/40.1"
216.244.66.199 - - [23/Apr/2019:19:36:50 +0800] "GET /robots.txt HTTP/1.1" 301 240 "-" "Mozilla/5.0 (compatible; DotBot/1.1; http://www.opensiteexplorer.org/dotbot, help@moz.com)"
106.197.177.215 - - [23/Apr/2019:19:44:49 +0800] "GET /wp-login.php HTTP/1.1" 301 242 "-" "Mozilla/5.0 (Windows NT 6.1; WOW64; rv:40.0) Gecko/20100101 Firefox/40.1"
106.197.177.215 - - [23/Apr/2019:19:44:51 +0800] "GET / HTTP/1.1" 301 230 "-" "Mozilla/5.0 (Windows NT 6.1; WOW64; rv:40.0) Gecko/20100101 Firefox/40.1"
94.23.84.44 - - [23/Apr/2019:19:47:09 +0800] "GET /wp-login.php HTTP/1.1" 301 242 "-" "Mozilla/5.0 (X11; Ubuntu; Linux x86_64; rv:62.0) Gecko/20100101 Firefox/62.0"
122.49.28.49 - - [23/Apr/2019:19:47:28 +0800] "GET /geng/detail/6 HTTP/1.1" 301 243 "-" "Mozilla/5.0 (Linux; U; Android 2.1-update1; de-de; HTC Desire 1.19.161.5 Build/ERE27) AppleWebKit/530.17 (KHTML, like Gecko) Version/4.0 Mobile Safari/530.17"
127.0.0.1 - - [23/Apr/2019:19:47:33 +0800] "OPTIONS * HTTP/1.0" 200 - "-" "Apache/2.4.6 (CentOS) OpenSSL/1.0.2k-fips PHP/5.4.16 (internal dummy connection)"
127.0.0.1 - - [23/Apr/2019:19:47:34 +0800] "OPTIONS * HTTP/1.0" 200 - "-" "Apache/2.4.6 (CentOS) OpenSSL/1.0.2k-fips PHP/5.4.16 (internal dummy connection)"
122.49.28.49 - - [23/Apr/2019:19:47:35 +0800] "GET / HTTP/1.1" 301 230 "-" "Mozilla/5.0 (Linux; U; Android 1.5; en-us; sdk Build/CUPCAKE) AppleWebkit/528.5  (KHTML, like Gecko) Version/3.1.2 Mobile Safari/525.20.1"
127.0.0.1 - - [23/Apr/2019:19:47:43 +0800] "OPTIONS * HTTP/1.0" 200 - "-" "Apache/2.4.6 (CentOS) OpenSSL/1.0.2k-fips PHP/5.4.16 (internal dummy connection)"
127.0.0.1 - - [23/Apr/2019:19:47:44 +0800] "OPTIONS * HTTP/1.0" 200 - "-" "Apache/2.4.6 (CentOS) OpenSSL/1.0.2k-fips PHP/5.4.16 (internal dummy connection)"
60.26.193.85 - - [23/Apr/2019:20:06:23 +0800] "GET /wp-login.php HTTP/1.1" 301 242 "-" "Mozilla/5.0 (Windows NT 6.1; WOW64; rv:40.0) Gecko/20100101 Firefox/40.1"
60.26.193.85 - - [23/Apr/2019:20:06:24 +0800] "GET / HTTP/1.1" 301 230 "-" "Mozilla/5.0 (Windows NT 6.1; WOW64; rv:40.0) Gecko/20100101 Firefox/40.1"
105.110.196.254 - - [23/Apr/2019:20:12:41 +0800] "GET /wp-login.php HTTP/1.1" 301 242 "-" "Mozilla/5.0 (Windows NT 6.1; WOW64; rv:40.0) Gecko/20100101 Firefox/40.1"
105.110.196.254 - - [23/Apr/2019:20:12:43 +0800] "GET / HTTP/1.1" 301 230 "-" "Mozilla/5.0 (Windows NT 6.1; WOW64; rv:40.0) Gecko/20100101 Firefox/40.1"
216.244.66.199 - - [23/Apr/2019:20:27:14 +0800] "GET /robots.txt HTTP/1.1" 301 240 "-" "Mozilla/5.0 (compatible; DotBot/1.1; http://www.opensiteexplorer.org/dotbot, help@moz.com)"
139.162.88.63 - - [23/Apr/2019:20:35:52 +0800] "GET http://clientapi.ipip.net/echo.php?info=1234567890 HTTP/1.1" 404 4788 "-" "Go-http-client/1.1"
174.240.9.53 - - [23/Apr/2019:20:35:55 +0800] "GET /wp-login.php HTTP/1.1" 301 242 "-" "Mozilla/5.0 (Windows NT 6.1; WOW64; rv:40.0) Gecko/20100101 Firefox/40.1"
174.240.9.53 - - [23/Apr/2019:20:35:56 +0800] "GET / HTTP/1.1" 301 230 "-" "Mozilla/5.0 (Windows NT 6.1; WOW64; rv:40.0) Gecko/20100101 Firefox/40.1"
101.132.177.235 - - [23/Apr/2019:20:56:34 +0800] "GET /index.php HTTP/1.1" 404 4773 "-" "Mozilla/5.0 (Windows NT 6.1; WOW64; rv:18.0) Gecko/20100101 Firefox/18.0"
101.132.177.235 - - [23/Apr/2019:20:56:34 +0800] "GET /phpmyadmin/index.php HTTP/1.1" 404 4789 "-" "Mozilla/5.0 (Windows NT 6.1; WOW64; rv:18.0) Gecko/20100101 Firefox/18.0"
47.98.34.250 - - [23/Apr/2019:21:04:17 +0800] "GET / HTTP/1.1" 301 230 "-" "Mozilla/5.0 (Linux; Android 4.1.1; Nexus 7 Build/JRO03D))"
47.100.51.203 - - [23/Apr/2019:21:06:41 +0800] "GET / HTTP/1.1" 301 230 "-" "Mozilla/5.0 (Linux; Android 4.1.1; Nexus 7 Build/JRO03D))"
49.150.90.217 - - [23/Apr/2019:21:09:31 +0800] "GET /wp-login.php HTTP/1.1" 301 242 "-" "Mozilla/5.0 (Windows NT 6.1; WOW64; rv:40.0) Gecko/20100101 Firefox/40.1"
49.150.90.217 - - [23/Apr/2019:21:09:34 +0800] "GET / HTTP/1.1" 301 230 "-" "Mozilla/5.0 (Windows NT 6.1; WOW64; rv:40.0) Gecko/20100101 Firefox/40.1"
47.92.6.234 - - [23/Apr/2019:21:11:26 +0800] "GET / HTTP/1.1" 200 36563 "-" "Mozilla/5.0 (Linux; Android 4.1.1; Nexus 7 Build/JRO03D))"
47.98.62.203 - - [23/Apr/2019:21:12:29 +0800] "GET / HTTP/1.1" 301 245 "-" "Mozilla/5.0 (Linux; Android 4.1.1; Nexus 7 Build/JRO03D))"
59.21.235.164 - - [23/Apr/2019:21:13:45 +0800] "GET /wp-login.php HTTP/1.1" 301 242 "-" "Mozilla/5.0 (Windows NT 6.1; WOW64; rv:40.0) Gecko/20100101 Firefox/40.1"
59.21.235.164 - - [23/Apr/2019:21:13:45 +0800] "GET / HTTP/1.1" 301 230 "-" "Mozilla/5.0 (Windows NT 6.1; WOW64; rv:40.0) Gecko/20100101 Firefox/40.1"
94.54.28.128 - - [23/Apr/2019:21:14:20 +0800] "GET /wp-login.php HTTP/1.1" 301 242 "-" "Mozilla/5.0 (Windows NT 6.1; WOW64; rv:40.0) Gecko/20100101 Firefox/40.1"
