127.0.0.1 - - [01/Apr/2019:09:59:57 +0800] "OPTIONS * HTTP/1.0" 200 - "-" "Apache/2.4.6 (CentOS) OpenSSL/1.0.2k-fips PHP/5.4.16 (internal dummy connection)"
127.0.0.1 - - [01/Apr/2019:09:59:58 +0800] "OPTIONS * HTTP/1.0" 200 - "-" "Apache/2.4.6 (CentOS) OpenSSL/1.0.2k-fips PHP/5.4.16 (internal dummy connection)"
127.0.0.1 - - [01/Apr/2019:09:59:59 +0800] "OPTIONS * HTTP/1.0" 200 - "-" "Apache/2.4.6 (CentOS) OpenSSL/1.0.2k-fips PHP/5.4.16 (internal dummy connection)"
127.0.0.1 - - [01/Apr/2019:10:00:00 +0800] "OPTIONS * HTTP/1.0" 200 - "-" "Apache/2.4.6 (CentOS) OpenSSL/1.0.2k-fips PHP/5.4.16 (internal dummy connection)"
127.0.0.1 - - [01/Apr/2019:10:00:01 +0800] "OPTIONS * HTTP/1.0" 200 - "-" "Apache/2.4.6 (CentOS) OpenSSL/1.0.2k-fips PHP/5.4.16 (internal dummy connection)"
127.0.0.1 - - [01/Apr/2019:10:00:02 +0800] "OPTIONS * HTTP/1.0" 200 - "-" "Apache/2.4.6 (CentOS) OpenSSL/1.0.2k-fips PHP/5.4.16 (internal dummy connection)"
127.0.0.1 - - [01/Apr/2019:10:00:03 +0800] "OPTIONS * HTTP/1.0" 200 - "-" "Apache/2.4.6 (CentOS) OpenSSL/1.0.2k-fips PHP/5.4.16 (internal dummy connection)"
127.0.0.1 - - [01/Apr/2019:10:00:04 +0800] "OPTIONS * HTTP/1.0" 200 - "-" "Apache/2.4.6 (CentOS) OpenSSL/1.0.2k-fips PHP/5.4.16 (internal dummy connection)"
127.0.0.1 - - [01/Apr/2019:10:00:05 +0800] "OPTIONS * HTTP/1.0" 200 - "-" "Apache/2.4.6 (CentOS) OpenSSL/1.0.2k-fips PHP/5.4.16 (internal dummy connection)"
127.0.0.1 - - [01/Apr/2019:10:00:06 +0800] "OPTIONS * HTTP/1.0" 200 - "-" "Apache/2.4.6 (CentOS) OpenSSL/1.0.2k-fips PHP/5.4.16 (internal dummy connection)"
127.0.0.1 - - [01/Apr/2019:10:00:07 +0800] "OPTIONS * HTTP/1.0" 200 - "-" "Apache/2.4.6 (CentOS) OpenSSL/1.0.2k-fips PHP/5.4.16 (internal dummy connection)"
140.205.127.169 - - [01/Apr/2019:10:02:01 +0800] "GET /css/font-awesome.min.css HTTP/1.1" 200 7046 "http://qsong.fun/" "Mozilla/5.0 (Windows NT 10.0; WOW64) AppleWebKit/537.36 (KHTML, like Gecko) Chrome/73.0.3683.86 Safari/537.36"
140.205.127.171 - - [01/Apr/2019:10:02:01 +0800] "GET /css/main.css HTTP/1.1" 200 18617 "http://qsong.fun/" "Mozilla/5.0 (Windows NT 10.0; WOW64) AppleWebKit/537.36 (KHTML, like Gecko) Chrome/73.0.3683.86 Safari/537.36"
140.205.127.137 - - [01/Apr/2019:10:02:01 +0800] "GET /js/jquery.min.js HTTP/1.1" 200 33354 "http://qsong.fun/" "Mozilla/5.0 (Windows NT 10.0; WOW64) AppleWebKit/537.36 (KHTML, like Gecko) Chrome/73.0.3683.86 Safari/537.36"
101.200.101.216 - - [01/Apr/2019:10:02:01 +0800] "GET /css/bootstrap.min.css HTTP/1.1" 200 16330 "http://qsong.fun/" "Mozilla/5.0 (Windows NT 10.0; WOW64) AppleWebKit/537.36 (KHTML, like Gecko) Chrome/73.0.3683.86 Safari/537.36"
140.205.127.175 - - [01/Apr/2019:10:02:01 +0800] "GET /image/Banner_woniu.jpg HTTP/1.1" 200 55537 "http://qsong.fun/" "Mozilla/5.0 (Windows NT 10.0; WOW64) AppleWebKit/537.36 (KHTML, like Gecko) Chrome/73.0.3683.86 Safari/537.36"
140.205.127.163 - - [01/Apr/2019:10:02:01 +0800] "GET /image/logo.png HTTP/1.1" 200 6525 "http://qsong.fun/" "Mozilla/5.0 (Windows NT 10.0; WOW64) AppleWebKit/537.36 (KHTML, like Gecko) Chrome/73.0.3683.86 Safari/537.36"
61.147.73.193 - - [01/Apr/2019:10:02:01 +0800] "GET /js/ias.js HTTP/1.1" 200 2185 "http://qsong.fun/" "Mozilla/5.0 (Windows NT 10.0; WOW64) AppleWebKit/537.36 (KHTML, like Gecko) Chrome/73.0.3683.86 Safari/537.36"
61.147.73.173 - - [01/Apr/2019:10:02:01 +0800] "GET /js/bootstrap.min.js HTTP/1.1" 200 9551 "http://qsong.fun/" "Mozilla/5.0 (Windows NT 10.0; WOW64) AppleWebKit/537.36 (KHTML, like Gecko) Chrome/73.0.3683.86 Safari/537.36"
140.205.127.167 - - [01/Apr/2019:10:02:01 +0800] "GET /image/wxapp.jpg HTTP/1.1" 200 75999 "http://qsong.fun/" "Mozilla/5.0 (Windows NT 10.0; WOW64) AppleWebKit/537.36 (KHTML, like Gecko) Chrome/73.0.3683.86 Safari/537.36"
101.200.101.209 - - [01/Apr/2019:10:02:01 +0800] "GET /js/main.js HTTP/1.1" 200 6125 "http://qsong.fun/" "Mozilla/5.0 (Windows NT 10.0; WOW64) AppleWebKit/537.36 (KHTML, like Gecko) Chrome/73.0.3683.86 Safari/537.36"
61.147.73.150 - - [01/Apr/2019:10:02:02 +0800] "GET /fonts/fontawesome-webfont.woff?v=4.7.0 HTTP/1.1" 200 98024 "http://qsong.fun/css/font-awesome.min.css" "Mozilla/5.0 (Windows NT 10.0; WOW64) AppleWebKit/537.36 (KHTML, like Gecko) Chrome/73.0.3683.86 Safari/537.36"
61.147.73.181 - - [01/Apr/2019:10:02:02 +0800] "GET /image/loading.gif HTTP/1.1" 200 2418 "http://qsong.fun/" "Mozilla/5.0 (Windows NT 10.0; WOW64) AppleWebKit/537.36 (KHTML, like Gecko) Chrome/73.0.3683.86 Safari/537.36"
140.205.127.147 - - [01/Apr/2019:10:02:02 +0800] "GET /image/Banner_weimei.jpg HTTP/1.1" 200 165019 "http://qsong.fun/" "Mozilla/5.0 (Windows NT 10.0; WOW64) AppleWebKit/537.36 (KHTML, like Gecko) Chrome/73.0.3683.86 Safari/537.36"
101.200.101.214 - - [01/Apr/2019:10:02:03 +0800] "GET /image/Banner_guangyingshuihua.jpg HTTP/1.1" 200 40592 "http://qsong.fun/" "Mozilla/5.0 (Windows NT 10.0; WOW64) AppleWebKit/537.36 (KHTML, like Gecko) Chrome/73.0.3683.86 Safari/537.36"
61.147.73.152 - - [01/Apr/2019:10:02:03 +0800] "GET /image/wxqrcode.png HTTP/1.1" 200 40117 "http://qsong.fun/" "Mozilla/5.0 (Windows NT 10.0; WOW64) AppleWebKit/537.36 (KHTML, like Gecko) Chrome/73.0.3683.86 Safari/537.36"
127.0.0.1 - - [01/Apr/2019:10:02:06 +0800] "OPTIONS * HTTP/1.0" 200 - "-" "Apache/2.4.6 (CentOS) OpenSSL/1.0.2k-fips PHP/5.4.16 (internal dummy connection)"
127.0.0.1 - - [01/Apr/2019:10:02:07 +0800] "OPTIONS * HTTP/1.0" 200 - "-" "Apache/2.4.6 (CentOS) OpenSSL/1.0.2k-fips PHP/5.4.16 (internal dummy connection)"
127.0.0.1 - - [01/Apr/2019:10:02:08 +0800] "OPTIONS * HTTP/1.0" 200 - "-" "Apache/2.4.6 (CentOS) OpenSSL/1.0.2k-fips PHP/5.4.16 (internal dummy connection)"
127.0.0.1 - - [01/Apr/2019:10:02:09 +0800] "OPTIONS * HTTP/1.0" 200 - "-" "Apache/2.4.6 (CentOS) OpenSSL/1.0.2k-fips PHP/5.4.16 (internal dummy connection)"
127.0.0.1 - - [01/Apr/2019:10:02:10 +0800] "OPTIONS * HTTP/1.0" 200 - "-" "Apache/2.4.6 (CentOS) OpenSSL/1.0.2k-fips PHP/5.4.16 (internal dummy connection)"
127.0.0.1 - - [01/Apr/2019:10:02:11 +0800] "OPTIONS * HTTP/1.0" 200 - "-" "Apache/2.4.6 (CentOS) OpenSSL/1.0.2k-fips PHP/5.4.16 (internal dummy connection)"
127.0.0.1 - - [01/Apr/2019:10:02:12 +0800] "OPTIONS * HTTP/1.0" 200 - "-" "Apache/2.4.6 (CentOS) OpenSSL/1.0.2k-fips PHP/5.4.16 (internal dummy connection)"
127.0.0.1 - - [01/Apr/2019:10:02:13 +0800] "OPTIONS * HTTP/1.0" 200 - "-" "Apache/2.4.6 (CentOS) OpenSSL/1.0.2k-fips PHP/5.4.16 (internal dummy connection)"
127.0.0.1 - - [01/Apr/2019:10:02:14 +0800] "OPTIONS * HTTP/1.0" 200 - "-" "Apache/2.4.6 (CentOS) OpenSSL/1.0.2k-fips PHP/5.4.16 (internal dummy connection)"
127.0.0.1 - - [01/Apr/2019:10:02:15 +0800] "OPTIONS * HTTP/1.0" 200 - "-" "Apache/2.4.6 (CentOS) OpenSSL/1.0.2k-fips PHP/5.4.16 (internal dummy connection)"
127.0.0.1 - - [01/Apr/2019:10:02:20 +0800] "OPTIONS * HTTP/1.0" 200 - "-" "Apache/2.4.6 (CentOS) OpenSSL/1.0.2k-fips PHP/5.4.16 (internal dummy connection)"
127.0.0.1 - - [01/Apr/2019:10:02:21 +0800] "OPTIONS * HTTP/1.0" 200 - "-" "Apache/2.4.6 (CentOS) OpenSSL/1.0.2k-fips PHP/5.4.16 (internal dummy connection)"
127.0.0.1 - - [01/Apr/2019:10:02:22 +0800] "OPTIONS * HTTP/1.0" 200 - "-" "Apache/2.4.6 (CentOS) OpenSSL/1.0.2k-fips PHP/5.4.16 (internal dummy connection)"
127.0.0.1 - - [01/Apr/2019:10:02:23 +0800] "OPTIONS * HTTP/1.0" 200 - "-" "Apache/2.4.6 (CentOS) OpenSSL/1.0.2k-fips PHP/5.4.16 (internal dummy connection)"
127.0.0.1 - - [01/Apr/2019:10:02:24 +0800] "OPTIONS * HTTP/1.0" 200 - "-" "Apache/2.4.6 (CentOS) OpenSSL/1.0.2k-fips PHP/5.4.16 (internal dummy connection)"
127.0.0.1 - - [01/Apr/2019:10:02:25 +0800] "OPTIONS * HTTP/1.0" 200 - "-" "Apache/2.4.6 (CentOS) OpenSSL/1.0.2k-fips PHP/5.4.16 (internal dummy connection)"
127.0.0.1 - - [01/Apr/2019:10:02:26 +0800] "OPTIONS * HTTP/1.0" 200 - "-" "Apache/2.4.6 (CentOS) OpenSSL/1.0.2k-fips PHP/5.4.16 (internal dummy connection)"
127.0.0.1 - - [01/Apr/2019:10:02:27 +0800] "OPTIONS * HTTP/1.0" 200 - "-" "Apache/2.4.6 (CentOS) OpenSSL/1.0.2k-fips PHP/5.4.16 (internal dummy connection)"
127.0.0.1 - - [01/Apr/2019:10:02:28 +0800] "OPTIONS * HTTP/1.0" 200 - "-" "Apache/2.4.6 (CentOS) OpenSSL/1.0.2k-fips PHP/5.4.16 (internal dummy connection)"
127.0.0.1 - - [01/Apr/2019:10:02:29 +0800] "OPTIONS * HTTP/1.0" 200 - "-" "Apache/2.4.6 (CentOS) OpenSSL/1.0.2k-fips PHP/5.4.16 (internal dummy connection)"
127.0.0.1 - - [01/Apr/2019:10:02:30 +0800] "OPTIONS * HTTP/1.0" 200 - "-" "Apache/2.4.6 (CentOS) OpenSSL/1.0.2k-fips PHP/5.4.16 (internal dummy connection)"
127.0.0.1 - - [01/Apr/2019:10:02:31 +0800] "OPTIONS * HTTP/1.0" 200 - "-" "Apache/2.4.6 (CentOS) OpenSSL/1.0.2k-fips PHP/5.4.16 (internal dummy connection)"
127.0.0.1 - - [01/Apr/2019:10:02:32 +0800] "OPTIONS * HTTP/1.0" 200 - "-" "Apache/2.4.6 (CentOS) OpenSSL/1.0.2k-fips PHP/5.4.16 (internal dummy connection)"
127.0.0.1 - - [01/Apr/2019:10:02:33 +0800] "OPTIONS * HTTP/1.0" 200 - "-" "Apache/2.4.6 (CentOS) OpenSSL/1.0.2k-fips PHP/5.4.16 (internal dummy connection)"
120.24.76.122 - - [01/Apr/2019:10:02:34 +0800] "GET /article/getRandArticle HTTP/1.1" 200 4386 "https://qsong.fun/" "Mozilla/5.0 (Windows NT 10.0; WOW64) AppleWebKit/537.36 (KHTML, like Gecko) Chrome/73.0.3683.86 Safari/537.36"
120.24.76.122 - - [01/Apr/2019:10:02:34 +0800] "GET /article/getArticleDtl?articleId=73&type=video HTTP/1.1" 200 3372 "https://qsong.fun/" "Mozilla/5.0 (Windows NT 10.0; WOW64) AppleWebKit/537.36 (KHTML, like Gecko) Chrome/73.0.3683.86 Safari/537.36"
127.0.0.1 - - [01/Apr/2019:10:02:35 +0800] "OPTIONS * HTTP/1.0" 200 - "-" "Apache/2.4.6 (CentOS) OpenSSL/1.0.2k-fips PHP/5.4.16 (internal dummy connection)"
127.0.0.1 - - [01/Apr/2019:10:02:40 +0800] "OPTIONS * HTTP/1.0" 200 - "-" "Apache/2.4.6 (CentOS) OpenSSL/1.0.2k-fips PHP/5.4.16 (internal dummy connection)"
127.0.0.1 - - [01/Apr/2019:10:02:41 +0800] "OPTIONS * HTTP/1.0" 200 - "-" "Apache/2.4.6 (CentOS) OpenSSL/1.0.2k-fips PHP/5.4.16 (internal dummy connection)"
127.0.0.1 - - [01/Apr/2019:10:02:42 +0800] "OPTIONS * HTTP/1.0" 200 - "-" "Apache/2.4.6 (CentOS) OpenSSL/1.0.2k-fips PHP/5.4.16 (internal dummy connection)"
127.0.0.1 - - [01/Apr/2019:10:02:43 +0800] "OPTIONS * HTTP/1.0" 200 - "-" "Apache/2.4.6 (CentOS) OpenSSL/1.0.2k-fips PHP/5.4.16 (internal dummy connection)"
127.0.0.1 - - [01/Apr/2019:10:02:44 +0800] "OPTIONS * HTTP/1.0" 200 - "-" "Apache/2.4.6 (CentOS) OpenSSL/1.0.2k-fips PHP/5.4.16 (internal dummy connection)"
127.0.0.1 - - [01/Apr/2019:10:02:45 +0800] "OPTIONS * HTTP/1.0" 200 - "-" "Apache/2.4.6 (CentOS) OpenSSL/1.0.2k-fips PHP/5.4.16 (internal dummy connection)"
127.0.0.1 - - [01/Apr/2019:10:02:46 +0800] "OPTIONS * HTTP/1.0" 200 - "-" "Apache/2.4.6 (CentOS) OpenSSL/1.0.2k-fips PHP/5.4.16 (internal dummy connection)"
127.0.0.1 - - [01/Apr/2019:10:02:47 +0800] "OPTIONS * HTTP/1.0" 200 - "-" "Apache/2.4.6 (CentOS) OpenSSL/1.0.2k-fips PHP/5.4.16 (internal dummy connection)"
127.0.0.1 - - [01/Apr/2019:10:02:48 +0800] "OPTIONS * HTTP/1.0" 200 - "-" "Apache/2.4.6 (CentOS) OpenSSL/1.0.2k-fips PHP/5.4.16 (internal dummy connection)"
127.0.0.1 - - [01/Apr/2019:10:02:49 +0800] "OPTIONS * HTTP/1.0" 200 - "-" "Apache/2.4.6 (CentOS) OpenSSL/1.0.2k-fips PHP/5.4.16 (internal dummy connection)"
127.0.0.1 - - [01/Apr/2019:10:02:50 +0800] "OPTIONS * HTTP/1.0" 200 - "-" "Apache/2.4.6 (CentOS) OpenSSL/1.0.2k-fips PHP/5.4.16 (internal dummy connection)"
127.0.0.1 - - [01/Apr/2019:10:02:51 +0800] "OPTIONS * HTTP/1.0" 200 - "-" "Apache/2.4.6 (CentOS) OpenSSL/1.0.2k-fips PHP/5.4.16 (internal dummy connection)"
127.0.0.1 - - [01/Apr/2019:10:02:52 +0800] "OPTIONS * HTTP/1.0" 200 - "-" "Apache/2.4.6 (CentOS) OpenSSL/1.0.2k-fips PHP/5.4.16 (internal dummy connection)"
127.0.0.1 - - [01/Apr/2019:10:02:53 +0800] "OPTIONS * HTTP/1.0" 200 - "-" "Apache/2.4.6 (CentOS) OpenSSL/1.0.2k-fips PHP/5.4.16 (internal dummy connection)"
127.0.0.1 - - [01/Apr/2019:10:02:54 +0800] "OPTIONS * HTTP/1.0" 200 - "-" "Apache/2.4.6 (CentOS) OpenSSL/1.0.2k-fips PHP/5.4.16 (internal dummy connection)"
127.0.0.1 - - [01/Apr/2019:10:02:55 +0800] "OPTIONS * HTTP/1.0" 200 - "-" "Apache/2.4.6 (CentOS) OpenSSL/1.0.2k-fips PHP/5.4.16 (internal dummy connection)"
127.0.0.1 - - [01/Apr/2019:10:02:56 +0800] "OPTIONS * HTTP/1.0" 200 - "-" "Apache/2.4.6 (CentOS) OpenSSL/1.0.2k-fips PHP/5.4.16 (internal dummy connection)"
127.0.0.1 - - [01/Apr/2019:10:02:57 +0800] "OPTIONS * HTTP/1.0" 200 - "-" "Apache/2.4.6 (CentOS) OpenSSL/1.0.2k-fips PHP/5.4.16 (internal dummy connection)"
127.0.0.1 - - [01/Apr/2019:10:02:58 +0800] "OPTIONS * HTTP/1.0" 200 - "-" "Apache/2.4.6 (CentOS) OpenSSL/1.0.2k-fips PHP/5.4.16 (internal dummy connection)"
127.0.0.1 - - [01/Apr/2019:10:02:59 +0800] "OPTIONS * HTTP/1.0" 200 - "-" "Apache/2.4.6 (CentOS) OpenSSL/1.0.2k-fips PHP/5.4.16 (internal dummy connection)"
101.200.101.208 - - [01/Apr/2019:10:03:04 +0800] "GET /image/logo.png HTTP/1.1" 200 6525 "http://qsong.fun/" "Mozilla/5.0 (Windows NT 10.0; WOW64) AppleWebKit/537.36 (KHTML, like Gecko) Chrome/73.0.3683.86 Safari/537.36"
61.147.73.193 - - [01/Apr/2019:10:03:04 +0800] "GET /css/font-awesome.min.css HTTP/1.1" 200 7046 "http://qsong.fun/" "Mozilla/5.0 (Windows NT 10.0; WOW64) AppleWebKit/537.36 (KHTML, like Gecko) Chrome/73.0.3683.86 Safari/537.36"
61.147.73.162 - - [01/Apr/2019:10:03:04 +0800] "GET /image/Banner_woniu.jpg HTTP/1.1" 200 55537 "http://qsong.fun/" "Mozilla/5.0 (Windows NT 10.0; WOW64) AppleWebKit/537.36 (KHTML, like Gecko) Chrome/73.0.3683.86 Safari/537.36"
140.205.127.137 - - [01/Apr/2019:10:03:04 +0800] "GET /js/jquery.min.js HTTP/1.1" 200 33354 "http://qsong.fun/" "Mozilla/5.0 (Windows NT 10.0; WOW64) AppleWebKit/537.36 (KHTML, like Gecko) Chrome/73.0.3683.86 Safari/537.36"
101.200.101.206 - - [01/Apr/2019:10:03:04 +0800] "GET /css/main.css HTTP/1.1" 200 18617 "http://qsong.fun/" "Mozilla/5.0 (Windows NT 10.0; WOW64) AppleWebKit/537.36 (KHTML, like Gecko) Chrome/73.0.3683.86 Safari/537.36"
140.205.127.158 - - [01/Apr/2019:10:03:04 +0800] "GET /css/bootstrap.min.css HTTP/1.1" 200 16330 "http://qsong.fun/" "Mozilla/5.0 (Windows NT 10.0; WOW64) AppleWebKit/537.36 (KHTML, like Gecko) Chrome/73.0.3683.86 Safari/537.36"
61.147.73.173 - - [01/Apr/2019:10:03:04 +0800] "GET /js/bootstrap.min.js HTTP/1.1" 200 9551 "http://qsong.fun/" "Mozilla/5.0 (Windows NT 10.0; WOW64) AppleWebKit/537.36 (KHTML, like Gecko) Chrome/73.0.3683.86 Safari/537.36"
140.205.127.165 - - [01/Apr/2019:10:03:04 +0800] "GET /js/ias.js HTTP/1.1" 200 2185 "http://qsong.fun/" "Mozilla/5.0 (Windows NT 10.0; WOW64) AppleWebKit/537.36 (KHTML, like Gecko) Chrome/73.0.3683.86 Safari/537.36"
140.205.127.136 - - [01/Apr/2019:10:03:04 +0800] "GET /image/Banner_guangyingshuihua.jpg HTTP/1.1" 200 40592 "http://qsong.fun/" "Mozilla/5.0 (Windows NT 10.0; WOW64) AppleWebKit/537.36 (KHTML, like Gecko) Chrome/73.0.3683.86 Safari/537.36"
101.200.101.216 - - [01/Apr/2019:10:03:05 +0800] "GET /image/wxapp.jpg HTTP/1.1" 200 75999 "http://qsong.fun/" "Mozilla/5.0 (Windows NT 10.0; WOW64) AppleWebKit/537.36 (KHTML, like Gecko) Chrome/73.0.3683.86 Safari/537.36"
61.147.73.181 - - [01/Apr/2019:10:03:05 +0800] "GET /image/loading.gif HTTP/1.1" 200 2418 "http://qsong.fun/" "Mozilla/5.0 (Windows NT 10.0; WOW64) AppleWebKit/537.36 (KHTML, like Gecko) Chrome/73.0.3683.86 Safari/537.36"
101.200.101.208 - - [01/Apr/2019:10:03:05 +0800] "GET /image/Banner_weimei.jpg HTTP/1.1" 200 165019 "http://qsong.fun/" "Mozilla/5.0 (Windows NT 10.0; WOW64) AppleWebKit/537.36 (KHTML, like Gecko) Chrome/73.0.3683.86 Safari/537.36"
140.205.127.175 - - [01/Apr/2019:10:03:06 +0800] "GET /js/main.js HTTP/1.1" 200 6125 "http://qsong.fun/" "Mozilla/5.0 (Windows NT 10.0; WOW64) AppleWebKit/537.36 (KHTML, like Gecko) Chrome/73.0.3683.86 Safari/537.36"
61.147.73.152 - - [01/Apr/2019:10:03:06 +0800] "GET /image/wxqrcode.png HTTP/1.1" 200 40117 "http://qsong.fun/" "Mozilla/5.0 (Windows NT 10.0; WOW64) AppleWebKit/537.36 (KHTML, like Gecko) Chrome/73.0.3683.86 Safari/537.36"
61.147.73.150 - - [01/Apr/2019:10:03:07 +0800] "GET /fonts/fontawesome-webfont.woff?v=4.7.0 HTTP/1.1" 200 98024 "http://qsong.fun/css/font-awesome.min.css" "Mozilla/5.0 (Windows NT 10.0; WOW64) AppleWebKit/537.36 (KHTML, like Gecko) Chrome/73.0.3683.86 Safari/537.36"
127.0.0.1 - - [01/Apr/2019:10:03:09 +0800] "OPTIONS * HTTP/1.0" 200 - "-" "Apache/2.4.6 (CentOS) OpenSSL/1.0.2k-fips PHP/5.4.16 (internal dummy connection)"
127.0.0.1 - - [01/Apr/2019:10:03:10 +0800] "OPTIONS * HTTP/1.0" 200 - "-" "Apache/2.4.6 (CentOS) OpenSSL/1.0.2k-fips PHP/5.4.16 (internal dummy connection)"
127.0.0.1 - - [01/Apr/2019:10:03:11 +0800] "OPTIONS * HTTP/1.0" 200 - "-" "Apache/2.4.6 (CentOS) OpenSSL/1.0.2k-fips PHP/5.4.16 (internal dummy connection)"
127.0.0.1 - - [01/Apr/2019:10:03:12 +0800] "OPTIONS * HTTP/1.0" 200 - "-" "Apache/2.4.6 (CentOS) OpenSSL/1.0.2k-fips PHP/5.4.16 (internal dummy connection)"
127.0.0.1 - - [01/Apr/2019:10:03:13 +0800] "OPTIONS * HTTP/1.0" 200 - "-" "Apache/2.4.6 (CentOS) OpenSSL/1.0.2k-fips PHP/5.4.16 (internal dummy connection)"
127.0.0.1 - - [01/Apr/2019:10:03:14 +0800] "OPTIONS * HTTP/1.0" 200 - "-" "Apache/2.4.6 (CentOS) OpenSSL/1.0.2k-fips PHP/5.4.16 (internal dummy connection)"
127.0.0.1 - - [01/Apr/2019:10:03:15 +0800] "OPTIONS * HTTP/1.0" 200 - "-" "Apache/2.4.6 (CentOS) OpenSSL/1.0.2k-fips PHP/5.4.16 (internal dummy connection)"
127.0.0.1 - - [01/Apr/2019:10:03:16 +0800] "OPTIONS * HTTP/1.0" 200 - "-" "Apache/2.4.6 (CentOS) OpenSSL/1.0.2k-fips PHP/5.4.16 (internal dummy connection)"
127.0.0.1 - - [01/Apr/2019:10:03:17 +0800] "OPTIONS * HTTP/1.0" 200 - "-" "Apache/2.4.6 (CentOS) OpenSSL/1.0.2k-fips PHP/5.4.16 (internal dummy connection)"
127.0.0.1 - - [01/Apr/2019:10:03:18 +0800] "OPTIONS * HTTP/1.0" 200 - "-" "Apache/2.4.6 (CentOS) OpenSSL/1.0.2k-fips PHP/5.4.16 (internal dummy connection)"
127.0.0.1 - - [01/Apr/2019:10:03:19 +0800] "OPTIONS * HTTP/1.0" 200 - "-" "Apache/2.4.6 (CentOS) OpenSSL/1.0.2k-fips PHP/5.4.16 (internal dummy connection)"
127.0.0.1 - - [01/Apr/2019:10:03:20 +0800] "OPTIONS * HTTP/1.0" 200 - "-" "Apache/2.4.6 (CentOS) OpenSSL/1.0.2k-fips PHP/5.4.16 (internal dummy connection)"
127.0.0.1 - - [01/Apr/2019:10:03:21 +0800] "OPTIONS * HTTP/1.0" 200 - "-" "Apache/2.4.6 (CentOS) OpenSSL/1.0.2k-fips PHP/5.4.16 (internal dummy connection)"
127.0.0.1 - - [01/Apr/2019:10:03:22 +0800] "OPTIONS * HTTP/1.0" 200 - "-" "Apache/2.4.6 (CentOS) OpenSSL/1.0.2k-fips PHP/5.4.16 (internal dummy connection)"
127.0.0.1 - - [01/Apr/2019:10:03:23 +0800] "OPTIONS * HTTP/1.0" 200 - "-" "Apache/2.4.6 (CentOS) OpenSSL/1.0.2k-fips PHP/5.4.16 (internal dummy connection)"
101.200.101.208 - - [01/Apr/2019:10:03:27 +0800] "GET /image/logo.png HTTP/1.1" 200 6525 "http://qsong.fun/" "Mozilla/5.0 (Windows NT 10.0; WOW64) AppleWebKit/537.36 (KHTML, like Gecko) Chrome/73.0.3683.86 Safari/537.36"
101.200.101.206 - - [01/Apr/2019:10:03:27 +0800] "GET /css/main.css HTTP/1.1" 200 18617 "http://qsong.fun/" "Mozilla/5.0 (Windows NT 10.0; WOW64) AppleWebKit/537.36 (KHTML, like Gecko) Chrome/73.0.3683.86 Safari/537.36"
140.205.127.175 - - [01/Apr/2019:10:03:28 +0800] "GET /image/Banner_woniu.jpg HTTP/1.1" 200 55537 "http://qsong.fun/" "Mozilla/5.0 (Windows NT 10.0; WOW64) AppleWebKit/537.36 (KHTML, like Gecko) Chrome/73.0.3683.86 Safari/537.36"
140.205.127.169 - - [01/Apr/2019:10:03:28 +0800] "GET /css/font-awesome.min.css HTTP/1.1" 200 7046 "http://qsong.fun/" "Mozilla/5.0 (Windows NT 10.0; WOW64) AppleWebKit/537.36 (KHTML, like Gecko) Chrome/73.0.3683.86 Safari/537.36"
140.205.127.158 - - [01/Apr/2019:10:03:28 +0800] "GET /css/bootstrap.min.css HTTP/1.1" 200 16330 "http://qsong.fun/" "Mozilla/5.0 (Windows NT 10.0; WOW64) AppleWebKit/537.36 (KHTML, like Gecko) Chrome/73.0.3683.86 Safari/537.36"
101.200.101.217 - - [01/Apr/2019:10:03:28 +0800] "GET /js/jquery.min.js HTTP/1.1" 200 33354 "http://qsong.fun/" "Mozilla/5.0 (Windows NT 10.0; WOW64) AppleWebKit/537.36 (KHTML, like Gecko) Chrome/73.0.3683.86 Safari/537.36"
140.205.127.158 - - [01/Apr/2019:10:03:28 +0800] "GET /js/bootstrap.min.js HTTP/1.1" 200 9551 "http://qsong.fun/" "Mozilla/5.0 (Windows NT 10.0; WOW64) AppleWebKit/537.36 (KHTML, like Gecko) Chrome/73.0.3683.86 Safari/537.36"
140.205.127.136 - - [01/Apr/2019:10:03:28 +0800] "GET /image/Banner_guangyingshuihua.jpg HTTP/1.1" 200 40592 "http://qsong.fun/" "Mozilla/5.0 (Windows NT 10.0; WOW64) AppleWebKit/537.36 (KHTML, like Gecko) Chrome/73.0.3683.86 Safari/537.36"
61.147.73.193 - - [01/Apr/2019:10:03:28 +0800] "GET /js/ias.js HTTP/1.1" 200 2185 "http://qsong.fun/" "Mozilla/5.0 (Windows NT 10.0; WOW64) AppleWebKit/537.36 (KHTML, like Gecko) Chrome/73.0.3683.86 Safari/537.36"
101.200.101.209 - - [01/Apr/2019:10:03:28 +0800] "GET /js/main.js HTTP/1.1" 200 6125 "http://qsong.fun/" "Mozilla/5.0 (Windows NT 10.0; WOW64) AppleWebKit/537.36 (KHTML, like Gecko) Chrome/73.0.3683.86 Safari/537.36"
101.200.101.208 - - [01/Apr/2019:10:03:28 +0800] "GET /fonts/fontawesome-webfont.woff?v=4.7.0 HTTP/1.1" 200 98024 "http://qsong.fun/css/font-awesome.min.css" "Mozilla/5.0 (Windows NT 10.0; WOW64) AppleWebKit/537.36 (KHTML, like Gecko) Chrome/73.0.3683.86 Safari/537.36"
101.200.101.215 - - [01/Apr/2019:10:03:29 +0800] "GET /image/loading.gif HTTP/1.1" 200 2418 "http://qsong.fun/" "Mozilla/5.0 (Windows NT 10.0; WOW64) AppleWebKit/537.36 (KHTML, like Gecko) Chrome/73.0.3683.86 Safari/537.36"
61.147.73.152 - - [01/Apr/2019:10:03:29 +0800] "GET /image/wxqrcode.png HTTP/1.1" 200 40117 "http://qsong.fun/" "Mozilla/5.0 (Windows NT 10.0; WOW64) AppleWebKit/537.36 (KHTML, like Gecko) Chrome/73.0.3683.86 Safari/537.36"
61.147.73.195 - - [01/Apr/2019:10:03:28 +0800] "GET /image/Banner_weimei.jpg HTTP/1.1" 200 165019 "http://qsong.fun/" "Mozilla/5.0 (Windows NT 10.0; WOW64) AppleWebKit/537.36 (KHTML, like Gecko) Chrome/73.0.3683.86 Safari/537.36"
140.205.127.167 - - [01/Apr/2019:10:03:30 +0800] "GET /image/wxapp.jpg HTTP/1.1" 200 75999 "http://qsong.fun/" "Mozilla/5.0 (Windows NT 10.0; WOW64) AppleWebKit/537.36 (KHTML, like Gecko) Chrome/73.0.3683.86 Safari/537.36"
140.205.127.174 - - [01/Apr/2019:10:03:30 +0800] "GET /favicon.ico HTTP/1.1" 200 1925 "http://qsong.fun/" "Mozilla/5.0 (Windows NT 10.0; WOW64) AppleWebKit/537.36 (KHTML, like Gecko) Chrome/73.0.3683.86 Safari/537.36"
127.0.0.1 - - [01/Apr/2019:10:03:33 +0800] "OPTIONS * HTTP/1.0" 200 - "-" "Apache/2.4.6 (CentOS) OpenSSL/1.0.2k-fips PHP/5.4.16 (internal dummy connection)"
127.0.0.1 - - [01/Apr/2019:10:03:34 +0800] "OPTIONS * HTTP/1.0" 200 - "-" "Apache/2.4.6 (CentOS) OpenSSL/1.0.2k-fips PHP/5.4.16 (internal dummy connection)"
140.205.127.171 - - [01/Apr/2019:10:03:34 +0800] "GET /css/main.css HTTP/1.1" 200 18617 "http://qsong.fun/" "Mozilla/5.0 (Windows NT 10.0; WOW64) AppleWebKit/537.36 (KHTML, like Gecko) Chrome/73.0.3683.86 Safari/537.36"
140.205.127.175 - - [01/Apr/2019:10:03:34 +0800] "GET /image/Banner_woniu.jpg HTTP/1.1" 200 55537 "http://qsong.fun/" "Mozilla/5.0 (Windows NT 10.0; WOW64) AppleWebKit/537.36 (KHTML, like Gecko) Chrome/73.0.3683.86 Safari/537.36"
61.147.73.159 - - [01/Apr/2019:10:03:34 +0800] "GET /js/jquery.min.js HTTP/1.1" 200 33354 "http://qsong.fun/" "Mozilla/5.0 (Windows NT 10.0; WOW64) AppleWebKit/537.36 (KHTML, like Gecko) Chrome/73.0.3683.86 Safari/537.36"
101.200.101.203 - - [01/Apr/2019:10:03:34 +0800] "GET /css/font-awesome.min.css HTTP/1.1" 200 7046 "http://qsong.fun/" "Mozilla/5.0 (Windows NT 10.0; WOW64) AppleWebKit/537.36 (KHTML, like Gecko) Chrome/73.0.3683.86 Safari/537.36"
140.205.127.163 - - [01/Apr/2019:10:03:34 +0800] "GET /image/logo.png HTTP/1.1" 200 6525 "http://qsong.fun/" "Mozilla/5.0 (Windows NT 10.0; WOW64) AppleWebKit/537.36 (KHTML, like Gecko) Chrome/73.0.3683.86 Safari/537.36"
101.200.101.216 - - [01/Apr/2019:10:03:34 +0800] "GET /css/bootstrap.min.css HTTP/1.1" 200 16330 "http://qsong.fun/" "Mozilla/5.0 (Windows NT 10.0; WOW64) AppleWebKit/537.36 (KHTML, like Gecko) Chrome/73.0.3683.86 Safari/537.36"
140.205.127.158 - - [01/Apr/2019:10:03:34 +0800] "GET /js/bootstrap.min.js HTTP/1.1" 200 9551 "http://qsong.fun/" "Mozilla/5.0 (Windows NT 10.0; WOW64) AppleWebKit/537.36 (KHTML, like Gecko) Chrome/73.0.3683.86 Safari/537.36"
140.205.127.175 - - [01/Apr/2019:10:03:34 +0800] "GET /js/main.js HTTP/1.1" 200 6125 "http://qsong.fun/" "Mozilla/5.0 (Windows NT 10.0; WOW64) AppleWebKit/537.36 (KHTML, like Gecko) Chrome/73.0.3683.86 Safari/537.36"
61.147.73.184 - - [01/Apr/2019:10:03:34 +0800] "GET /image/Banner_guangyingshuihua.jpg HTTP/1.1" 200 40592 "http://qsong.fun/" "Mozilla/5.0 (Windows NT 10.0; WOW64) AppleWebKit/537.36 (KHTML, like Gecko) Chrome/73.0.3683.86 Safari/537.36"
101.200.101.214 - - [01/Apr/2019:10:03:34 +0800] "GET /js/ias.js HTTP/1.1" 200 2185 "http://qsong.fun/" "Mozilla/5.0 (Windows NT 10.0; WOW64) AppleWebKit/537.36 (KHTML, like Gecko) Chrome/73.0.3683.86 Safari/537.36"
101.200.101.216 - - [01/Apr/2019:10:03:34 +0800] "GET /image/wxapp.jpg HTTP/1.1" 200 75999 "http://qsong.fun/" "Mozilla/5.0 (Windows NT 10.0; WOW64) AppleWebKit/537.36 (KHTML, like Gecko) Chrome/73.0.3683.86 Safari/537.36"
101.200.101.215 - - [01/Apr/2019:10:03:35 +0800] "GET /image/loading.gif HTTP/1.1" 200 2418 "http://qsong.fun/" "Mozilla/5.0 (Windows NT 10.0; WOW64) AppleWebKit/537.36 (KHTML, like Gecko) Chrome/73.0.3683.86 Safari/537.36"
61.147.73.152 - - [01/Apr/2019:10:03:35 +0800] "GET /image/wxqrcode.png HTTP/1.1" 200 40117 "http://qsong.fun/" "Mozilla/5.0 (Windows NT 10.0; WOW64) AppleWebKit/537.36 (KHTML, like Gecko) Chrome/73.0.3683.86 Safari/537.36"
101.200.101.208 - - [01/Apr/2019:10:03:34 +0800] "GET /image/Banner_weimei.jpg HTTP/1.1" 200 165019 "http://qsong.fun/" "Mozilla/5.0 (Windows NT 10.0; WOW64) AppleWebKit/537.36 (KHTML, like Gecko) Chrome/73.0.3683.86 Safari/537.36"
127.0.0.1 - - [01/Apr/2019:10:03:36 +0800] "OPTIONS * HTTP/1.0" 200 - "-" "Apache/2.4.6 (CentOS) OpenSSL/1.0.2k-fips PHP/5.4.16 (internal dummy connection)"
140.205.127.174 - - [01/Apr/2019:10:03:37 +0800] "GET /favicon.ico HTTP/1.1" 200 1925 "http://qsong.fun/" "Mozilla/5.0 (Windows NT 10.0; WOW64) AppleWebKit/537.36 (KHTML, like Gecko) Chrome/73.0.3683.86 Safari/537.36"
127.0.0.1 - - [01/Apr/2019:10:03:40 +0800] "OPTIONS * HTTP/1.0" 200 - "-" "Apache/2.4.6 (CentOS) OpenSSL/1.0.2k-fips PHP/5.4.16 (internal dummy connection)"
127.0.0.1 - - [01/Apr/2019:10:03:41 +0800] "OPTIONS * HTTP/1.0" 200 - "-" "Apache/2.4.6 (CentOS) OpenSSL/1.0.2k-fips PHP/5.4.16 (internal dummy connection)"
127.0.0.1 - - [01/Apr/2019:10:03:42 +0800] "OPTIONS * HTTP/1.0" 200 - "-" "Apache/2.4.6 (CentOS) OpenSSL/1.0.2k-fips PHP/5.4.16 (internal dummy connection)"
127.0.0.1 - - [01/Apr/2019:10:03:43 +0800] "OPTIONS * HTTP/1.0" 200 - "-" "Apache/2.4.6 (CentOS) OpenSSL/1.0.2k-fips PHP/5.4.16 (internal dummy connection)"
127.0.0.1 - - [01/Apr/2019:10:03:44 +0800] "OPTIONS * HTTP/1.0" 200 - "-" "Apache/2.4.6 (CentOS) OpenSSL/1.0.2k-fips PHP/5.4.16 (internal dummy connection)"
127.0.0.1 - - [01/Apr/2019:10:03:45 +0800] "OPTIONS * HTTP/1.0" 200 - "-" "Apache/2.4.6 (CentOS) OpenSSL/1.0.2k-fips PHP/5.4.16 (internal dummy connection)"
127.0.0.1 - - [01/Apr/2019:10:03:46 +0800] "OPTIONS * HTTP/1.0" 200 - "-" "Apache/2.4.6 (CentOS) OpenSSL/1.0.2k-fips PHP/5.4.16 (internal dummy connection)"
127.0.0.1 - - [01/Apr/2019:10:03:47 +0800] "OPTIONS * HTTP/1.0" 200 - "-" "Apache/2.4.6 (CentOS) OpenSSL/1.0.2k-fips PHP/5.4.16 (internal dummy connection)"
127.0.0.1 - - [01/Apr/2019:10:03:48 +0800] "OPTIONS * HTTP/1.0" 200 - "-" "Apache/2.4.6 (CentOS) OpenSSL/1.0.2k-fips PHP/5.4.16 (internal dummy connection)"
127.0.0.1 - - [01/Apr/2019:10:03:49 +0800] "OPTIONS * HTTP/1.0" 200 - "-" "Apache/2.4.6 (CentOS) OpenSSL/1.0.2k-fips PHP/5.4.16 (internal dummy connection)"
127.0.0.1 - - [01/Apr/2019:10:03:50 +0800] "OPTIONS * HTTP/1.0" 200 - "-" "Apache/2.4.6 (CentOS) OpenSSL/1.0.2k-fips PHP/5.4.16 (internal dummy connection)"
127.0.0.1 - - [01/Apr/2019:10:03:51 +0800] "OPTIONS * HTTP/1.0" 200 - "-" "Apache/2.4.6 (CentOS) OpenSSL/1.0.2k-fips PHP/5.4.16 (internal dummy connection)"
120.202.26.149 - - [01/Apr/2019:10:07:48 +0800] "GET /article/getRandArticle HTTP/1.1" 200 4370 "-" "Mozilla/5.0 (Windows NT 10.0; WOW64) AppleWebKit/537.36 (KHTML, like Gecko) Chrome/73.0.3683.86 Safari/537.36"
120.202.26.149 - - [01/Apr/2019:10:07:48 +0800] "GET /article/getArticleList?ps=10&pn=1&type=gif HTTP/1.1" 200 8274 "-" "Mozilla/5.0 (Windows NT 10.0; WOW64) AppleWebKit/537.36 (KHTML, like Gecko) Chrome/73.0.3683.86 Safari/537.36"
120.202.26.149 - - [01/Apr/2019:10:07:48 +0800] "GET /article/getArticleList?ps=5&pn=1&type=notice HTTP/1.1" 200 1590 "-" "Mozilla/5.0 (Windows NT 10.0; WOW64) AppleWebKit/537.36 (KHTML, like Gecko) Chrome/73.0.3683.86 Safari/537.36"
120.202.26.149 - - [01/Apr/2019:10:07:52 +0800] "GET /article/getArticleList?type=gif&ps=10&pn=2 HTTP/1.1" 200 8308 "http://localhost:8009/geng" "Mozilla/5.0 (Windows NT 10.0; WOW64) AppleWebKit/537.36 (KHTML, like Gecko) Chrome/73.0.3683.86 Safari/537.36"
120.202.26.149 - - [01/Apr/2019:10:08:10 +0800] "GET /article/getRandArticle HTTP/1.1" 200 4039 "http://localhost:8009/geng" "Mozilla/5.0 (Windows NT 10.0; WOW64) AppleWebKit/537.36 (KHTML, like Gecko) Chrome/73.0.3683.86 Safari/537.36"
120.24.76.122 - - [01/Apr/2019:10:09:05 +0800] "GET /article/getArticleList?ps=5&pn=1&sort=read HTTP/1.1" 200 4358 "-" "Mozilla/5.0 (X11; Ubuntu; Linux x86_64; rv:36.0) Gecko/20100101 Firefox/36.0"
120.24.76.122 - - [01/Apr/2019:10:09:05 +0800] "GET /article/getArticleList?ps=10&pn=1 HTTP/1.1" 200 8589 "-" "Mozilla/5.0 (X11; Ubuntu; Linux x86_64; rv:36.0) Gecko/20100101 Firefox/36.0"
120.24.76.122 - - [01/Apr/2019:10:09:05 +0800] "GET /article/getArticleList?ps=1&pn=1&type=dz HTTP/1.1" 200 1252 "-" "Mozilla/5.0 (X11; Ubuntu; Linux x86_64; rv:36.0) Gecko/20100101 Firefox/36.0"
120.24.76.122 - - [01/Apr/2019:10:09:05 +0800] "GET /article/getArticleList?ps=1&pn=1&type=video&sort=read HTTP/1.1" 200 1024 "-" "Mozilla/5.0 (X11; Ubuntu; Linux x86_64; rv:36.0) Gecko/20100101 Firefox/36.0"
120.24.76.122 - - [01/Apr/2019:10:09:05 +0800] "GET /article/getRandArticle HTTP/1.1" 200 4062 "-" "Mozilla/5.0 (X11; Ubuntu; Linux x86_64; rv:36.0) Gecko/20100101 Firefox/36.0"
120.24.76.122 - - [01/Apr/2019:10:09:05 +0800] "GET /article/getCountInfo HTTP/1.1" 200 282 "-" "Mozilla/5.0 (X11; Ubuntu; Linux x86_64; rv:36.0) Gecko/20100101 Firefox/36.0"
120.24.76.122 - - [01/Apr/2019:10:09:05 +0800] "GET /article/getArticleList?ps=5&pn=1&type=notice HTTP/1.1" 200 1590 "-" "Mozilla/5.0 (X11; Ubuntu; Linux x86_64; rv:36.0) Gecko/20100101 Firefox/36.0"
39.107.121.196 - - [01/Apr/2019:10:09:05 +0800] "GET / HTTP/1.1" 200 33438 "-" "Mozilla/5.0 (X11; Ubuntu; Linux x86_64; rv:36.0) Gecko/20100101 Firefox/36.0"
120.202.26.149 - - [01/Apr/2019:10:24:43 +0800] "GET /article/getRandArticle HTTP/1.1" 200 4377 "http://localhost:8009/geng" "Mozilla/5.0 (Windows NT 10.0; WOW64) AppleWebKit/537.36 (KHTML, like Gecko) Chrome/73.0.3683.86 Safari/537.36"
140.205.127.148 - - [01/Apr/2019:10:27:15 +0800] "GET /static/qsong/html/gifdetail.html?id=7 HTTP/1.1" 404 1945 "-" "Mozilla/5.0 (compatible; Baiduspider/2.0; +http://www.baidu.com/search/spider.html)"
220.181.108.97 - - [01/Apr/2019:10:32:05 +0800] "GET /static/qsong/html/videodetail.html?id=73 HTTP/1.1" 404 1945 "-" "Mozilla/5.0 (compatible; Baiduspider/2.0; +http://www.baidu.com/search/spider.html)"
120.202.26.149 - - [01/Apr/2019:10:35:59 +0800] "GET /article/getArticleList?type=gif&ps=10&pn=3 HTTP/1.1" 200 8201 "http://localhost:8009/geng" "Mozilla/5.0 (Windows NT 10.0; WOW64) AppleWebKit/537.36 (KHTML, like Gecko) Chrome/73.0.3683.86 Safari/537.36"
120.202.26.149 - - [01/Apr/2019:10:35:59 +0800] "GET /article/getArticleList?type=gif&ps=10&pn=4 HTTP/1.1" 200 8196 "http://localhost:8009/geng" "Mozilla/5.0 (Windows NT 10.0; WOW64) AppleWebKit/537.36 (KHTML, like Gecko) Chrome/73.0.3683.86 Safari/537.36"
120.202.26.149 - - [01/Apr/2019:10:35:59 +0800] "GET /article/getArticleList?type=gif&ps=10&pn=5 HTTP/1.1" 200 8037 "http://localhost:8009/geng" "Mozilla/5.0 (Windows NT 10.0; WOW64) AppleWebKit/537.36 (KHTML, like Gecko) Chrome/73.0.3683.86 Safari/537.36"
120.202.26.149 - - [01/Apr/2019:10:36:00 +0800] "GET /article/getArticleList?type=gif&ps=10&pn=6 HTTP/1.1" 200 8077 "http://localhost:8009/geng" "Mozilla/5.0 (Windows NT 10.0; WOW64) AppleWebKit/537.36 (KHTML, like Gecko) Chrome/73.0.3683.86 Safari/537.36"
120.202.26.149 - - [01/Apr/2019:10:56:44 +0800] "GET /article/getArticleList?ps=10&pn=1&type=gif HTTP/1.1" 200 8274 "http://localhost:8009/geng" "Mozilla/5.0 (Windows NT 10.0; WOW64) AppleWebKit/537.36 (KHTML, like Gecko) Chrome/73.0.3683.86 Safari/537.36"
120.202.26.149 - - [01/Apr/2019:10:56:44 +0800] "GET /article/getRandArticle HTTP/1.1" 200 5075 "http://localhost:8009/geng" "Mozilla/5.0 (Windows NT 10.0; WOW64) AppleWebKit/537.36 (KHTML, like Gecko) Chrome/73.0.3683.86 Safari/537.36"
120.202.26.149 - - [01/Apr/2019:10:56:44 +0800] "GET /article/getArticleList?ps=5&pn=1&type=notice HTTP/1.1" 200 1590 "http://localhost:8009/geng" "Mozilla/5.0 (Windows NT 10.0; WOW64) AppleWebKit/537.36 (KHTML, like Gecko) Chrome/73.0.3683.86 Safari/537.36"
120.202.26.149 - - [01/Apr/2019:10:57:07 +0800] "GET /article/getArticleList?ps=10&pn=1&type=gif HTTP/1.1" 200 8274 "http://localhost:8009/geng" "Mozilla/5.0 (Windows NT 10.0; WOW64) AppleWebKit/537.36 (KHTML, like Gecko) Chrome/73.0.3683.86 Safari/537.36"
120.202.26.149 - - [01/Apr/2019:10:57:07 +0800] "GET /article/getRandArticle HTTP/1.1" 200 5101 "http://localhost:8009/geng" "Mozilla/5.0 (Windows NT 10.0; WOW64) AppleWebKit/537.36 (KHTML, like Gecko) Chrome/73.0.3683.86 Safari/537.36"
120.202.26.149 - - [01/Apr/2019:10:57:07 +0800] "GET /article/getArticleList?ps=5&pn=1&type=notice HTTP/1.1" 200 1590 "http://localhost:8009/geng" "Mozilla/5.0 (Windows NT 10.0; WOW64) AppleWebKit/537.36 (KHTML, like Gecko) Chrome/73.0.3683.86 Safari/537.36"
120.202.26.149 - - [01/Apr/2019:10:57:09 +0800] "GET /article/getRandArticle HTTP/1.1" 200 4308 "-" "Mozilla/5.0 (Windows NT 10.0; WOW64) AppleWebKit/537.36 (KHTML, like Gecko) Chrome/73.0.3683.86 Safari/537.36"
120.202.26.149 - - [01/Apr/2019:10:57:09 +0800] "GET /article/getArticleList?ps=5&pn=1&type=notice HTTP/1.1" 200 1590 "-" "Mozilla/5.0 (Windows NT 10.0; WOW64) AppleWebKit/537.36 (KHTML, like Gecko) Chrome/73.0.3683.86 Safari/537.36"
120.202.26.149 - - [01/Apr/2019:10:57:09 +0800] "GET /article/getArticleList?ps=10&pn=1&type=gif HTTP/1.1" 200 8274 "-" "Mozilla/5.0 (Windows NT 10.0; WOW64) AppleWebKit/537.36 (KHTML, like Gecko) Chrome/73.0.3683.86 Safari/537.36"
77.247.109.70 - - [01/Apr/2019:10:57:30 +0800] "HEAD /robots.txt HTTP/1.0" 404 - "-" "-"
120.202.26.149 - - [01/Apr/2019:10:57:59 +0800] "GET /article/getRandArticle HTTP/1.1" 200 5112 "http://localhost:8009/geng" "Mozilla/5.0 (Windows NT 10.0; WOW64) AppleWebKit/537.36 (KHTML, like Gecko) Chrome/73.0.3683.86 Safari/537.36"
120.202.26.149 - - [01/Apr/2019:10:59:50 +0800] "GET /article/getRandArticle HTTP/1.1" 200 4011 "http://localhost:8009/geng/detail/anli" "Mozilla/5.0 (Windows NT 10.0; WOW64) AppleWebKit/537.36 (KHTML, like Gecko) Chrome/73.0.3683.86 Safari/537.36"
140.205.127.169 - - [01/Apr/2019:11:02:35 +0800] "GET /css/font-awesome.min.css HTTP/1.1" 200 7046 "http://qsong.fun/" "Mozilla/5.0 (Windows NT 10.0; WOW64) AppleWebKit/537.36 (KHTML, like Gecko) Chrome/73.0.3683.86 Safari/537.36"
140.205.127.175 - - [01/Apr/2019:11:02:35 +0800] "GET /image/Banner_woniu.jpg HTTP/1.1" 200 55537 "http://qsong.fun/" "Mozilla/5.0 (Windows NT 10.0; WOW64) AppleWebKit/537.36 (KHTML, like Gecko) Chrome/73.0.3683.86 Safari/537.36"
140.205.127.137 - - [01/Apr/2019:11:02:35 +0800] "GET /js/jquery.min.js HTTP/1.1" 200 33354 "http://qsong.fun/" "Mozilla/5.0 (Windows NT 10.0; WOW64) AppleWebKit/537.36 (KHTML, like Gecko) Chrome/73.0.3683.86 Safari/537.36"
140.205.127.158 - - [01/Apr/2019:11:02:35 +0800] "GET /css/bootstrap.min.css HTTP/1.1" 200 16330 "http://qsong.fun/" "Mozilla/5.0 (Windows NT 10.0; WOW64) AppleWebKit/537.36 (KHTML, like Gecko) Chrome/73.0.3683.86 Safari/537.36"
140.205.127.171 - - [01/Apr/2019:11:02:35 +0800] "GET /css/main.css HTTP/1.1" 200 18617 "http://qsong.fun/" "Mozilla/5.0 (Windows NT 10.0; WOW64) AppleWebKit/537.36 (KHTML, like Gecko) Chrome/73.0.3683.86 Safari/537.36"
140.205.127.163 - - [01/Apr/2019:11:02:35 +0800] "GET /image/logo.png HTTP/1.1" 200 6525 "http://qsong.fun/" "Mozilla/5.0 (Windows NT 10.0; WOW64) AppleWebKit/537.36 (KHTML, like Gecko) Chrome/73.0.3683.86 Safari/537.36"
140.205.127.158 - - [01/Apr/2019:11:02:35 +0800] "GET /js/bootstrap.min.js HTTP/1.1" 200 9551 "http://qsong.fun/" "Mozilla/5.0 (Windows NT 10.0; WOW64) AppleWebKit/537.36 (KHTML, like Gecko) Chrome/73.0.3683.86 Safari/537.36"
140.205.127.175 - - [01/Apr/2019:11:02:35 +0800] "GET /js/main.js HTTP/1.1" 200 6125 "http://qsong.fun/" "Mozilla/5.0 (Windows NT 10.0; WOW64) AppleWebKit/537.36 (KHTML, like Gecko) Chrome/73.0.3683.86 Safari/537.36"
140.205.127.136 - - [01/Apr/2019:11:02:35 +0800] "GET /image/Banner_guangyingshuihua.jpg HTTP/1.1" 200 40592 "http://qsong.fun/" "Mozilla/5.0 (Windows NT 10.0; WOW64) AppleWebKit/537.36 (KHTML, like Gecko) Chrome/73.0.3683.86 Safari/537.36"
140.205.127.165 - - [01/Apr/2019:11:02:35 +0800] "GET /js/ias.js HTTP/1.1" 200 2185 "http://qsong.fun/" "Mozilla/5.0 (Windows NT 10.0; WOW64) AppleWebKit/537.36 (KHTML, like Gecko) Chrome/73.0.3683.86 Safari/537.36"
140.205.127.164 - - [01/Apr/2019:11:02:35 +0800] "GET /image/loading.gif HTTP/1.1" 200 2418 "http://qsong.fun/" "Mozilla/5.0 (Windows NT 10.0; WOW64) AppleWebKit/537.36 (KHTML, like Gecko) Chrome/73.0.3683.86 Safari/537.36"
140.205.127.167 - - [01/Apr/2019:11:02:35 +0800] "GET /image/wxapp.jpg HTTP/1.1" 200 75999 "http://qsong.fun/" "Mozilla/5.0 (Windows NT 10.0; WOW64) AppleWebKit/537.36 (KHTML, like Gecko) Chrome/73.0.3683.86 Safari/537.36"
140.205.127.136 - - [01/Apr/2019:11:02:36 +0800] "GET /image/wxqrcode.png HTTP/1.1" 200 40117 "http://qsong.fun/" "Mozilla/5.0 (Windows NT 10.0; WOW64) AppleWebKit/537.36 (KHTML, like Gecko) Chrome/73.0.3683.86 Safari/537.36"
140.205.127.147 - - [01/Apr/2019:11:02:35 +0800] "GET /image/Banner_weimei.jpg HTTP/1.1" 200 165019 "http://qsong.fun/" "Mozilla/5.0 (Windows NT 10.0; WOW64) AppleWebKit/537.36 (KHTML, like Gecko) Chrome/73.0.3683.86 Safari/537.36"
140.205.127.166 - - [01/Apr/2019:11:02:36 +0800] "GET /fonts/fontawesome-webfont.woff?v=4.7.0 HTTP/1.1" 200 98024 "http://qsong.fun/css/font-awesome.min.css" "Mozilla/5.0 (Windows NT 10.0; WOW64) AppleWebKit/537.36 (KHTML, like Gecko) Chrome/73.0.3683.86 Safari/537.36"
127.0.0.1 - - [01/Apr/2019:11:02:39 +0800] "OPTIONS * HTTP/1.0" 200 - "-" "Apache/2.4.6 (CentOS) OpenSSL/1.0.2k-fips PHP/5.4.16 (internal dummy connection)"
127.0.0.1 - - [01/Apr/2019:11:02:40 +0800] "OPTIONS * HTTP/1.0" 200 - "-" "Apache/2.4.6 (CentOS) OpenSSL/1.0.2k-fips PHP/5.4.16 (internal dummy connection)"
127.0.0.1 - - [01/Apr/2019:11:02:41 +0800] "OPTIONS * HTTP/1.0" 200 - "-" "Apache/2.4.6 (CentOS) OpenSSL/1.0.2k-fips PHP/5.4.16 (internal dummy connection)"
120.24.76.122 - - [01/Apr/2019:11:02:41 +0800] "GET /article/getArticleDtl?articleId=128&type=gif HTTP/1.1" 200 8490 "http://qsong.fun/" "Mozilla/5.0 (Windows NT 10.0; WOW64) AppleWebKit/537.36 (KHTML, like Gecko) Chrome/73.0.3683.86 Safari/537.36"
120.24.76.122 - - [01/Apr/2019:11:02:41 +0800] "GET /article/getRandArticle HTTP/1.1" 200 4073 "http://qsong.fun/" "Mozilla/5.0 (Windows NT 10.0; WOW64) AppleWebKit/537.36 (KHTML, like Gecko) Chrome/73.0.3683.86 Safari/537.36"
140.205.127.165 - - [01/Apr/2019:11:02:41 +0800] "GET /gif/detail/128 HTTP/1.1" 200 6479 "http://qsong.fun/" "Mozilla/5.0 (Windows NT 10.0; WOW64) AppleWebKit/537.36 (KHTML, like Gecko) Chrome/73.0.3683.86 Safari/537.36"
140.205.127.165 - - [01/Apr/2019:11:02:41 +0800] "GET /js/share.js HTTP/1.1" 200 6240 "http://qsong.fun/gif/detail/128" "Mozilla/5.0 (Windows NT 10.0; WOW64) AppleWebKit/537.36 (KHTML, like Gecko) Chrome/73.0.3683.86 Safari/537.36"
140.205.127.158 - - [01/Apr/2019:11:02:42 +0800] "GET /css/bootstrap.min.css HTTP/1.1" 200 16330 "http://qsong.fun/gif/detail/128" "Mozilla/5.0 (Windows NT 10.0; WOW64) AppleWebKit/537.36 (KHTML, like Gecko) Chrome/73.0.3683.86 Safari/537.36"
140.205.127.143 - - [01/Apr/2019:11:02:42 +0800] "GET /css/baguetteBox.min.css HTTP/1.1" 200 1000 "http://qsong.fun/gif/detail/128" "Mozilla/5.0 (Windows NT 10.0; WOW64) AppleWebKit/537.36 (KHTML, like Gecko) Chrome/73.0.3683.86 Safari/537.36"
140.205.127.171 - - [01/Apr/2019:11:02:42 +0800] "GET /css/main.css HTTP/1.1" 200 18617 "http://qsong.fun/gif/detail/128" "Mozilla/5.0 (Windows NT 10.0; WOW64) AppleWebKit/537.36 (KHTML, like Gecko) Chrome/73.0.3683.86 Safari/537.36"
140.205.127.149 - - [01/Apr/2019:11:02:42 +0800] "GET /css/share.css HTTP/1.1" 200 484 "http://qsong.fun/gif/detail/128" "Mozilla/5.0 (Windows NT 10.0; WOW64) AppleWebKit/537.36 (KHTML, like Gecko) Chrome/73.0.3683.86 Safari/537.36"
140.205.127.169 - - [01/Apr/2019:11:02:42 +0800] "GET /css/font-awesome.min.css HTTP/1.1" 200 7046 "http://qsong.fun/gif/detail/128" "Mozilla/5.0 (Windows NT 10.0; WOW64) AppleWebKit/537.36 (KHTML, like Gecko) Chrome/73.0.3683.86 Safari/537.36"
140.205.127.149 - - [01/Apr/2019:11:02:42 +0800] "GET /css/gallery-clean.css HTTP/1.1" 200 406 "http://qsong.fun/gif/detail/128" "Mozilla/5.0 (Windows NT 10.0; WOW64) AppleWebKit/537.36 (KHTML, like Gecko) Chrome/73.0.3683.86 Safari/537.36"
140.205.127.137 - - [01/Apr/2019:11:02:42 +0800] "GET /js/jquery.min.js HTTP/1.1" 200 33354 "http://qsong.fun/gif/detail/128" "Mozilla/5.0 (Windows NT 10.0; WOW64) AppleWebKit/537.36 (KHTML, like Gecko) Chrome/73.0.3683.86 Safari/537.36"
140.205.127.163 - - [01/Apr/2019:11:02:42 +0800] "GET /image/logo.png HTTP/1.1" 200 6525 "http://qsong.fun/gif/detail/128" "Mozilla/5.0 (Windows NT 10.0; WOW64) AppleWebKit/537.36 (KHTML, like Gecko) Chrome/73.0.3683.86 Safari/537.36"
140.205.127.166 - - [01/Apr/2019:11:02:42 +0800] "GET /fonts/fontawesome-webfont.woff?v=4.7.0 HTTP/1.1" 200 98024 "http://qsong.fun/css/font-awesome.min.css" "Mozilla/5.0 (Windows NT 10.0; WOW64) AppleWebKit/537.36 (KHTML, like Gecko) Chrome/73.0.3683.86 Safari/537.36"
140.205.127.165 - - [01/Apr/2019:11:02:42 +0800] "GET /js/ias.js HTTP/1.1" 200 2185 "http://qsong.fun/gif/detail/128" "Mozilla/5.0 (Windows NT 10.0; WOW64) AppleWebKit/537.36 (KHTML, like Gecko) Chrome/73.0.3683.86 Safari/537.36"
140.205.127.136 - - [01/Apr/2019:11:02:42 +0800] "GET /image/wxqrcode.png HTTP/1.1" 200 40117 "http://qsong.fun/gif/detail/128" "Mozilla/5.0 (Windows NT 10.0; WOW64) AppleWebKit/537.36 (KHTML, like Gecko) Chrome/73.0.3683.86 Safari/537.36"
140.205.127.158 - - [01/Apr/2019:11:02:42 +0800] "GET /js/bootstrap.min.js HTTP/1.1" 200 9551 "http://qsong.fun/gif/detail/128" "Mozilla/5.0 (Windows NT 10.0; WOW64) AppleWebKit/537.36 (KHTML, like Gecko) Chrome/73.0.3683.86 Safari/537.36"
127.0.0.1 - - [01/Apr/2019:11:02:42 +0800] "OPTIONS * HTTP/1.0" 200 - "-" "Apache/2.4.6 (CentOS) OpenSSL/1.0.2k-fips PHP/5.4.16 (internal dummy connection)"
140.205.127.129 - - [01/Apr/2019:11:02:42 +0800] "GET /image/share.png HTTP/1.1" 200 6932 "http://qsong.fun/css/share.css" "Mozilla/5.0 (Windows NT 10.0; WOW64) AppleWebKit/537.36 (KHTML, like Gecko) Chrome/73.0.3683.86 Safari/537.36"
140.205.127.175 - - [01/Apr/2019:11:02:42 +0800] "GET /js/main.js HTTP/1.1" 200 6125 "http://qsong.fun/gif/detail/128" "Mozilla/5.0 (Windows NT 10.0; WOW64) AppleWebKit/537.36 (KHTML, like Gecko) Chrome/73.0.3683.86 Safari/537.36"
140.205.127.173 - - [01/Apr/2019:11:02:42 +0800] "GET /js/share.js?cdnversion=431690 HTTP/1.1" 200 6240 "http://qsong.fun/gif/detail/128" "Mozilla/5.0 (Windows NT 10.0; WOW64) AppleWebKit/537.36 (KHTML, like Gecko) Chrome/73.0.3683.86 Safari/537.36"
140.205.127.145 - - [01/Apr/2019:11:02:43 +0800] "GET /api/js/share/share_api.js?v=226108fe.js HTTP/1.1" 200 484 "http://qsong.fun/gif/detail/128" "Mozilla/5.0 (Windows NT 10.0; WOW64) AppleWebKit/537.36 (KHTML, like Gecko) Chrome/73.0.3683.86 Safari/537.36"
140.205.127.160 - - [01/Apr/2019:11:02:43 +0800] "GET /api/js/view/share_view.js?v=3ae6026d.js HTTP/1.1" 200 895 "http://qsong.fun/gif/detail/128" "Mozilla/5.0 (Windows NT 10.0; WOW64) AppleWebKit/537.36 (KHTML, like Gecko) Chrome/73.0.3683.86 Safari/537.36"
140.205.127.173 - - [01/Apr/2019:11:02:43 +0800] "GET /api/js/share/api_base.js HTTP/1.1" 200 580 "http://qsong.fun/gif/detail/128" "Mozilla/5.0 (Windows NT 10.0; WOW64) AppleWebKit/537.36 (KHTML, like Gecko) Chrome/73.0.3683.86 Safari/537.36"
140.205.127.160 - - [01/Apr/2019:11:02:43 +0800] "GET /api/js/base/tangram.js?v=37768233.js HTTP/1.1" 200 36079 "http://qsong.fun/gif/detail/128" "Mozilla/5.0 (Windows NT 10.0; WOW64) AppleWebKit/537.36 (KHTML, like Gecko) Chrome/73.0.3683.86 Safari/537.36"
140.205.127.145 - - [01/Apr/2019:11:02:43 +0800] "GET /api/js/view/view_base.js HTTP/1.1" 200 728 "http://qsong.fun/gif/detail/128" "Mozilla/5.0 (Windows NT 10.0; WOW64) AppleWebKit/537.36 (KHTML, like Gecko) Chrome/73.0.3683.86 Safari/537.36"
140.205.127.135 - - [01/Apr/2019:11:02:43 +0800] "GET /api/js/component/partners.js?v=911c4302.js HTTP/1.1" 200 821 "http://qsong.fun/gif/detail/128" "Mozilla/5.0 (Windows NT 10.0; WOW64) AppleWebKit/537.36 (KHTML, like Gecko) Chrome/73.0.3683.86 Safari/537.36"
140.205.127.158 - - [01/Apr/2019:11:02:44 +0800] "GET /css/bootstrap.min.css HTTP/1.1" 200 16330 "http://qsong.fun/gif/detail/128" "Mozilla/5.0 (Windows NT 10.0; WOW64) AppleWebKit/537.36 (KHTML, like Gecko) Chrome/73.0.3683.86 Safari/537.36"
140.205.127.169 - - [01/Apr/2019:11:02:44 +0800] "GET /css/font-awesome.min.css HTTP/1.1" 200 7046 "http://qsong.fun/gif/detail/128" "Mozilla/5.0 (Windows NT 10.0; WOW64) AppleWebKit/537.36 (KHTML, like Gecko) Chrome/73.0.3683.86 Safari/537.36"
140.205.127.165 - - [01/Apr/2019:11:02:44 +0800] "GET /js/share.js HTTP/1.1" 200 6240 "http://qsong.fun/gif/detail/128" "Mozilla/5.0 (Windows NT 10.0; WOW64) AppleWebKit/537.36 (KHTML, like Gecko) Chrome/73.0.3683.86 Safari/537.36"
140.205.127.171 - - [01/Apr/2019:11:02:44 +0800] "GET /css/main.css HTTP/1.1" 200 18617 "http://qsong.fun/gif/detail/128" "Mozilla/5.0 (Windows NT 10.0; WOW64) AppleWebKit/537.36 (KHTML, like Gecko) Chrome/73.0.3683.86 Safari/537.36"
140.205.127.149 - - [01/Apr/2019:11:02:44 +0800] "GET /css/share.css HTTP/1.1" 200 484 "http://qsong.fun/gif/detail/128" "Mozilla/5.0 (Windows NT 10.0; WOW64) AppleWebKit/537.36 (KHTML, like Gecko) Chrome/73.0.3683.86 Safari/537.36"
140.205.127.143 - - [01/Apr/2019:11:02:44 +0800] "GET /css/baguetteBox.min.css HTTP/1.1" 200 1000 "http://qsong.fun/gif/detail/128" "Mozilla/5.0 (Windows NT 10.0; WOW64) AppleWebKit/537.36 (KHTML, like Gecko) Chrome/73.0.3683.86 Safari/537.36"
140.205.127.137 - - [01/Apr/2019:11:02:44 +0800] "GET /js/jquery.min.js HTTP/1.1" 200 33354 "http://qsong.fun/gif/detail/128" "Mozilla/5.0 (Windows NT 10.0; WOW64) AppleWebKit/537.36 (KHTML, like Gecko) Chrome/73.0.3683.86 Safari/537.36"
140.205.127.163 - - [01/Apr/2019:11:02:44 +0800] "GET /image/logo.png HTTP/1.1" 200 6525 "http://qsong.fun/gif/detail/128" "Mozilla/5.0 (Windows NT 10.0; WOW64) AppleWebKit/537.36 (KHTML, like Gecko) Chrome/73.0.3683.86 Safari/537.36"
140.205.127.149 - - [01/Apr/2019:11:02:44 +0800] "GET /css/gallery-clean.css HTTP/1.1" 200 406 "http://qsong.fun/gif/detail/128" "Mozilla/5.0 (Windows NT 10.0; WOW64) AppleWebKit/537.36 (KHTML, like Gecko) Chrome/73.0.3683.86 Safari/537.36"
140.205.127.136 - - [01/Apr/2019:11:02:44 +0800] "GET /image/wxqrcode.png HTTP/1.1" 200 40117 "http://qsong.fun/gif/detail/128" "Mozilla/5.0 (Windows NT 10.0; WOW64) AppleWebKit/537.36 (KHTML, like Gecko) Chrome/73.0.3683.86 Safari/537.36"
140.205.127.158 - - [01/Apr/2019:11:02:44 +0800] "GET /js/bootstrap.min.js HTTP/1.1" 200 9551 "http://qsong.fun/gif/detail/128" "Mozilla/5.0 (Windows NT 10.0; WOW64) AppleWebKit/537.36 (KHTML, like Gecko) Chrome/73.0.3683.86 Safari/537.36"
140.205.127.165 - - [01/Apr/2019:11:02:44 +0800] "GET /js/ias.js HTTP/1.1" 200 2185 "http://qsong.fun/gif/detail/128" "Mozilla/5.0 (Windows NT 10.0; WOW64) AppleWebKit/537.36 (KHTML, like Gecko) Chrome/73.0.3683.86 Safari/537.36"
140.205.127.175 - - [01/Apr/2019:11:02:44 +0800] "GET /js/main.js HTTP/1.1" 200 6125 "http://qsong.fun/gif/detail/128" "Mozilla/5.0 (Windows NT 10.0; WOW64) AppleWebKit/537.36 (KHTML, like Gecko) Chrome/73.0.3683.86 Safari/537.36"
140.205.127.166 - - [01/Apr/2019:11:02:44 +0800] "GET /fonts/fontawesome-webfont.woff?v=4.7.0 HTTP/1.1" 200 98024 "http://qsong.fun/css/font-awesome.min.css" "Mozilla/5.0 (Windows NT 10.0; WOW64) AppleWebKit/537.36 (KHTML, like Gecko) Chrome/73.0.3683.86 Safari/537.36"
140.205.127.173 - - [01/Apr/2019:11:02:45 +0800] "GET /js/share.js?cdnversion=431690 HTTP/1.1" 200 6240 "http://qsong.fun/gif/detail/128" "Mozilla/5.0 (Windows NT 10.0; WOW64) AppleWebKit/537.36 (KHTML, like Gecko) Chrome/73.0.3683.86 Safari/537.36"
140.205.127.145 - - [01/Apr/2019:11:02:45 +0800] "GET /api/js/share/share_api.js?v=226108fe.js HTTP/1.1" 200 484 "http://qsong.fun/gif/detail/128" "Mozilla/5.0 (Windows NT 10.0; WOW64) AppleWebKit/537.36 (KHTML, like Gecko) Chrome/73.0.3683.86 Safari/537.36"
140.205.127.160 - - [01/Apr/2019:11:02:45 +0800] "GET /api/js/view/share_view.js?v=3ae6026d.js HTTP/1.1" 200 895 "http://qsong.fun/gif/detail/128" "Mozilla/5.0 (Windows NT 10.0; WOW64) AppleWebKit/537.36 (KHTML, like Gecko) Chrome/73.0.3683.86 Safari/537.36"
140.205.127.173 - - [01/Apr/2019:11:02:45 +0800] "GET /api/js/share/api_base.js HTTP/1.1" 200 580 "http://qsong.fun/gif/detail/128" "Mozilla/5.0 (Windows NT 10.0; WOW64) AppleWebKit/537.36 (KHTML, like Gecko) Chrome/73.0.3683.86 Safari/537.36"
140.205.127.145 - - [01/Apr/2019:11:02:45 +0800] "GET /api/js/view/view_base.js HTTP/1.1" 200 728 "http://qsong.fun/gif/detail/128" "Mozilla/5.0 (Windows NT 10.0; WOW64) AppleWebKit/537.36 (KHTML, like Gecko) Chrome/73.0.3683.86 Safari/537.36"
140.205.127.160 - - [01/Apr/2019:11:02:45 +0800] "GET /api/js/base/tangram.js?v=37768233.js HTTP/1.1" 200 36079 "http://qsong.fun/gif/detail/128" "Mozilla/5.0 (Windows NT 10.0; WOW64) AppleWebKit/537.36 (KHTML, like Gecko) Chrome/73.0.3683.86 Safari/537.36"
