140.205.127.136 - - [01/Apr/2019:09:57:12 +0800] "GET /image/Banner_guangyingshuihua.jpg HTTP/1.1" 200 40592 "http://qsong.fun/" "Mozilla/5.0 (Windows NT 10.0; WOW64) AppleWebKit/537.36 (KHTML, like Gecko) Chrome/73.0.3683.86 Safari/537.36"
61.147.73.195 - - [01/Apr/2019:09:57:12 +0800] "GET /image/Banner_weimei.jpg HTTP/1.1" 200 165019 "http://qsong.fun/" "Mozilla/5.0 (Windows NT 10.0; WOW64) AppleWebKit/537.36 (KHTML, like Gecko) Chrome/73.0.3683.86 Safari/537.36"
140.205.127.164 - - [01/Apr/2019:09:57:13 +0800] "GET /image/loading.gif HTTP/1.1" 200 2418 "http://qsong.fun/" "Mozilla/5.0 (Windows NT 10.0; WOW64) AppleWebKit/537.36 (KHTML, like Gecko) Chrome/73.0.3683.86 Safari/537.36"
140.205.127.167 - - [01/Apr/2019:09:57:14 +0800] "GET /image/wxapp.jpg HTTP/1.1" 200 75999 "http://qsong.fun/" "Mozilla/5.0 (Windows NT 10.0; WOW64) AppleWebKit/537.36 (KHTML, like Gecko) Chrome/73.0.3683.86 Safari/537.36"
140.205.127.166 - - [01/Apr/2019:09:57:14 +0800] "GET /fonts/fontawesome-webfont.woff?v=4.7.0 HTTP/1.1" 200 98024 "http://qsong.fun/css/font-awesome.min.css" "Mozilla/5.0 (Windows NT 10.0; WOW64) AppleWebKit/537.36 (KHTML, like Gecko) Chrome/73.0.3683.86 Safari/537.36"
140.205.127.136 - - [01/Apr/2019:09:57:15 +0800] "GET /image/wxqrcode.png HTTP/1.1" 200 40117 "http://qsong.fun/" "Mozilla/5.0 (Windows NT 10.0; WOW64) AppleWebKit/537.36 (KHTML, like Gecko) Chrome/73.0.3683.86 Safari/537.36"
127.0.0.1 - - [01/Apr/2019:09:57:17 +0800] "OPTIONS * HTTP/1.0" 200 - "-" "Apache/2.4.6 (CentOS) OpenSSL/1.0.2k-fips PHP/5.4.16 (internal dummy connection)"
127.0.0.1 - - [01/Apr/2019:09:57:18 +0800] "OPTIONS * HTTP/1.0" 200 - "-" "Apache/2.4.6 (CentOS) OpenSSL/1.0.2k-fips PHP/5.4.16 (internal dummy connection)"
127.0.0.1 - - [01/Apr/2019:09:57:19 +0800] "OPTIONS * HTTP/1.0" 200 - "-" "Apache/2.4.6 (CentOS) OpenSSL/1.0.2k-fips PHP/5.4.16 (internal dummy connection)"
127.0.0.1 - - [01/Apr/2019:09:57:20 +0800] "OPTIONS * HTTP/1.0" 200 - "-" "Apache/2.4.6 (CentOS) OpenSSL/1.0.2k-fips PHP/5.4.16 (internal dummy connection)"
127.0.0.1 - - [01/Apr/2019:09:57:21 +0800] "OPTIONS * HTTP/1.0" 200 - "-" "Apache/2.4.6 (CentOS) OpenSSL/1.0.2k-fips PHP/5.4.16 (internal dummy connection)"
120.24.76.122 - - [01/Apr/2019:09:57:21 +0800] "GET /article/getArticleDtl?articleId=126&type=gif HTTP/1.1" 200 8796 "http://qsong.fun/" "Mozilla/5.0 (Windows NT 10.0; WOW64) AppleWebKit/537.36 (KHTML, like Gecko) Chrome/73.0.3683.86 Safari/537.36"
120.24.76.122 - - [01/Apr/2019:09:57:21 +0800] "GET /article/getRandArticle HTTP/1.1" 200 4326 "http://qsong.fun/" "Mozilla/5.0 (Windows NT 10.0; WOW64) AppleWebKit/537.36 (KHTML, like Gecko) Chrome/73.0.3683.86 Safari/537.36"
61.147.73.190 - - [01/Apr/2019:09:57:21 +0800] "GET /gif/detail/126 HTTP/1.1" 200 6791 "http://qsong.fun/" "Mozilla/5.0 (Windows NT 10.0; WOW64) AppleWebKit/537.36 (KHTML, like Gecko) Chrome/73.0.3683.86 Safari/537.36"
140.205.127.149 - - [01/Apr/2019:09:57:22 +0800] "GET /css/share.css HTTP/1.1" 200 484 "http://qsong.fun/gif/detail/126" "Mozilla/5.0 (Windows NT 10.0; WOW64) AppleWebKit/537.36 (KHTML, like Gecko) Chrome/73.0.3683.86 Safari/537.36"
140.205.127.169 - - [01/Apr/2019:09:57:22 +0800] "GET /css/font-awesome.min.css HTTP/1.1" 200 7046 "http://qsong.fun/gif/detail/126" "Mozilla/5.0 (Windows NT 10.0; WOW64) AppleWebKit/537.36 (KHTML, like Gecko) Chrome/73.0.3683.86 Safari/537.36"
140.205.127.143 - - [01/Apr/2019:09:57:22 +0800] "GET /css/baguetteBox.min.css HTTP/1.1" 200 1000 "http://qsong.fun/gif/detail/126" "Mozilla/5.0 (Windows NT 10.0; WOW64) AppleWebKit/537.36 (KHTML, like Gecko) Chrome/73.0.3683.86 Safari/537.36"
61.147.73.181 - - [01/Apr/2019:09:57:22 +0800] "GET /js/share.js HTTP/1.1" 200 6240 "http://qsong.fun/gif/detail/126" "Mozilla/5.0 (Windows NT 10.0; WOW64) AppleWebKit/537.36 (KHTML, like Gecko) Chrome/73.0.3683.86 Safari/537.36"
140.205.127.158 - - [01/Apr/2019:09:57:22 +0800] "GET /css/bootstrap.min.css HTTP/1.1" 200 16330 "http://qsong.fun/gif/detail/126" "Mozilla/5.0 (Windows NT 10.0; WOW64) AppleWebKit/537.36 (KHTML, like Gecko) Chrome/73.0.3683.86 Safari/537.36"
140.205.127.142 - - [01/Apr/2019:09:57:22 +0800] "GET /_nuxt/53e9cc4a72a8b4866b60.js HTTP/1.1" 200 5799 "http://qsong.fun/gif/detail/126" "Mozilla/5.0 (Windows NT 10.0; WOW64) AppleWebKit/537.36 (KHTML, like Gecko) Chrome/73.0.3683.86 Safari/537.36"
140.205.127.163 - - [01/Apr/2019:09:57:22 +0800] "GET /image/logo.png HTTP/1.1" 200 6525 "http://qsong.fun/gif/detail/126" "Mozilla/5.0 (Windows NT 10.0; WOW64) AppleWebKit/537.36 (KHTML, like Gecko) Chrome/73.0.3683.86 Safari/537.36"
61.147.73.164 - - [01/Apr/2019:09:57:22 +0800] "GET /css/gallery-clean.css HTTP/1.1" 200 406 "http://qsong.fun/gif/detail/126" "Mozilla/5.0 (Windows NT 10.0; WOW64) AppleWebKit/537.36 (KHTML, like Gecko) Chrome/73.0.3683.86 Safari/537.36"
61.147.73.150 - - [01/Apr/2019:09:57:22 +0800] "GET /css/main.css HTTP/1.1" 200 18617 "http://qsong.fun/gif/detail/126" "Mozilla/5.0 (Windows NT 10.0; WOW64) AppleWebKit/537.36 (KHTML, like Gecko) Chrome/73.0.3683.86 Safari/537.36"
61.147.73.159 - - [01/Apr/2019:09:57:22 +0800] "GET /js/jquery.min.js HTTP/1.1" 200 33354 "http://qsong.fun/gif/detail/126" "Mozilla/5.0 (Windows NT 10.0; WOW64) AppleWebKit/537.36 (KHTML, like Gecko) Chrome/73.0.3683.86 Safari/537.36"
140.205.127.158 - - [01/Apr/2019:09:57:22 +0800] "GET /js/bootstrap.min.js HTTP/1.1" 200 9551 "http://qsong.fun/gif/detail/126" "Mozilla/5.0 (Windows NT 10.0; WOW64) AppleWebKit/537.36 (KHTML, like Gecko) Chrome/73.0.3683.86 Safari/537.36"
61.147.73.193 - - [01/Apr/2019:09:57:22 +0800] "GET /js/ias.js HTTP/1.1" 200 2185 "http://qsong.fun/gif/detail/126" "Mozilla/5.0 (Windows NT 10.0; WOW64) AppleWebKit/537.36 (KHTML, like Gecko) Chrome/73.0.3683.86 Safari/537.36"
140.205.127.175 - - [01/Apr/2019:09:57:22 +0800] "GET /js/main.js HTTP/1.1" 200 6125 "http://qsong.fun/gif/detail/126" "Mozilla/5.0 (Windows NT 10.0; WOW64) AppleWebKit/537.36 (KHTML, like Gecko) Chrome/73.0.3683.86 Safari/537.36"
140.205.127.129 - - [01/Apr/2019:09:57:22 +0800] "GET /image/share.png HTTP/1.1" 200 6932 "http://qsong.fun/css/share.css" "Mozilla/5.0 (Windows NT 10.0; WOW64) AppleWebKit/537.36 (KHTML, like Gecko) Chrome/73.0.3683.86 Safari/537.36"
140.205.127.136 - - [01/Apr/2019:09:57:22 +0800] "GET /image/wxqrcode.png HTTP/1.1" 200 40117 "http://qsong.fun/gif/detail/126" "Mozilla/5.0 (Windows NT 10.0; WOW64) AppleWebKit/537.36 (KHTML, like Gecko) Chrome/73.0.3683.86 Safari/537.36"
140.205.127.166 - - [01/Apr/2019:09:57:22 +0800] "GET /fonts/fontawesome-webfont.woff?v=4.7.0 HTTP/1.1" 200 98024 "http://qsong.fun/css/font-awesome.min.css" "Mozilla/5.0 (Windows NT 10.0; WOW64) AppleWebKit/537.36 (KHTML, like Gecko) Chrome/73.0.3683.86 Safari/537.36"
61.147.73.182 - - [01/Apr/2019:09:57:22 +0800] "GET /js/share.js?cdnversion=431688 HTTP/1.1" 200 6240 "http://qsong.fun/gif/detail/126" "Mozilla/5.0 (Windows NT 10.0; WOW64) AppleWebKit/537.36 (KHTML, like Gecko) Chrome/73.0.3683.86 Safari/537.36"
61.147.73.150 - - [01/Apr/2019:09:57:22 +0800] "GET /api/js/share/share_api.js?v=226108fe.js HTTP/1.1" 200 484 "http://qsong.fun/gif/detail/126" "Mozilla/5.0 (Windows NT 10.0; WOW64) AppleWebKit/537.36 (KHTML, like Gecko) Chrome/73.0.3683.86 Safari/537.36"
61.147.73.164 - - [01/Apr/2019:09:57:22 +0800] "GET /api/js/view/share_view.js?v=3ae6026d.js HTTP/1.1" 200 895 "http://qsong.fun/gif/detail/126" "Mozilla/5.0 (Windows NT 10.0; WOW64) AppleWebKit/537.36 (KHTML, like Gecko) Chrome/73.0.3683.86 Safari/537.36"
61.147.73.180 - - [01/Apr/2019:09:57:23 +0800] "GET /api/js/base/tangram.js?v=37768233.js HTTP/1.1" 200 36079 "http://qsong.fun/gif/detail/126" "Mozilla/5.0 (Windows NT 10.0; WOW64) AppleWebKit/537.36 (KHTML, like Gecko) Chrome/73.0.3683.86 Safari/537.36"
61.147.73.183 - - [01/Apr/2019:09:57:23 +0800] "GET /api/js/view/view_base.js HTTP/1.1" 200 728 "http://qsong.fun/gif/detail/126" "Mozilla/5.0 (Windows NT 10.0; WOW64) AppleWebKit/537.36 (KHTML, like Gecko) Chrome/73.0.3683.86 Safari/537.36"
140.205.127.173 - - [01/Apr/2019:09:57:23 +0800] "GET /api/js/share/api_base.js HTTP/1.1" 200 580 "http://qsong.fun/gif/detail/126" "Mozilla/5.0 (Windows NT 10.0; WOW64) AppleWebKit/537.36 (KHTML, like Gecko) Chrome/73.0.3683.86 Safari/537.36"
61.147.73.163 - - [01/Apr/2019:09:57:23 +0800] "GET /css/share.css HTTP/1.1" 200 484 "http://qsong.fun/gif/detail/126" "Mozilla/5.0 (Windows NT 10.0; WOW64) AppleWebKit/537.36 (KHTML, like Gecko) Chrome/73.0.3683.86 Safari/537.36"
140.205.127.135 - - [01/Apr/2019:09:57:24 +0800] "GET /api/js/component/partners.js?v=911c4302.js HTTP/1.1" 200 821 "http://qsong.fun/gif/detail/126" "Mozilla/5.0 (Windows NT 10.0; WOW64) AppleWebKit/537.36 (KHTML, like Gecko) Chrome/73.0.3683.86 Safari/537.36"
140.205.127.134 - - [01/Apr/2019:09:57:25 +0800] "GET /api/js/trans/logger.js?v=d16ec0e3.js HTTP/1.1" 200 20 "http://qsong.fun/gif/detail/126" "Mozilla/5.0 (Windows NT 10.0; WOW64) AppleWebKit/537.36 (KHTML, like Gecko) Chrome/73.0.3683.86 Safari/537.36"
127.0.0.1 - - [01/Apr/2019:09:57:27 +0800] "OPTIONS * HTTP/1.0" 200 - "-" "Apache/2.4.6 (CentOS) OpenSSL/1.0.2k-fips PHP/5.4.16 (internal dummy connection)"
127.0.0.1 - - [01/Apr/2019:09:57:28 +0800] "OPTIONS * HTTP/1.0" 200 - "-" "Apache/2.4.6 (CentOS) OpenSSL/1.0.2k-fips PHP/5.4.16 (internal dummy connection)"
127.0.0.1 - - [01/Apr/2019:09:57:29 +0800] "OPTIONS * HTTP/1.0" 200 - "-" "Apache/2.4.6 (CentOS) OpenSSL/1.0.2k-fips PHP/5.4.16 (internal dummy connection)"
127.0.0.1 - - [01/Apr/2019:09:57:30 +0800] "OPTIONS * HTTP/1.0" 200 - "-" "Apache/2.4.6 (CentOS) OpenSSL/1.0.2k-fips PHP/5.4.16 (internal dummy connection)"
127.0.0.1 - - [01/Apr/2019:09:57:31 +0800] "OPTIONS * HTTP/1.0" 200 - "-" "Apache/2.4.6 (CentOS) OpenSSL/1.0.2k-fips PHP/5.4.16 (internal dummy connection)"
127.0.0.1 - - [01/Apr/2019:09:57:32 +0800] "OPTIONS * HTTP/1.0" 200 - "-" "Apache/2.4.6 (CentOS) OpenSSL/1.0.2k-fips PHP/5.4.16 (internal dummy connection)"
127.0.0.1 - - [01/Apr/2019:09:57:33 +0800] "OPTIONS * HTTP/1.0" 200 - "-" "Apache/2.4.6 (CentOS) OpenSSL/1.0.2k-fips PHP/5.4.16 (internal dummy connection)"
127.0.0.1 - - [01/Apr/2019:09:57:34 +0800] "OPTIONS * HTTP/1.0" 200 - "-" "Apache/2.4.6 (CentOS) OpenSSL/1.0.2k-fips PHP/5.4.16 (internal dummy connection)"
127.0.0.1 - - [01/Apr/2019:09:57:35 +0800] "OPTIONS * HTTP/1.0" 200 - "-" "Apache/2.4.6 (CentOS) OpenSSL/1.0.2k-fips PHP/5.4.16 (internal dummy connection)"
127.0.0.1 - - [01/Apr/2019:09:57:36 +0800] "OPTIONS * HTTP/1.0" 200 - "-" "Apache/2.4.6 (CentOS) OpenSSL/1.0.2k-fips PHP/5.4.16 (internal dummy connection)"
127.0.0.1 - - [01/Apr/2019:09:57:37 +0800] "OPTIONS * HTTP/1.0" 200 - "-" "Apache/2.4.6 (CentOS) OpenSSL/1.0.2k-fips PHP/5.4.16 (internal dummy connection)"
127.0.0.1 - - [01/Apr/2019:09:57:38 +0800] "OPTIONS * HTTP/1.0" 200 - "-" "Apache/2.4.6 (CentOS) OpenSSL/1.0.2k-fips PHP/5.4.16 (internal dummy connection)"
127.0.0.1 - - [01/Apr/2019:09:57:39 +0800] "OPTIONS * HTTP/1.0" 200 - "-" "Apache/2.4.6 (CentOS) OpenSSL/1.0.2k-fips PHP/5.4.16 (internal dummy connection)"
127.0.0.1 - - [01/Apr/2019:09:57:40 +0800] "OPTIONS * HTTP/1.0" 200 - "-" "Apache/2.4.6 (CentOS) OpenSSL/1.0.2k-fips PHP/5.4.16 (internal dummy connection)"
127.0.0.1 - - [01/Apr/2019:09:57:41 +0800] "OPTIONS * HTTP/1.0" 200 - "-" "Apache/2.4.6 (CentOS) OpenSSL/1.0.2k-fips PHP/5.4.16 (internal dummy connection)"
127.0.0.1 - - [01/Apr/2019:09:57:42 +0800] "OPTIONS * HTTP/1.0" 200 - "-" "Apache/2.4.6 (CentOS) OpenSSL/1.0.2k-fips PHP/5.4.16 (internal dummy connection)"
127.0.0.1 - - [01/Apr/2019:09:57:43 +0800] "OPTIONS * HTTP/1.0" 200 - "-" "Apache/2.4.6 (CentOS) OpenSSL/1.0.2k-fips PHP/5.4.16 (internal dummy connection)"
127.0.0.1 - - [01/Apr/2019:09:57:44 +0800] "OPTIONS * HTTP/1.0" 200 - "-" "Apache/2.4.6 (CentOS) OpenSSL/1.0.2k-fips PHP/5.4.16 (internal dummy connection)"
127.0.0.1 - - [01/Apr/2019:09:57:45 +0800] "OPTIONS * HTTP/1.0" 200 - "-" "Apache/2.4.6 (CentOS) OpenSSL/1.0.2k-fips PHP/5.4.16 (internal dummy connection)"
127.0.0.1 - - [01/Apr/2019:09:57:46 +0800] "OPTIONS * HTTP/1.0" 200 - "-" "Apache/2.4.6 (CentOS) OpenSSL/1.0.2k-fips PHP/5.4.16 (internal dummy connection)"
127.0.0.1 - - [01/Apr/2019:09:57:47 +0800] "OPTIONS * HTTP/1.0" 200 - "-" "Apache/2.4.6 (CentOS) OpenSSL/1.0.2k-fips PHP/5.4.16 (internal dummy connection)"
127.0.0.1 - - [01/Apr/2019:09:57:48 +0800] "OPTIONS * HTTP/1.0" 200 - "-" "Apache/2.4.6 (CentOS) OpenSSL/1.0.2k-fips PHP/5.4.16 (internal dummy connection)"
127.0.0.1 - - [01/Apr/2019:09:57:49 +0800] "OPTIONS * HTTP/1.0" 200 - "-" "Apache/2.4.6 (CentOS) OpenSSL/1.0.2k-fips PHP/5.4.16 (internal dummy connection)"
127.0.0.1 - - [01/Apr/2019:09:57:50 +0800] "OPTIONS * HTTP/1.0" 200 - "-" "Apache/2.4.6 (CentOS) OpenSSL/1.0.2k-fips PHP/5.4.16 (internal dummy connection)"
120.24.76.122 - - [01/Apr/2019:09:57:50 +0800] "GET /article/getArticleList?ps=5&pn=1&sort=read HTTP/1.1" 200 4358 "-" "NetSystemsResearch studies the availability of various services across the internet. Our website is netsystemsresearch.com"
120.24.76.122 - - [01/Apr/2019:09:57:50 +0800] "GET /article/getArticleList?ps=10&pn=1 HTTP/1.1" 200 8589 "-" "NetSystemsResearch studies the availability of various services across the internet. Our website is netsystemsresearch.com"
120.24.76.122 - - [01/Apr/2019:09:57:50 +0800] "GET /article/getCountInfo HTTP/1.1" 200 282 "-" "NetSystemsResearch studies the availability of various services across the internet. Our website is netsystemsresearch.com"
120.24.76.122 - - [01/Apr/2019:09:57:50 +0800] "GET /article/getArticleList?ps=5&pn=1&type=notice HTTP/1.1" 200 1590 "-" "NetSystemsResearch studies the availability of various services across the internet. Our website is netsystemsresearch.com"
120.24.76.122 - - [01/Apr/2019:09:57:50 +0800] "GET /article/getArticleList?ps=1&pn=1&type=dz HTTP/1.1" 200 1252 "-" "NetSystemsResearch studies the availability of various services across the internet. Our website is netsystemsresearch.com"
120.24.76.122 - - [01/Apr/2019:09:57:50 +0800] "GET /article/getRandArticle HTTP/1.1" 200 4075 "-" "NetSystemsResearch studies the availability of various services across the internet. Our website is netsystemsresearch.com"
120.24.76.122 - - [01/Apr/2019:09:57:50 +0800] "GET /article/getArticleList?ps=1&pn=1&type=video&sort=read HTTP/1.1" 200 1024 "-" "NetSystemsResearch studies the availability of various services across the internet. Our website is netsystemsresearch.com"
92.118.160.13 - - [01/Apr/2019:09:57:50 +0800] "GET / HTTP/1.0" 200 33463 "-" "NetSystemsResearch studies the availability of various services across the internet. Our website is netsystemsresearch.com"
127.0.0.1 - - [01/Apr/2019:09:58:03 +0800] "OPTIONS * HTTP/1.0" 200 - "-" "Apache/2.4.6 (CentOS) OpenSSL/1.0.2k-fips PHP/5.4.16 (internal dummy connection)"
80.82.70.187 - - [01/Apr/2019:09:58:04 +0800] "GET http://www.baidu.com/cache/global/img/gs.gif HTTP/1.1" 404 43 "-" "Mozilla"
120.24.76.122 - - [01/Apr/2019:09:58:05 +0800] "GET /article/getRandArticle HTTP/1.1" 200 4062 "http://qsong.fun/" "Mozilla/5.0 (Windows NT 10.0; WOW64) AppleWebKit/537.36 (KHTML, like Gecko) Chrome/73.0.3683.86 Safari/537.36"
120.24.76.122 - - [01/Apr/2019:09:58:05 +0800] "GET /article/getArticleDtl?articleId=127&type=gif HTTP/1.1" 200 8563 "http://qsong.fun/" "Mozilla/5.0 (Windows NT 10.0; WOW64) AppleWebKit/537.36 (KHTML, like Gecko) Chrome/73.0.3683.86 Safari/537.36"
61.147.73.197 - - [01/Apr/2019:09:58:05 +0800] "GET /gif/detail/127 HTTP/1.1" 200 6482 "http://qsong.fun/" "Mozilla/5.0 (Windows NT 10.0; WOW64) AppleWebKit/537.36 (KHTML, like Gecko) Chrome/73.0.3683.86 Safari/537.36"
61.147.73.193 - - [01/Apr/2019:09:58:05 +0800] "GET /css/font-awesome.min.css HTTP/1.1" 200 7046 "http://qsong.fun/gif/detail/127" "Mozilla/5.0 (Windows NT 10.0; WOW64) AppleWebKit/537.36 (KHTML, like Gecko) Chrome/73.0.3683.86 Safari/537.36"
61.147.73.163 - - [01/Apr/2019:09:58:05 +0800] "GET /css/share.css HTTP/1.1" 200 484 "http://qsong.fun/gif/detail/127" "Mozilla/5.0 (Windows NT 10.0; WOW64) AppleWebKit/537.36 (KHTML, like Gecko) Chrome/73.0.3683.86 Safari/537.36"
61.147.73.150 - - [01/Apr/2019:09:58:05 +0800] "GET /css/main.css HTTP/1.1" 200 18617 "http://qsong.fun/gif/detail/127" "Mozilla/5.0 (Windows NT 10.0; WOW64) AppleWebKit/537.36 (KHTML, like Gecko) Chrome/73.0.3683.86 Safari/537.36"
140.205.127.158 - - [01/Apr/2019:09:58:05 +0800] "GET /css/bootstrap.min.css HTTP/1.1" 200 16330 "http://qsong.fun/gif/detail/127" "Mozilla/5.0 (Windows NT 10.0; WOW64) AppleWebKit/537.36 (KHTML, like Gecko) Chrome/73.0.3683.86 Safari/537.36"
140.205.127.143 - - [01/Apr/2019:09:58:05 +0800] "GET /css/baguetteBox.min.css HTTP/1.1" 200 1000 "http://qsong.fun/gif/detail/127" "Mozilla/5.0 (Windows NT 10.0; WOW64) AppleWebKit/537.36 (KHTML, like Gecko) Chrome/73.0.3683.86 Safari/537.36"
140.205.127.165 - - [01/Apr/2019:09:58:05 +0800] "GET /js/share.js HTTP/1.1" 200 6240 "http://qsong.fun/gif/detail/127" "Mozilla/5.0 (Windows NT 10.0; WOW64) AppleWebKit/537.36 (KHTML, like Gecko) Chrome/73.0.3683.86 Safari/537.36"
140.205.127.158 - - [01/Apr/2019:09:58:05 +0800] "GET /js/bootstrap.min.js HTTP/1.1" 200 9551 "http://qsong.fun/gif/detail/127" "Mozilla/5.0 (Windows NT 10.0; WOW64) AppleWebKit/537.36 (KHTML, like Gecko) Chrome/73.0.3683.86 Safari/537.36"
140.205.127.149 - - [01/Apr/2019:09:58:05 +0800] "GET /css/gallery-clean.css HTTP/1.1" 200 406 "http://qsong.fun/gif/detail/127" "Mozilla/5.0 (Windows NT 10.0; WOW64) AppleWebKit/537.36 (KHTML, like Gecko) Chrome/73.0.3683.86 Safari/537.36"
140.205.127.137 - - [01/Apr/2019:09:58:05 +0800] "GET /js/jquery.min.js HTTP/1.1" 200 33354 "http://qsong.fun/gif/detail/127" "Mozilla/5.0 (Windows NT 10.0; WOW64) AppleWebKit/537.36 (KHTML, like Gecko) Chrome/73.0.3683.86 Safari/537.36"
140.205.127.163 - - [01/Apr/2019:09:58:05 +0800] "GET /image/logo.png HTTP/1.1" 200 6525 "http://qsong.fun/gif/detail/127" "Mozilla/5.0 (Windows NT 10.0; WOW64) AppleWebKit/537.36 (KHTML, like Gecko) Chrome/73.0.3683.86 Safari/537.36"
140.205.127.165 - - [01/Apr/2019:09:58:05 +0800] "GET /js/ias.js HTTP/1.1" 200 2185 "http://qsong.fun/gif/detail/127" "Mozilla/5.0 (Windows NT 10.0; WOW64) AppleWebKit/537.36 (KHTML, like Gecko) Chrome/73.0.3683.86 Safari/537.36"
61.147.73.189 - - [01/Apr/2019:09:58:06 +0800] "GET /image/share.png HTTP/1.1" 200 6932 "http://qsong.fun/css/share.css" "Mozilla/5.0 (Windows NT 10.0; WOW64) AppleWebKit/537.36 (KHTML, like Gecko) Chrome/73.0.3683.86 Safari/537.36"
140.205.127.136 - - [01/Apr/2019:09:58:06 +0800] "GET /image/wxqrcode.png HTTP/1.1" 200 40117 "http://qsong.fun/gif/detail/127" "Mozilla/5.0 (Windows NT 10.0; WOW64) AppleWebKit/537.36 (KHTML, like Gecko) Chrome/73.0.3683.86 Safari/537.36"
140.205.127.175 - - [01/Apr/2019:09:58:07 +0800] "GET /js/main.js HTTP/1.1" 200 6125 "http://qsong.fun/gif/detail/127" "Mozilla/5.0 (Windows NT 10.0; WOW64) AppleWebKit/537.36 (KHTML, like Gecko) Chrome/73.0.3683.86 Safari/537.36"
140.205.127.166 - - [01/Apr/2019:09:58:07 +0800] "GET /fonts/fontawesome-webfont.woff?v=4.7.0 HTTP/1.1" 200 98024 "http://qsong.fun/css/font-awesome.min.css" "Mozilla/5.0 (Windows NT 10.0; WOW64) AppleWebKit/537.36 (KHTML, like Gecko) Chrome/73.0.3683.86 Safari/537.36"
140.205.127.158 - - [01/Apr/2019:09:58:07 +0800] "GET /js/share.js?cdnversion=431688 HTTP/1.1" 200 6240 "http://qsong.fun/gif/detail/127" "Mozilla/5.0 (Windows NT 10.0; WOW64) AppleWebKit/537.36 (KHTML, like Gecko) Chrome/73.0.3683.86 Safari/537.36"
61.147.73.150 - - [01/Apr/2019:09:58:07 +0800] "GET /api/js/share/share_api.js?v=226108fe.js HTTP/1.1" 200 484 "http://qsong.fun/gif/detail/127" "Mozilla/5.0 (Windows NT 10.0; WOW64) AppleWebKit/537.36 (KHTML, like Gecko) Chrome/73.0.3683.86 Safari/537.36"
61.147.73.164 - - [01/Apr/2019:09:58:07 +0800] "GET /api/js/view/share_view.js?v=3ae6026d.js HTTP/1.1" 200 895 "http://qsong.fun/gif/detail/127" "Mozilla/5.0 (Windows NT 10.0; WOW64) AppleWebKit/537.36 (KHTML, like Gecko) Chrome/73.0.3683.86 Safari/537.36"
140.205.127.173 - - [01/Apr/2019:09:58:08 +0800] "GET /api/js/share/api_base.js HTTP/1.1" 200 580 "http://qsong.fun/gif/detail/127" "Mozilla/5.0 (Windows NT 10.0; WOW64) AppleWebKit/537.36 (KHTML, like Gecko) Chrome/73.0.3683.86 Safari/537.36"
61.147.73.180 - - [01/Apr/2019:09:58:08 +0800] "GET /api/js/base/tangram.js?v=37768233.js HTTP/1.1" 200 36079 "http://qsong.fun/gif/detail/127" "Mozilla/5.0 (Windows NT 10.0; WOW64) AppleWebKit/537.36 (KHTML, like Gecko) Chrome/73.0.3683.86 Safari/537.36"
61.147.73.183 - - [01/Apr/2019:09:58:08 +0800] "GET /api/js/view/view_base.js HTTP/1.1" 200 728 "http://qsong.fun/gif/detail/127" "Mozilla/5.0 (Windows NT 10.0; WOW64) AppleWebKit/537.36 (KHTML, like Gecko) Chrome/73.0.3683.86 Safari/537.36"
140.205.127.135 - - [01/Apr/2019:09:58:08 +0800] "GET /api/js/component/partners.js?v=911c4302.js HTTP/1.1" 200 821 "http://qsong.fun/gif/detail/127" "Mozilla/5.0 (Windows NT 10.0; WOW64) AppleWebKit/537.36 (KHTML, like Gecko) Chrome/73.0.3683.86 Safari/537.36"
61.147.73.152 - - [01/Apr/2019:09:58:10 +0800] "GET /api/js/trans/logger.js?v=d16ec0e3.js HTTP/1.1" 200 20 "http://qsong.fun/gif/detail/127" "Mozilla/5.0 (Windows NT 10.0; WOW64) AppleWebKit/537.36 (KHTML, like Gecko) Chrome/73.0.3683.86 Safari/537.36"
127.0.0.1 - - [01/Apr/2019:09:58:11 +0800] "OPTIONS * HTTP/1.0" 200 - "-" "Apache/2.4.6 (CentOS) OpenSSL/1.0.2k-fips PHP/5.4.16 (internal dummy connection)"
127.0.0.1 - - [01/Apr/2019:09:58:12 +0800] "OPTIONS * HTTP/1.0" 200 - "-" "Apache/2.4.6 (CentOS) OpenSSL/1.0.2k-fips PHP/5.4.16 (internal dummy connection)"
127.0.0.1 - - [01/Apr/2019:09:58:13 +0800] "OPTIONS * HTTP/1.0" 200 - "-" "Apache/2.4.6 (CentOS) OpenSSL/1.0.2k-fips PHP/5.4.16 (internal dummy connection)"
127.0.0.1 - - [01/Apr/2019:09:58:14 +0800] "OPTIONS * HTTP/1.0" 200 - "-" "Apache/2.4.6 (CentOS) OpenSSL/1.0.2k-fips PHP/5.4.16 (internal dummy connection)"
127.0.0.1 - - [01/Apr/2019:09:58:15 +0800] "OPTIONS * HTTP/1.0" 200 - "-" "Apache/2.4.6 (CentOS) OpenSSL/1.0.2k-fips PHP/5.4.16 (internal dummy connection)"
127.0.0.1 - - [01/Apr/2019:09:58:16 +0800] "OPTIONS * HTTP/1.0" 200 - "-" "Apache/2.4.6 (CentOS) OpenSSL/1.0.2k-fips PHP/5.4.16 (internal dummy connection)"
127.0.0.1 - - [01/Apr/2019:09:58:17 +0800] "OPTIONS * HTTP/1.0" 200 - "-" "Apache/2.4.6 (CentOS) OpenSSL/1.0.2k-fips PHP/5.4.16 (internal dummy connection)"
127.0.0.1 - - [01/Apr/2019:09:58:18 +0800] "OPTIONS * HTTP/1.0" 200 - "-" "Apache/2.4.6 (CentOS) OpenSSL/1.0.2k-fips PHP/5.4.16 (internal dummy connection)"
127.0.0.1 - - [01/Apr/2019:09:58:19 +0800] "OPTIONS * HTTP/1.0" 200 - "-" "Apache/2.4.6 (CentOS) OpenSSL/1.0.2k-fips PHP/5.4.16 (internal dummy connection)"
127.0.0.1 - - [01/Apr/2019:09:58:20 +0800] "OPTIONS * HTTP/1.0" 200 - "-" "Apache/2.4.6 (CentOS) OpenSSL/1.0.2k-fips PHP/5.4.16 (internal dummy connection)"
127.0.0.1 - - [01/Apr/2019:09:58:21 +0800] "OPTIONS * HTTP/1.0" 200 - "-" "Apache/2.4.6 (CentOS) OpenSSL/1.0.2k-fips PHP/5.4.16 (internal dummy connection)"
127.0.0.1 - - [01/Apr/2019:09:58:22 +0800] "OPTIONS * HTTP/1.0" 200 - "-" "Apache/2.4.6 (CentOS) OpenSSL/1.0.2k-fips PHP/5.4.16 (internal dummy connection)"
127.0.0.1 - - [01/Apr/2019:09:58:23 +0800] "OPTIONS * HTTP/1.0" 200 - "-" "Apache/2.4.6 (CentOS) OpenSSL/1.0.2k-fips PHP/5.4.16 (internal dummy connection)"
127.0.0.1 - - [01/Apr/2019:09:58:24 +0800] "OPTIONS * HTTP/1.0" 200 - "-" "Apache/2.4.6 (CentOS) OpenSSL/1.0.2k-fips PHP/5.4.16 (internal dummy connection)"
127.0.0.1 - - [01/Apr/2019:09:58:25 +0800] "OPTIONS * HTTP/1.0" 200 - "-" "Apache/2.4.6 (CentOS) OpenSSL/1.0.2k-fips PHP/5.4.16 (internal dummy connection)"
61.147.73.150 - - [01/Apr/2019:09:59:10 +0800] "GET /css/main.css HTTP/1.1" 200 18617 "http://qsong.fun/video" "Mozilla/5.0 (Windows NT 10.0; WOW64) AppleWebKit/537.36 (KHTML, like Gecko) Chrome/73.0.3683.86 Safari/537.36"
61.147.73.159 - - [01/Apr/2019:09:59:10 +0800] "GET /js/jquery.min.js HTTP/1.1" 200 33354 "http://qsong.fun/video" "Mozilla/5.0 (Windows NT 10.0; WOW64) AppleWebKit/537.36 (KHTML, like Gecko) Chrome/73.0.3683.86 Safari/537.36"
140.205.127.158 - - [01/Apr/2019:09:59:10 +0800] "GET /css/bootstrap.min.css HTTP/1.1" 200 16330 "http://qsong.fun/video" "Mozilla/5.0 (Windows NT 10.0; WOW64) AppleWebKit/537.36 (KHTML, like Gecko) Chrome/73.0.3683.86 Safari/537.36"
61.147.73.173 - - [01/Apr/2019:09:59:10 +0800] "GET /js/bootstrap.min.js HTTP/1.1" 200 9551 "http://qsong.fun/video" "Mozilla/5.0 (Windows NT 10.0; WOW64) AppleWebKit/537.36 (KHTML, like Gecko) Chrome/73.0.3683.86 Safari/537.36"
140.205.127.169 - - [01/Apr/2019:09:59:10 +0800] "GET /css/font-awesome.min.css HTTP/1.1" 200 7046 "http://qsong.fun/video" "Mozilla/5.0 (Windows NT 10.0; WOW64) AppleWebKit/537.36 (KHTML, like Gecko) Chrome/73.0.3683.86 Safari/537.36"
140.205.127.163 - - [01/Apr/2019:09:59:10 +0800] "GET /image/logo.png HTTP/1.1" 200 6525 "http://qsong.fun/video" "Mozilla/5.0 (Windows NT 10.0; WOW64) AppleWebKit/537.36 (KHTML, like Gecko) Chrome/73.0.3683.86 Safari/537.36"
61.147.73.176 - - [01/Apr/2019:09:59:10 +0800] "GET /image/wxapp.jpg HTTP/1.1" 200 75999 "http://qsong.fun/video" "Mozilla/5.0 (Windows NT 10.0; WOW64) AppleWebKit/537.36 (KHTML, like Gecko) Chrome/73.0.3683.86 Safari/537.36"
61.147.73.193 - - [01/Apr/2019:09:59:10 +0800] "GET /js/ias.js HTTP/1.1" 200 2185 "http://qsong.fun/video" "Mozilla/5.0 (Windows NT 10.0; WOW64) AppleWebKit/537.36 (KHTML, like Gecko) Chrome/73.0.3683.86 Safari/537.36"
61.147.73.150 - - [01/Apr/2019:09:59:10 +0800] "GET /fonts/fontawesome-webfont.woff?v=4.7.0 HTTP/1.1" 200 98024 "http://qsong.fun/css/font-awesome.min.css" "Mozilla/5.0 (Windows NT 10.0; WOW64) AppleWebKit/537.36 (KHTML, like Gecko) Chrome/73.0.3683.86 Safari/537.36"
140.205.127.175 - - [01/Apr/2019:09:59:10 +0800] "GET /js/main.js HTTP/1.1" 200 6125 "http://qsong.fun/video" "Mozilla/5.0 (Windows NT 10.0; WOW64) AppleWebKit/537.36 (KHTML, like Gecko) Chrome/73.0.3683.86 Safari/537.36"
140.205.127.164 - - [01/Apr/2019:09:59:10 +0800] "GET /image/loading.gif HTTP/1.1" 200 2418 "http://qsong.fun/video" "Mozilla/5.0 (Windows NT 10.0; WOW64) AppleWebKit/537.36 (KHTML, like Gecko) Chrome/73.0.3683.86 Safari/537.36"
140.205.127.136 - - [01/Apr/2019:09:59:10 +0800] "GET /image/wxqrcode.png HTTP/1.1" 200 40117 "http://qsong.fun/video" "Mozilla/5.0 (Windows NT 10.0; WOW64) AppleWebKit/537.36 (KHTML, like Gecko) Chrome/73.0.3683.86 Safari/537.36"
120.202.26.149 - - [01/Apr/2019:09:59:12 +0800] "GET /article/getArticleList?type=video&ps=10&pn=2 HTTP/1.1" 200 102 "http://qsong.fun/video" "Mozilla/5.0 (Windows NT 10.0; WOW64) AppleWebKit/537.36 (KHTML, like Gecko) Chrome/73.0.3683.86 Safari/537.36"
120.24.76.122 - - [01/Apr/2019:09:59:15 +0800] "GET /article/getRandArticle HTTP/1.1" 200 4090 "http://qsong.fun/video" "Mozilla/5.0 (Windows NT 10.0; WOW64) AppleWebKit/537.36 (KHTML, like Gecko) Chrome/73.0.3683.86 Safari/537.36"
120.24.76.122 - - [01/Apr/2019:09:59:15 +0800] "GET /article/getArticleDtl?articleId=73&type=video HTTP/1.1" 200 3372 "http://qsong.fun/video" "Mozilla/5.0 (Windows NT 10.0; WOW64) AppleWebKit/537.36 (KHTML, like Gecko) Chrome/73.0.3683.86 Safari/537.36"
140.205.127.131 - - [01/Apr/2019:09:59:15 +0800] "GET /video/detail/73 HTTP/1.1" 200 4712 "http://qsong.fun/video" "Mozilla/5.0 (Windows NT 10.0; WOW64) AppleWebKit/537.36 (KHTML, like Gecko) Chrome/73.0.3683.86 Safari/537.36"
61.147.73.181 - - [01/Apr/2019:09:59:15 +0800] "GET /js/share.js HTTP/1.1" 200 6240 "http://qsong.fun/video/detail/73" "Mozilla/5.0 (Windows NT 10.0; WOW64) AppleWebKit/537.36 (KHTML, like Gecko) Chrome/73.0.3683.86 Safari/537.36"
61.147.73.163 - - [01/Apr/2019:09:59:15 +0800] "GET /css/share.css HTTP/1.1" 200 484 "http://qsong.fun/video/detail/73" "Mozilla/5.0 (Windows NT 10.0; WOW64) AppleWebKit/537.36 (KHTML, like Gecko) Chrome/73.0.3683.86 Safari/537.36"
61.147.73.193 - - [01/Apr/2019:09:59:15 +0800] "GET /css/font-awesome.min.css HTTP/1.1" 200 7046 "http://qsong.fun/video/detail/73" "Mozilla/5.0 (Windows NT 10.0; WOW64) AppleWebKit/537.36 (KHTML, like Gecko) Chrome/73.0.3683.86 Safari/537.36"
61.147.73.150 - - [01/Apr/2019:09:59:15 +0800] "GET /css/main.css HTTP/1.1" 200 18617 "http://qsong.fun/video/detail/73" "Mozilla/5.0 (Windows NT 10.0; WOW64) AppleWebKit/537.36 (KHTML, like Gecko) Chrome/73.0.3683.86 Safari/537.36"
140.205.127.158 - - [01/Apr/2019:09:59:15 +0800] "GET /css/bootstrap.min.css HTTP/1.1" 200 16330 "http://qsong.fun/video/detail/73" "Mozilla/5.0 (Windows NT 10.0; WOW64) AppleWebKit/537.36 (KHTML, like Gecko) Chrome/73.0.3683.86 Safari/537.36"
140.205.127.137 - - [01/Apr/2019:09:59:15 +0800] "GET /_nuxt/797bdd9b06607d10402f.js HTTP/1.1" 200 4815 "http://qsong.fun/video/detail/73" "Mozilla/5.0 (Windows NT 10.0; WOW64) AppleWebKit/537.36 (KHTML, like Gecko) Chrome/73.0.3683.86 Safari/537.36"
140.205.127.137 - - [01/Apr/2019:09:59:15 +0800] "GET /js/jquery.min.js HTTP/1.1" 200 33354 "http://qsong.fun/video/detail/73" "Mozilla/5.0 (Windows NT 10.0; WOW64) AppleWebKit/537.36 (KHTML, like Gecko) Chrome/73.0.3683.86 Safari/537.36"
61.147.73.160 - - [01/Apr/2019:09:59:15 +0800] "GET /image/logo.png HTTP/1.1" 200 6525 "http://qsong.fun/video/detail/73" "Mozilla/5.0 (Windows NT 10.0; WOW64) AppleWebKit/537.36 (KHTML, like Gecko) Chrome/73.0.3683.86 Safari/537.36"
61.147.73.152 - - [01/Apr/2019:09:59:15 +0800] "GET /image/wxqrcode.png HTTP/1.1" 200 40117 "http://qsong.fun/video/detail/73" "Mozilla/5.0 (Windows NT 10.0; WOW64) AppleWebKit/537.36 (KHTML, like Gecko) Chrome/73.0.3683.86 Safari/537.36"
61.147.73.193 - - [01/Apr/2019:09:59:16 +0800] "GET /js/ias.js HTTP/1.1" 200 2185 "http://qsong.fun/video/detail/73" "Mozilla/5.0 (Windows NT 10.0; WOW64) AppleWebKit/537.36 (KHTML, like Gecko) Chrome/73.0.3683.86 Safari/537.36"
61.147.73.189 - - [01/Apr/2019:09:59:16 +0800] "GET /image/share.png HTTP/1.1" 200 6932 "http://qsong.fun/css/share.css" "Mozilla/5.0 (Windows NT 10.0; WOW64) AppleWebKit/537.36 (KHTML, like Gecko) Chrome/73.0.3683.86 Safari/537.36"
140.205.127.175 - - [01/Apr/2019:09:59:16 +0800] "GET /js/main.js HTTP/1.1" 200 6125 "http://qsong.fun/video/detail/73" "Mozilla/5.0 (Windows NT 10.0; WOW64) AppleWebKit/537.36 (KHTML, like Gecko) Chrome/73.0.3683.86 Safari/537.36"
140.205.127.158 - - [01/Apr/2019:09:59:16 +0800] "GET /js/bootstrap.min.js HTTP/1.1" 200 9551 "http://qsong.fun/video/detail/73" "Mozilla/5.0 (Windows NT 10.0; WOW64) AppleWebKit/537.36 (KHTML, like Gecko) Chrome/73.0.3683.86 Safari/537.36"
61.147.73.182 - - [01/Apr/2019:09:59:16 +0800] "GET /js/share.js?cdnversion=431688 HTTP/1.1" 200 6240 "http://qsong.fun/video/detail/73" "Mozilla/5.0 (Windows NT 10.0; WOW64) AppleWebKit/537.36 (KHTML, like Gecko) Chrome/73.0.3683.86 Safari/537.36"
61.147.73.150 - - [01/Apr/2019:09:59:16 +0800] "GET /api/js/share/share_api.js?v=226108fe.js HTTP/1.1" 200 484 "http://qsong.fun/video/detail/73" "Mozilla/5.0 (Windows NT 10.0; WOW64) AppleWebKit/537.36 (KHTML, like Gecko) Chrome/73.0.3683.86 Safari/537.36"
140.205.127.160 - - [01/Apr/2019:09:59:16 +0800] "GET /api/js/view/share_view.js?v=3ae6026d.js HTTP/1.1" 200 895 "http://qsong.fun/video/detail/73" "Mozilla/5.0 (Windows NT 10.0; WOW64) AppleWebKit/537.36 (KHTML, like Gecko) Chrome/73.0.3683.86 Safari/537.36"
61.147.73.173 - - [01/Apr/2019:09:59:16 +0800] "GET /api/js/share/api_base.js HTTP/1.1" 200 580 "http://qsong.fun/video/detail/73" "Mozilla/5.0 (Windows NT 10.0; WOW64) AppleWebKit/537.36 (KHTML, like Gecko) Chrome/73.0.3683.86 Safari/537.36"
61.147.73.180 - - [01/Apr/2019:09:59:16 +0800] "GET /api/js/base/tangram.js?v=37768233.js HTTP/1.1" 200 36079 "http://qsong.fun/video/detail/73" "Mozilla/5.0 (Windows NT 10.0; WOW64) AppleWebKit/537.36 (KHTML, like Gecko) Chrome/73.0.3683.86 Safari/537.36"
140.205.127.145 - - [01/Apr/2019:09:59:17 +0800] "GET /api/js/view/view_base.js HTTP/1.1" 200 728 "http://qsong.fun/video/detail/73" "Mozilla/5.0 (Windows NT 10.0; WOW64) AppleWebKit/537.36 (KHTML, like Gecko) Chrome/73.0.3683.86 Safari/537.36"
140.205.127.135 - - [01/Apr/2019:09:59:17 +0800] "GET /api/js/component/partners.js?v=911c4302.js HTTP/1.1" 200 821 "http://qsong.fun/video/detail/73" "Mozilla/5.0 (Windows NT 10.0; WOW64) AppleWebKit/537.36 (KHTML, like Gecko) Chrome/73.0.3683.86 Safari/537.36"
140.205.127.134 - - [01/Apr/2019:09:59:19 +0800] "GET /api/js/trans/logger.js?v=d16ec0e3.js HTTP/1.1" 200 20 "http://qsong.fun/video/detail/73" "Mozilla/5.0 (Windows NT 10.0; WOW64) AppleWebKit/537.36 (KHTML, like Gecko) Chrome/73.0.3683.86 Safari/537.36"
127.0.0.1 - - [01/Apr/2019:09:59:20 +0800] "OPTIONS * HTTP/1.0" 200 - "-" "Apache/2.4.6 (CentOS) OpenSSL/1.0.2k-fips PHP/5.4.16 (internal dummy connection)"
127.0.0.1 - - [01/Apr/2019:09:59:21 +0800] "OPTIONS * HTTP/1.0" 200 - "-" "Apache/2.4.6 (CentOS) OpenSSL/1.0.2k-fips PHP/5.4.16 (internal dummy connection)"
127.0.0.1 - - [01/Apr/2019:09:59:22 +0800] "OPTIONS * HTTP/1.0" 200 - "-" "Apache/2.4.6 (CentOS) OpenSSL/1.0.2k-fips PHP/5.4.16 (internal dummy connection)"
127.0.0.1 - - [01/Apr/2019:09:59:23 +0800] "OPTIONS * HTTP/1.0" 200 - "-" "Apache/2.4.6 (CentOS) OpenSSL/1.0.2k-fips PHP/5.4.16 (internal dummy connection)"
127.0.0.1 - - [01/Apr/2019:09:59:24 +0800] "OPTIONS * HTTP/1.0" 200 - "-" "Apache/2.4.6 (CentOS) OpenSSL/1.0.2k-fips PHP/5.4.16 (internal dummy connection)"
127.0.0.1 - - [01/Apr/2019:09:59:25 +0800] "OPTIONS * HTTP/1.0" 200 - "-" "Apache/2.4.6 (CentOS) OpenSSL/1.0.2k-fips PHP/5.4.16 (internal dummy connection)"
127.0.0.1 - - [01/Apr/2019:09:59:26 +0800] "OPTIONS * HTTP/1.0" 200 - "-" "Apache/2.4.6 (CentOS) OpenSSL/1.0.2k-fips PHP/5.4.16 (internal dummy connection)"
127.0.0.1 - - [01/Apr/2019:09:59:27 +0800] "OPTIONS * HTTP/1.0" 200 - "-" "Apache/2.4.6 (CentOS) OpenSSL/1.0.2k-fips PHP/5.4.16 (internal dummy connection)"
127.0.0.1 - - [01/Apr/2019:09:59:28 +0800] "OPTIONS * HTTP/1.0" 200 - "-" "Apache/2.4.6 (CentOS) OpenSSL/1.0.2k-fips PHP/5.4.16 (internal dummy connection)"
127.0.0.1 - - [01/Apr/2019:09:59:29 +0800] "OPTIONS * HTTP/1.0" 200 - "-" "Apache/2.4.6 (CentOS) OpenSSL/1.0.2k-fips PHP/5.4.16 (internal dummy connection)"
127.0.0.1 - - [01/Apr/2019:09:59:30 +0800] "OPTIONS * HTTP/1.0" 200 - "-" "Apache/2.4.6 (CentOS) OpenSSL/1.0.2k-fips PHP/5.4.16 (internal dummy connection)"
127.0.0.1 - - [01/Apr/2019:09:59:31 +0800] "OPTIONS * HTTP/1.0" 200 - "-" "Apache/2.4.6 (CentOS) OpenSSL/1.0.2k-fips PHP/5.4.16 (internal dummy connection)"
127.0.0.1 - - [01/Apr/2019:09:59:32 +0800] "OPTIONS * HTTP/1.0" 200 - "-" "Apache/2.4.6 (CentOS) OpenSSL/1.0.2k-fips PHP/5.4.16 (internal dummy connection)"
127.0.0.1 - - [01/Apr/2019:09:59:33 +0800] "OPTIONS * HTTP/1.0" 200 - "-" "Apache/2.4.6 (CentOS) OpenSSL/1.0.2k-fips PHP/5.4.16 (internal dummy connection)"
127.0.0.1 - - [01/Apr/2019:09:59:34 +0800] "OPTIONS * HTTP/1.0" 200 - "-" "Apache/2.4.6 (CentOS) OpenSSL/1.0.2k-fips PHP/5.4.16 (internal dummy connection)"
127.0.0.1 - - [01/Apr/2019:09:59:35 +0800] "OPTIONS * HTTP/1.0" 200 - "-" "Apache/2.4.6 (CentOS) OpenSSL/1.0.2k-fips PHP/5.4.16 (internal dummy connection)"
127.0.0.1 - - [01/Apr/2019:09:59:36 +0800] "OPTIONS * HTTP/1.0" 200 - "-" "Apache/2.4.6 (CentOS) OpenSSL/1.0.2k-fips PHP/5.4.16 (internal dummy connection)"
61.147.73.150 - - [01/Apr/2019:09:59:37 +0800] "GET /css/main.css HTTP/1.1" 200 18617 "http://qsong.fun/" "Mozilla/5.0 (Windows NT 10.0; WOW64) AppleWebKit/537.36 (KHTML, like Gecko) Chrome/73.0.3683.86 Safari/537.36"
61.147.73.193 - - [01/Apr/2019:09:59:37 +0800] "GET /css/font-awesome.min.css HTTP/1.1" 200 7046 "http://qsong.fun/" "Mozilla/5.0 (Windows NT 10.0; WOW64) AppleWebKit/537.36 (KHTML, like Gecko) Chrome/73.0.3683.86 Safari/537.36"
61.147.73.162 - - [01/Apr/2019:09:59:37 +0800] "GET /image/Banner_woniu.jpg HTTP/1.1" 200 55537 "http://qsong.fun/" "Mozilla/5.0 (Windows NT 10.0; WOW64) AppleWebKit/537.36 (KHTML, like Gecko) Chrome/73.0.3683.86 Safari/537.36"
61.147.73.185 - - [01/Apr/2019:09:59:37 +0800] "GET /css/bootstrap.min.css HTTP/1.1" 200 16330 "http://qsong.fun/" "Mozilla/5.0 (Windows NT 10.0; WOW64) AppleWebKit/537.36 (KHTML, like Gecko) Chrome/73.0.3683.86 Safari/537.36"
61.147.73.160 - - [01/Apr/2019:09:59:37 +0800] "GET /image/logo.png HTTP/1.1" 200 6525 "http://qsong.fun/" "Mozilla/5.0 (Windows NT 10.0; WOW64) AppleWebKit/537.36 (KHTML, like Gecko) Chrome/73.0.3683.86 Safari/537.36"
140.205.127.137 - - [01/Apr/2019:09:59:37 +0800] "GET /js/jquery.min.js HTTP/1.1" 200 33354 "http://qsong.fun/" "Mozilla/5.0 (Windows NT 10.0; WOW64) AppleWebKit/537.36 (KHTML, like Gecko) Chrome/73.0.3683.86 Safari/537.36"
140.205.127.158 - - [01/Apr/2019:09:59:37 +0800] "GET /js/bootstrap.min.js HTTP/1.1" 200 9551 "http://qsong.fun/" "Mozilla/5.0 (Windows NT 10.0; WOW64) AppleWebKit/537.36 (KHTML, like Gecko) Chrome/73.0.3683.86 Safari/537.36"
140.205.127.165 - - [01/Apr/2019:09:59:37 +0800] "GET /js/ias.js HTTP/1.1" 200 2185 "http://qsong.fun/" "Mozilla/5.0 (Windows NT 10.0; WOW64) AppleWebKit/537.36 (KHTML, like Gecko) Chrome/73.0.3683.86 Safari/537.36"
140.205.127.175 - - [01/Apr/2019:09:59:37 +0800] "GET /js/main.js HTTP/1.1" 200 6125 "http://qsong.fun/" "Mozilla/5.0 (Windows NT 10.0; WOW64) AppleWebKit/537.36 (KHTML, like Gecko) Chrome/73.0.3683.86 Safari/537.36"
140.205.127.164 - - [01/Apr/2019:09:59:37 +0800] "GET /image/loading.gif HTTP/1.1" 200 2418 "http://qsong.fun/" "Mozilla/5.0 (Windows NT 10.0; WOW64) AppleWebKit/537.36 (KHTML, like Gecko) Chrome/73.0.3683.86 Safari/537.36"
61.147.73.176 - - [01/Apr/2019:09:59:37 +0800] "GET /image/wxapp.jpg HTTP/1.1" 200 75999 "http://qsong.fun/" "Mozilla/5.0 (Windows NT 10.0; WOW64) AppleWebKit/537.36 (KHTML, like Gecko) Chrome/73.0.3683.86 Safari/537.36"
140.205.127.136 - - [01/Apr/2019:09:59:37 +0800] "GET /image/Banner_guangyingshuihua.jpg HTTP/1.1" 200 40592 "http://qsong.fun/" "Mozilla/5.0 (Windows NT 10.0; WOW64) AppleWebKit/537.36 (KHTML, like Gecko) Chrome/73.0.3683.86 Safari/537.36"
140.205.127.136 - - [01/Apr/2019:09:59:37 +0800] "GET /image/wxqrcode.png HTTP/1.1" 200 40117 "http://qsong.fun/" "Mozilla/5.0 (Windows NT 10.0; WOW64) AppleWebKit/537.36 (KHTML, like Gecko) Chrome/73.0.3683.86 Safari/537.36"
61.147.73.195 - - [01/Apr/2019:09:59:37 +0800] "GET /image/Banner_weimei.jpg HTTP/1.1" 200 165019 "http://qsong.fun/" "Mozilla/5.0 (Windows NT 10.0; WOW64) AppleWebKit/537.36 (KHTML, like Gecko) Chrome/73.0.3683.86 Safari/537.36"
61.147.73.185 - - [01/Apr/2019:09:59:39 +0800] "GET /css/bootstrap.min.css HTTP/1.1" 200 16330 "http://qsong.fun/video" "Mozilla/5.0 (Windows NT 10.0; WOW64) AppleWebKit/537.36 (KHTML, like Gecko) Chrome/73.0.3683.86 Safari/537.36"
140.205.127.137 - - [01/Apr/2019:09:59:39 +0800] "GET /js/jquery.min.js HTTP/1.1" 200 33354 "http://qsong.fun/video" "Mozilla/5.0 (Windows NT 10.0; WOW64) AppleWebKit/537.36 (KHTML, like Gecko) Chrome/73.0.3683.86 Safari/537.36"
61.147.73.150 - - [01/Apr/2019:09:59:39 +0800] "GET /css/main.css HTTP/1.1" 200 18617 "http://qsong.fun/video" "Mozilla/5.0 (Windows NT 10.0; WOW64) AppleWebKit/537.36 (KHTML, like Gecko) Chrome/73.0.3683.86 Safari/537.36"
61.147.73.160 - - [01/Apr/2019:09:59:39 +0800] "GET /image/logo.png HTTP/1.1" 200 6525 "http://qsong.fun/video" "Mozilla/5.0 (Windows NT 10.0; WOW64) AppleWebKit/537.36 (KHTML, like Gecko) Chrome/73.0.3683.86 Safari/537.36"
61.147.73.150 - - [01/Apr/2019:09:59:37 +0800] "GET /fonts/fontawesome-webfont.woff?v=4.7.0 HTTP/1.1" 200 98024 "http://qsong.fun/css/font-awesome.min.css" "Mozilla/5.0 (Windows NT 10.0; WOW64) AppleWebKit/537.36 (KHTML, like Gecko) Chrome/73.0.3683.86 Safari/537.36"
140.205.127.169 - - [01/Apr/2019:09:59:39 +0800] "GET /css/font-awesome.min.css HTTP/1.1" 200 7046 "http://qsong.fun/video" "Mozilla/5.0 (Windows NT 10.0; WOW64) AppleWebKit/537.36 (KHTML, like Gecko) Chrome/73.0.3683.86 Safari/537.36"
101.200.101.201 - - [01/Apr/2019:09:59:39 +0800] "GET /js/bootstrap.min.js HTTP/1.1" 200 9551 "http://qsong.fun/video" "Mozilla/5.0 (Windows NT 10.0; WOW64) AppleWebKit/537.36 (KHTML, like Gecko) Chrome/73.0.3683.86 Safari/537.36"
140.205.127.175 - - [01/Apr/2019:09:59:40 +0800] "GET /js/main.js HTTP/1.1" 200 6125 "http://qsong.fun/video" "Mozilla/5.0 (Windows NT 10.0; WOW64) AppleWebKit/537.36 (KHTML, like Gecko) Chrome/73.0.3683.86 Safari/537.36"
140.205.127.165 - - [01/Apr/2019:09:59:40 +0800] "GET /js/ias.js HTTP/1.1" 200 2185 "http://qsong.fun/video" "Mozilla/5.0 (Windows NT 10.0; WOW64) AppleWebKit/537.36 (KHTML, like Gecko) Chrome/73.0.3683.86 Safari/537.36"
61.147.73.176 - - [01/Apr/2019:09:59:40 +0800] "GET /image/wxapp.jpg HTTP/1.1" 200 75999 "http://qsong.fun/video" "Mozilla/5.0 (Windows NT 10.0; WOW64) AppleWebKit/537.36 (KHTML, like Gecko) Chrome/73.0.3683.86 Safari/537.36"
140.205.127.164 - - [01/Apr/2019:09:59:40 +0800] "GET /image/loading.gif HTTP/1.1" 200 2418 "http://qsong.fun/video" "Mozilla/5.0 (Windows NT 10.0; WOW64) AppleWebKit/537.36 (KHTML, like Gecko) Chrome/73.0.3683.86 Safari/537.36"
61.147.73.150 - - [01/Apr/2019:09:59:40 +0800] "GET /fonts/fontawesome-webfont.woff?v=4.7.0 HTTP/1.1" 200 98024 "http://qsong.fun/css/font-awesome.min.css" "Mozilla/5.0 (Windows NT 10.0; WOW64) AppleWebKit/537.36 (KHTML, like Gecko) Chrome/73.0.3683.86 Safari/537.36"
140.205.127.136 - - [01/Apr/2019:09:59:40 +0800] "GET /image/wxqrcode.png HTTP/1.1" 200 40117 "http://qsong.fun/video" "Mozilla/5.0 (Windows NT 10.0; WOW64) AppleWebKit/537.36 (KHTML, like Gecko) Chrome/73.0.3683.86 Safari/537.36"
140.205.127.169 - - [01/Apr/2019:09:59:41 +0800] "GET /css/font-awesome.min.css HTTP/1.1" 200 7046 "http://qsong.fun/video/detail/73" "Mozilla/5.0 (Windows NT 10.0; WOW64) AppleWebKit/537.36 (KHTML, like Gecko) Chrome/73.0.3683.86 Safari/537.36"
61.147.73.185 - - [01/Apr/2019:09:59:41 +0800] "GET /css/bootstrap.min.css HTTP/1.1" 200 16330 "http://qsong.fun/video/detail/73" "Mozilla/5.0 (Windows NT 10.0; WOW64) AppleWebKit/537.36 (KHTML, like Gecko) Chrome/73.0.3683.86 Safari/537.36"
61.147.73.181 - - [01/Apr/2019:09:59:41 +0800] "GET /js/share.js HTTP/1.1" 200 6240 "http://qsong.fun/video/detail/73" "Mozilla/5.0 (Windows NT 10.0; WOW64) AppleWebKit/537.36 (KHTML, like Gecko) Chrome/73.0.3683.86 Safari/537.36"
61.147.73.163 - - [01/Apr/2019:09:59:41 +0800] "GET /css/share.css HTTP/1.1" 200 484 "http://qsong.fun/video/detail/73" "Mozilla/5.0 (Windows NT 10.0; WOW64) AppleWebKit/537.36 (KHTML, like Gecko) Chrome/73.0.3683.86 Safari/537.36"
101.200.101.206 - - [01/Apr/2019:09:59:41 +0800] "GET /css/main.css HTTP/1.1" 200 18617 "http://qsong.fun/video/detail/73" "Mozilla/5.0 (Windows NT 10.0; WOW64) AppleWebKit/537.36 (KHTML, like Gecko) Chrome/73.0.3683.86 Safari/537.36"
101.200.101.217 - - [01/Apr/2019:09:59:41 +0800] "GET /js/jquery.min.js HTTP/1.1" 200 33354 "http://qsong.fun/video/detail/73" "Mozilla/5.0 (Windows NT 10.0; WOW64) AppleWebKit/537.36 (KHTML, like Gecko) Chrome/73.0.3683.86 Safari/537.36"
140.205.127.158 - - [01/Apr/2019:09:59:41 +0800] "GET /js/bootstrap.min.js HTTP/1.1" 200 9551 "http://qsong.fun/video/detail/73" "Mozilla/5.0 (Windows NT 10.0; WOW64) AppleWebKit/537.36 (KHTML, like Gecko) Chrome/73.0.3683.86 Safari/537.36"
101.200.101.208 - - [01/Apr/2019:09:59:41 +0800] "GET /image/logo.png HTTP/1.1" 200 6525 "http://qsong.fun/video/detail/73" "Mozilla/5.0 (Windows NT 10.0; WOW64) AppleWebKit/537.36 (KHTML, like Gecko) Chrome/73.0.3683.86 Safari/537.36"
101.200.101.214 - - [01/Apr/2019:09:59:41 +0800] "GET /js/ias.js HTTP/1.1" 200 2185 "http://qsong.fun/video/detail/73" "Mozilla/5.0 (Windows NT 10.0; WOW64) AppleWebKit/537.36 (KHTML, like Gecko) Chrome/73.0.3683.86 Safari/537.36"
61.147.73.189 - - [01/Apr/2019:09:59:42 +0800] "GET /image/share.png HTTP/1.1" 200 6932 "http://qsong.fun/css/share.css" "Mozilla/5.0 (Windows NT 10.0; WOW64) AppleWebKit/537.36 (KHTML, like Gecko) Chrome/73.0.3683.86 Safari/537.36"
140.205.127.175 - - [01/Apr/2019:09:59:42 +0800] "GET /js/main.js HTTP/1.1" 200 6125 "http://qsong.fun/video/detail/73" "Mozilla/5.0 (Windows NT 10.0; WOW64) AppleWebKit/537.36 (KHTML, like Gecko) Chrome/73.0.3683.86 Safari/537.36"
140.205.127.158 - - [01/Apr/2019:09:59:42 +0800] "GET /js/share.js?cdnversion=431688 HTTP/1.1" 200 6240 "http://qsong.fun/video/detail/73" "Mozilla/5.0 (Windows NT 10.0; WOW64) AppleWebKit/537.36 (KHTML, like Gecko) Chrome/73.0.3683.86 Safari/537.36"
140.205.127.145 - - [01/Apr/2019:09:59:42 +0800] "GET /api/js/share/share_api.js?v=226108fe.js HTTP/1.1" 200 484 "http://qsong.fun/video/detail/73" "Mozilla/5.0 (Windows NT 10.0; WOW64) AppleWebKit/537.36 (KHTML, like Gecko) Chrome/73.0.3683.86 Safari/537.36"
140.205.127.160 - - [01/Apr/2019:09:59:42 +0800] "GET /api/js/view/share_view.js?v=3ae6026d.js HTTP/1.1" 200 895 "http://qsong.fun/video/detail/73" "Mozilla/5.0 (Windows NT 10.0; WOW64) AppleWebKit/537.36 (KHTML, like Gecko) Chrome/73.0.3683.86 Safari/537.36"
101.200.101.204 - - [01/Apr/2019:09:59:42 +0800] "GET /image/wxqrcode.png HTTP/1.1" 200 40117 "http://qsong.fun/video/detail/73" "Mozilla/5.0 (Windows NT 10.0; WOW64) AppleWebKit/537.36 (KHTML, like Gecko) Chrome/73.0.3683.86 Safari/537.36"
140.205.127.173 - - [01/Apr/2019:09:59:42 +0800] "GET /api/js/share/api_base.js HTTP/1.1" 200 580 "http://qsong.fun/video/detail/73" "Mozilla/5.0 (Windows NT 10.0; WOW64) AppleWebKit/537.36 (KHTML, like Gecko) Chrome/73.0.3683.86 Safari/537.36"
61.147.73.180 - - [01/Apr/2019:09:59:43 +0800] "GET /api/js/base/tangram.js?v=37768233.js HTTP/1.1" 200 36079 "http://qsong.fun/video/detail/73" "Mozilla/5.0 (Windows NT 10.0; WOW64) AppleWebKit/537.36 (KHTML, like Gecko) Chrome/73.0.3683.86 Safari/537.36"
101.200.101.211 - - [01/Apr/2019:09:59:43 +0800] "GET /api/js/view/view_base.js HTTP/1.1" 200 728 "http://qsong.fun/video/detail/73" "Mozilla/5.0 (Windows NT 10.0; WOW64) AppleWebKit/537.36 (KHTML, like Gecko) Chrome/73.0.3683.86 Safari/537.36"
61.147.73.185 - - [01/Apr/2019:09:59:43 +0800] "GET /api/js/component/partners.js?v=911c4302.js HTTP/1.1" 200 821 "http://qsong.fun/video/detail/73" "Mozilla/5.0 (Windows NT 10.0; WOW64) AppleWebKit/537.36 (KHTML, like Gecko) Chrome/73.0.3683.86 Safari/537.36"
61.147.73.163 - - [01/Apr/2019:09:59:43 +0800] "GET /css/share.css HTTP/1.1" 200 484 "http://qsong.fun/video/detail/73" "Mozilla/5.0 (Windows NT 10.0; WOW64) AppleWebKit/537.36 (KHTML, like Gecko) Chrome/73.0.3683.86 Safari/537.36"
61.147.73.185 - - [01/Apr/2019:09:59:43 +0800] "GET /css/bootstrap.min.css HTTP/1.1" 200 16330 "http://qsong.fun/video/detail/73" "Mozilla/5.0 (Windows NT 10.0; WOW64) AppleWebKit/537.36 (KHTML, like Gecko) Chrome/73.0.3683.86 Safari/537.36"
61.147.73.150 - - [01/Apr/2019:09:59:43 +0800] "GET /css/main.css HTTP/1.1" 200 18617 "http://qsong.fun/video/detail/73" "Mozilla/5.0 (Windows NT 10.0; WOW64) AppleWebKit/537.36 (KHTML, like Gecko) Chrome/73.0.3683.86 Safari/537.36"
101.200.101.203 - - [01/Apr/2019:09:59:43 +0800] "GET /css/font-awesome.min.css HTTP/1.1" 200 7046 "http://qsong.fun/video/detail/73" "Mozilla/5.0 (Windows NT 10.0; WOW64) AppleWebKit/537.36 (KHTML, like Gecko) Chrome/73.0.3683.86 Safari/537.36"
140.205.127.137 - - [01/Apr/2019:09:59:43 +0800] "GET /js/jquery.min.map HTTP/1.1" 404 63 "-" "Mozilla/5.0 (Windows NT 10.0; WOW64) AppleWebKit/537.36 (KHTML, like Gecko) Chrome/73.0.3683.86 Safari/537.36"
127.0.0.1 - - [01/Apr/2019:09:59:45 +0800] "OPTIONS * HTTP/1.0" 200 - "-" "Apache/2.4.6 (CentOS) OpenSSL/1.0.2k-fips PHP/5.4.16 (internal dummy connection)"
140.205.127.134 - - [01/Apr/2019:09:59:45 +0800] "GET /api/js/trans/logger.js?v=d16ec0e3.js HTTP/1.1" 200 20 "http://qsong.fun/video/detail/73" "Mozilla/5.0 (Windows NT 10.0; WOW64) AppleWebKit/537.36 (KHTML, like Gecko) Chrome/73.0.3683.86 Safari/537.36"
127.0.0.1 - - [01/Apr/2019:09:59:46 +0800] "OPTIONS * HTTP/1.0" 200 - "-" "Apache/2.4.6 (CentOS) OpenSSL/1.0.2k-fips PHP/5.4.16 (internal dummy connection)"
127.0.0.1 - - [01/Apr/2019:09:59:47 +0800] "OPTIONS * HTTP/1.0" 200 - "-" "Apache/2.4.6 (CentOS) OpenSSL/1.0.2k-fips PHP/5.4.16 (internal dummy connection)"
127.0.0.1 - - [01/Apr/2019:09:59:48 +0800] "OPTIONS * HTTP/1.0" 200 - "-" "Apache/2.4.6 (CentOS) OpenSSL/1.0.2k-fips PHP/5.4.16 (internal dummy connection)"
127.0.0.1 - - [01/Apr/2019:09:59:49 +0800] "OPTIONS * HTTP/1.0" 200 - "-" "Apache/2.4.6 (CentOS) OpenSSL/1.0.2k-fips PHP/5.4.16 (internal dummy connection)"
127.0.0.1 - - [01/Apr/2019:09:59:50 +0800] "OPTIONS * HTTP/1.0" 200 - "-" "Apache/2.4.6 (CentOS) OpenSSL/1.0.2k-fips PHP/5.4.16 (internal dummy connection)"
127.0.0.1 - - [01/Apr/2019:09:59:51 +0800] "OPTIONS * HTTP/1.0" 200 - "-" "Apache/2.4.6 (CentOS) OpenSSL/1.0.2k-fips PHP/5.4.16 (internal dummy connection)"
120.24.76.122 - - [01/Apr/2019:09:59:52 +0800] "GET /article/getRandArticle HTTP/1.1" 200 4117 "-" "Mozilla/5.0 (X11; Ubuntu; Linux x86_64; rv:36.0) Gecko/20100101 Firefox/36.0"
120.24.76.122 - - [01/Apr/2019:09:59:52 +0800] "GET /article/getArticleList?ps=10&pn=1&type=gif HTTP/1.1" 200 8274 "-" "Mozilla/5.0 (X11; Ubuntu; Linux x86_64; rv:36.0) Gecko/20100101 Firefox/36.0"
120.24.76.122 - - [01/Apr/2019:09:59:52 +0800] "GET /article/getArticleList?ps=5&pn=1&type=notice HTTP/1.1" 200 1590 "-" "Mozilla/5.0 (X11; Ubuntu; Linux x86_64; rv:36.0) Gecko/20100101 Firefox/36.0"
140.205.127.169 - - [01/Apr/2019:09:59:52 +0800] "GET /gif HTTP/1.1" 200 25100 "-" "Mozilla/5.0 (X11; Ubuntu; Linux x86_64; rv:36.0) Gecko/20100101 Firefox/36.0"
127.0.0.1 - - [01/Apr/2019:09:59:52 +0800] "OPTIONS * HTTP/1.0" 200 - "-" "Apache/2.4.6 (CentOS) OpenSSL/1.0.2k-fips PHP/5.4.16 (internal dummy connection)"
127.0.0.1 - - [01/Apr/2019:09:59:53 +0800] "OPTIONS * HTTP/1.0" 200 - "-" "Apache/2.4.6 (CentOS) OpenSSL/1.0.2k-fips PHP/5.4.16 (internal dummy connection)"
127.0.0.1 - - [01/Apr/2019:09:59:54 +0800] "OPTIONS * HTTP/1.0" 200 - "-" "Apache/2.4.6 (CentOS) OpenSSL/1.0.2k-fips PHP/5.4.16 (internal dummy connection)"
127.0.0.1 - - [01/Apr/2019:09:59:55 +0800] "OPTIONS * HTTP/1.0" 200 - "-" "Apache/2.4.6 (CentOS) OpenSSL/1.0.2k-fips PHP/5.4.16 (internal dummy connection)"
127.0.0.1 - - [01/Apr/2019:09:59:56 +0800] "OPTIONS * HTTP/1.0" 200 - "-" "Apache/2.4.6 (CentOS) OpenSSL/1.0.2k-fips PHP/5.4.16 (internal dummy connection)"
