127.0.0.1 - - [31/Mar/2019:20:52:00 +0800] "OPTIONS * HTTP/1.0" 200 - "-" "Apache/2.4.6 (CentOS) OpenSSL/1.0.2k-fips PHP/5.4.16 (internal dummy connection)"
127.0.0.1 - - [31/Mar/2019:20:52:01 +0800] "OPTIONS * HTTP/1.0" 200 - "-" "Apache/2.4.6 (CentOS) OpenSSL/1.0.2k-fips PHP/5.4.16 (internal dummy connection)"
127.0.0.1 - - [31/Mar/2019:20:52:02 +0800] "OPTIONS * HTTP/1.0" 200 - "-" "Apache/2.4.6 (CentOS) OpenSSL/1.0.2k-fips PHP/5.4.16 (internal dummy connection)"
127.0.0.1 - - [31/Mar/2019:20:52:03 +0800] "OPTIONS * HTTP/1.0" 200 - "-" "Apache/2.4.6 (CentOS) OpenSSL/1.0.2k-fips PHP/5.4.16 (internal dummy connection)"
127.0.0.1 - - [31/Mar/2019:20:52:04 +0800] "OPTIONS * HTTP/1.0" 200 - "-" "Apache/2.4.6 (CentOS) OpenSSL/1.0.2k-fips PHP/5.4.16 (internal dummy connection)"
61.147.73.185 - - [31/Mar/2019:20:52:04 +0800] "GET /css/bootstrap.min.css HTTP/1.1" 200 16330 "http://qsong.fun/" "Mozilla/5.0 (Linux; U; Android 8.0.0; zh-cn; SM-G9550 Build/R16NW) AppleWebKit/537.36 (KHTML, like Gecko) Version/4.0 Chrome/57.0.2987.132 MQQBrowser/9.0 Mobile Safari/537.36"
61.147.73.159 - - [31/Mar/2019:20:52:04 +0800] "GET /js/jquery.min.js HTTP/1.1" 200 33354 "http://qsong.fun/" "Mozilla/5.0 (Linux; U; Android 8.0.0; zh-cn; SM-G9550 Build/R16NW) AppleWebKit/537.36 (KHTML, like Gecko) Version/4.0 Chrome/57.0.2987.132 MQQBrowser/9.0 Mobile Safari/537.36"
61.147.73.173 - - [31/Mar/2019:20:52:04 +0800] "GET /js/bootstrap.min.js HTTP/1.1" 200 9551 "http://qsong.fun/" "Mozilla/5.0 (Linux; U; Android 8.0.0; zh-cn; SM-G9550 Build/R16NW) AppleWebKit/537.36 (KHTML, like Gecko) Version/4.0 Chrome/57.0.2987.132 MQQBrowser/9.0 Mobile Safari/537.36"
61.147.73.198 - - [31/Mar/2019:20:52:04 +0800] "GET /js/main.js HTTP/1.1" 200 6125 "http://qsong.fun/" "Mozilla/5.0 (Linux; U; Android 8.0.0; zh-cn; SM-G9550 Build/R16NW) AppleWebKit/537.36 (KHTML, like Gecko) Version/4.0 Chrome/57.0.2987.132 MQQBrowser/9.0 Mobile Safari/537.36"
140.205.127.163 - - [31/Mar/2019:20:52:04 +0800] "GET /image/logo.png HTTP/1.1" 200 6525 "http://qsong.fun/" "Mozilla/5.0 (Linux; U; Android 8.0.0; zh-cn; SM-G9550 Build/R16NW) AppleWebKit/537.36 (KHTML, like Gecko) Version/4.0 Chrome/57.0.2987.132 MQQBrowser/9.0 Mobile Safari/537.36"
140.205.127.165 - - [31/Mar/2019:20:52:04 +0800] "GET /js/ias.js HTTP/1.1" 200 2185 "http://qsong.fun/" "Mozilla/5.0 (Linux; U; Android 8.0.0; zh-cn; SM-G9550 Build/R16NW) AppleWebKit/537.36 (KHTML, like Gecko) Version/4.0 Chrome/57.0.2987.132 MQQBrowser/9.0 Mobile Safari/537.36"
140.205.127.164 - - [31/Mar/2019:20:52:04 +0800] "GET /image/loading.gif HTTP/1.1" 200 2418 "http://qsong.fun/" "Mozilla/5.0 (Linux; U; Android 8.0.0; zh-cn; SM-G9550 Build/R16NW) AppleWebKit/537.36 (KHTML, like Gecko) Version/4.0 Chrome/57.0.2987.132 MQQBrowser/9.0 Mobile Safari/537.36"
61.147.73.195 - - [31/Mar/2019:20:52:04 +0800] "GET /image/Banner_weimei.jpg HTTP/1.1" 200 165019 "http://qsong.fun/" "Mozilla/5.0 (Linux; U; Android 8.0.0; zh-cn; SM-G9550 Build/R16NW) AppleWebKit/537.36 (KHTML, like Gecko) Version/4.0 Chrome/57.0.2987.132 MQQBrowser/9.0 Mobile Safari/537.36"
140.205.127.171 - - [31/Mar/2019:20:52:04 +0800] "GET /css/main.css HTTP/1.1" 200 18617 "http://qsong.fun/" "Mozilla/5.0 (Linux; U; Android 8.0.0; zh-cn; SM-G9550 Build/R16NW) AppleWebKit/537.36 (KHTML, like Gecko) Version/4.0 Chrome/57.0.2987.132 MQQBrowser/9.0 Mobile Safari/537.36"
140.205.127.169 - - [31/Mar/2019:20:52:04 +0800] "GET /css/font-awesome.min.css HTTP/1.1" 200 7046 "http://qsong.fun/" "Mozilla/5.0 (Linux; U; Android 8.0.0; zh-cn; SM-G9550 Build/R16NW) AppleWebKit/537.36 (KHTML, like Gecko) Version/4.0 Chrome/57.0.2987.132 MQQBrowser/9.0 Mobile Safari/537.36"
140.205.127.136 - - [31/Mar/2019:20:52:05 +0800] "GET /image/wxqrcode.png HTTP/1.1" 200 40117 "http://qsong.fun/" "Mozilla/5.0 (Linux; U; Android 8.0.0; zh-cn; SM-G9550 Build/R16NW) AppleWebKit/537.36 (KHTML, like Gecko) Version/4.0 Chrome/57.0.2987.132 MQQBrowser/9.0 Mobile Safari/537.36"
61.147.73.176 - - [31/Mar/2019:20:52:05 +0800] "GET /image/wxapp.jpg HTTP/1.1" 200 75999 "http://qsong.fun/" "Mozilla/5.0 (Linux; U; Android 8.0.0; zh-cn; SM-G9550 Build/R16NW) AppleWebKit/537.36 (KHTML, like Gecko) Version/4.0 Chrome/57.0.2987.132 MQQBrowser/9.0 Mobile Safari/537.36"
61.147.73.184 - - [31/Mar/2019:20:52:05 +0800] "GET /image/Banner_guangyingshuihua.jpg HTTP/1.1" 200 40592 "http://qsong.fun/" "Mozilla/5.0 (Linux; U; Android 8.0.0; zh-cn; SM-G9550 Build/R16NW) AppleWebKit/537.36 (KHTML, like Gecko) Version/4.0 Chrome/57.0.2987.132 MQQBrowser/9.0 Mobile Safari/537.36"
140.205.127.175 - - [31/Mar/2019:20:52:05 +0800] "GET /image/Banner_woniu.jpg HTTP/1.1" 200 55537 "http://qsong.fun/" "Mozilla/5.0 (Linux; U; Android 8.0.0; zh-cn; SM-G9550 Build/R16NW) AppleWebKit/537.36 (KHTML, like Gecko) Version/4.0 Chrome/57.0.2987.132 MQQBrowser/9.0 Mobile Safari/537.36"
61.147.73.150 - - [31/Mar/2019:20:52:07 +0800] "GET /fonts/fontawesome-webfont.woff?v=4.7.0 HTTP/1.1" 200 98024 "http://qsong.fun/css/font-awesome.min.css" "Mozilla/5.0 (Linux; U; Android 8.0.0; zh-cn; SM-G9550 Build/R16NW) AppleWebKit/537.36 (KHTML, like Gecko) Version/4.0 Chrome/57.0.2987.132 MQQBrowser/9.0 Mobile Safari/537.36"
61.147.73.172 - - [31/Mar/2019:20:52:09 +0800] "GET /favicon.ico HTTP/1.1" 200 1925 "http://qsong.fun/" "Mozilla/5.0 (Linux; U; Android 8.0.0; zh-cn; SM-G9550 Build/R16NW) AppleWebKit/537.36 (KHTML, like Gecko) Version/4.0 Chrome/57.0.2987.132 MQQBrowser/9.0 Mobile Safari/537.36"
127.0.0.1 - - [31/Mar/2019:20:52:10 +0800] "OPTIONS * HTTP/1.0" 200 - "-" "Apache/2.4.6 (CentOS) OpenSSL/1.0.2k-fips PHP/5.4.16 (internal dummy connection)"
127.0.0.1 - - [31/Mar/2019:20:52:11 +0800] "OPTIONS * HTTP/1.0" 200 - "-" "Apache/2.4.6 (CentOS) OpenSSL/1.0.2k-fips PHP/5.4.16 (internal dummy connection)"
127.0.0.1 - - [31/Mar/2019:20:52:12 +0800] "OPTIONS * HTTP/1.0" 200 - "-" "Apache/2.4.6 (CentOS) OpenSSL/1.0.2k-fips PHP/5.4.16 (internal dummy connection)"
127.0.0.1 - - [31/Mar/2019:20:52:13 +0800] "OPTIONS * HTTP/1.0" 200 - "-" "Apache/2.4.6 (CentOS) OpenSSL/1.0.2k-fips PHP/5.4.16 (internal dummy connection)"
127.0.0.1 - - [31/Mar/2019:20:52:14 +0800] "OPTIONS * HTTP/1.0" 200 - "-" "Apache/2.4.6 (CentOS) OpenSSL/1.0.2k-fips PHP/5.4.16 (internal dummy connection)"
127.0.0.1 - - [31/Mar/2019:20:52:15 +0800] "OPTIONS * HTTP/1.0" 200 - "-" "Apache/2.4.6 (CentOS) OpenSSL/1.0.2k-fips PHP/5.4.16 (internal dummy connection)"
127.0.0.1 - - [31/Mar/2019:20:52:16 +0800] "OPTIONS * HTTP/1.0" 200 - "-" "Apache/2.4.6 (CentOS) OpenSSL/1.0.2k-fips PHP/5.4.16 (internal dummy connection)"
127.0.0.1 - - [31/Mar/2019:20:52:17 +0800] "OPTIONS * HTTP/1.0" 200 - "-" "Apache/2.4.6 (CentOS) OpenSSL/1.0.2k-fips PHP/5.4.16 (internal dummy connection)"
127.0.0.1 - - [31/Mar/2019:20:52:18 +0800] "OPTIONS * HTTP/1.0" 200 - "-" "Apache/2.4.6 (CentOS) OpenSSL/1.0.2k-fips PHP/5.4.16 (internal dummy connection)"
127.0.0.1 - - [31/Mar/2019:20:52:19 +0800] "OPTIONS * HTTP/1.0" 200 - "-" "Apache/2.4.6 (CentOS) OpenSSL/1.0.2k-fips PHP/5.4.16 (internal dummy connection)"
127.0.0.1 - - [31/Mar/2019:20:52:20 +0800] "OPTIONS * HTTP/1.0" 200 - "-" "Apache/2.4.6 (CentOS) OpenSSL/1.0.2k-fips PHP/5.4.16 (internal dummy connection)"
127.0.0.1 - - [31/Mar/2019:20:52:21 +0800] "OPTIONS * HTTP/1.0" 200 - "-" "Apache/2.4.6 (CentOS) OpenSSL/1.0.2k-fips PHP/5.4.16 (internal dummy connection)"
127.0.0.1 - - [31/Mar/2019:20:52:22 +0800] "OPTIONS * HTTP/1.0" 200 - "-" "Apache/2.4.6 (CentOS) OpenSSL/1.0.2k-fips PHP/5.4.16 (internal dummy connection)"
61.147.73.162 - - [31/Mar/2019:20:52:22 +0800] "GET /image/Banner_woniu.jpg HTTP/1.1" 200 55537 "http://qsong.fun/" "Mozilla/5.0 (Linux; U; Android 8.0.0; zh-cn; SM-G9550 Build/R16NW) AppleWebKit/537.36 (KHTML, like Gecko) Version/4.0 Chrome/57.0.2987.132 MQQBrowser/9.0 Mobile Safari/537.36"
61.147.73.184 - - [31/Mar/2019:20:52:22 +0800] "GET /image/Banner_guangyingshuihua.jpg HTTP/1.1" 200 40592 "http://qsong.fun/" "Mozilla/5.0 (Linux; U; Android 8.0.0; zh-cn; SM-G9550 Build/R16NW) AppleWebKit/537.36 (KHTML, like Gecko) Version/4.0 Chrome/57.0.2987.132 MQQBrowser/9.0 Mobile Safari/537.36"
61.147.73.173 - - [31/Mar/2019:20:52:22 +0800] "GET /js/bootstrap.min.js HTTP/1.1" 200 9551 "http://qsong.fun/" "Mozilla/5.0 (Linux; U; Android 8.0.0; zh-cn; SM-G9550 Build/R16NW) AppleWebKit/537.36 (KHTML, like Gecko) Version/4.0 Chrome/57.0.2987.132 MQQBrowser/9.0 Mobile Safari/537.36"
61.147.73.198 - - [31/Mar/2019:20:52:22 +0800] "GET /js/main.js HTTP/1.1" 200 6125 "http://qsong.fun/" "Mozilla/5.0 (Linux; U; Android 8.0.0; zh-cn; SM-G9550 Build/R16NW) AppleWebKit/537.36 (KHTML, like Gecko) Version/4.0 Chrome/57.0.2987.132 MQQBrowser/9.0 Mobile Safari/537.36"
140.205.127.158 - - [31/Mar/2019:20:52:22 +0800] "GET /css/bootstrap.min.css HTTP/1.1" 200 16330 "http://qsong.fun/" "Mozilla/5.0 (Linux; U; Android 8.0.0; zh-cn; SM-G9550 Build/R16NW) AppleWebKit/537.36 (KHTML, like Gecko) Version/4.0 Chrome/57.0.2987.132 MQQBrowser/9.0 Mobile Safari/537.36"
140.205.127.163 - - [31/Mar/2019:20:52:22 +0800] "GET /image/logo.png HTTP/1.1" 200 6525 "http://qsong.fun/" "Mozilla/5.0 (Linux; U; Android 8.0.0; zh-cn; SM-G9550 Build/R16NW) AppleWebKit/537.36 (KHTML, like Gecko) Version/4.0 Chrome/57.0.2987.132 MQQBrowser/9.0 Mobile Safari/537.36"
61.147.73.159 - - [31/Mar/2019:20:52:22 +0800] "GET /js/jquery.min.js HTTP/1.1" 200 33354 "http://qsong.fun/" "Mozilla/5.0 (Linux; U; Android 8.0.0; zh-cn; SM-G9550 Build/R16NW) AppleWebKit/537.36 (KHTML, like Gecko) Version/4.0 Chrome/57.0.2987.132 MQQBrowser/9.0 Mobile Safari/537.36"
61.147.73.193 - - [31/Mar/2019:20:52:23 +0800] "GET /css/font-awesome.min.css HTTP/1.1" 200 7046 "http://qsong.fun/" "Mozilla/5.0 (Linux; U; Android 8.0.0; zh-cn; SM-G9550 Build/R16NW) AppleWebKit/537.36 (KHTML, like Gecko) Version/4.0 Chrome/57.0.2987.132 MQQBrowser/9.0 Mobile Safari/537.36"
140.205.127.165 - - [31/Mar/2019:20:52:23 +0800] "GET /js/ias.js HTTP/1.1" 200 2185 "http://qsong.fun/" "Mozilla/5.0 (Linux; U; Android 8.0.0; zh-cn; SM-G9550 Build/R16NW) AppleWebKit/537.36 (KHTML, like Gecko) Version/4.0 Chrome/57.0.2987.132 MQQBrowser/9.0 Mobile Safari/537.36"
140.205.127.171 - - [31/Mar/2019:20:52:23 +0800] "GET /css/main.css HTTP/1.1" 200 18617 "http://qsong.fun/" "Mozilla/5.0 (Linux; U; Android 8.0.0; zh-cn; SM-G9550 Build/R16NW) AppleWebKit/537.36 (KHTML, like Gecko) Version/4.0 Chrome/57.0.2987.132 MQQBrowser/9.0 Mobile Safari/537.36"
140.205.127.167 - - [31/Mar/2019:20:52:23 +0800] "GET /image/wxapp.jpg HTTP/1.1" 200 75999 "http://qsong.fun/" "Mozilla/5.0 (Linux; U; Android 8.0.0; zh-cn; SM-G9550 Build/R16NW) AppleWebKit/537.36 (KHTML, like Gecko) Version/4.0 Chrome/57.0.2987.132 MQQBrowser/9.0 Mobile Safari/537.36"
61.147.73.181 - - [31/Mar/2019:20:52:24 +0800] "GET /image/loading.gif HTTP/1.1" 200 2418 "http://qsong.fun/" "Mozilla/5.0 (Linux; U; Android 8.0.0; zh-cn; SM-G9550 Build/R16NW) AppleWebKit/537.36 (KHTML, like Gecko) Version/4.0 Chrome/57.0.2987.132 MQQBrowser/9.0 Mobile Safari/537.36"
140.205.127.147 - - [31/Mar/2019:20:52:24 +0800] "GET /image/Banner_weimei.jpg HTTP/1.1" 200 165019 "http://qsong.fun/" "Mozilla/5.0 (Linux; U; Android 8.0.0; zh-cn; SM-G9550 Build/R16NW) AppleWebKit/537.36 (KHTML, like Gecko) Version/4.0 Chrome/57.0.2987.132 MQQBrowser/9.0 Mobile Safari/537.36"
140.205.127.136 - - [31/Mar/2019:20:52:25 +0800] "GET /image/wxqrcode.png HTTP/1.1" 200 40117 "http://qsong.fun/" "Mozilla/5.0 (Linux; U; Android 8.0.0; zh-cn; SM-G9550 Build/R16NW) AppleWebKit/537.36 (KHTML, like Gecko) Version/4.0 Chrome/57.0.2987.132 MQQBrowser/9.0 Mobile Safari/537.36"
140.205.127.166 - - [31/Mar/2019:20:52:25 +0800] "GET /fonts/fontawesome-webfont.woff?v=4.7.0 HTTP/1.1" 200 98024 "http://qsong.fun/css/font-awesome.min.css" "Mozilla/5.0 (Linux; U; Android 8.0.0; zh-cn; SM-G9550 Build/R16NW) AppleWebKit/537.36 (KHTML, like Gecko) Version/4.0 Chrome/57.0.2987.132 MQQBrowser/9.0 Mobile Safari/537.36"
61.147.73.172 - - [31/Mar/2019:20:52:26 +0800] "GET /favicon.ico HTTP/1.1" 200 1925 "http://qsong.fun/" "Mozilla/5.0 (Linux; U; Android 8.0.0; zh-cn; SM-G9550 Build/R16NW) AppleWebKit/537.36 (KHTML, like Gecko) Version/4.0 Chrome/57.0.2987.132 MQQBrowser/9.0 Mobile Safari/537.36"
127.0.0.1 - - [31/Mar/2019:20:52:28 +0800] "OPTIONS * HTTP/1.0" 200 - "-" "Apache/2.4.6 (CentOS) OpenSSL/1.0.2k-fips PHP/5.4.16 (internal dummy connection)"
120.24.76.122 - - [31/Mar/2019:20:52:28 +0800] "GET /article/getArticleDtl?articleId=52&type=dz HTTP/1.1" 200 3492 "http://qsong.fun/" "Mozilla/5.0 (Linux; U; Android 8.0.0; zh-cn; SM-G9550 Build/R16NW) AppleWebKit/537.36 (KHTML, like Gecko) Version/4.0 Chrome/57.0.2987.132 MQQBrowser/9.0 Mobile Safari/537.36"
120.24.76.122 - - [31/Mar/2019:20:52:29 +0800] "GET /article/getRandArticle HTTP/1.1" 200 4796 "http://qsong.fun/" "Mozilla/5.0 (Linux; U; Android 8.0.0; zh-cn; SM-G9550 Build/R16NW) AppleWebKit/537.36 (KHTML, like Gecko) Version/4.0 Chrome/57.0.2987.132 MQQBrowser/9.0 Mobile Safari/537.36"
140.205.127.153 - - [31/Mar/2019:20:52:28 +0800] "GET /jokes/detail/52 HTTP/1.1" 200 5316 "http://qsong.fun/" "Mozilla/5.0 (Linux; U; Android 8.0.0; zh-cn; SM-G9550 Build/R16NW) AppleWebKit/537.36 (KHTML, like Gecko) Version/4.0 Chrome/57.0.2987.132 MQQBrowser/9.0 Mobile Safari/537.36"
61.147.73.193 - - [31/Mar/2019:20:52:29 +0800] "GET /css/font-awesome.min.css HTTP/1.1" 200 7046 "http://qsong.fun/jokes/detail/52" "Mozilla/5.0 (Linux; U; Android 8.0.0; zh-cn; SM-G9550 Build/R16NW) AppleWebKit/537.36 (KHTML, like Gecko) Version/4.0 Chrome/57.0.2987.132 MQQBrowser/9.0 Mobile Safari/537.36"
61.147.73.150 - - [31/Mar/2019:20:52:29 +0800] "GET /css/main.css HTTP/1.1" 200 18617 "http://qsong.fun/jokes/detail/52" "Mozilla/5.0 (Linux; U; Android 8.0.0; zh-cn; SM-G9550 Build/R16NW) AppleWebKit/537.36 (KHTML, like Gecko) Version/4.0 Chrome/57.0.2987.132 MQQBrowser/9.0 Mobile Safari/537.36"
127.0.0.1 - - [31/Mar/2019:20:52:29 +0800] "OPTIONS * HTTP/1.0" 200 - "-" "Apache/2.4.6 (CentOS) OpenSSL/1.0.2k-fips PHP/5.4.16 (internal dummy connection)"
140.205.127.158 - - [31/Mar/2019:20:52:29 +0800] "GET /css/bootstrap.min.css HTTP/1.1" 200 16330 "http://qsong.fun/jokes/detail/52" "Mozilla/5.0 (Linux; U; Android 8.0.0; zh-cn; SM-G9550 Build/R16NW) AppleWebKit/537.36 (KHTML, like Gecko) Version/4.0 Chrome/57.0.2987.132 MQQBrowser/9.0 Mobile Safari/537.36"
140.205.127.137 - - [31/Mar/2019:20:52:29 +0800] "GET /js/jquery.min.js HTTP/1.1" 200 33354 "http://qsong.fun/jokes/detail/52" "Mozilla/5.0 (Linux; U; Android 8.0.0; zh-cn; SM-G9550 Build/R16NW) AppleWebKit/537.36 (KHTML, like Gecko) Version/4.0 Chrome/57.0.2987.132 MQQBrowser/9.0 Mobile Safari/537.36"
140.205.127.149 - - [31/Mar/2019:20:52:29 +0800] "GET /css/share.css HTTP/1.1" 200 484 "http://qsong.fun/jokes/detail/52" "Mozilla/5.0 (Linux; U; Android 8.0.0; zh-cn; SM-G9550 Build/R16NW) AppleWebKit/537.36 (KHTML, like Gecko) Version/4.0 Chrome/57.0.2987.132 MQQBrowser/9.0 Mobile Safari/537.36"
140.205.127.136 - - [31/Mar/2019:20:52:30 +0800] "GET /image/wxqrcode.png HTTP/1.1" 200 40117 "http://qsong.fun/jokes/detail/52" "Mozilla/5.0 (Linux; U; Android 8.0.0; zh-cn; SM-G9550 Build/R16NW) AppleWebKit/537.36 (KHTML, like Gecko) Version/4.0 Chrome/57.0.2987.132 MQQBrowser/9.0 Mobile Safari/537.36"
61.147.73.198 - - [31/Mar/2019:20:52:30 +0800] "GET /js/main.js HTTP/1.1" 200 6125 "http://qsong.fun/jokes/detail/52" "Mozilla/5.0 (Linux; U; Android 8.0.0; zh-cn; SM-G9550 Build/R16NW) AppleWebKit/537.36 (KHTML, like Gecko) Version/4.0 Chrome/57.0.2987.132 MQQBrowser/9.0 Mobile Safari/537.36"
140.205.127.165 - - [31/Mar/2019:20:52:30 +0800] "GET /js/ias.js HTTP/1.1" 200 2185 "http://qsong.fun/jokes/detail/52" "Mozilla/5.0 (Linux; U; Android 8.0.0; zh-cn; SM-G9550 Build/R16NW) AppleWebKit/537.36 (KHTML, like Gecko) Version/4.0 Chrome/57.0.2987.132 MQQBrowser/9.0 Mobile Safari/537.36"
140.205.127.158 - - [31/Mar/2019:20:52:30 +0800] "GET /js/bootstrap.min.js HTTP/1.1" 200 9551 "http://qsong.fun/jokes/detail/52" "Mozilla/5.0 (Linux; U; Android 8.0.0; zh-cn; SM-G9550 Build/R16NW) AppleWebKit/537.36 (KHTML, like Gecko) Version/4.0 Chrome/57.0.2987.132 MQQBrowser/9.0 Mobile Safari/537.36"
140.205.127.174 - - [31/Mar/2019:20:52:30 +0800] "GET /_nuxt/0f3982bf34711b1b48dc.js HTTP/1.1" 200 4845 "http://qsong.fun/jokes/detail/52" "Mozilla/5.0 (Linux; U; Android 8.0.0; zh-cn; SM-G9550 Build/R16NW) AppleWebKit/537.36 (KHTML, like Gecko) Version/4.0 Chrome/57.0.2987.132 MQQBrowser/9.0 Mobile Safari/537.36"
61.147.73.189 - - [31/Mar/2019:20:52:30 +0800] "GET /image/share.png HTTP/1.1" 200 6932 "http://qsong.fun/css/share.css" "Mozilla/5.0 (Linux; U; Android 8.0.0; zh-cn; SM-G9550 Build/R16NW) AppleWebKit/537.36 (KHTML, like Gecko) Version/4.0 Chrome/57.0.2987.132 MQQBrowser/9.0 Mobile Safari/537.36"
61.147.73.160 - - [31/Mar/2019:20:52:30 +0800] "GET /image/logo.png HTTP/1.1" 200 6525 "http://qsong.fun/jokes/detail/52" "Mozilla/5.0 (Linux; U; Android 8.0.0; zh-cn; SM-G9550 Build/R16NW) AppleWebKit/537.36 (KHTML, like Gecko) Version/4.0 Chrome/57.0.2987.132 MQQBrowser/9.0 Mobile Safari/537.36"
140.205.127.164 - - [31/Mar/2019:20:52:30 +0800] "GET /js/share.js?cdnversion=431675 HTTP/1.1" 200 6240 "http://qsong.fun/jokes/detail/52" "Mozilla/5.0 (Linux; U; Android 8.0.0; zh-cn; SM-G9550 Build/R16NW) AppleWebKit/537.36 (KHTML, like Gecko) Version/4.0 Chrome/57.0.2987.132 MQQBrowser/9.0 Mobile Safari/537.36"
61.147.73.150 - - [31/Mar/2019:20:52:30 +0800] "GET /fonts/fontawesome-webfont.woff?v=4.7.0 HTTP/1.1" 200 98024 "http://qsong.fun/css/font-awesome.min.css" "Mozilla/5.0 (Linux; U; Android 8.0.0; zh-cn; SM-G9550 Build/R16NW) AppleWebKit/537.36 (KHTML, like Gecko) Version/4.0 Chrome/57.0.2987.132 MQQBrowser/9.0 Mobile Safari/537.36"
140.205.127.145 - - [31/Mar/2019:20:52:31 +0800] "GET /api/js/share/share_api.js?v=226108fe.js HTTP/1.1" 200 484 "http://qsong.fun/jokes/detail/52" "Mozilla/5.0 (Linux; U; Android 8.0.0; zh-cn; SM-G9550 Build/R16NW) AppleWebKit/537.36 (KHTML, like Gecko) Version/4.0 Chrome/57.0.2987.132 MQQBrowser/9.0 Mobile Safari/537.36"
140.205.127.160 - - [31/Mar/2019:20:52:31 +0800] "GET /api/js/view/share_view.js?v=3ae6026d.js HTTP/1.1" 200 895 "http://qsong.fun/jokes/detail/52" "Mozilla/5.0 (Linux; U; Android 8.0.0; zh-cn; SM-G9550 Build/R16NW) AppleWebKit/537.36 (KHTML, like Gecko) Version/4.0 Chrome/57.0.2987.132 MQQBrowser/9.0 Mobile Safari/537.36"
61.147.73.152 - - [31/Mar/2019:20:52:31 +0800] "GET /image/wxqrcode.png HTTP/1.1" 200 40117 "http://qsong.fun/" "Mozilla/5.0 (Linux; U; Android 8.0.0; zh-cn; SM-G9550 Build/R16NW) AppleWebKit/537.36 (KHTML, like Gecko) Version/4.0 Chrome/57.0.2987.132 MQQBrowser/9.0 Mobile Safari/537.36"
61.147.73.172 - - [31/Mar/2019:20:52:32 +0800] "GET /favicon.ico HTTP/1.1" 200 1925 "http://qsong.fun/" "Mozilla/5.0 (Linux; U; Android 8.0.0; zh-cn; SM-G9550 Build/R16NW) AppleWebKit/537.36 (KHTML, like Gecko) Version/4.0 Chrome/57.0.2987.132 MQQBrowser/9.0 Mobile Safari/537.36"
120.24.76.122 - - [31/Mar/2019:20:52:33 +0800] "GET /article/getRandArticle HTTP/1.1" 200 4815 "http://qsong.fun/" "Mozilla/5.0 (Linux; U; Android 8.0.0; zh-cn; SM-G9550 Build/R16NW) AppleWebKit/537.36 (KHTML, like Gecko) Version/4.0 Chrome/57.0.2987.132 MQQBrowser/9.0 Mobile Safari/537.36"
120.24.76.122 - - [31/Mar/2019:20:52:33 +0800] "GET /article/getArticleDtl?articleId=128&type=gif HTTP/1.1" 200 8490 "http://qsong.fun/" "Mozilla/5.0 (Linux; U; Android 8.0.0; zh-cn; SM-G9550 Build/R16NW) AppleWebKit/537.36 (KHTML, like Gecko) Version/4.0 Chrome/57.0.2987.132 MQQBrowser/9.0 Mobile Safari/537.36"
140.205.127.165 - - [31/Mar/2019:20:52:33 +0800] "GET /gif/detail/128 HTTP/1.1" 200 6934 "http://qsong.fun/" "Mozilla/5.0 (Linux; U; Android 8.0.0; zh-cn; SM-G9550 Build/R16NW) AppleWebKit/537.36 (KHTML, like Gecko) Version/4.0 Chrome/57.0.2987.132 MQQBrowser/9.0 Mobile Safari/537.36"
61.147.73.150 - - [31/Mar/2019:20:52:34 +0800] "GET /css/main.css HTTP/1.1" 200 18617 "http://qsong.fun/gif/detail/128" "Mozilla/5.0 (Linux; U; Android 8.0.0; zh-cn; SM-G9550 Build/R16NW) AppleWebKit/537.36 (KHTML, like Gecko) Version/4.0 Chrome/57.0.2987.132 MQQBrowser/9.0 Mobile Safari/537.36"
61.147.73.193 - - [31/Mar/2019:20:52:34 +0800] "GET /css/font-awesome.min.css HTTP/1.1" 200 7046 "http://qsong.fun/gif/detail/128" "Mozilla/5.0 (Linux; U; Android 8.0.0; zh-cn; SM-G9550 Build/R16NW) AppleWebKit/537.36 (KHTML, like Gecko) Version/4.0 Chrome/57.0.2987.132 MQQBrowser/9.0 Mobile Safari/537.36"
140.205.127.149 - - [31/Mar/2019:20:52:34 +0800] "GET /css/gallery-clean.css HTTP/1.1" 200 406 "http://qsong.fun/gif/detail/128" "Mozilla/5.0 (Linux; U; Android 8.0.0; zh-cn; SM-G9550 Build/R16NW) AppleWebKit/537.36 (KHTML, like Gecko) Version/4.0 Chrome/57.0.2987.132 MQQBrowser/9.0 Mobile Safari/537.36"
140.205.127.158 - - [31/Mar/2019:20:52:34 +0800] "GET /css/bootstrap.min.css HTTP/1.1" 200 16330 "http://qsong.fun/gif/detail/128" "Mozilla/5.0 (Linux; U; Android 8.0.0; zh-cn; SM-G9550 Build/R16NW) AppleWebKit/537.36 (KHTML, like Gecko) Version/4.0 Chrome/57.0.2987.132 MQQBrowser/9.0 Mobile Safari/537.36"
61.147.73.198 - - [31/Mar/2019:20:52:34 +0800] "GET /js/main.js HTTP/1.1" 200 6125 "http://qsong.fun/gif/detail/128" "Mozilla/5.0 (Linux; U; Android 8.0.0; zh-cn; SM-G9550 Build/R16NW) AppleWebKit/537.36 (KHTML, like Gecko) Version/4.0 Chrome/57.0.2987.132 MQQBrowser/9.0 Mobile Safari/537.36"
61.147.73.173 - - [31/Mar/2019:20:52:34 +0800] "GET /js/bootstrap.min.js HTTP/1.1" 200 9551 "http://qsong.fun/gif/detail/128" "Mozilla/5.0 (Linux; U; Android 8.0.0; zh-cn; SM-G9550 Build/R16NW) AppleWebKit/537.36 (KHTML, like Gecko) Version/4.0 Chrome/57.0.2987.132 MQQBrowser/9.0 Mobile Safari/537.36"
61.147.73.193 - - [31/Mar/2019:20:52:34 +0800] "GET /js/ias.js HTTP/1.1" 200 2185 "http://qsong.fun/gif/detail/128" "Mozilla/5.0 (Linux; U; Android 8.0.0; zh-cn; SM-G9550 Build/R16NW) AppleWebKit/537.36 (KHTML, like Gecko) Version/4.0 Chrome/57.0.2987.132 MQQBrowser/9.0 Mobile Safari/537.36"
61.147.73.159 - - [31/Mar/2019:20:52:34 +0800] "GET /js/jquery.min.js HTTP/1.1" 200 95997 "http://qsong.fun/" "Mozilla/5.0 (Linux; U; Android 6.0.1; zh-cn; OPPO R9s Build/MMB29M) AppleWebKit/537.36 (KHTML, like Gecko) Version/4.0 Chrome/38.0.0.0 Mobile Safari/537.36 OppoBrowser/4.2.8"
61.147.73.196 - - [31/Mar/2019:20:52:34 +0800] "GET /_nuxt/53e9cc4a72a8b4866b60.js HTTP/1.1" 200 5799 "http://qsong.fun/gif/detail/128" "Mozilla/5.0 (Linux; U; Android 8.0.0; zh-cn; SM-G9550 Build/R16NW) AppleWebKit/537.36 (KHTML, like Gecko) Version/4.0 Chrome/57.0.2987.132 MQQBrowser/9.0 Mobile Safari/537.36"
140.205.127.137 - - [31/Mar/2019:20:52:34 +0800] "GET /js/jquery.min.js HTTP/1.1" 200 33354 "http://qsong.fun/gif/detail/128" "Mozilla/5.0 (Linux; U; Android 8.0.0; zh-cn; SM-G9550 Build/R16NW) AppleWebKit/537.36 (KHTML, like Gecko) Version/4.0 Chrome/57.0.2987.132 MQQBrowser/9.0 Mobile Safari/537.36"
61.147.73.158 - - [31/Mar/2019:20:52:34 +0800] "GET /css/baguetteBox.min.css HTTP/1.1" 200 1000 "http://qsong.fun/gif/detail/128" "Mozilla/5.0 (Linux; U; Android 8.0.0; zh-cn; SM-G9550 Build/R16NW) AppleWebKit/537.36 (KHTML, like Gecko) Version/4.0 Chrome/57.0.2987.132 MQQBrowser/9.0 Mobile Safari/537.36"
61.147.73.163 - - [31/Mar/2019:20:52:34 +0800] "GET /css/share.css HTTP/1.1" 200 484 "http://qsong.fun/gif/detail/128" "Mozilla/5.0 (Linux; U; Android 8.0.0; zh-cn; SM-G9550 Build/R16NW) AppleWebKit/537.36 (KHTML, like Gecko) Version/4.0 Chrome/57.0.2987.132 MQQBrowser/9.0 Mobile Safari/537.36"
140.205.127.136 - - [31/Mar/2019:20:52:34 +0800] "GET /image/wxqrcode.png HTTP/1.1" 200 40117 "http://qsong.fun/gif/detail/128" "Mozilla/5.0 (Linux; U; Android 8.0.0; zh-cn; SM-G9550 Build/R16NW) AppleWebKit/537.36 (KHTML, like Gecko) Version/4.0 Chrome/57.0.2987.132 MQQBrowser/9.0 Mobile Safari/537.36"
140.205.127.163 - - [31/Mar/2019:20:52:34 +0800] "GET /image/logo.png HTTP/1.1" 200 6525 "http://qsong.fun/gif/detail/128" "Mozilla/5.0 (Linux; U; Android 8.0.0; zh-cn; SM-G9550 Build/R16NW) AppleWebKit/537.36 (KHTML, like Gecko) Version/4.0 Chrome/57.0.2987.132 MQQBrowser/9.0 Mobile Safari/537.36"
61.147.73.150 - - [31/Mar/2019:20:52:34 +0800] "GET /fonts/fontawesome-webfont.woff?v=4.7.0 HTTP/1.1" 200 98024 "http://qsong.fun/css/font-awesome.min.css" "Mozilla/5.0 (Linux; U; Android 8.0.0; zh-cn; SM-G9550 Build/R16NW) AppleWebKit/537.36 (KHTML, like Gecko) Version/4.0 Chrome/57.0.2987.132 MQQBrowser/9.0 Mobile Safari/537.36"
61.147.73.173 - - [31/Mar/2019:20:52:34 +0800] "GET /js/bootstrap.min.js HTTP/1.1" 200 39163 "http://qsong.fun/" "Mozilla/5.0 (Linux; U; Android 4.4.4; zh-CN; Coolpad Y82-520 Build/KTU84P) AppleWebKit/534.30 (KHTML, like Gecko) Version/4.0 UCBrowser/10.9.8.738 U3/0.8.0 Mobile Safari/534.30"
61.147.73.189 - - [31/Mar/2019:20:52:34 +0800] "GET /image/share.png HTTP/1.1" 200 6932 "http://qsong.fun/css/share.css" "Mozilla/5.0 (Linux; U; Android 8.0.0; zh-cn; SM-G9550 Build/R16NW) AppleWebKit/537.36 (KHTML, like Gecko) Version/4.0 Chrome/57.0.2987.132 MQQBrowser/9.0 Mobile Safari/537.36"
140.205.127.164 - - [31/Mar/2019:20:52:34 +0800] "GET /js/share.js?cdnversion=431675 HTTP/1.1" 200 6240 "http://qsong.fun/gif/detail/128" "Mozilla/5.0 (Linux; U; Android 8.0.0; zh-cn; SM-G9550 Build/R16NW) AppleWebKit/537.36 (KHTML, like Gecko) Version/4.0 Chrome/57.0.2987.132 MQQBrowser/9.0 Mobile Safari/537.36"
61.147.73.164 - - [31/Mar/2019:20:52:35 +0800] "GET /api/js/view/share_view.js?v=3ae6026d.js HTTP/1.1" 200 895 "http://qsong.fun/gif/detail/128" "Mozilla/5.0 (Linux; U; Android 8.0.0; zh-cn; SM-G9550 Build/R16NW) AppleWebKit/537.36 (KHTML, like Gecko) Version/4.0 Chrome/57.0.2987.132 MQQBrowser/9.0 Mobile Safari/537.36"
140.205.127.145 - - [31/Mar/2019:20:52:35 +0800] "GET /api/js/share/share_api.js?v=226108fe.js HTTP/1.1" 200 484 "http://qsong.fun/gif/detail/128" "Mozilla/5.0 (Linux; U; Android 8.0.0; zh-cn; SM-G9550 Build/R16NW) AppleWebKit/537.36 (KHTML, like Gecko) Version/4.0 Chrome/57.0.2987.132 MQQBrowser/9.0 Mobile Safari/537.36"
61.147.73.173 - - [31/Mar/2019:20:52:35 +0800] "GET /api/js/share/api_base.js HTTP/1.1" 200 580 "http://qsong.fun/gif/detail/128" "Mozilla/5.0 (Linux; U; Android 8.0.0; zh-cn; SM-G9550 Build/R16NW) AppleWebKit/537.36 (KHTML, like Gecko) Version/4.0 Chrome/57.0.2987.132 MQQBrowser/9.0 Mobile Safari/537.36"
61.147.73.180 - - [31/Mar/2019:20:52:35 +0800] "GET /api/js/base/tangram.js?v=37768233.js HTTP/1.1" 200 36079 "http://qsong.fun/gif/detail/128" "Mozilla/5.0 (Linux; U; Android 8.0.0; zh-cn; SM-G9550 Build/R16NW) AppleWebKit/537.36 (KHTML, like Gecko) Version/4.0 Chrome/57.0.2987.132 MQQBrowser/9.0 Mobile Safari/537.36"
140.205.127.145 - - [31/Mar/2019:20:52:35 +0800] "GET /api/js/view/view_base.js HTTP/1.1" 200 728 "http://qsong.fun/gif/detail/128" "Mozilla/5.0 (Linux; U; Android 8.0.0; zh-cn; SM-G9550 Build/R16NW) AppleWebKit/537.36 (KHTML, like Gecko) Version/4.0 Chrome/57.0.2987.132 MQQBrowser/9.0 Mobile Safari/537.36"
61.147.73.185 - - [31/Mar/2019:20:52:36 +0800] "GET /api/js/component/partners.js?v=911c4302.js HTTP/1.1" 200 821 "http://qsong.fun/gif/detail/128" "Mozilla/5.0 (Linux; U; Android 8.0.0; zh-cn; SM-G9550 Build/R16NW) AppleWebKit/537.36 (KHTML, like Gecko) Version/4.0 Chrome/57.0.2987.132 MQQBrowser/9.0 Mobile Safari/537.36"
61.147.73.193 - - [31/Mar/2019:20:52:36 +0800] "GET /js/ias.js HTTP/1.1" 200 6740 "http://qsong.fun/" "Mozilla/5.0 (Linux; U; Android 6.0.1; zh-cn; OPPO R9s Build/MMB29M) AppleWebKit/537.36 (KHTML, like Gecko) Version/4.0 Chrome/38.0.0.0 Mobile Safari/537.36 OppoBrowser/4.2.8"
61.147.73.198 - - [31/Mar/2019:20:52:36 +0800] "GET /js/main.js HTTP/1.1" 200 21107 "http://qsong.fun/" "Mozilla/5.0 (Linux; U; Android 6.0.1; zh-cn; OPPO R9s Build/MMB29M) AppleWebKit/537.36 (KHTML, like Gecko) Version/4.0 Chrome/38.0.0.0 Mobile Safari/537.36 OppoBrowser/4.2.8"
61.147.73.172 - - [31/Mar/2019:20:52:36 +0800] "GET /favicon.ico HTTP/1.1" 200 1925 "http://qsong.fun/" "Mozilla/5.0 (Linux; U; Android 8.0.0; zh-cn; SM-G9550 Build/R16NW) AppleWebKit/537.36 (KHTML, like Gecko) Version/4.0 Chrome/57.0.2987.132 MQQBrowser/9.0 Mobile Safari/537.36"
140.205.127.137 - - [31/Mar/2019:20:52:36 +0800] "GET /_nuxt/3636155fa519c8c1a4bd.js HTTP/1.1" 200 2609 "http://qsong.fun/" "Mozilla/5.0 (Linux; U; Android 4.4.4; zh-CN; HUAWEI ALE-CL00 Build/HuaweiALE-CL00) AppleWebKit/537.36 (KHTML, like Gecko) Version/4.0 Chrome/40.0.2214.89 UCBrowser/11.3.0.907 Mobile Safari/537.36"
140.205.127.152 - - [31/Mar/2019:20:52:37 +0800] "GET /_nuxt/39756726f82444f2f775.js HTTP/1.1" 304 - "http://qsong.fun/" "Mozilla/5.0 (Linux; U; Android 4.4.4; zh-CN; HUAWEI ALE-CL00 Build/HuaweiALE-CL00) AppleWebKit/537.36 (KHTML, like Gecko) Version/4.0 Chrome/40.0.2214.89 UCBrowser/11.3.0.907 Mobile Safari/537.36"
61.147.73.198 - - [31/Mar/2019:20:52:37 +0800] "GET /js/main.js HTTP/1.1" 200 6125 "http://qsong.fun/gif/detail/128" "Mozilla/5.0 (Linux; U; Android 8.0.0; zh-cn; SM-G9550 Build/R16NW) AppleWebKit/537.36 (KHTML, like Gecko) Version/4.0 Chrome/57.0.2987.132 MQQBrowser/9.0 Mobile Safari/537.36"
61.147.73.173 - - [31/Mar/2019:20:52:37 +0800] "GET /js/bootstrap.min.js HTTP/1.1" 200 9551 "http://qsong.fun/gif/detail/128" "Mozilla/5.0 (Linux; U; Android 8.0.0; zh-cn; SM-G9550 Build/R16NW) AppleWebKit/537.36 (KHTML, like Gecko) Version/4.0 Chrome/57.0.2987.132 MQQBrowser/9.0 Mobile Safari/537.36"
61.147.73.164 - - [31/Mar/2019:20:52:37 +0800] "GET /css/gallery-clean.css HTTP/1.1" 200 406 "http://qsong.fun/gif/detail/128" "Mozilla/5.0 (Linux; U; Android 8.0.0; zh-cn; SM-G9550 Build/R16NW) AppleWebKit/537.36 (KHTML, like Gecko) Version/4.0 Chrome/57.0.2987.132 MQQBrowser/9.0 Mobile Safari/537.36"
61.147.73.193 - - [31/Mar/2019:20:52:37 +0800] "GET /js/ias.js HTTP/1.1" 200 2185 "http://qsong.fun/gif/detail/128" "Mozilla/5.0 (Linux; U; Android 8.0.0; zh-cn; SM-G9550 Build/R16NW) AppleWebKit/537.36 (KHTML, like Gecko) Version/4.0 Chrome/57.0.2987.132 MQQBrowser/9.0 Mobile Safari/537.36"
61.147.73.163 - - [31/Mar/2019:20:52:37 +0800] "GET /css/share.css HTTP/1.1" 200 484 "http://qsong.fun/gif/detail/128" "Mozilla/5.0 (Linux; U; Android 8.0.0; zh-cn; SM-G9550 Build/R16NW) AppleWebKit/537.36 (KHTML, like Gecko) Version/4.0 Chrome/57.0.2987.132 MQQBrowser/9.0 Mobile Safari/537.36"
140.205.127.158 - - [31/Mar/2019:20:52:37 +0800] "GET /css/bootstrap.min.css HTTP/1.1" 200 16330 "http://qsong.fun/gif/detail/128" "Mozilla/5.0 (Linux; U; Android 8.0.0; zh-cn; SM-G9550 Build/R16NW) AppleWebKit/537.36 (KHTML, like Gecko) Version/4.0 Chrome/57.0.2987.132 MQQBrowser/9.0 Mobile Safari/537.36"
140.205.127.137 - - [31/Mar/2019:20:52:37 +0800] "GET /js/jquery.min.js HTTP/1.1" 200 33354 "http://qsong.fun/gif/detail/128" "Mozilla/5.0 (Linux; U; Android 8.0.0; zh-cn; SM-G9550 Build/R16NW) AppleWebKit/537.36 (KHTML, like Gecko) Version/4.0 Chrome/57.0.2987.132 MQQBrowser/9.0 Mobile Safari/537.36"
140.205.127.143 - - [31/Mar/2019:20:52:37 +0800] "GET /css/baguetteBox.min.css HTTP/1.1" 200 1000 "http://qsong.fun/gif/detail/128" "Mozilla/5.0 (Linux; U; Android 8.0.0; zh-cn; SM-G9550 Build/R16NW) AppleWebKit/537.36 (KHTML, like Gecko) Version/4.0 Chrome/57.0.2987.132 MQQBrowser/9.0 Mobile Safari/537.36"
140.205.127.171 - - [31/Mar/2019:20:52:37 +0800] "GET /css/main.css HTTP/1.1" 200 18617 "http://qsong.fun/gif/detail/128" "Mozilla/5.0 (Linux; U; Android 8.0.0; zh-cn; SM-G9550 Build/R16NW) AppleWebKit/537.36 (KHTML, like Gecko) Version/4.0 Chrome/57.0.2987.132 MQQBrowser/9.0 Mobile Safari/537.36"
140.205.127.163 - - [31/Mar/2019:20:52:37 +0800] "GET /image/logo.png HTTP/1.1" 200 6525 "http://qsong.fun/gif/detail/128" "Mozilla/5.0 (Linux; U; Android 8.0.0; zh-cn; SM-G9550 Build/R16NW) AppleWebKit/537.36 (KHTML, like Gecko) Version/4.0 Chrome/57.0.2987.132 MQQBrowser/9.0 Mobile Safari/537.36"
140.205.127.136 - - [31/Mar/2019:20:52:37 +0800] "GET /image/wxqrcode.png HTTP/1.1" 200 40117 "http://qsong.fun/gif/detail/128" "Mozilla/5.0 (Linux; U; Android 8.0.0; zh-cn; SM-G9550 Build/R16NW) AppleWebKit/537.36 (KHTML, like Gecko) Version/4.0 Chrome/57.0.2987.132 MQQBrowser/9.0 Mobile Safari/537.36"
140.205.127.169 - - [31/Mar/2019:20:52:37 +0800] "GET /css/font-awesome.min.css HTTP/1.1" 200 7046 "http://qsong.fun/gif/detail/128" "Mozilla/5.0 (Linux; U; Android 8.0.0; zh-cn; SM-G9550 Build/R16NW) AppleWebKit/537.36 (KHTML, like Gecko) Version/4.0 Chrome/57.0.2987.132 MQQBrowser/9.0 Mobile Safari/537.36"
140.205.127.151 - - [31/Mar/2019:20:52:37 +0800] "GET /_nuxt/3b9e014d08681f743031.js HTTP/1.1" 304 - "http://qsong.fun/" "Mozilla/5.0 (Linux; U; Android 4.4.4; zh-CN; Coolpad Y82-520 Build/KTU84P) AppleWebKit/534.30 (KHTML, like Gecko) Version/4.0 UCBrowser/10.9.8.738 U3/0.8.0 Mobile Safari/534.30"
61.147.73.150 - - [31/Mar/2019:20:52:38 +0800] "GET /fonts/fontawesome-webfont.woff?v=4.7.0 HTTP/1.1" 200 98024 "http://qsong.fun/css/font-awesome.min.css" "Mozilla/5.0 (Linux; U; Android 8.0.0; zh-cn; SM-G9550 Build/R16NW) AppleWebKit/537.36 (KHTML, like Gecko) Version/4.0 Chrome/57.0.2987.132 MQQBrowser/9.0 Mobile Safari/537.36"
140.205.127.129 - - [31/Mar/2019:20:52:38 +0800] "GET /image/share.png HTTP/1.1" 200 6932 "http://qsong.fun/css/share.css" "Mozilla/5.0 (Linux; U; Android 8.0.0; zh-cn; SM-G9550 Build/R16NW) AppleWebKit/537.36 (KHTML, like Gecko) Version/4.0 Chrome/57.0.2987.132 MQQBrowser/9.0 Mobile Safari/537.36"
140.205.127.164 - - [31/Mar/2019:20:52:38 +0800] "GET /js/share.js?cdnversion=431675 HTTP/1.1" 200 6240 "http://qsong.fun/gif/detail/128" "Mozilla/5.0 (Linux; U; Android 8.0.0; zh-cn; SM-G9550 Build/R16NW) AppleWebKit/537.36 (KHTML, like Gecko) Version/4.0 Chrome/57.0.2987.132 MQQBrowser/9.0 Mobile Safari/537.36"
61.147.73.164 - - [31/Mar/2019:20:52:38 +0800] "GET /api/js/view/share_view.js?v=3ae6026d.js HTTP/1.1" 200 895 "http://qsong.fun/gif/detail/128" "Mozilla/5.0 (Linux; U; Android 8.0.0; zh-cn; SM-G9550 Build/R16NW) AppleWebKit/537.36 (KHTML, like Gecko) Version/4.0 Chrome/57.0.2987.132 MQQBrowser/9.0 Mobile Safari/537.36"
140.205.127.145 - - [31/Mar/2019:20:52:38 +0800] "GET /api/js/share/share_api.js?v=226108fe.js HTTP/1.1" 200 484 "http://qsong.fun/gif/detail/128" "Mozilla/5.0 (Linux; U; Android 8.0.0; zh-cn; SM-G9550 Build/R16NW) AppleWebKit/537.36 (KHTML, like Gecko) Version/4.0 Chrome/57.0.2987.132 MQQBrowser/9.0 Mobile Safari/537.36"
140.205.127.160 - - [31/Mar/2019:20:52:38 +0800] "GET /api/js/base/tangram.js?v=37768233.js HTTP/1.1" 200 36079 "http://qsong.fun/gif/detail/128" "Mozilla/5.0 (Linux; U; Android 8.0.0; zh-cn; SM-G9550 Build/R16NW) AppleWebKit/537.36 (KHTML, like Gecko) Version/4.0 Chrome/57.0.2987.132 MQQBrowser/9.0 Mobile Safari/537.36"
61.147.73.183 - - [31/Mar/2019:20:52:38 +0800] "GET /api/js/view/view_base.js HTTP/1.1" 200 728 "http://qsong.fun/gif/detail/128" "Mozilla/5.0 (Linux; U; Android 8.0.0; zh-cn; SM-G9550 Build/R16NW) AppleWebKit/537.36 (KHTML, like Gecko) Version/4.0 Chrome/57.0.2987.132 MQQBrowser/9.0 Mobile Safari/537.36"
61.147.73.162 - - [31/Mar/2019:20:52:38 +0800] "GET /_nuxt/638fa380b36dc3e26333.js HTTP/1.1" 304 - "http://qsong.fun/" "Mozilla/5.0 (Linux; Android 5.1.1; SM801 Build/LMY47V) AppleWebKit/537.36 (KHTML, like Gecko)     \t\tChrome/46.0.2490.11 Mobile Safari/537.36"
140.205.127.173 - - [31/Mar/2019:20:52:39 +0800] "GET /api/js/share/api_base.js HTTP/1.1" 200 580 "http://qsong.fun/gif/detail/128" "Mozilla/5.0 (Linux; U; Android 8.0.0; zh-cn; SM-G9550 Build/R16NW) AppleWebKit/537.36 (KHTML, like Gecko) Version/4.0 Chrome/57.0.2987.132 MQQBrowser/9.0 Mobile Safari/537.36"
61.147.73.172 - - [31/Mar/2019:20:52:39 +0800] "GET /favicon.ico HTTP/1.1" 200 1925 "http://qsong.fun/" "Mozilla/5.0 (Linux; U; Android 8.0.0; zh-cn; SM-G9550 Build/R16NW) AppleWebKit/537.36 (KHTML, like Gecko) Version/4.0 Chrome/57.0.2987.132 MQQBrowser/9.0 Mobile Safari/537.36"
61.147.73.163 - - [31/Mar/2019:20:52:39 +0800] "GET /css/share.css HTTP/1.1" 200 484 "http://qsong.fun/gif/detail/128" "Mozilla/5.0 (Linux; U; Android 8.0.0; zh-cn; SM-G9550 Build/R16NW) AppleWebKit/537.36 (KHTML, like Gecko) Version/4.0 Chrome/57.0.2987.132 MQQBrowser/9.0 Mobile Safari/537.36"
61.147.73.193 - - [31/Mar/2019:20:52:39 +0800] "GET /css/font-awesome.min.css HTTP/1.1" 200 7046 "http://qsong.fun/gif/detail/128" "Mozilla/5.0 (Linux; U; Android 8.0.0; zh-cn; SM-G9550 Build/R16NW) AppleWebKit/537.36 (KHTML, like Gecko) Version/4.0 Chrome/57.0.2987.132 MQQBrowser/9.0 Mobile Safari/537.36"
140.205.127.171 - - [31/Mar/2019:20:52:39 +0800] "GET /css/main.css HTTP/1.1" 200 18617 "http://qsong.fun/gif/detail/128" "Mozilla/5.0 (Linux; U; Android 8.0.0; zh-cn; SM-G9550 Build/R16NW) AppleWebKit/537.36 (KHTML, like Gecko) Version/4.0 Chrome/57.0.2987.132 MQQBrowser/9.0 Mobile Safari/537.36"
140.205.127.158 - - [31/Mar/2019:20:52:39 +0800] "GET /css/bootstrap.min.css HTTP/1.1" 200 16330 "http://qsong.fun/gif/detail/128" "Mozilla/5.0 (Linux; U; Android 8.0.0; zh-cn; SM-G9550 Build/R16NW) AppleWebKit/537.36 (KHTML, like Gecko) Version/4.0 Chrome/57.0.2987.132 MQQBrowser/9.0 Mobile Safari/537.36"
61.147.73.159 - - [31/Mar/2019:20:52:39 +0800] "GET /js/jquery.min.js HTTP/1.1" 200 33354 "http://qsong.fun/gif/detail/128" "Mozilla/5.0 (Linux; U; Android 8.0.0; zh-cn; SM-G9550 Build/R16NW) AppleWebKit/537.36 (KHTML, like Gecko) Version/4.0 Chrome/57.0.2987.132 MQQBrowser/9.0 Mobile Safari/537.36"
61.147.73.193 - - [31/Mar/2019:20:52:39 +0800] "GET /js/ias.js HTTP/1.1" 200 2185 "http://qsong.fun/gif/detail/128" "Mozilla/5.0 (Linux; U; Android 8.0.0; zh-cn; SM-G9550 Build/R16NW) AppleWebKit/537.36 (KHTML, like Gecko) Version/4.0 Chrome/57.0.2987.132 MQQBrowser/9.0 Mobile Safari/537.36"
140.205.127.149 - - [31/Mar/2019:20:52:39 +0800] "GET /css/gallery-clean.css HTTP/1.1" 200 406 "http://qsong.fun/gif/detail/128" "Mozilla/5.0 (Linux; U; Android 8.0.0; zh-cn; SM-G9550 Build/R16NW) AppleWebKit/537.36 (KHTML, like Gecko) Version/4.0 Chrome/57.0.2987.132 MQQBrowser/9.0 Mobile Safari/537.36"
140.205.127.158 - - [31/Mar/2019:20:52:39 +0800] "GET /js/bootstrap.min.js HTTP/1.1" 200 9551 "http://qsong.fun/gif/detail/128" "Mozilla/5.0 (Linux; U; Android 8.0.0; zh-cn; SM-G9550 Build/R16NW) AppleWebKit/537.36 (KHTML, like Gecko) Version/4.0 Chrome/57.0.2987.132 MQQBrowser/9.0 Mobile Safari/537.36"
61.147.73.160 - - [31/Mar/2019:20:52:39 +0800] "GET /image/logo.png HTTP/1.1" 200 6525 "http://qsong.fun/gif/detail/128" "Mozilla/5.0 (Linux; U; Android 8.0.0; zh-cn; SM-G9550 Build/R16NW) AppleWebKit/537.36 (KHTML, like Gecko) Version/4.0 Chrome/57.0.2987.132 MQQBrowser/9.0 Mobile Safari/537.36"
140.205.127.175 - - [31/Mar/2019:20:52:40 +0800] "GET /js/main.js HTTP/1.1" 200 6125 "http://qsong.fun/gif/detail/128" "Mozilla/5.0 (Linux; U; Android 8.0.0; zh-cn; SM-G9550 Build/R16NW) AppleWebKit/537.36 (KHTML, like Gecko) Version/4.0 Chrome/57.0.2987.132 MQQBrowser/9.0 Mobile Safari/537.36"
61.147.73.152 - - [31/Mar/2019:20:52:40 +0800] "GET /image/wxqrcode.png HTTP/1.1" 200 40117 "http://qsong.fun/gif/detail/128" "Mozilla/5.0 (Linux; U; Android 8.0.0; zh-cn; SM-G9550 Build/R16NW) AppleWebKit/537.36 (KHTML, like Gecko) Version/4.0 Chrome/57.0.2987.132 MQQBrowser/9.0 Mobile Safari/537.36"
140.205.127.143 - - [31/Mar/2019:20:52:40 +0800] "GET /css/baguetteBox.min.css HTTP/1.1" 200 1000 "http://qsong.fun/gif/detail/128" "Mozilla/5.0 (Linux; U; Android 8.0.0; zh-cn; SM-G9550 Build/R16NW) AppleWebKit/537.36 (KHTML, like Gecko) Version/4.0 Chrome/57.0.2987.132 MQQBrowser/9.0 Mobile Safari/537.36"
61.147.73.189 - - [31/Mar/2019:20:52:40 +0800] "GET /image/share.png HTTP/1.1" 200 6932 "http://qsong.fun/css/share.css" "Mozilla/5.0 (Linux; U; Android 8.0.0; zh-cn; SM-G9550 Build/R16NW) AppleWebKit/537.36 (KHTML, like Gecko) Version/4.0 Chrome/57.0.2987.132 MQQBrowser/9.0 Mobile Safari/537.36"
61.147.73.150 - - [31/Mar/2019:20:52:40 +0800] "GET /fonts/fontawesome-webfont.woff?v=4.7.0 HTTP/1.1" 200 98024 "http://qsong.fun/css/font-awesome.min.css" "Mozilla/5.0 (Linux; U; Android 8.0.0; zh-cn; SM-G9550 Build/R16NW) AppleWebKit/537.36 (KHTML, like Gecko) Version/4.0 Chrome/57.0.2987.132 MQQBrowser/9.0 Mobile Safari/537.36"
61.147.73.174 - - [31/Mar/2019:20:52:40 +0800] "GET /js/share.js?cdnversion=431675 HTTP/1.1" 200 6240 "http://qsong.fun/gif/detail/128" "Mozilla/5.0 (Linux; U; Android 8.0.0; zh-cn; SM-G9550 Build/R16NW) AppleWebKit/537.36 (KHTML, like Gecko) Version/4.0 Chrome/57.0.2987.132 MQQBrowser/9.0 Mobile Safari/537.36"
61.147.73.164 - - [31/Mar/2019:20:52:40 +0800] "GET /api/js/view/share_view.js?v=3ae6026d.js HTTP/1.1" 200 895 "http://qsong.fun/gif/detail/128" "Mozilla/5.0 (Linux; U; Android 8.0.0; zh-cn; SM-G9550 Build/R16NW) AppleWebKit/537.36 (KHTML, like Gecko) Version/4.0 Chrome/57.0.2987.132 MQQBrowser/9.0 Mobile Safari/537.36"
140.205.127.145 - - [31/Mar/2019:20:52:40 +0800] "GET /api/js/view/view_base.js HTTP/1.1" 200 728 "http://qsong.fun/gif/detail/128" "Mozilla/5.0 (Linux; U; Android 8.0.0; zh-cn; SM-G9550 Build/R16NW) AppleWebKit/537.36 (KHTML, like Gecko) Version/4.0 Chrome/57.0.2987.132 MQQBrowser/9.0 Mobile Safari/537.36"
61.147.73.150 - - [31/Mar/2019:20:52:40 +0800] "GET /api/js/share/share_api.js?v=226108fe.js HTTP/1.1" 200 484 "http://qsong.fun/gif/detail/128" "Mozilla/5.0 (Linux; U; Android 8.0.0; zh-cn; SM-G9550 Build/R16NW) AppleWebKit/537.36 (KHTML, like Gecko) Version/4.0 Chrome/57.0.2987.132 MQQBrowser/9.0 Mobile Safari/537.36"
61.147.73.180 - - [31/Mar/2019:20:52:40 +0800] "GET /api/js/base/tangram.js?v=37768233.js HTTP/1.1" 200 36079 "http://qsong.fun/gif/detail/128" "Mozilla/5.0 (Linux; U; Android 8.0.0; zh-cn; SM-G9550 Build/R16NW) AppleWebKit/537.36 (KHTML, like Gecko) Version/4.0 Chrome/57.0.2987.132 MQQBrowser/9.0 Mobile Safari/537.36"
140.205.127.173 - - [31/Mar/2019:20:52:41 +0800] "GET /api/js/share/api_base.js HTTP/1.1" 200 580 "http://qsong.fun/gif/detail/128" "Mozilla/5.0 (Linux; U; Android 8.0.0; zh-cn; SM-G9550 Build/R16NW) AppleWebKit/537.36 (KHTML, like Gecko) Version/4.0 Chrome/57.0.2987.132 MQQBrowser/9.0 Mobile Safari/537.36"
61.147.73.172 - - [31/Mar/2019:20:52:41 +0800] "GET /favicon.ico HTTP/1.1" 200 1925 "http://qsong.fun/" "Mozilla/5.0 (Linux; U; Android 8.0.0; zh-cn; SM-G9550 Build/R16NW) AppleWebKit/537.36 (KHTML, like Gecko) Version/4.0 Chrome/57.0.2987.132 MQQBrowser/9.0 Mobile Safari/537.36"
127.0.0.1 - - [31/Mar/2019:20:52:42 +0800] "OPTIONS * HTTP/1.0" 200 - "-" "Apache/2.4.6 (CentOS) OpenSSL/1.0.2k-fips PHP/5.4.16 (internal dummy connection)"
127.0.0.1 - - [31/Mar/2019:20:52:43 +0800] "OPTIONS * HTTP/1.0" 200 - "-" "Apache/2.4.6 (CentOS) OpenSSL/1.0.2k-fips PHP/5.4.16 (internal dummy connection)"
127.0.0.1 - - [31/Mar/2019:20:52:44 +0800] "OPTIONS * HTTP/1.0" 200 - "-" "Apache/2.4.6 (CentOS) OpenSSL/1.0.2k-fips PHP/5.4.16 (internal dummy connection)"
127.0.0.1 - - [31/Mar/2019:20:52:45 +0800] "OPTIONS * HTTP/1.0" 200 - "-" "Apache/2.4.6 (CentOS) OpenSSL/1.0.2k-fips PHP/5.4.16 (internal dummy connection)"
127.0.0.1 - - [31/Mar/2019:20:52:46 +0800] "OPTIONS * HTTP/1.0" 200 - "-" "Apache/2.4.6 (CentOS) OpenSSL/1.0.2k-fips PHP/5.4.16 (internal dummy connection)"
127.0.0.1 - - [31/Mar/2019:20:52:47 +0800] "OPTIONS * HTTP/1.0" 200 - "-" "Apache/2.4.6 (CentOS) OpenSSL/1.0.2k-fips PHP/5.4.16 (internal dummy connection)"
127.0.0.1 - - [31/Mar/2019:20:52:48 +0800] "OPTIONS * HTTP/1.0" 200 - "-" "Apache/2.4.6 (CentOS) OpenSSL/1.0.2k-fips PHP/5.4.16 (internal dummy connection)"
127.0.0.1 - - [31/Mar/2019:20:52:49 +0800] "OPTIONS * HTTP/1.0" 200 - "-" "Apache/2.4.6 (CentOS) OpenSSL/1.0.2k-fips PHP/5.4.16 (internal dummy connection)"
127.0.0.1 - - [31/Mar/2019:20:52:50 +0800] "OPTIONS * HTTP/1.0" 200 - "-" "Apache/2.4.6 (CentOS) OpenSSL/1.0.2k-fips PHP/5.4.16 (internal dummy connection)"
127.0.0.1 - - [31/Mar/2019:20:52:51 +0800] "OPTIONS * HTTP/1.0" 200 - "-" "Apache/2.4.6 (CentOS) OpenSSL/1.0.2k-fips PHP/5.4.16 (internal dummy connection)"
127.0.0.1 - - [31/Mar/2019:20:52:52 +0800] "OPTIONS * HTTP/1.0" 200 - "-" "Apache/2.4.6 (CentOS) OpenSSL/1.0.2k-fips PHP/5.4.16 (internal dummy connection)"
127.0.0.1 - - [31/Mar/2019:20:52:53 +0800] "OPTIONS * HTTP/1.0" 200 - "-" "Apache/2.4.6 (CentOS) OpenSSL/1.0.2k-fips PHP/5.4.16 (internal dummy connection)"
127.0.0.1 - - [31/Mar/2019:20:52:54 +0800] "OPTIONS * HTTP/1.0" 200 - "-" "Apache/2.4.6 (CentOS) OpenSSL/1.0.2k-fips PHP/5.4.16 (internal dummy connection)"
127.0.0.1 - - [31/Mar/2019:20:52:55 +0800] "OPTIONS * HTTP/1.0" 200 - "-" "Apache/2.4.6 (CentOS) OpenSSL/1.0.2k-fips PHP/5.4.16 (internal dummy connection)"
127.0.0.1 - - [31/Mar/2019:20:52:56 +0800] "OPTIONS * HTTP/1.0" 200 - "-" "Apache/2.4.6 (CentOS) OpenSSL/1.0.2k-fips PHP/5.4.16 (internal dummy connection)"
127.0.0.1 - - [31/Mar/2019:20:52:57 +0800] "OPTIONS * HTTP/1.0" 200 - "-" "Apache/2.4.6 (CentOS) OpenSSL/1.0.2k-fips PHP/5.4.16 (internal dummy connection)"
127.0.0.1 - - [31/Mar/2019:20:52:58 +0800] "OPTIONS * HTTP/1.0" 200 - "-" "Apache/2.4.6 (CentOS) OpenSSL/1.0.2k-fips PHP/5.4.16 (internal dummy connection)"
127.0.0.1 - - [31/Mar/2019:20:52:59 +0800] "OPTIONS * HTTP/1.0" 200 - "-" "Apache/2.4.6 (CentOS) OpenSSL/1.0.2k-fips PHP/5.4.16 (internal dummy connection)"
127.0.0.1 - - [31/Mar/2019:20:53:00 +0800] "OPTIONS * HTTP/1.0" 200 - "-" "Apache/2.4.6 (CentOS) OpenSSL/1.0.2k-fips PHP/5.4.16 (internal dummy connection)"
127.0.0.1 - - [31/Mar/2019:20:53:01 +0800] "OPTIONS * HTTP/1.0" 200 - "-" "Apache/2.4.6 (CentOS) OpenSSL/1.0.2k-fips PHP/5.4.16 (internal dummy connection)"
127.0.0.1 - - [31/Mar/2019:20:53:02 +0800] "OPTIONS * HTTP/1.0" 200 - "-" "Apache/2.4.6 (CentOS) OpenSSL/1.0.2k-fips PHP/5.4.16 (internal dummy connection)"
127.0.0.1 - - [31/Mar/2019:20:53:03 +0800] "OPTIONS * HTTP/1.0" 200 - "-" "Apache/2.4.6 (CentOS) OpenSSL/1.0.2k-fips PHP/5.4.16 (internal dummy connection)"
127.0.0.1 - - [31/Mar/2019:20:53:04 +0800] "OPTIONS * HTTP/1.0" 200 - "-" "Apache/2.4.6 (CentOS) OpenSSL/1.0.2k-fips PHP/5.4.16 (internal dummy connection)"
127.0.0.1 - - [31/Mar/2019:20:53:05 +0800] "OPTIONS * HTTP/1.0" 200 - "-" "Apache/2.4.6 (CentOS) OpenSSL/1.0.2k-fips PHP/5.4.16 (internal dummy connection)"
127.0.0.1 - - [31/Mar/2019:20:53:06 +0800] "OPTIONS * HTTP/1.0" 200 - "-" "Apache/2.4.6 (CentOS) OpenSSL/1.0.2k-fips PHP/5.4.16 (internal dummy connection)"
127.0.0.1 - - [31/Mar/2019:20:53:07 +0800] "OPTIONS * HTTP/1.0" 200 - "-" "Apache/2.4.6 (CentOS) OpenSSL/1.0.2k-fips PHP/5.4.16 (internal dummy connection)"
127.0.0.1 - - [31/Mar/2019:20:53:08 +0800] "OPTIONS * HTTP/1.0" 200 - "-" "Apache/2.4.6 (CentOS) OpenSSL/1.0.2k-fips PHP/5.4.16 (internal dummy connection)"
127.0.0.1 - - [31/Mar/2019:20:53:09 +0800] "OPTIONS * HTTP/1.0" 200 - "-" "Apache/2.4.6 (CentOS) OpenSSL/1.0.2k-fips PHP/5.4.16 (internal dummy connection)"
127.0.0.1 - - [31/Mar/2019:20:53:10 +0800] "OPTIONS * HTTP/1.0" 200 - "-" "Apache/2.4.6 (CentOS) OpenSSL/1.0.2k-fips PHP/5.4.16 (internal dummy connection)"
127.0.0.1 - - [31/Mar/2019:20:53:11 +0800] "OPTIONS * HTTP/1.0" 200 - "-" "Apache/2.4.6 (CentOS) OpenSSL/1.0.2k-fips PHP/5.4.16 (internal dummy connection)"
127.0.0.1 - - [31/Mar/2019:20:53:12 +0800] "OPTIONS * HTTP/1.0" 200 - "-" "Apache/2.4.6 (CentOS) OpenSSL/1.0.2k-fips PHP/5.4.16 (internal dummy connection)"
120.24.76.122 - - [31/Mar/2019:20:53:29 +0800] "GET /article/getArticleDtl?articleId=52&type=dz HTTP/1.1" 200 3492 "http://qsong.fun/" "Mozilla/5.0 (Linux; Android 5.1.1; SM801 Build/LMY47V) AppleWebKit/537.36 (KHTML, like Gecko)     \t\tChrome/46.0.2490.11 Mobile Safari/537.36"
120.24.76.122 - - [31/Mar/2019:20:53:29 +0800] "GET /article/getRandArticle HTTP/1.1" 200 5102 "http://qsong.fun/" "Mozilla/5.0 (Linux; Android 5.1.1; SM801 Build/LMY47V) AppleWebKit/537.36 (KHTML, like Gecko)     \t\tChrome/46.0.2490.11 Mobile Safari/537.36"
61.147.73.170 - - [31/Mar/2019:20:53:29 +0800] "GET /jokes/detail/52 HTTP/1.1" 200 15376 "http://qsong.fun/" "Mozilla/5.0 (Linux; Android 5.1.1; SM801 Build/LMY47V) AppleWebKit/537.36 (KHTML, like Gecko)     \t\tChrome/46.0.2490.11 Mobile Safari/537.36"
61.147.73.159 - - [31/Mar/2019:20:53:29 +0800] "GET /js/jquery.min.js HTTP/1.1" 200 95997 "http://qsong.fun/jokes/detail/52" "Mozilla/5.0 (Linux; Android 5.1.1; SM801 Build/LMY47V) AppleWebKit/537.36 (KHTML, like Gecko)     \t\tChrome/46.0.2490.11 Mobile Safari/537.36"
101.200.101.201 - - [31/Mar/2019:20:53:30 +0800] "GET /js/bootstrap.min.js HTTP/1.1" 200 39163 "http://qsong.fun/jokes/detail/52" "Mozilla/5.0 (Linux; U; Android 4.4.4; zh-CN; HUAWEI ALE-CL00 Build/HuaweiALE-CL00) AppleWebKit/537.36 (KHTML, like Gecko) Version/4.0 Chrome/40.0.2214.89 UCBrowser/11.3.0.907 Mobile Safari/537.36"
61.147.73.193 - - [31/Mar/2019:20:53:30 +0800] "GET /js/ias.js HTTP/1.1" 200 6740 "http://qsong.fun/jokes/detail/52" "Mozilla/5.0 (Linux; Android 5.1.1; SM801 Build/LMY47V) AppleWebKit/537.36 (KHTML, like Gecko)     \t\tChrome/46.0.2490.11 Mobile Safari/537.36"
101.200.101.209 - - [31/Mar/2019:20:53:31 +0800] "GET /js/main.js HTTP/1.1" 200 21107 "http://qsong.fun/jokes/detail/52" "Mozilla/5.0 (Linux; U; Android 4.4.4; zh-CN; HUAWEI ALE-CL00 Build/HuaweiALE-CL00) AppleWebKit/537.36 (KHTML, like Gecko) Version/4.0 Chrome/40.0.2214.89 UCBrowser/11.3.0.907 Mobile Safari/537.36"
101.200.101.203 - - [31/Mar/2019:20:53:32 +0800] "GET /_nuxt/3636155fa519c8c1a4bd.js HTTP/1.1" 200 2609 "http://qsong.fun/jokes/detail/52" "Mozilla/5.0 (Linux; U; Android 4.4.4; zh-CN; HUAWEI ALE-CL00 Build/HuaweiALE-CL00) AppleWebKit/537.36 (KHTML, like Gecko) Version/4.0 Chrome/40.0.2214.89 UCBrowser/11.3.0.907 Mobile Safari/537.36"
61.147.73.198 - - [31/Mar/2019:20:53:32 +0800] "GET /_nuxt/0f3982bf34711b1b48dc.js HTTP/1.1" 200 16201 "http://qsong.fun/jokes/detail/52" "Mozilla/5.0 (Linux; U; Android 4.4.4; zh-CN; HUAWEI ALE-CL00 Build/HuaweiALE-CL00) AppleWebKit/537.36 (KHTML, like Gecko) Version/4.0 Chrome/40.0.2214.89 UCBrowser/11.3.0.907 Mobile Safari/537.36"
120.24.76.122 - - [31/Mar/2019:20:53:33 +0800] "GET /article/getRandArticle HTTP/1.1" 200 4784 "http://qsong.fun/" "Mozilla/5.0 (Linux; U; Android 4.4.4; zh-CN; HUAWEI ALE-CL00 Build/HuaweiALE-CL00) AppleWebKit/537.36 (KHTML, like Gecko) Version/4.0 Chrome/40.0.2214.89 UCBrowser/11.3.0.907 Mobile Safari/537.36"
