111.206.198.69 - - [27/Mar/2019:08:19:47 +0800] "GET /article/getArticleList?type=notice&ps=5&pn=1 HTTP/1.1" 200 1590 "http://www.qsong.fun/static/qsong/html/home.html" "Mozilla/5.0 (iPhone; CPU iPhone OS 9_1 like Mac OS X) AppleWebKit/601.1.46 (KHTML, like Gecko) Version/9.0 Mobile/13B143 Safari/601.1 (compatible; Baiduspider-render/2.0; +http://www.baidu.com/search/spider.html)"
111.206.221.25 - - [27/Mar/2019:08:19:47 +0800] "GET /article/getCountInfo HTTP/1.1" 200 282 "http://www.qsong.fun/static/qsong/html/home.html" "Mozilla/5.0 (iPhone; CPU iPhone OS 9_1 like Mac OS X) AppleWebKit/601.1.46 (KHTML, like Gecko) Version/9.0 Mobile/13B143 Safari/601.1 (compatible; Baiduspider-render/2.0; +http://www.baidu.com/search/spider.html)"
111.206.221.89 - - [27/Mar/2019:08:19:47 +0800] "GET /img/de5fd9655a1f0ed92e8becd32ed23a8a.jpg HTTP/1.1" 200 33711 "http://www.qsong.fun/static/qsong/html/home.html" "Mozilla/5.0 (iPhone; CPU iPhone OS 9_1 like Mac OS X) AppleWebKit/601.1.46 (KHTML, like Gecko) Version/9.0 Mobile/13B143 Safari/601.1 (compatible; Baiduspider-render/2.0; +http://www.baidu.com/search/spider.html)"
192.0.102.40 - - [27/Mar/2019:08:25:49 +0800] "HEAD / HTTP/1.1" 404 - "-" "jetmon/1.0 (Jetpack Site Uptime Monitor by WordPress.com)"
192.0.102.40 - - [27/Mar/2019:08:32:04 +0800] "HEAD / HTTP/1.1" 404 - "-" "jetmon/1.0 (Jetpack Site Uptime Monitor by WordPress.com)"
192.0.102.40 - - [27/Mar/2019:08:38:59 +0800] "HEAD / HTTP/1.1" 404 - "-" "jetmon/1.0 (Jetpack Site Uptime Monitor by WordPress.com)"
127.0.0.1 - - [27/Mar/2019:08:40:30 +0800] "OPTIONS * HTTP/1.0" 200 - "-" "Apache/2.4.6 (CentOS) OpenSSL/1.0.2k-fips PHP/5.4.16 (internal dummy connection)"
127.0.0.1 - - [27/Mar/2019:08:40:31 +0800] "OPTIONS * HTTP/1.0" 200 - "-" "Apache/2.4.6 (CentOS) OpenSSL/1.0.2k-fips PHP/5.4.16 (internal dummy connection)"
127.0.0.1 - - [27/Mar/2019:08:40:32 +0800] "OPTIONS * HTTP/1.0" 200 - "-" "Apache/2.4.6 (CentOS) OpenSSL/1.0.2k-fips PHP/5.4.16 (internal dummy connection)"
127.0.0.1 - - [27/Mar/2019:08:43:15 +0800] "OPTIONS * HTTP/1.0" 200 - "-" "Apache/2.4.6 (CentOS) OpenSSL/1.0.2k-fips PHP/5.4.16 (internal dummy connection)"
127.0.0.1 - - [27/Mar/2019:08:43:16 +0800] "OPTIONS * HTTP/1.0" 200 - "-" "Apache/2.4.6 (CentOS) OpenSSL/1.0.2k-fips PHP/5.4.16 (internal dummy connection)"
127.0.0.1 - - [27/Mar/2019:08:43:18 +0800] "OPTIONS * HTTP/1.0" 200 - "-" "Apache/2.4.6 (CentOS) OpenSSL/1.0.2k-fips PHP/5.4.16 (internal dummy connection)"
127.0.0.1 - - [27/Mar/2019:08:43:22 +0800] "OPTIONS * HTTP/1.0" 200 - "-" "Apache/2.4.6 (CentOS) OpenSSL/1.0.2k-fips PHP/5.4.16 (internal dummy connection)"
127.0.0.1 - - [27/Mar/2019:08:43:23 +0800] "OPTIONS * HTTP/1.0" 200 - "-" "Apache/2.4.6 (CentOS) OpenSSL/1.0.2k-fips PHP/5.4.16 (internal dummy connection)"
127.0.0.1 - - [27/Mar/2019:08:43:24 +0800] "OPTIONS * HTTP/1.0" 200 - "-" "Apache/2.4.6 (CentOS) OpenSSL/1.0.2k-fips PHP/5.4.16 (internal dummy connection)"
192.0.102.40 - - [27/Mar/2019:08:46:38 +0800] "HEAD / HTTP/1.1" 404 - "-" "jetmon/1.0 (Jetpack Site Uptime Monitor by WordPress.com)"
127.0.0.1 - - [27/Mar/2019:08:51:47 +0800] "OPTIONS * HTTP/1.0" 200 - "-" "Apache/2.4.6 (CentOS) OpenSSL/1.0.2k-fips PHP/5.4.16 (internal dummy connection)"
192.0.102.40 - - [27/Mar/2019:08:53:03 +0800] "HEAD / HTTP/1.1" 404 - "-" "jetmon/1.0 (Jetpack Site Uptime Monitor by WordPress.com)"
192.0.102.40 - - [27/Mar/2019:08:59:40 +0800] "HEAD / HTTP/1.1" 404 - "-" "jetmon/1.0 (Jetpack Site Uptime Monitor by WordPress.com)"
65.110.214.195 - - [27/Mar/2019:09:01:25 +0800] "GET / HTTP/1.1" 302 51 "-" "Mozilla/5.0 (Windows NT 6.1; WOW64) AppleWebKit/537.36 (KHTML, like Gecko) Chrome/52.0.2743.116 Safari/537.36"
127.0.0.1 - - [27/Mar/2019:09:04:20 +0800] "OPTIONS * HTTP/1.0" 200 - "-" "Apache/2.4.6 (CentOS) OpenSSL/1.0.2k-fips PHP/5.4.16 (internal dummy connection)"
127.0.0.1 - - [27/Mar/2019:09:04:25 +0800] "OPTIONS * HTTP/1.0" 200 - "-" "Apache/2.4.6 (CentOS) OpenSSL/1.0.2k-fips PHP/5.4.16 (internal dummy connection)"
127.0.0.1 - - [27/Mar/2019:09:04:26 +0800] "OPTIONS * HTTP/1.0" 200 - "-" "Apache/2.4.6 (CentOS) OpenSSL/1.0.2k-fips PHP/5.4.16 (internal dummy connection)"
192.0.102.40 - - [27/Mar/2019:09:07:37 +0800] "HEAD / HTTP/1.1" 404 - "-" "jetmon/1.0 (Jetpack Site Uptime Monitor by WordPress.com)"
192.0.102.40 - - [27/Mar/2019:09:14:09 +0800] "HEAD / HTTP/1.1" 404 - "-" "jetmon/1.0 (Jetpack Site Uptime Monitor by WordPress.com)"
192.0.102.40 - - [27/Mar/2019:09:20:52 +0800] "HEAD / HTTP/1.1" 404 - "-" "jetmon/1.0 (Jetpack Site Uptime Monitor by WordPress.com)"
127.0.0.1 - - [27/Mar/2019:09:21:00 +0800] "OPTIONS * HTTP/1.0" 200 - "-" "Apache/2.4.6 (CentOS) OpenSSL/1.0.2k-fips PHP/5.4.16 (internal dummy connection)"
192.0.102.40 - - [27/Mar/2019:09:28:46 +0800] "HEAD / HTTP/1.1" 404 - "-" "jetmon/1.0 (Jetpack Site Uptime Monitor by WordPress.com)"
192.0.102.40 - - [27/Mar/2019:09:35:23 +0800] "HEAD / HTTP/1.1" 404 - "-" "jetmon/1.0 (Jetpack Site Uptime Monitor by WordPress.com)"
127.0.0.1 - - [27/Mar/2019:09:38:20 +0800] "OPTIONS * HTTP/1.0" 200 - "-" "Apache/2.4.6 (CentOS) OpenSSL/1.0.2k-fips PHP/5.4.16 (internal dummy connection)"
127.0.0.1 - - [27/Mar/2019:09:38:25 +0800] "OPTIONS * HTTP/1.0" 200 - "-" "Apache/2.4.6 (CentOS) OpenSSL/1.0.2k-fips PHP/5.4.16 (internal dummy connection)"
127.0.0.1 - - [27/Mar/2019:09:41:53 +0800] "OPTIONS * HTTP/1.0" 200 - "-" "Apache/2.4.6 (CentOS) OpenSSL/1.0.2k-fips PHP/5.4.16 (internal dummy connection)"
192.0.102.40 - - [27/Mar/2019:09:41:56 +0800] "HEAD / HTTP/1.1" 404 - "-" "jetmon/1.0 (Jetpack Site Uptime Monitor by WordPress.com)"
127.0.0.1 - - [27/Mar/2019:09:42:07 +0800] "OPTIONS * HTTP/1.0" 200 - "-" "Apache/2.4.6 (CentOS) OpenSSL/1.0.2k-fips PHP/5.4.16 (internal dummy connection)"
127.0.0.1 - - [27/Mar/2019:09:42:15 +0800] "OPTIONS * HTTP/1.0" 200 - "-" "Apache/2.4.6 (CentOS) OpenSSL/1.0.2k-fips PHP/5.4.16 (internal dummy connection)"
127.0.0.1 - - [27/Mar/2019:09:42:22 +0800] "OPTIONS * HTTP/1.0" 200 - "-" "Apache/2.4.6 (CentOS) OpenSSL/1.0.2k-fips PHP/5.4.16 (internal dummy connection)"
127.0.0.1 - - [27/Mar/2019:09:42:23 +0800] "OPTIONS * HTTP/1.0" 200 - "-" "Apache/2.4.6 (CentOS) OpenSSL/1.0.2k-fips PHP/5.4.16 (internal dummy connection)"
127.0.0.1 - - [27/Mar/2019:09:42:29 +0800] "OPTIONS * HTTP/1.0" 200 - "-" "Apache/2.4.6 (CentOS) OpenSSL/1.0.2k-fips PHP/5.4.16 (internal dummy connection)"
127.0.0.1 - - [27/Mar/2019:09:42:30 +0800] "OPTIONS * HTTP/1.0" 200 - "-" "Apache/2.4.6 (CentOS) OpenSSL/1.0.2k-fips PHP/5.4.16 (internal dummy connection)"
127.0.0.1 - - [27/Mar/2019:09:42:31 +0800] "OPTIONS * HTTP/1.0" 200 - "-" "Apache/2.4.6 (CentOS) OpenSSL/1.0.2k-fips PHP/5.4.16 (internal dummy connection)"
127.0.0.1 - - [27/Mar/2019:09:42:32 +0800] "OPTIONS * HTTP/1.0" 200 - "-" "Apache/2.4.6 (CentOS) OpenSSL/1.0.2k-fips PHP/5.4.16 (internal dummy connection)"
127.0.0.1 - - [27/Mar/2019:09:42:33 +0800] "OPTIONS * HTTP/1.0" 200 - "-" "Apache/2.4.6 (CentOS) OpenSSL/1.0.2k-fips PHP/5.4.16 (internal dummy connection)"
127.0.0.1 - - [27/Mar/2019:09:42:34 +0800] "OPTIONS * HTTP/1.0" 200 - "-" "Apache/2.4.6 (CentOS) OpenSSL/1.0.2k-fips PHP/5.4.16 (internal dummy connection)"
127.0.0.1 - - [27/Mar/2019:09:42:35 +0800] "OPTIONS * HTTP/1.0" 200 - "-" "Apache/2.4.6 (CentOS) OpenSSL/1.0.2k-fips PHP/5.4.16 (internal dummy connection)"
140.205.127.136 - - [27/Mar/2019:09:42:43 +0800] "GET /article/getArticleList?type=dz&ps=1&pn=1 HTTP/1.1" 200 1252 "http://qsong.fun/static/qsong/html/home.html" "Mozilla/5.0 (Windows NT 10.0; WOW64) AppleWebKit/537.36 (KHTML, like Gecko) Chrome/73.0.3683.86 Safari/537.36"
140.205.127.175 - - [27/Mar/2019:09:42:43 +0800] "GET /article/getArticleList?ps=5&pn=1&sort=read HTTP/1.1" 200 4358 "http://qsong.fun/static/qsong/html/home.html" "Mozilla/5.0 (Windows NT 10.0; WOW64) AppleWebKit/537.36 (KHTML, like Gecko) Chrome/73.0.3683.86 Safari/537.36"
140.205.127.166 - - [27/Mar/2019:09:42:44 +0800] "GET /article/getArticleList?type=video&ps=1&pn=1&sort=read HTTP/1.1" 200 1024 "http://qsong.fun/static/qsong/html/home.html" "Mozilla/5.0 (Windows NT 10.0; WOW64) AppleWebKit/537.36 (KHTML, like Gecko) Chrome/73.0.3683.86 Safari/537.36"
140.205.127.159 - - [27/Mar/2019:09:42:44 +0800] "GET /article/getRandArticle HTTP/1.1" 200 4056 "http://qsong.fun/static/qsong/html/home.html" "Mozilla/5.0 (Windows NT 10.0; WOW64) AppleWebKit/537.36 (KHTML, like Gecko) Chrome/73.0.3683.86 Safari/537.36"
140.205.127.135 - - [27/Mar/2019:09:42:44 +0800] "GET /article/getArticleList?type=notice&ps=5&pn=1 HTTP/1.1" 200 1590 "http://qsong.fun/static/qsong/html/home.html" "Mozilla/5.0 (Windows NT 10.0; WOW64) AppleWebKit/537.36 (KHTML, like Gecko) Chrome/73.0.3683.86 Safari/537.36"
140.205.127.129 - - [27/Mar/2019:09:42:44 +0800] "GET /article/getArticleList?ps=10&pn=1 HTTP/1.1" 200 8622 "http://qsong.fun/static/qsong/html/home.html" "Mozilla/5.0 (Windows NT 10.0; WOW64) AppleWebKit/537.36 (KHTML, like Gecko) Chrome/73.0.3683.86 Safari/537.36"
140.205.127.145 - - [27/Mar/2019:09:42:44 +0800] "GET /article/getCountInfo HTTP/1.1" 200 282 "http://qsong.fun/static/qsong/html/home.html" "Mozilla/5.0 (Windows NT 10.0; WOW64) AppleWebKit/537.36 (KHTML, like Gecko) Chrome/73.0.3683.86 Safari/537.36"
127.0.0.1 - - [27/Mar/2019:09:42:49 +0800] "OPTIONS * HTTP/1.0" 200 - "-" "Apache/2.4.6 (CentOS) OpenSSL/1.0.2k-fips PHP/5.4.16 (internal dummy connection)"
127.0.0.1 - - [27/Mar/2019:09:42:50 +0800] "OPTIONS * HTTP/1.0" 200 - "-" "Apache/2.4.6 (CentOS) OpenSSL/1.0.2k-fips PHP/5.4.16 (internal dummy connection)"
127.0.0.1 - - [27/Mar/2019:09:42:51 +0800] "OPTIONS * HTTP/1.0" 200 - "-" "Apache/2.4.6 (CentOS) OpenSSL/1.0.2k-fips PHP/5.4.16 (internal dummy connection)"
192.0.102.40 - - [27/Mar/2019:09:49:51 +0800] "HEAD / HTTP/1.1" 404 - "-" "jetmon/1.0 (Jetpack Site Uptime Monitor by WordPress.com)"
61.147.73.182 - - [27/Mar/2019:09:53:47 +0800] "GET /robots.txt HTTP/1.1" 404 94 "-" "Mozilla/5.0 (compatible; Googlebot/2.1; +http://www.google.com/bot.html)"
192.0.102.40 - - [27/Mar/2019:09:56:12 +0800] "HEAD / HTTP/1.1" 404 - "-" "jetmon/1.0 (Jetpack Site Uptime Monitor by WordPress.com)"
101.200.101.218 - - [27/Mar/2019:09:58:52 +0800] "GET /static/qsong/html/gifdetail.html?id=41 HTTP/1.1" 200 13930 "-" "Mozilla/5.0 (compatible; Googlebot/2.1; +http://www.google.com/bot.html)"
101.200.101.214 - - [27/Mar/2019:09:58:55 +0800] "GET /article/getArticleDtl?articleId=41&type=gif HTTP/1.1" 200 4533 "http://qsong.fun/static/qsong/html/gifdetail.html?id=41" "Mozilla/5.0 AppleWebKit/537.36 (KHTML, like Gecko; compatible; Googlebot/2.1; +http://www.google.com/bot.html) Safari/537.36"
61.147.73.153 - - [27/Mar/2019:09:58:55 +0800] "GET /static/qsong/js/share.js?cdnversion=431567 HTTP/1.1" 200 17068 "http://qsong.fun/static/qsong/html/gifdetail.html?id=41" "Mozilla/5.0 AppleWebKit/537.36 (KHTML, like Gecko; compatible; Googlebot/2.1; +http://www.google.com/bot.html) Safari/537.36"
61.147.73.149 - - [27/Mar/2019:10:00:34 +0800] "GET /static/qsong/html/gifdetail.html?id=47 HTTP/1.1" 200 13930 "-" "Mozilla/5.0 (compatible; Googlebot/2.1; +http://www.google.com/bot.html)"
61.147.73.154 - - [27/Mar/2019:10:00:37 +0800] "GET /static/qsong/js/share.js HTTP/1.1" 200 17068 "http://qsong.fun/static/qsong/html/gifdetail.html?id=47" "Mozilla/5.0 AppleWebKit/537.36 (KHTML, like Gecko; compatible; Googlebot/2.1; +http://www.google.com/bot.html) Safari/537.36"
61.147.73.157 - - [27/Mar/2019:10:00:38 +0800] "GET /article/getArticleDtl?articleId=47&type=gif HTTP/1.1" 200 4659 "http://qsong.fun/static/qsong/html/gifdetail.html?id=47" "Mozilla/5.0 AppleWebKit/537.36 (KHTML, like Gecko; compatible; Googlebot/2.1; +http://www.google.com/bot.html) Safari/537.36"
61.147.73.191 - - [27/Mar/2019:10:00:38 +0800] "GET /static/api/js/share/api_base.js HTTP/1.1" 200 1468 "http://qsong.fun/static/qsong/html/gifdetail.html?id=47" "Mozilla/5.0 AppleWebKit/537.36 (KHTML, like Gecko; compatible; Googlebot/2.1; +http://www.google.com/bot.html) Safari/537.36"
61.147.73.172 - - [27/Mar/2019:10:00:54 +0800] "GET /static/api/js/trans/logger.js?v=d16ec0e3.js HTTP/1.1" 200 - "http://qsong.fun/static/qsong/html/gifdetail.html?id=47" "Mozilla/5.0 AppleWebKit/537.36 (KHTML, like Gecko; compatible; Googlebot/2.1; +http://www.google.com/bot.html) Safari/537.36"
127.0.0.1 - - [27/Mar/2019:10:02:24 +0800] "OPTIONS * HTTP/1.0" 200 - "-" "Apache/2.4.6 (CentOS) OpenSSL/1.0.2k-fips PHP/5.4.16 (internal dummy connection)"
127.0.0.1 - - [27/Mar/2019:10:02:26 +0800] "OPTIONS * HTTP/1.0" 200 - "-" "Apache/2.4.6 (CentOS) OpenSSL/1.0.2k-fips PHP/5.4.16 (internal dummy connection)"
127.0.0.1 - - [27/Mar/2019:10:02:27 +0800] "OPTIONS * HTTP/1.0" 200 - "-" "Apache/2.4.6 (CentOS) OpenSSL/1.0.2k-fips PHP/5.4.16 (internal dummy connection)"
192.0.102.40 - - [27/Mar/2019:10:02:45 +0800] "HEAD / HTTP/1.1" 404 - "-" "jetmon/1.0 (Jetpack Site Uptime Monitor by WordPress.com)"
127.0.0.1 - - [27/Mar/2019:10:04:30 +0800] "OPTIONS * HTTP/1.0" 200 - "-" "Apache/2.4.6 (CentOS) OpenSSL/1.0.2k-fips PHP/5.4.16 (internal dummy connection)"
127.0.0.1 - - [27/Mar/2019:10:04:31 +0800] "OPTIONS * HTTP/1.0" 200 - "-" "Apache/2.4.6 (CentOS) OpenSSL/1.0.2k-fips PHP/5.4.16 (internal dummy connection)"
127.0.0.1 - - [27/Mar/2019:10:04:32 +0800] "OPTIONS * HTTP/1.0" 200 - "-" "Apache/2.4.6 (CentOS) OpenSSL/1.0.2k-fips PHP/5.4.16 (internal dummy connection)"
127.0.0.1 - - [27/Mar/2019:10:04:33 +0800] "OPTIONS * HTTP/1.0" 200 - "-" "Apache/2.4.6 (CentOS) OpenSSL/1.0.2k-fips PHP/5.4.16 (internal dummy connection)"
127.0.0.1 - - [27/Mar/2019:10:04:34 +0800] "OPTIONS * HTTP/1.0" 200 - "-" "Apache/2.4.6 (CentOS) OpenSSL/1.0.2k-fips PHP/5.4.16 (internal dummy connection)"
127.0.0.1 - - [27/Mar/2019:10:04:35 +0800] "OPTIONS * HTTP/1.0" 200 - "-" "Apache/2.4.6 (CentOS) OpenSSL/1.0.2k-fips PHP/5.4.16 (internal dummy connection)"
61.147.73.158 - - [27/Mar/2019:10:09:04 +0800] "GET /static/qsong/html/gifdetail.html?id=49 HTTP/1.1" 200 13930 "-" "Mozilla/5.0 (compatible; Googlebot/2.1; +http://www.google.com/bot.html)"
61.147.73.158 - - [27/Mar/2019:10:09:07 +0800] "GET /article/getArticleDtl?articleId=49&type=gif HTTP/1.1" 200 4749 "http://qsong.fun/static/qsong/html/gifdetail.html?id=49" "Mozilla/5.0 AppleWebKit/537.36 (KHTML, like Gecko; compatible; Googlebot/2.1; +http://www.google.com/bot.html) Safari/537.36"
61.147.73.183 - - [27/Mar/2019:10:10:46 +0800] "GET /static/qsong/html/gifdetail.html?id=46 HTTP/1.1" 200 13930 "-" "Mozilla/5.0 (compatible; Googlebot/2.1; +http://www.google.com/bot.html)"
192.0.102.40 - - [27/Mar/2019:10:10:49 +0800] "HEAD / HTTP/1.1" 404 - "-" "jetmon/1.0 (Jetpack Site Uptime Monitor by WordPress.com)"
61.147.73.158 - - [27/Mar/2019:10:10:49 +0800] "GET /article/getArticleDtl?articleId=46&type=gif HTTP/1.1" 200 4722 "http://qsong.fun/static/qsong/html/gifdetail.html?id=46" "Mozilla/5.0 AppleWebKit/537.36 (KHTML, like Gecko; compatible; Googlebot/2.1; +http://www.google.com/bot.html) Safari/537.36"
127.0.0.1 - - [27/Mar/2019:10:14:47 +0800] "OPTIONS * HTTP/1.0" 200 - "-" "Apache/2.4.6 (CentOS) OpenSSL/1.0.2k-fips PHP/5.4.16 (internal dummy connection)"
127.0.0.1 - - [27/Mar/2019:10:14:48 +0800] "OPTIONS * HTTP/1.0" 200 - "-" "Apache/2.4.6 (CentOS) OpenSSL/1.0.2k-fips PHP/5.4.16 (internal dummy connection)"
127.0.0.1 - - [27/Mar/2019:10:14:49 +0800] "OPTIONS * HTTP/1.0" 200 - "-" "Apache/2.4.6 (CentOS) OpenSSL/1.0.2k-fips PHP/5.4.16 (internal dummy connection)"
127.0.0.1 - - [27/Mar/2019:10:14:50 +0800] "OPTIONS * HTTP/1.0" 200 - "-" "Apache/2.4.6 (CentOS) OpenSSL/1.0.2k-fips PHP/5.4.16 (internal dummy connection)"
127.0.0.1 - - [27/Mar/2019:10:14:51 +0800] "OPTIONS * HTTP/1.0" 200 - "-" "Apache/2.4.6 (CentOS) OpenSSL/1.0.2k-fips PHP/5.4.16 (internal dummy connection)"
127.0.0.1 - - [27/Mar/2019:10:14:52 +0800] "OPTIONS * HTTP/1.0" 200 - "-" "Apache/2.4.6 (CentOS) OpenSSL/1.0.2k-fips PHP/5.4.16 (internal dummy connection)"
127.0.0.1 - - [27/Mar/2019:10:15:58 +0800] "OPTIONS * HTTP/1.0" 200 - "-" "Apache/2.4.6 (CentOS) OpenSSL/1.0.2k-fips PHP/5.4.16 (internal dummy connection)"
127.0.0.1 - - [27/Mar/2019:10:15:59 +0800] "OPTIONS * HTTP/1.0" 200 - "-" "Apache/2.4.6 (CentOS) OpenSSL/1.0.2k-fips PHP/5.4.16 (internal dummy connection)"
127.0.0.1 - - [27/Mar/2019:10:16:00 +0800] "OPTIONS * HTTP/1.0" 200 - "-" "Apache/2.4.6 (CentOS) OpenSSL/1.0.2k-fips PHP/5.4.16 (internal dummy connection)"
192.0.102.40 - - [27/Mar/2019:10:17:03 +0800] "HEAD / HTTP/1.1" 404 - "-" "jetmon/1.0 (Jetpack Site Uptime Monitor by WordPress.com)"
192.0.102.40 - - [27/Mar/2019:10:23:47 +0800] "HEAD / HTTP/1.1" 404 - "-" "jetmon/1.0 (Jetpack Site Uptime Monitor by WordPress.com)"
127.0.0.1 - - [27/Mar/2019:10:25:33 +0800] "OPTIONS * HTTP/1.0" 200 - "-" "Apache/2.4.6 (CentOS) OpenSSL/1.0.2k-fips PHP/5.4.16 (internal dummy connection)"
127.0.0.1 - - [27/Mar/2019:10:25:34 +0800] "OPTIONS * HTTP/1.0" 200 - "-" "Apache/2.4.6 (CentOS) OpenSSL/1.0.2k-fips PHP/5.4.16 (internal dummy connection)"
127.0.0.1 - - [27/Mar/2019:10:25:35 +0800] "OPTIONS * HTTP/1.0" 200 - "-" "Apache/2.4.6 (CentOS) OpenSSL/1.0.2k-fips PHP/5.4.16 (internal dummy connection)"
61.147.73.154 - - [27/Mar/2019:10:31:08 +0800] "GET /article/getArticleList?type=dz&ps=1&pn=1 HTTP/1.1" 200 1252 "http://qsong.fun/static/qsong/html/home.html" "Mozilla/5.0 (Windows NT 10.0; WOW64) AppleWebKit/537.36 (KHTML, like Gecko) Chrome/73.0.3683.86 Safari/537.36"
61.147.73.182 - - [27/Mar/2019:10:31:08 +0800] "GET /article/getArticleList?ps=10&pn=1 HTTP/1.1" 200 8622 "http://qsong.fun/static/qsong/html/home.html" "Mozilla/5.0 (Windows NT 10.0; WOW64) AppleWebKit/537.36 (KHTML, like Gecko) Chrome/73.0.3683.86 Safari/537.36"
140.205.127.175 - - [27/Mar/2019:10:31:08 +0800] "GET /article/getArticleList?ps=5&pn=1&sort=read HTTP/1.1" 200 4358 "http://qsong.fun/static/qsong/html/home.html" "Mozilla/5.0 (Windows NT 10.0; WOW64) AppleWebKit/537.36 (KHTML, like Gecko) Chrome/73.0.3683.86 Safari/537.36"
140.205.127.166 - - [27/Mar/2019:10:31:08 +0800] "GET /article/getArticleList?type=video&ps=1&pn=1&sort=read HTTP/1.1" 200 1024 "http://qsong.fun/static/qsong/html/home.html" "Mozilla/5.0 (Windows NT 10.0; WOW64) AppleWebKit/537.36 (KHTML, like Gecko) Chrome/73.0.3683.86 Safari/537.36"
140.205.127.159 - - [27/Mar/2019:10:31:08 +0800] "GET /article/getRandArticle HTTP/1.1" 200 4114 "http://qsong.fun/static/qsong/html/home.html" "Mozilla/5.0 (Windows NT 10.0; WOW64) AppleWebKit/537.36 (KHTML, like Gecko) Chrome/73.0.3683.86 Safari/537.36"
101.200.101.208 - - [27/Mar/2019:10:31:08 +0800] "GET /article/getArticleList?type=notice&ps=5&pn=1 HTTP/1.1" 200 1590 "http://qsong.fun/static/qsong/html/home.html" "Mozilla/5.0 (Windows NT 10.0; WOW64) AppleWebKit/537.36 (KHTML, like Gecko) Chrome/73.0.3683.86 Safari/537.36"
140.205.127.145 - - [27/Mar/2019:10:31:08 +0800] "GET /article/getCountInfo HTTP/1.1" 200 282 "http://qsong.fun/static/qsong/html/home.html" "Mozilla/5.0 (Windows NT 10.0; WOW64) AppleWebKit/537.36 (KHTML, like Gecko) Chrome/73.0.3683.86 Safari/537.36"
61.147.73.161 - - [27/Mar/2019:10:31:09 +0800] "GET /static/qsong/html/videomain.html HTTP/1.1" 200 12815 "http://qsong.fun/static/qsong/html/home.html" "Mozilla/5.0 (Windows NT 10.0; WOW64) AppleWebKit/537.36 (KHTML, like Gecko) Chrome/73.0.3683.86 Safari/537.36"
61.147.73.169 - - [27/Mar/2019:10:31:09 +0800] "GET /article/getArticleList?ps=10&pn=1&type=video HTTP/1.1" 200 2900 "http://qsong.fun/static/qsong/html/videomain.html" "Mozilla/5.0 (Windows NT 10.0; WOW64) AppleWebKit/537.36 (KHTML, like Gecko) Chrome/73.0.3683.86 Safari/537.36"
61.147.73.160 - - [27/Mar/2019:10:31:09 +0800] "GET /article/getArticleList?type=notice&ps=5&pn=1 HTTP/1.1" 200 1590 "http://qsong.fun/static/qsong/html/videomain.html" "Mozilla/5.0 (Windows NT 10.0; WOW64) AppleWebKit/537.36 (KHTML, like Gecko) Chrome/73.0.3683.86 Safari/537.36"
101.200.101.205 - - [27/Mar/2019:10:31:09 +0800] "GET /article/getRandArticle HTTP/1.1" 200 4813 "http://qsong.fun/static/qsong/html/videomain.html" "Mozilla/5.0 (Windows NT 10.0; WOW64) AppleWebKit/537.36 (KHTML, like Gecko) Chrome/73.0.3683.86 Safari/537.36"
61.147.73.160 - - [27/Mar/2019:10:31:10 +0800] "GET /article/getArticleList?type=notice&ps=5&pn=1 HTTP/1.1" 200 1590 "http://qsong.fun/static/qsong/html/gifmain.html" "Mozilla/5.0 (Windows NT 10.0; WOW64) AppleWebKit/537.36 (KHTML, like Gecko) Chrome/73.0.3683.86 Safari/537.36"
101.200.101.211 - - [27/Mar/2019:10:31:10 +0800] "GET /article/getArticleList?ps=10&pn=1&type=gif HTTP/1.1" 200 8337 "http://qsong.fun/static/qsong/html/gifmain.html" "Mozilla/5.0 (Windows NT 10.0; WOW64) AppleWebKit/537.36 (KHTML, like Gecko) Chrome/73.0.3683.86 Safari/537.36"
140.205.127.159 - - [27/Mar/2019:10:31:10 +0800] "GET /article/getRandArticle HTTP/1.1" 200 4358 "http://qsong.fun/static/qsong/html/gifmain.html" "Mozilla/5.0 (Windows NT 10.0; WOW64) AppleWebKit/537.36 (KHTML, like Gecko) Chrome/73.0.3683.86 Safari/537.36"
140.205.127.133 - - [27/Mar/2019:10:31:11 +0800] "GET /img/383339be54b57256c6020a3d1dd945e4.jpg HTTP/1.1" 200 100915 "http://qsong.fun/static/qsong/html/gifmain.html" "Mozilla/5.0 (Windows NT 10.0; WOW64) AppleWebKit/537.36 (KHTML, like Gecko) Chrome/73.0.3683.86 Safari/537.36"
101.200.101.215 - - [27/Mar/2019:10:31:11 +0800] "GET /static/qsong/html/ztmain.html HTTP/1.1" 200 12832 "http://qsong.fun/static/qsong/html/gifmain.html" "Mozilla/5.0 (Windows NT 10.0; WOW64) AppleWebKit/537.36 (KHTML, like Gecko) Chrome/73.0.3683.86 Safari/537.36"
140.205.127.159 - - [27/Mar/2019:10:31:11 +0800] "GET /article/getRandArticle HTTP/1.1" 200 4058 "http://qsong.fun/static/qsong/html/ztmain.html" "Mozilla/5.0 (Windows NT 10.0; WOW64) AppleWebKit/537.36 (KHTML, like Gecko) Chrome/73.0.3683.86 Safari/537.36"
101.200.101.205 - - [27/Mar/2019:10:31:12 +0800] "GET /article/getArticleList?ps=10&pn=1&type=zt HTTP/1.1" 200 7990 "http://qsong.fun/static/qsong/html/ztmain.html" "Mozilla/5.0 (Windows NT 10.0; WOW64) AppleWebKit/537.36 (KHTML, like Gecko) Chrome/73.0.3683.86 Safari/537.36"
140.205.127.135 - - [27/Mar/2019:10:31:12 +0800] "GET /article/getArticleList?type=notice&ps=5&pn=1 HTTP/1.1" 200 1590 "http://qsong.fun/static/qsong/html/ztmain.html" "Mozilla/5.0 (Windows NT 10.0; WOW64) AppleWebKit/537.36 (KHTML, like Gecko) Chrome/73.0.3683.86 Safari/537.36"
61.147.73.167 - - [27/Mar/2019:10:31:12 +0800] "GET /img/9785f7c0967122d0fb61ae5567793b30.jpg HTTP/1.1" 200 31271 "http://qsong.fun/static/qsong/html/ztmain.html" "Mozilla/5.0 (Windows NT 10.0; WOW64) AppleWebKit/537.36 (KHTML, like Gecko) Chrome/73.0.3683.86 Safari/537.36"
140.205.127.143 - - [27/Mar/2019:10:31:12 +0800] "GET /img/121c2207b91a85824a86d49a801f5a0d.jpg HTTP/1.1" 200 74721 "http://qsong.fun/static/qsong/html/ztmain.html" "Mozilla/5.0 (Windows NT 10.0; WOW64) AppleWebKit/537.36 (KHTML, like Gecko) Chrome/73.0.3683.86 Safari/537.36"
61.147.73.151 - - [27/Mar/2019:10:31:12 +0800] "GET /img/5482713e6b5d02d9ba8624554458f5bc.jpeg HTTP/1.1" 200 56111 "http://qsong.fun/static/qsong/html/ztmain.html" "Mozilla/5.0 (Windows NT 10.0; WOW64) AppleWebKit/537.36 (KHTML, like Gecko) Chrome/73.0.3683.86 Safari/537.36"
101.200.101.209 - - [27/Mar/2019:10:31:12 +0800] "GET /img/589026bd3ac73c36df059e2cfd320438.jpg HTTP/1.1" 200 24113 "http://qsong.fun/static/qsong/html/ztmain.html" "Mozilla/5.0 (Windows NT 10.0; WOW64) AppleWebKit/537.36 (KHTML, like Gecko) Chrome/73.0.3683.86 Safari/537.36"
101.200.101.219 - - [27/Mar/2019:10:31:12 +0800] "GET /img/bda29051f960d40b9fd9fc0e57315520.jpg HTTP/1.1" 200 72830 "http://qsong.fun/static/qsong/html/ztmain.html" "Mozilla/5.0 (Windows NT 10.0; WOW64) AppleWebKit/537.36 (KHTML, like Gecko) Chrome/73.0.3683.86 Safari/537.36"
61.147.73.158 - - [27/Mar/2019:10:31:13 +0800] "GET /static/qsong/html/dzmain.html HTTP/1.1" 200 12217 "http://qsong.fun/static/qsong/html/ztmain.html" "Mozilla/5.0 (Windows NT 10.0; WOW64) AppleWebKit/537.36 (KHTML, like Gecko) Chrome/73.0.3683.86 Safari/537.36"
140.205.127.173 - - [27/Mar/2019:10:31:13 +0800] "GET /article/getArticleList?ps=10&pn=1&type=dz HTTP/1.1" 200 11914 "http://qsong.fun/static/qsong/html/dzmain.html" "Mozilla/5.0 (Windows NT 10.0; WOW64) AppleWebKit/537.36 (KHTML, like Gecko) Chrome/73.0.3683.86 Safari/537.36"
101.200.101.208 - - [27/Mar/2019:10:31:13 +0800] "GET /article/getArticleList?type=notice&ps=5&pn=1 HTTP/1.1" 200 1590 "http://qsong.fun/static/qsong/html/dzmain.html" "Mozilla/5.0 (Windows NT 10.0; WOW64) AppleWebKit/537.36 (KHTML, like Gecko) Chrome/73.0.3683.86 Safari/537.36"
61.147.73.155 - - [27/Mar/2019:10:31:13 +0800] "GET /article/getRandArticle HTTP/1.1" 200 4800 "http://qsong.fun/static/qsong/html/dzmain.html" "Mozilla/5.0 (Windows NT 10.0; WOW64) AppleWebKit/537.36 (KHTML, like Gecko) Chrome/73.0.3683.86 Safari/537.36"
127.0.0.1 - - [27/Mar/2019:10:31:15 +0800] "OPTIONS * HTTP/1.0" 200 - "-" "Apache/2.4.6 (CentOS) OpenSSL/1.0.2k-fips PHP/5.4.16 (internal dummy connection)"
127.0.0.1 - - [27/Mar/2019:10:31:16 +0800] "OPTIONS * HTTP/1.0" 200 - "-" "Apache/2.4.6 (CentOS) OpenSSL/1.0.2k-fips PHP/5.4.16 (internal dummy connection)"
127.0.0.1 - - [27/Mar/2019:10:31:17 +0800] "OPTIONS * HTTP/1.0" 200 - "-" "Apache/2.4.6 (CentOS) OpenSSL/1.0.2k-fips PHP/5.4.16 (internal dummy connection)"
127.0.0.1 - - [27/Mar/2019:10:31:18 +0800] "OPTIONS * HTTP/1.0" 200 - "-" "Apache/2.4.6 (CentOS) OpenSSL/1.0.2k-fips PHP/5.4.16 (internal dummy connection)"
127.0.0.1 - - [27/Mar/2019:10:31:19 +0800] "OPTIONS * HTTP/1.0" 200 - "-" "Apache/2.4.6 (CentOS) OpenSSL/1.0.2k-fips PHP/5.4.16 (internal dummy connection)"
127.0.0.1 - - [27/Mar/2019:10:31:20 +0800] "OPTIONS * HTTP/1.0" 200 - "-" "Apache/2.4.6 (CentOS) OpenSSL/1.0.2k-fips PHP/5.4.16 (internal dummy connection)"
127.0.0.1 - - [27/Mar/2019:10:31:21 +0800] "OPTIONS * HTTP/1.0" 200 - "-" "Apache/2.4.6 (CentOS) OpenSSL/1.0.2k-fips PHP/5.4.16 (internal dummy connection)"
127.0.0.1 - - [27/Mar/2019:10:31:23 +0800] "OPTIONS * HTTP/1.0" 200 - "-" "Apache/2.4.6 (CentOS) OpenSSL/1.0.2k-fips PHP/5.4.16 (internal dummy connection)"
127.0.0.1 - - [27/Mar/2019:10:31:24 +0800] "OPTIONS * HTTP/1.0" 200 - "-" "Apache/2.4.6 (CentOS) OpenSSL/1.0.2k-fips PHP/5.4.16 (internal dummy connection)"
127.0.0.1 - - [27/Mar/2019:10:31:25 +0800] "OPTIONS * HTTP/1.0" 200 - "-" "Apache/2.4.6 (CentOS) OpenSSL/1.0.2k-fips PHP/5.4.16 (internal dummy connection)"
127.0.0.1 - - [27/Mar/2019:10:31:26 +0800] "OPTIONS * HTTP/1.0" 200 - "-" "Apache/2.4.6 (CentOS) OpenSSL/1.0.2k-fips PHP/5.4.16 (internal dummy connection)"
127.0.0.1 - - [27/Mar/2019:10:31:27 +0800] "OPTIONS * HTTP/1.0" 200 - "-" "Apache/2.4.6 (CentOS) OpenSSL/1.0.2k-fips PHP/5.4.16 (internal dummy connection)"
127.0.0.1 - - [27/Mar/2019:10:31:28 +0800] "OPTIONS * HTTP/1.0" 200 - "-" "Apache/2.4.6 (CentOS) OpenSSL/1.0.2k-fips PHP/5.4.16 (internal dummy connection)"
127.0.0.1 - - [27/Mar/2019:10:31:29 +0800] "OPTIONS * HTTP/1.0" 200 - "-" "Apache/2.4.6 (CentOS) OpenSSL/1.0.2k-fips PHP/5.4.16 (internal dummy connection)"
127.0.0.1 - - [27/Mar/2019:10:31:30 +0800] "OPTIONS * HTTP/1.0" 200 - "-" "Apache/2.4.6 (CentOS) OpenSSL/1.0.2k-fips PHP/5.4.16 (internal dummy connection)"
192.0.102.40 - - [27/Mar/2019:10:31:52 +0800] "HEAD / HTTP/1.1" 404 - "-" "jetmon/1.0 (Jetpack Site Uptime Monitor by WordPress.com)"
192.0.102.40 - - [27/Mar/2019:10:38:24 +0800] "HEAD / HTTP/1.1" 404 - "-" "jetmon/1.0 (Jetpack Site Uptime Monitor by WordPress.com)"
104.152.52.23 - - [27/Mar/2019:10:40:31 +0800] "GET / HTTP/1.0" 302 51 "-" "masscan/1.0 (https://github.com/robertdavidgraham/masscan)"
192.0.102.40 - - [27/Mar/2019:10:44:59 +0800] "HEAD / HTTP/1.1" 404 - "-" "jetmon/1.0 (Jetpack Site Uptime Monitor by WordPress.com)"
101.200.101.207 - - [27/Mar/2019:10:50:22 +0800] "GET /static/qsong/html/dzmain.html HTTP/1.1" 404 1956 "http://qsong.fun/static/qsong/html/ztmain.html" "Mozilla/5.0 (Windows NT 10.0; WOW64) AppleWebKit/537.36 (KHTML, like Gecko) Chrome/73.0.3683.86 Safari/537.36"
101.200.101.219 - - [27/Mar/2019:10:50:26 +0800] "GET /article/getArticleList?type=video&ps=1&pn=1&sort=read HTTP/1.1" 404 1976 "http://qsong.fun/static/qsong/html/home.html" "Mozilla/5.0 (Windows NT 10.0; WOW64) AppleWebKit/537.36 (KHTML, like Gecko) Chrome/73.0.3683.86 Safari/537.36"
101.200.101.220 - - [27/Mar/2019:10:50:26 +0800] "GET /article/getArticleList?ps=5&pn=1&sort=read HTTP/1.1" 404 1971 "http://qsong.fun/static/qsong/html/home.html" "Mozilla/5.0 (Windows NT 10.0; WOW64) AppleWebKit/537.36 (KHTML, like Gecko) Chrome/73.0.3683.86 Safari/537.36"
101.200.101.204 - - [27/Mar/2019:10:50:26 +0800] "GET /article/getArticleList?type=dz&ps=1&pn=1 HTTP/1.1" 404 1968 "http://qsong.fun/static/qsong/html/home.html" "Mozilla/5.0 (Windows NT 10.0; WOW64) AppleWebKit/537.36 (KHTML, like Gecko) Chrome/73.0.3683.86 Safari/537.36"
101.200.101.205 - - [27/Mar/2019:10:50:26 +0800] "GET /article/getRandArticle HTTP/1.1" 404 1954 "http://qsong.fun/static/qsong/html/home.html" "Mozilla/5.0 (Windows NT 10.0; WOW64) AppleWebKit/537.36 (KHTML, like Gecko) Chrome/73.0.3683.86 Safari/537.36"
101.200.101.208 - - [27/Mar/2019:10:50:26 +0800] "GET /article/getArticleList?ps=10&pn=1 HTTP/1.1" 404 1964 "http://qsong.fun/static/qsong/html/home.html" "Mozilla/5.0 (Windows NT 10.0; WOW64) AppleWebKit/537.36 (KHTML, like Gecko) Chrome/73.0.3683.86 Safari/537.36"
101.200.101.208 - - [27/Mar/2019:10:50:26 +0800] "GET /article/getArticleList?type=notice&ps=5&pn=1 HTTP/1.1" 404 1971 "http://qsong.fun/static/qsong/html/home.html" "Mozilla/5.0 (Windows NT 10.0; WOW64) AppleWebKit/537.36 (KHTML, like Gecko) Chrome/73.0.3683.86 Safari/537.36"
101.200.101.207 - - [27/Mar/2019:10:50:26 +0800] "GET /article/getCountInfo HTTP/1.1" 404 1954 "http://qsong.fun/static/qsong/html/home.html" "Mozilla/5.0 (Windows NT 10.0; WOW64) AppleWebKit/537.36 (KHTML, like Gecko) Chrome/73.0.3683.86 Safari/537.36"
127.0.0.1 - - [27/Mar/2019:10:50:32 +0800] "OPTIONS * HTTP/1.0" 200 - "-" "Apache/2.4.6 (CentOS) OpenSSL/1.0.2k-fips PHP/5.4.16 (internal dummy connection)"
127.0.0.1 - - [27/Mar/2019:10:50:33 +0800] "OPTIONS * HTTP/1.0" 200 - "-" "Apache/2.4.6 (CentOS) OpenSSL/1.0.2k-fips PHP/5.4.16 (internal dummy connection)"
127.0.0.1 - - [27/Mar/2019:10:50:34 +0800] "OPTIONS * HTTP/1.0" 200 - "-" "Apache/2.4.6 (CentOS) OpenSSL/1.0.2k-fips PHP/5.4.16 (internal dummy connection)"
101.200.101.205 - - [27/Mar/2019:10:52:13 +0800] "GET /static/qsong/html/home.html HTTP/1.1" 404 1955 "-" "Mozilla/5.0 (Windows NT 10.0; WOW64) AppleWebKit/537.36 (KHTML, like Gecko) Chrome/73.0.3683.86 Safari/537.36"
120.202.26.149 - - [27/Mar/2019:10:52:26 +0800] "GET / HTTP/1.1" 500 922 "-" "Mozilla/5.0 (Windows NT 10.0; WOW64) AppleWebKit/537.36 (KHTML, like Gecko) Chrome/73.0.3683.86 Safari/537.36"
120.202.26.149 - - [27/Mar/2019:10:52:26 +0800] "GET /favicon.ico HTTP/1.1" 200 1925 "http://www.qsong.fun/" "Mozilla/5.0 (Windows NT 10.0; WOW64) AppleWebKit/537.36 (KHTML, like Gecko) Chrome/73.0.3683.86 Safari/537.36"
127.0.0.1 - - [27/Mar/2019:10:52:34 +0800] "OPTIONS * HTTP/1.0" 200 - "-" "Apache/2.4.6 (CentOS) OpenSSL/1.0.2k-fips PHP/5.4.16 (internal dummy connection)"
192.0.102.40 - - [27/Mar/2019:10:52:53 +0800] "HEAD / HTTP/1.1" 500 - "-" "jetmon/1.0 (Jetpack Site Uptime Monitor by WordPress.com)"
127.0.0.1 - - [27/Mar/2019:10:53:43 +0800] "OPTIONS * HTTP/1.0" 200 - "-" "Apache/2.4.6 (CentOS) OpenSSL/1.0.2k-fips PHP/5.4.16 (internal dummy connection)"
127.0.0.1 - - [27/Mar/2019:10:53:48 +0800] "OPTIONS * HTTP/1.0" 200 - "-" "Apache/2.4.6 (CentOS) OpenSSL/1.0.2k-fips PHP/5.4.16 (internal dummy connection)"
127.0.0.1 - - [27/Mar/2019:10:53:50 +0800] "OPTIONS * HTTP/1.0" 200 - "-" "Apache/2.4.6 (CentOS) OpenSSL/1.0.2k-fips PHP/5.4.16 (internal dummy connection)"
5.237.125.239 - - [27/Mar/2019:10:55:23 +0800] "GET / HTTP/1.1" 500 1884 "-" "Mozilla/5.0 (Windows NT 10.0; WOW64) AppleWebKit/537.36 (KHTML, like Gecko) Chrome/51.0.2704.103 Safari/537.36"
127.0.0.1 - - [27/Mar/2019:10:57:11 +0800] "OPTIONS * HTTP/1.0" 200 - "-" "Apache/2.4.6 (CentOS) OpenSSL/1.0.2k-fips PHP/5.4.16 (internal dummy connection)"
120.202.26.149 - - [27/Mar/2019:10:58:39 +0800] "GET / HTTP/1.1" 500 922 "-" "Mozilla/5.0 (Windows NT 10.0; WOW64) AppleWebKit/537.36 (KHTML, like Gecko) Chrome/73.0.3683.86 Safari/537.36"
120.202.26.149 - - [27/Mar/2019:10:58:39 +0800] "GET /favicon.ico HTTP/1.1" 200 1925 "http://www.qsong.fun/" "Mozilla/5.0 (Windows NT 10.0; WOW64) AppleWebKit/537.36 (KHTML, like Gecko) Chrome/73.0.3683.86 Safari/537.36"
120.202.26.149 - - [27/Mar/2019:10:58:41 +0800] "GET / HTTP/1.1" 500 922 "-" "Mozilla/5.0 (Windows NT 10.0; WOW64) AppleWebKit/537.36 (KHTML, like Gecko) Chrome/73.0.3683.86 Safari/537.36"
120.202.26.149 - - [27/Mar/2019:10:58:41 +0800] "GET /favicon.ico HTTP/1.1" 200 1925 "http://www.qsong.fun/" "Mozilla/5.0 (Windows NT 10.0; WOW64) AppleWebKit/537.36 (KHTML, like Gecko) Chrome/73.0.3683.86 Safari/537.36"
127.0.0.1 - - [27/Mar/2019:10:58:47 +0800] "OPTIONS * HTTP/1.0" 200 - "-" "Apache/2.4.6 (CentOS) OpenSSL/1.0.2k-fips PHP/5.4.16 (internal dummy connection)"
127.0.0.1 - - [27/Mar/2019:10:58:48 +0800] "OPTIONS * HTTP/1.0" 200 - "-" "Apache/2.4.6 (CentOS) OpenSSL/1.0.2k-fips PHP/5.4.16 (internal dummy connection)"
127.0.0.1 - - [27/Mar/2019:10:58:49 +0800] "OPTIONS * HTTP/1.0" 200 - "-" "Apache/2.4.6 (CentOS) OpenSSL/1.0.2k-fips PHP/5.4.16 (internal dummy connection)"
192.0.102.40 - - [27/Mar/2019:10:58:56 +0800] "HEAD / HTTP/1.1" 503 - "-" "jetmon/1.0 (Jetpack Site Uptime Monitor by WordPress.com)"
120.202.26.149 - - [27/Mar/2019:11:03:35 +0800] "GET / HTTP/1.1" 500 922 "-" "Mozilla/5.0 (Windows NT 10.0; WOW64) AppleWebKit/537.36 (KHTML, like Gecko) Chrome/73.0.3683.86 Safari/537.36"
120.202.26.149 - - [27/Mar/2019:11:03:35 +0800] "GET /favicon.ico HTTP/1.1" 200 1925 "http://www.qsong.fun/" "Mozilla/5.0 (Windows NT 10.0; WOW64) AppleWebKit/537.36 (KHTML, like Gecko) Chrome/73.0.3683.86 Safari/537.36"
120.202.26.149 - - [27/Mar/2019:11:03:37 +0800] "GET / HTTP/1.1" 500 922 "-" "Mozilla/5.0 (Windows NT 10.0; WOW64) AppleWebKit/537.36 (KHTML, like Gecko) Chrome/73.0.3683.86 Safari/537.36"
120.202.26.149 - - [27/Mar/2019:11:03:37 +0800] "GET /favicon.ico HTTP/1.1" 200 1925 "http://www.qsong.fun/" "Mozilla/5.0 (Windows NT 10.0; WOW64) AppleWebKit/537.36 (KHTML, like Gecko) Chrome/73.0.3683.86 Safari/537.36"
127.0.0.1 - - [27/Mar/2019:11:03:42 +0800] "OPTIONS * HTTP/1.0" 200 - "-" "Apache/2.4.6 (CentOS) OpenSSL/1.0.2k-fips PHP/5.4.16 (internal dummy connection)"
127.0.0.1 - - [27/Mar/2019:11:03:43 +0800] "OPTIONS * HTTP/1.0" 200 - "-" "Apache/2.4.6 (CentOS) OpenSSL/1.0.2k-fips PHP/5.4.16 (internal dummy connection)"
127.0.0.1 - - [27/Mar/2019:11:03:44 +0800] "OPTIONS * HTTP/1.0" 200 - "-" "Apache/2.4.6 (CentOS) OpenSSL/1.0.2k-fips PHP/5.4.16 (internal dummy connection)"
127.0.0.1 - - [27/Mar/2019:11:04:43 +0800] "OPTIONS * HTTP/1.0" 200 - "-" "Apache/2.4.6 (CentOS) OpenSSL/1.0.2k-fips PHP/5.4.16 (internal dummy connection)"
127.0.0.1 - - [27/Mar/2019:11:04:44 +0800] "OPTIONS * HTTP/1.0" 200 - "-" "Apache/2.4.6 (CentOS) OpenSSL/1.0.2k-fips PHP/5.4.16 (internal dummy connection)"
127.0.0.1 - - [27/Mar/2019:11:04:45 +0800] "OPTIONS * HTTP/1.0" 200 - "-" "Apache/2.4.6 (CentOS) OpenSSL/1.0.2k-fips PHP/5.4.16 (internal dummy connection)"
192.0.102.40 - - [27/Mar/2019:11:05:55 +0800] "HEAD / HTTP/1.1" 500 - "-" "jetmon/1.0 (Jetpack Site Uptime Monitor by WordPress.com)"
120.202.26.149 - - [27/Mar/2019:11:07:54 +0800] "GET / HTTP/1.1" 500 922 "-" "Mozilla/5.0 (Windows NT 10.0; WOW64) AppleWebKit/537.36 (KHTML, like Gecko) Chrome/73.0.3683.86 Safari/537.36"
120.202.26.149 - - [27/Mar/2019:11:07:54 +0800] "GET /favicon.ico HTTP/1.1" 200 1925 "http://www.qsong.fun/" "Mozilla/5.0 (Windows NT 10.0; WOW64) AppleWebKit/537.36 (KHTML, like Gecko) Chrome/73.0.3683.86 Safari/537.36"
120.202.26.149 - - [27/Mar/2019:11:09:02 +0800] "GET / HTTP/1.1" 200 8207 "-" "Mozilla/5.0 (Windows NT 10.0; WOW64) AppleWebKit/537.36 (KHTML, like Gecko) Chrome/73.0.3683.86 Safari/537.36"
120.202.26.149 - - [27/Mar/2019:11:09:03 +0800] "GET /js/newajax.js HTTP/1.1" 200 164 "http://www.qsong.fun/" "Mozilla/5.0 (Windows NT 10.0; WOW64) AppleWebKit/537.36 (KHTML, like Gecko) Chrome/73.0.3683.86 Safari/537.36"
120.202.26.149 - - [27/Mar/2019:11:09:03 +0800] "GET /_nuxt/164d62fa314433eeb1df.js HTTP/1.1" 200 1331 "http://www.qsong.fun/" "Mozilla/5.0 (Windows NT 10.0; WOW64) AppleWebKit/537.36 (KHTML, like Gecko) Chrome/73.0.3683.86 Safari/537.36"
120.202.26.149 - - [27/Mar/2019:11:09:03 +0800] "GET /css/bootstrap.min.css HTTP/1.1" 200 16330 "http://www.qsong.fun/" "Mozilla/5.0 (Windows NT 10.0; WOW64) AppleWebKit/537.36 (KHTML, like Gecko) Chrome/73.0.3683.86 Safari/537.36"
120.202.26.149 - - [27/Mar/2019:11:09:03 +0800] "GET /_nuxt/cc1b4f267ed1b740c32e.js HTTP/1.1" 200 13750 "http://www.qsong.fun/" "Mozilla/5.0 (Windows NT 10.0; WOW64) AppleWebKit/537.36 (KHTML, like Gecko) Chrome/73.0.3683.86 Safari/537.36"
120.202.26.149 - - [27/Mar/2019:11:09:03 +0800] "GET /css/main.css HTTP/1.1" 200 18617 "http://www.qsong.fun/" "Mozilla/5.0 (Windows NT 10.0; WOW64) AppleWebKit/537.36 (KHTML, like Gecko) Chrome/73.0.3683.86 Safari/537.36"
120.202.26.149 - - [27/Mar/2019:11:09:03 +0800] "GET /_nuxt/6c99cac295f065829ce4.js HTTP/1.1" 200 5524 "http://www.qsong.fun/" "Mozilla/5.0 (Windows NT 10.0; WOW64) AppleWebKit/537.36 (KHTML, like Gecko) Chrome/73.0.3683.86 Safari/537.36"
120.202.26.149 - - [27/Mar/2019:11:09:03 +0800] "GET /_nuxt/3b9e014d08681f743031.js HTTP/1.1" 200 54640 "http://www.qsong.fun/" "Mozilla/5.0 (Windows NT 10.0; WOW64) AppleWebKit/537.36 (KHTML, like Gecko) Chrome/73.0.3683.86 Safari/537.36"
120.202.26.149 - - [27/Mar/2019:11:09:03 +0800] "GET /css/font-awesome.min.css HTTP/1.1" 200 7046 "http://www.qsong.fun/" "Mozilla/5.0 (Windows NT 10.0; WOW64) AppleWebKit/537.36 (KHTML, like Gecko) Chrome/73.0.3683.86 Safari/537.36"
120.202.26.149 - - [27/Mar/2019:11:09:03 +0800] "GET /js/jquery.min.js HTTP/1.1" 200 33354 "http://www.qsong.fun/" "Mozilla/5.0 (Windows NT 10.0; WOW64) AppleWebKit/537.36 (KHTML, like Gecko) Chrome/73.0.3683.86 Safari/537.36"
120.202.26.149 - - [27/Mar/2019:11:09:03 +0800] "GET /img/logo.png HTTP/1.1" 200 6525 "http://www.qsong.fun/" "Mozilla/5.0 (Windows NT 10.0; WOW64) AppleWebKit/537.36 (KHTML, like Gecko) Chrome/73.0.3683.86 Safari/537.36"
120.202.26.149 - - [27/Mar/2019:11:09:03 +0800] "GET /img/Banner_woniu.jpg HTTP/1.1" 200 55537 "http://www.qsong.fun/" "Mozilla/5.0 (Windows NT 10.0; WOW64) AppleWebKit/537.36 (KHTML, like Gecko) Chrome/73.0.3683.86 Safari/537.36"
120.202.26.149 - - [27/Mar/2019:11:09:03 +0800] "GET /js/bootstrap.min.js HTTP/1.1" 200 9551 "http://www.qsong.fun/" "Mozilla/5.0 (Windows NT 10.0; WOW64) AppleWebKit/537.36 (KHTML, like Gecko) Chrome/73.0.3683.86 Safari/537.36"
120.202.26.149 - - [27/Mar/2019:11:09:03 +0800] "GET /js/ias.js HTTP/1.1" 200 2185 "http://www.qsong.fun/" "Mozilla/5.0 (Windows NT 10.0; WOW64) AppleWebKit/537.36 (KHTML, like Gecko) Chrome/73.0.3683.86 Safari/537.36"
120.202.26.149 - - [27/Mar/2019:11:09:03 +0800] "GET /js/main.js HTTP/1.1" 200 6155 "http://www.qsong.fun/" "Mozilla/5.0 (Windows NT 10.0; WOW64) AppleWebKit/537.36 (KHTML, like Gecko) Chrome/73.0.3683.86 Safari/537.36"
120.202.26.149 - - [27/Mar/2019:11:09:03 +0800] "GET /img/Banner_guangyingshuihua.jpg HTTP/1.1" 200 40592 "http://www.qsong.fun/" "Mozilla/5.0 (Windows NT 10.0; WOW64) AppleWebKit/537.36 (KHTML, like Gecko) Chrome/73.0.3683.86 Safari/537.36"
120.202.26.149 - - [27/Mar/2019:11:09:03 +0800] "GET /fonts/fontawesome-webfont.woff?v=4.7.0 HTTP/1.1" 200 98024 "http://www.qsong.fun/css/font-awesome.min.css" "Mozilla/5.0 (Windows NT 10.0; WOW64) AppleWebKit/537.36 (KHTML, like Gecko) Chrome/73.0.3683.86 Safari/537.36"
120.202.26.149 - - [27/Mar/2019:11:09:04 +0800] "GET /js/jquery.min.map HTTP/1.1" 404 63 "-" "Mozilla/5.0 (Windows NT 10.0; WOW64) AppleWebKit/537.36 (KHTML, like Gecko) Chrome/73.0.3683.86 Safari/537.36"
120.202.26.149 - - [27/Mar/2019:11:09:04 +0800] "GET /img/loading.gif HTTP/1.1" 200 2418 "http://www.qsong.fun/" "Mozilla/5.0 (Windows NT 10.0; WOW64) AppleWebKit/537.36 (KHTML, like Gecko) Chrome/73.0.3683.86 Safari/537.36"
120.202.26.149 - - [27/Mar/2019:11:09:04 +0800] "GET /img/wxapp.jpg HTTP/1.1" 200 75999 "http://www.qsong.fun/" "Mozilla/5.0 (Windows NT 10.0; WOW64) AppleWebKit/537.36 (KHTML, like Gecko) Chrome/73.0.3683.86 Safari/537.36"
120.202.26.149 - - [27/Mar/2019:11:09:04 +0800] "GET /img/wxqrcode.png HTTP/1.1" 200 40117 "http://www.qsong.fun/" "Mozilla/5.0 (Windows NT 10.0; WOW64) AppleWebKit/537.36 (KHTML, like Gecko) Chrome/73.0.3683.86 Safari/537.36"
120.202.26.149 - - [27/Mar/2019:11:09:03 +0800] "GET /img/Banner_weimei.jpg HTTP/1.1" 200 165019 "http://www.qsong.fun/" "Mozilla/5.0 (Windows NT 10.0; WOW64) AppleWebKit/537.36 (KHTML, like Gecko) Chrome/73.0.3683.86 Safari/537.36"
120.202.26.149 - - [27/Mar/2019:11:09:07 +0800] "GET /favicon.ico HTTP/1.1" 200 1925 "http://www.qsong.fun/" "Mozilla/5.0 (Windows NT 10.0; WOW64) AppleWebKit/537.36 (KHTML, like Gecko) Chrome/73.0.3683.86 Safari/537.36"
127.0.0.1 - - [27/Mar/2019:11:09:11 +0800] "OPTIONS * HTTP/1.0" 200 - "-" "Apache/2.4.6 (CentOS) OpenSSL/1.0.2k-fips PHP/5.4.16 (internal dummy connection)"
127.0.0.1 - - [27/Mar/2019:11:09:13 +0800] "OPTIONS * HTTP/1.0" 200 - "-" "Apache/2.4.6 (CentOS) OpenSSL/1.0.2k-fips PHP/5.4.16 (internal dummy connection)"
127.0.0.1 - - [27/Mar/2019:11:09:14 +0800] "OPTIONS * HTTP/1.0" 200 - "-" "Apache/2.4.6 (CentOS) OpenSSL/1.0.2k-fips PHP/5.4.16 (internal dummy connection)"
207.46.13.53 - - [27/Mar/2019:11:09:34 +0800] "GET / HTTP/1.1" 200 8290 "-" "Mozilla/5.0 (compatible; bingbot/2.0; +http://www.bing.com/bingbot.htm)"
120.24.76.122 - - [27/Mar/2019:11:13:46 +0800] "GET /article/getArticleList?ps=1&pn=1&type=video&sort=read HTTP/1.1" 404 1976 "-" "Mozilla/5.0 (Windows NT 10.0; WOW64) AppleWebKit/537.36 (KHTML, like Gecko) Chrome/73.0.3683.86 Safari/537.36"
120.24.76.122 - - [27/Mar/2019:11:13:46 +0800] "GET /article/getArticleList?ps=5&pn=1&sort=read HTTP/1.1" 404 1971 "-" "Mozilla/5.0 (Windows NT 10.0; WOW64) AppleWebKit/537.36 (KHTML, like Gecko) Chrome/73.0.3683.86 Safari/537.36"
120.24.76.122 - - [27/Mar/2019:11:13:46 +0800] "GET /article/getArticleList?ps=10&pn=1 HTTP/1.1" 404 1963 "-" "Mozilla/5.0 (Windows NT 10.0; WOW64) AppleWebKit/537.36 (KHTML, like Gecko) Chrome/73.0.3683.86 Safari/537.36"
120.24.76.122 - - [27/Mar/2019:11:13:46 +0800] "GET /article/getArticleList?ps=1&pn=1&type=dz HTTP/1.1" 404 1966 "-" "Mozilla/5.0 (Windows NT 10.0; WOW64) AppleWebKit/537.36 (KHTML, like Gecko) Chrome/73.0.3683.86 Safari/537.36"
120.24.76.122 - - [27/Mar/2019:11:13:46 +0800] "GET /article/getArticleList?ps=5&pn=1&type=notice HTTP/1.1" 404 1970 "-" "Mozilla/5.0 (Windows NT 10.0; WOW64) AppleWebKit/537.36 (KHTML, like Gecko) Chrome/73.0.3683.86 Safari/537.36"
120.202.26.149 - - [27/Mar/2019:11:13:46 +0800] "GET / HTTP/1.1" 500 922 "-" "Mozilla/5.0 (Windows NT 10.0; WOW64) AppleWebKit/537.36 (KHTML, like Gecko) Chrome/73.0.3683.86 Safari/537.36"
120.24.76.122 - - [27/Mar/2019:11:13:46 +0800] "GET /article/getCountInfo HTTP/1.1" 404 1954 "-" "Mozilla/5.0 (Windows NT 10.0; WOW64) AppleWebKit/537.36 (KHTML, like Gecko) Chrome/73.0.3683.86 Safari/537.36"
120.24.76.122 - - [27/Mar/2019:11:13:46 +0800] "GET /article/getRandArticle HTTP/1.1" 404 1954 "-" "Mozilla/5.0 (Windows NT 10.0; WOW64) AppleWebKit/537.36 (KHTML, like Gecko) Chrome/73.0.3683.86 Safari/537.36"
120.202.26.149 - - [27/Mar/2019:11:13:46 +0800] "GET /favicon.ico HTTP/1.1" 200 1925 "http://www.qsong.fun/" "Mozilla/5.0 (Windows NT 10.0; WOW64) AppleWebKit/537.36 (KHTML, like Gecko) Chrome/73.0.3683.86 Safari/537.36"
120.24.76.122 - - [27/Mar/2019:11:13:51 +0800] "GET /article/getRandArticle HTTP/1.1" 404 1954 "-" "jetmon/1.0 (Jetpack Site Uptime Monitor by WordPress.com)"
120.24.76.122 - - [27/Mar/2019:11:13:51 +0800] "GET /article/getArticleList?ps=5&pn=1&type=notice HTTP/1.1" 404 1970 "-" "jetmon/1.0 (Jetpack Site Uptime Monitor by WordPress.com)"
120.24.76.122 - - [27/Mar/2019:11:13:51 +0800] "GET /article/getCountInfo HTTP/1.1" 404 1954 "-" "jetmon/1.0 (Jetpack Site Uptime Monitor by WordPress.com)"
120.24.76.122 - - [27/Mar/2019:11:13:51 +0800] "GET /article/getArticleList?ps=5&pn=1&sort=read HTTP/1.1" 404 1971 "-" "jetmon/1.0 (Jetpack Site Uptime Monitor by WordPress.com)"
120.24.76.122 - - [27/Mar/2019:11:13:51 +0800] "GET /article/getArticleList?ps=1&pn=1&type=dz HTTP/1.1" 404 1966 "-" "jetmon/1.0 (Jetpack Site Uptime Monitor by WordPress.com)"
120.24.76.122 - - [27/Mar/2019:11:13:51 +0800] "GET /article/getArticleList?ps=1&pn=1&type=video&sort=read HTTP/1.1" 404 1976 "-" "jetmon/1.0 (Jetpack Site Uptime Monitor by WordPress.com)"
120.24.76.122 - - [27/Mar/2019:11:13:51 +0800] "GET /article/getArticleList?ps=10&pn=1 HTTP/1.1" 404 1963 "-" "jetmon/1.0 (Jetpack Site Uptime Monitor by WordPress.com)"
192.0.102.40 - - [27/Mar/2019:11:13:51 +0800] "HEAD / HTTP/1.1" 500 - "-" "jetmon/1.0 (Jetpack Site Uptime Monitor by WordPress.com)"
127.0.0.1 - - [27/Mar/2019:11:13:54 +0800] "OPTIONS * HTTP/1.0" 200 - "-" "Apache/2.4.6 (CentOS) OpenSSL/1.0.2k-fips PHP/5.4.16 (internal dummy connection)"
101.200.101.205 - - [27/Mar/2019:11:14:11 +0800] "GET /static/qsong/html/home.html HTTP/1.1" 404 1955 "-" "Mozilla/5.0 (Windows NT 10.0; WOW64) AppleWebKit/537.36 (KHTML, like Gecko) Chrome/73.0.3683.86 Safari/537.36"
120.24.76.122 - - [27/Mar/2019:11:14:36 +0800] "GET /article/getArticleList?ps=10&pn=1 HTTP/1.1" 404 1963 "-" "Mozilla/5.0 (Windows NT 10.0; WOW64) AppleWebKit/537.36 (KHTML, like Gecko) Chrome/73.0.3683.86 Safari/537.36"
120.24.76.122 - - [27/Mar/2019:11:14:36 +0800] "GET /article/getRandArticle HTTP/1.1" 404 1954 "-" "Mozilla/5.0 (Windows NT 10.0; WOW64) AppleWebKit/537.36 (KHTML, like Gecko) Chrome/73.0.3683.86 Safari/537.36"
120.24.76.122 - - [27/Mar/2019:11:14:36 +0800] "GET /article/getArticleList?ps=5&pn=1&sort=read HTTP/1.1" 404 1971 "-" "Mozilla/5.0 (Windows NT 10.0; WOW64) AppleWebKit/537.36 (KHTML, like Gecko) Chrome/73.0.3683.86 Safari/537.36"
120.24.76.122 - - [27/Mar/2019:11:14:36 +0800] "GET /article/getArticleList?ps=1&pn=1&type=video&sort=read HTTP/1.1" 404 1976 "-" "Mozilla/5.0 (Windows NT 10.0; WOW64) AppleWebKit/537.36 (KHTML, like Gecko) Chrome/73.0.3683.86 Safari/537.36"
120.24.76.122 - - [27/Mar/2019:11:14:36 +0800] "GET /article/getArticleList?ps=5&pn=1&type=notice HTTP/1.1" 404 1970 "-" "Mozilla/5.0 (Windows NT 10.0; WOW64) AppleWebKit/537.36 (KHTML, like Gecko) Chrome/73.0.3683.86 Safari/537.36"
120.24.76.122 - - [27/Mar/2019:11:14:36 +0800] "GET /article/getArticleList?ps=1&pn=1&type=dz HTTP/1.1" 404 1966 "-" "Mozilla/5.0 (Windows NT 10.0; WOW64) AppleWebKit/537.36 (KHTML, like Gecko) Chrome/73.0.3683.86 Safari/537.36"
120.24.76.122 - - [27/Mar/2019:11:14:36 +0800] "GET /article/getCountInfo HTTP/1.1" 404 1954 "-" "Mozilla/5.0 (Windows NT 10.0; WOW64) AppleWebKit/537.36 (KHTML, like Gecko) Chrome/73.0.3683.86 Safari/537.36"
120.202.26.149 - - [27/Mar/2019:11:14:36 +0800] "GET / HTTP/1.1" 500 922 "-" "Mozilla/5.0 (Windows NT 10.0; WOW64) AppleWebKit/537.36 (KHTML, like Gecko) Chrome/73.0.3683.86 Safari/537.36"
127.0.0.1 - - [27/Mar/2019:11:15:33 +0800] "OPTIONS * HTTP/1.0" 200 - "-" "Apache/2.4.6 (CentOS) OpenSSL/1.0.2k-fips PHP/5.4.16 (internal dummy connection)"
127.0.0.1 - - [27/Mar/2019:11:15:34 +0800] "OPTIONS * HTTP/1.0" 200 - "-" "Apache/2.4.6 (CentOS) OpenSSL/1.0.2k-fips PHP/5.4.16 (internal dummy connection)"
127.0.0.1 - - [27/Mar/2019:11:15:36 +0800] "OPTIONS * HTTP/1.0" 200 - "-" "Apache/2.4.6 (CentOS) OpenSSL/1.0.2k-fips PHP/5.4.16 (internal dummy connection)"
120.202.26.149 - - [27/Mar/2019:11:17:43 +0800] "GET / HTTP/1.1" 503 299 "-" "Mozilla/5.0 (Windows NT 10.0; WOW64) AppleWebKit/537.36 (KHTML, like Gecko) Chrome/73.0.3683.86 Safari/537.36"
120.202.26.149 - - [27/Mar/2019:11:17:43 +0800] "GET /favicon.ico HTTP/1.1" 503 299 "http://www.qsong.fun/" "Mozilla/5.0 (Windows NT 10.0; WOW64) AppleWebKit/537.36 (KHTML, like Gecko) Chrome/73.0.3683.86 Safari/537.36"
120.24.76.122 - - [27/Mar/2019:11:18:35 +0800] "GET /article/getArticleList?ps=10&pn=1 HTTP/1.1" 503 299 "-" "Mozilla/5.0 (Windows NT 10.0; WOW64) AppleWebKit/537.36 (KHTML, like Gecko) Chrome/73.0.3683.86 Safari/537.36"
120.24.76.122 - - [27/Mar/2019:11:18:35 +0800] "GET /article/getArticleList?ps=1&pn=1&type=dz HTTP/1.1" 503 299 "-" "Mozilla/5.0 (Windows NT 10.0; WOW64) AppleWebKit/537.36 (KHTML, like Gecko) Chrome/73.0.3683.86 Safari/537.36"
120.24.76.122 - - [27/Mar/2019:11:18:35 +0800] "GET /article/getArticleList?ps=1&pn=1&type=video&sort=read HTTP/1.1" 503 299 "-" "Mozilla/5.0 (Windows NT 10.0; WOW64) AppleWebKit/537.36 (KHTML, like Gecko) Chrome/73.0.3683.86 Safari/537.36"
120.202.26.149 - - [27/Mar/2019:11:18:35 +0800] "GET / HTTP/1.1" 500 922 "-" "Mozilla/5.0 (Windows NT 10.0; WOW64) AppleWebKit/537.36 (KHTML, like Gecko) Chrome/73.0.3683.86 Safari/537.36"
120.24.76.122 - - [27/Mar/2019:11:18:35 +0800] "GET /article/getCountInfo HTTP/1.1" 503 299 "-" "Mozilla/5.0 (Windows NT 10.0; WOW64) AppleWebKit/537.36 (KHTML, like Gecko) Chrome/73.0.3683.86 Safari/537.36"
120.24.76.122 - - [27/Mar/2019:11:18:35 +0800] "GET /article/getArticleList?ps=5&pn=1&type=notice HTTP/1.1" 503 299 "-" "Mozilla/5.0 (Windows NT 10.0; WOW64) AppleWebKit/537.36 (KHTML, like Gecko) Chrome/73.0.3683.86 Safari/537.36"
120.24.76.122 - - [27/Mar/2019:11:18:35 +0800] "GET /article/getArticleList?ps=5&pn=1&sort=read HTTP/1.1" 404 1971 "-" "Mozilla/5.0 (Windows NT 10.0; WOW64) AppleWebKit/537.36 (KHTML, like Gecko) Chrome/73.0.3683.86 Safari/537.36"
120.24.76.122 - - [27/Mar/2019:11:18:35 +0800] "GET /article/getRandArticle HTTP/1.1" 404 1954 "-" "Mozilla/5.0 (Windows NT 10.0; WOW64) AppleWebKit/537.36 (KHTML, like Gecko) Chrome/73.0.3683.86 Safari/537.36"
120.202.26.149 - - [27/Mar/2019:11:18:35 +0800] "GET /favicon.ico HTTP/1.1" 503 299 "http://www.qsong.fun/" "Mozilla/5.0 (Windows NT 10.0; WOW64) AppleWebKit/537.36 (KHTML, like Gecko) Chrome/73.0.3683.86 Safari/537.36"
