216.244.66.199 - - [23/Apr/2019:05:36:42 +0800] "GET /geng/detail/15 HTTP/1.1" 200 15705 "-" "Mozilla/5.0 (compatible; DotBot/1.1; http://www.opensiteexplorer.org/dotbot, help@moz.com)"
216.244.66.199 - - [23/Apr/2019:05:36:46 +0800] "GET /gif/detail/62 HTTP/1.1" 200 16709 "-" "Mozilla/5.0 (compatible; DotBot/1.1; http://www.opensiteexplorer.org/dotbot, help@moz.com)"
216.244.66.199 - - [23/Apr/2019:05:38:10 +0800] "GET /img/7fb17cb89e25c6869769e58512123f73.jpeg HTTP/1.1" 200 33977 "-" "Mozilla/5.0 (compatible; DotBot/1.1; http://www.opensiteexplorer.org/dotbot, help@moz.com)"
216.244.66.199 - - [23/Apr/2019:05:38:12 +0800] "GET /img/96753a2f53651d2168f26c8a6d843d1c.jpg HTTP/1.1" 200 40970 "-" "Mozilla/5.0 (compatible; DotBot/1.1; http://www.opensiteexplorer.org/dotbot, help@moz.com)"
216.244.66.199 - - [23/Apr/2019:05:38:14 +0800] "GET /img/b119fcd021d51e335d3299afbc5733c6.jpeg HTTP/1.1" 200 73997 "-" "Mozilla/5.0 (compatible; DotBot/1.1; http://www.opensiteexplorer.org/dotbot, help@moz.com)"
77.126.7.173 - - [23/Apr/2019:05:51:43 +0800] "GET /wp-login.php HTTP/1.1" 404 4790 "-" "Mozilla/5.0 (Windows NT 6.1; WOW64; rv:40.0) Gecko/20100101 Firefox/40.1"
77.126.7.173 - - [23/Apr/2019:05:51:43 +0800] "GET / HTTP/1.1" 200 34083 "-" "Mozilla/5.0 (Windows NT 6.1; WOW64; rv:40.0) Gecko/20100101 Firefox/40.1"
177.96.42.71 - - [23/Apr/2019:05:55:22 +0800] "GET /wp-login.php HTTP/1.1" 404 4790 "-" "Mozilla/5.0 (Windows NT 6.1; WOW64; rv:40.0) Gecko/20100101 Firefox/40.1"
177.96.42.71 - - [23/Apr/2019:05:55:23 +0800] "GET / HTTP/1.1" 200 34591 "-" "Mozilla/5.0 (Windows NT 6.1; WOW64; rv:40.0) Gecko/20100101 Firefox/40.1"
220.181.108.163 - - [23/Apr/2019:06:00:29 +0800] "GET /static/qsong/html/videodetail.html?id=72 HTTP/1.1" 301 270 "-" "Mozilla/5.0 (compatible; Baiduspider/2.0; +http://www.baidu.com/search/spider.html)"
111.206.221.18 - - [23/Apr/2019:06:00:29 +0800] "GET /static/qsong/css/bootstrap.min.css HTTP/1.1" 200 100273 "http://www.qsong.fun/static/qsong/html/videodetail.html?id=72" "Mozilla/5.0 (iPhone; CPU iPhone OS 9_1 like Mac OS X) AppleWebKit/601.1.46 (KHTML, like Gecko) Version/9.0 Mobile/13B143 Safari/601.1 (compatible; Baiduspider-render/2.0; +http://www.baidu.com/search/spider.html)"
111.206.198.5 - - [23/Apr/2019:06:00:30 +0800] "GET /static/qsong/js/share.js?cdnversion=432213 HTTP/1.1" 200 17068 "http://www.qsong.fun/static/qsong/html/videodetail.html?id=72" "Mozilla/5.0 (iPhone; CPU iPhone OS 9_1 like Mac OS X) AppleWebKit/601.1.46 (KHTML, like Gecko) Version/9.0 Mobile/13B143 Safari/601.1 (compatible; Baiduspider-render/2.0; +http://www.baidu.com/search/spider.html)"
111.206.198.7 - - [23/Apr/2019:06:00:30 +0800] "GET /article/getRandArticle HTTP/1.1" 200 4880 "http://www.qsong.fun/static/qsong/html/videodetail.html?id=72" "Mozilla/5.0 (iPhone; CPU iPhone OS 9_1 like Mac OS X) AppleWebKit/601.1.46 (KHTML, like Gecko) Version/9.0 Mobile/13B143 Safari/601.1 (compatible; Baiduspider-render/2.0; +http://www.baidu.com/search/spider.html)"
111.206.198.103 - - [23/Apr/2019:06:00:30 +0800] "GET /static/qsong/fonts/fontawesome-webfont.woff?v=4.7.0 HTTP/1.1" 200 98024 "http://www.qsong.fun/static/qsong/css/font-awesome.min.css" "Mozilla/5.0 (iPhone; CPU iPhone OS 9_1 like Mac OS X) AppleWebKit/601.1.46 (KHTML, like Gecko) Version/9.0 Mobile/13B143 Safari/601.1 (compatible; Baiduspider-render/2.0; +http://www.baidu.com/search/spider.html)"
111.206.198.77 - - [23/Apr/2019:06:00:31 +0800] "GET /article/getArticleDtl?articleId=72&type=video HTTP/1.1" 200 3820 "http://www.qsong.fun/static/qsong/html/videodetail.html?id=72" "Mozilla/5.0 (iPhone; CPU iPhone OS 9_1 like Mac OS X) AppleWebKit/601.1.46 (KHTML, like Gecko) Version/9.0 Mobile/13B143 Safari/601.1 (compatible; Baiduspider-render/2.0; +http://www.baidu.com/search/spider.html)"
111.206.221.90 - - [23/Apr/2019:06:00:31 +0800] "GET /static/qsong/js/ias.js HTTP/1.1" 200 6502 "http://www.qsong.fun/static/qsong/html/videodetail.html?id=72" "Mozilla/5.0 (iPhone; CPU iPhone OS 9_1 like Mac OS X) AppleWebKit/601.1.46 (KHTML, like Gecko) Version/9.0 Mobile/13B143 Safari/601.1 (compatible; Baiduspider-render/2.0; +http://www.baidu.com/search/spider.html)"
111.206.198.120 - - [23/Apr/2019:06:00:34 +0800] "GET /static/api/js/trans/logger.js?v=d16ec0e3.js HTTP/1.1" 200 - "http://www.qsong.fun/static/qsong/html/videodetail.html?id=72" "Mozilla/5.0 (iPhone; CPU iPhone OS 9_1 like Mac OS X) AppleWebKit/601.1.46 (KHTML, like Gecko) Version/9.0 Mobile/13B143 Safari/601.1 (compatible; Baiduspider-render/2.0; +http://www.baidu.com/search/spider.html)"
117.71.34.139 - - [23/Apr/2019:06:03:56 +0800] "GET / HTTP/1.1" 301 230 "-" "Mozilla/4.0 (compatible; MSIE 6.0; Windows NT 5.2; .NET CLR 1.1.4322)"
220.181.108.116 - - [23/Apr/2019:06:33:49 +0800] "GET /static/qsong/html/gifdetail.html?id=21 HTTP/1.1" 301 268 "-" "Mozilla/5.0 (compatible; Baiduspider/2.0; +http://www.baidu.com/search/spider.html)"
119.161.97.198 - - [23/Apr/2019:06:37:39 +0800] "GET /wp-login.php HTTP/1.1" 404 4790 "-" "Mozilla/5.0 (Windows NT 6.1; WOW64; rv:40.0) Gecko/20100101 Firefox/40.1"
119.161.97.198 - - [23/Apr/2019:06:37:39 +0800] "GET / HTTP/1.1" 200 33832 "-" "Mozilla/5.0 (Windows NT 6.1; WOW64; rv:40.0) Gecko/20100101 Firefox/40.1"
47.94.52.138 - - [23/Apr/2019:06:58:49 +0800] "GET / HTTP/1.0" 200 34037 "-" "-"
80.82.70.187 - - [23/Apr/2019:07:08:39 +0800] "GET http://www.baidu.com/cache/global/img/gs.gif HTTP/1.1" 404 43 "-" "Mozilla"
142.93.9.47 - - [23/Apr/2019:07:09:00 +0800] "GET /w00tw00t.at.blackhats.romanian.anti-sec:) HTTP/1.1" 404 1954 "-" "ZmEu"
142.93.9.47 - - [23/Apr/2019:07:09:01 +0800] "GET /phpMyAdmin/scripts/setup.php HTTP/1.1" 404 1944 "-" "ZmEu"
142.93.9.47 - - [23/Apr/2019:07:09:01 +0800] "GET /phpmyadmin/scripts/setup.php HTTP/1.1" 404 1943 "-" "ZmEu"
142.93.9.47 - - [23/Apr/2019:07:09:03 +0800] "GET /pma/scripts/setup.php HTTP/1.1" 404 1939 "-" "ZmEu"
142.93.9.47 - - [23/Apr/2019:07:09:03 +0800] "GET /phpmy/scripts/setup.php HTTP/1.1" 404 1940 "-" "ZmEu"
101.132.126.80 - - [23/Apr/2019:07:30:32 +0800] "GET / HTTP/1.1" 200 34653 "-" "Mozilla/5.0 (Linux; Android 4.1.1; Nexus 7 Build/JRO03D))"
157.55.39.163 - - [23/Apr/2019:07:33:43 +0800] "GET /welfare HTTP/1.1" 200 4457 "-" "Mozilla/5.0 (compatible; bingbot/2.0; +http://www.bing.com/bingbot.htm)"
157.55.39.163 - - [23/Apr/2019:07:33:43 +0800] "GET /video HTTP/1.1" 200 5541 "-" "Mozilla/5.0 (compatible; bingbot/2.0; +http://www.bing.com/bingbot.htm)"
157.55.39.163 - - [23/Apr/2019:07:33:43 +0800] "GET /picture HTTP/1.1" 200 6583 "-" "Mozilla/5.0 (compatible; bingbot/2.0; +http://www.bing.com/bingbot.htm)"
40.77.167.9 - - [23/Apr/2019:07:33:50 +0800] "GET /?cat=8 HTTP/1.1" 200 8404 "-" "Mozilla/5.0 (compatible; bingbot/2.0; +http://www.bing.com/bingbot.htm)"
40.77.167.9 - - [23/Apr/2019:07:33:51 +0800] "GET /picture/detail/50 HTTP/1.1" 200 4994 "-" "Mozilla/5.0 (compatible; bingbot/2.0; +http://www.bing.com/bingbot.htm)"
207.46.13.72 - - [23/Apr/2019:07:34:11 +0800] "GET /?cat=7 HTTP/1.1" 200 8449 "-" "Mozilla/5.0 (compatible; bingbot/2.0; +http://www.bing.com/bingbot.htm)"
207.46.13.34 - - [23/Apr/2019:07:34:33 +0800] "GET /?author=1 HTTP/1.1" 200 7977 "-" "Mozilla/5.0 (compatible; bingbot/2.0; +http://www.bing.com/bingbot.htm)"
104.247.233.143 - - [23/Apr/2019:07:56:48 +0800] "GET /wp-login.php HTTP/1.1" 404 4790 "-" "Mozilla/5.0 (Windows NT 6.1; WOW64; rv:40.0) Gecko/20100101 Firefox/40.1"
104.247.233.143 - - [23/Apr/2019:07:56:48 +0800] "GET / HTTP/1.1" 200 34526 "-" "Mozilla/5.0 (Windows NT 6.1; WOW64; rv:40.0) Gecko/20100101 Firefox/40.1"
216.244.66.199 - - [23/Apr/2019:07:57:02 +0800] "GET /robots.txt HTTP/1.1" 200 55 "-" "Mozilla/5.0 (compatible; DotBot/1.1; http://www.opensiteexplorer.org/dotbot, help@moz.com)"
216.244.66.199 - - [23/Apr/2019:08:04:24 +0800] "GET /geng/detail/29 HTTP/1.1" 200 17533 "-" "Mozilla/5.0 (compatible; DotBot/1.1; http://www.opensiteexplorer.org/dotbot, help@moz.com)"
216.244.66.199 - - [23/Apr/2019:08:05:45 +0800] "GET /img/76eb9459fb0a4cb3ad0ac63769f0554e.jpg HTTP/1.1" 200 114888 "-" "Mozilla/5.0 (compatible; DotBot/1.1; http://www.opensiteexplorer.org/dotbot, help@moz.com)"
119.42.112.60 - - [23/Apr/2019:08:08:08 +0800] "GET / HTTP/1.1" 200 33750 "-" "Mozilla/5.0 (Windows NT 6.1; WOW64) AppleWebKit/537.36 (KHTML, like Gecko) Chrome/52.0.2743.116 Safari/537.36"
220.181.108.168 - - [23/Apr/2019:08:11:44 +0800] "GET /static/qsong/html/gifdetail.html?id=46 HTTP/1.1" 304 - "-" "Mozilla/5.0 (compatible; Baiduspider/2.0; +http://www.baidu.com/search/spider.html)"
123.125.71.76 - - [23/Apr/2019:08:13:44 +0800] "GET /image/wxqrcode.png HTTP/1.1" 200 40117 "-" "Mozilla/5.0 (Windows NT 10.0; WOW64) AppleWebKit/537.36 (KHTML, like Gecko) Chrome/48.0.2564.116 Safari/537.36"
120.202.26.149 - - [23/Apr/2019:08:29:34 +0800] "GET / HTTP/1.1" 301 230 "-" "-"
120.202.26.149 - - [23/Apr/2019:08:29:35 +0800] "GET / HTTP/1.1" 200 34049 "-" "Mozilla/5.0 (Windows NT 10.0; WOW64) AppleWebKit/537.36 (KHTML, like Gecko) Chrome/63.0.3239.132 Safari/537.36"
120.202.26.149 - - [23/Apr/2019:08:29:36 +0800] "GET / HTTP/1.1" 200 7996 "-" "Mozilla/5.0 (Windows NT 10.0; WOW64) AppleWebKit/537.36 (KHTML, like Gecko) Chrome/63.0.3239.132 Safari/537.36"
120.202.26.149 - - [23/Apr/2019:08:29:37 +0800] "GET /robots.txt HTTP/1.1" 200 55 "-" "Mozilla/5.0 (Windows NT 6.1; WOW64) AppleWebKit/537.36 (KHTML, like Gecko) Chrome/54.0.2840.71 Safari/537.36"
120.202.26.149 - - [23/Apr/2019:08:30:01 +0800] "GET / HTTP/1.1" 301 230 "-" "-"
120.202.26.149 - - [23/Apr/2019:08:30:01 +0800] "GET / HTTP/1.1" 301 230 "-" "Mozilla/5.0 (Windows NT 10.0; WOW64) AppleWebKit/537.36 (KHTML, like Gecko) Chrome/63.0.3239.132 Safari/537.36"
120.202.26.149 - - [23/Apr/2019:08:30:02 +0800] "GET / HTTP/1.1" 301 230 "-" "Mozilla/5.0 (Windows NT 10.0; WOW64) AppleWebKit/537.36 (KHTML, like Gecko) Chrome/63.0.3239.132 Safari/537.36"
120.202.26.149 - - [23/Apr/2019:08:30:02 +0800] "GET /robots.txt HTTP/1.1" 301 240 "-" "Mozilla/5.0 (Windows NT 6.1; WOW64) AppleWebKit/537.36 (KHTML, like Gecko) Chrome/54.0.2840.71 Safari/537.36"
127.0.0.1 - - [23/Apr/2019:08:30:09 +0800] "OPTIONS * HTTP/1.0" 200 - "-" "Apache/2.4.6 (CentOS) OpenSSL/1.0.2k-fips PHP/5.4.16 (internal dummy connection)"
127.0.0.1 - - [23/Apr/2019:08:30:10 +0800] "OPTIONS * HTTP/1.0" 200 - "-" "Apache/2.4.6 (CentOS) OpenSSL/1.0.2k-fips PHP/5.4.16 (internal dummy connection)"
127.0.0.1 - - [23/Apr/2019:08:30:11 +0800] "OPTIONS * HTTP/1.0" 200 - "-" "Apache/2.4.6 (CentOS) OpenSSL/1.0.2k-fips PHP/5.4.16 (internal dummy connection)"
120.202.26.149 - - [23/Apr/2019:08:30:24 +0800] "GET / HTTP/1.1" 200 33816 "-" "Mozilla/5.0 (Windows NT 10.0; WOW64) AppleWebKit/537.36 (KHTML, like Gecko) Chrome/63.0.3239.132 Safari/537.36"
127.0.0.1 - - [23/Apr/2019:08:31:05 +0800] "OPTIONS * HTTP/1.0" 200 - "-" "Apache/2.4.6 (CentOS) OpenSSL/1.0.2k-fips PHP/5.4.16 (internal dummy connection)"
120.202.26.149 - - [23/Apr/2019:08:38:18 +0800] "GET /static/qsong/html/gifmain.html HTTP/1.1" 200 12817 "https://www.baidu.com/link?url=-Le6cEs9ZI3Xamkt2Jt7oNuur3Bt13Z_hn8FbWIAtHvoxICgzK6FqmBXeeKI-xObxE_SQWDHOFNJQH-92D7lLq&wd=&eqid=f83560190003e4d8000000035cbe5e6d" "Mozilla/5.0 (Windows NT 10.0; WOW64) AppleWebKit/537.36 (KHTML, like Gecko) Chrome/73.0.3683.103 Safari/537.36"
120.202.26.149 - - [23/Apr/2019:08:38:18 +0800] "GET /static/qsong/css/bootstrap.min.css HTTP/1.1" 200 100273 "http://www.qsong.fun/static/qsong/html/gifmain.html" "Mozilla/5.0 (Windows NT 10.0; WOW64) AppleWebKit/537.36 (KHTML, like Gecko) Chrome/73.0.3683.103 Safari/537.36"
120.202.26.149 - - [23/Apr/2019:08:38:18 +0800] "GET /static/qsong/css/font-awesome.min.css HTTP/1.1" 200 30933 "http://www.qsong.fun/static/qsong/html/gifmain.html" "Mozilla/5.0 (Windows NT 10.0; WOW64) AppleWebKit/537.36 (KHTML, like Gecko) Chrome/73.0.3683.103 Safari/537.36"
120.202.26.149 - - [23/Apr/2019:08:38:18 +0800] "GET /static/qsong/css/main.css HTTP/1.1" 200 92675 "http://www.qsong.fun/static/qsong/html/gifmain.html" "Mozilla/5.0 (Windows NT 10.0; WOW64) AppleWebKit/537.36 (KHTML, like Gecko) Chrome/73.0.3683.103 Safari/537.36"
120.202.26.149 - - [23/Apr/2019:08:38:18 +0800] "GET /static/qsong/js/vue.min.js HTTP/1.1" 200 86452 "http://www.qsong.fun/static/qsong/html/gifmain.html" "Mozilla/5.0 (Windows NT 10.0; WOW64) AppleWebKit/537.36 (KHTML, like Gecko) Chrome/73.0.3683.103 Safari/537.36"
120.202.26.149 - - [23/Apr/2019:08:38:18 +0800] "GET /static/qsong/js/jquery.min.js HTTP/1.1" 200 95992 "http://www.qsong.fun/static/qsong/html/gifmain.html" "Mozilla/5.0 (Windows NT 10.0; WOW64) AppleWebKit/537.36 (KHTML, like Gecko) Chrome/73.0.3683.103 Safari/537.36"
120.202.26.149 - - [23/Apr/2019:08:38:18 +0800] "GET /static/qsong/js/myajax.js HTTP/1.1" 200 8614 "http://www.qsong.fun/static/qsong/html/gifmain.html" "Mozilla/5.0 (Windows NT 10.0; WOW64) AppleWebKit/537.36 (KHTML, like Gecko) Chrome/73.0.3683.103 Safari/537.36"
120.202.26.149 - - [23/Apr/2019:08:38:19 +0800] "GET /static/qsong/img/logo.png HTTP/1.1" 200 6525 "http://www.qsong.fun/static/qsong/html/gifmain.html" "Mozilla/5.0 (Windows NT 10.0; WOW64) AppleWebKit/537.36 (KHTML, like Gecko) Chrome/73.0.3683.103 Safari/537.36"
120.202.26.149 - - [23/Apr/2019:08:38:19 +0800] "GET /static/qsong/img/loading.gif HTTP/1.1" 200 2418 "http://www.qsong.fun/static/qsong/html/gifmain.html" "Mozilla/5.0 (Windows NT 10.0; WOW64) AppleWebKit/537.36 (KHTML, like Gecko) Chrome/73.0.3683.103 Safari/537.36"
120.202.26.149 - - [23/Apr/2019:08:38:19 +0800] "GET /static/qsong/js/bootstrap.min.js HTTP/1.1" 200 38233 "http://www.qsong.fun/static/qsong/html/gifmain.html" "Mozilla/5.0 (Windows NT 10.0; WOW64) AppleWebKit/537.36 (KHTML, like Gecko) Chrome/73.0.3683.103 Safari/537.36"
120.202.26.149 - - [23/Apr/2019:08:38:19 +0800] "GET /static/qsong/js/ias.js HTTP/1.1" 200 6502 "http://www.qsong.fun/static/qsong/html/gifmain.html" "Mozilla/5.0 (Windows NT 10.0; WOW64) AppleWebKit/537.36 (KHTML, like Gecko) Chrome/73.0.3683.103 Safari/537.36"
120.202.26.149 - - [23/Apr/2019:08:38:20 +0800] "GET /static/qsong/js/main.js HTTP/1.1" 200 20054 "http://www.qsong.fun/static/qsong/html/gifmain.html" "Mozilla/5.0 (Windows NT 10.0; WOW64) AppleWebKit/537.36 (KHTML, like Gecko) Chrome/73.0.3683.103 Safari/537.36"
120.202.26.149 - - [23/Apr/2019:08:38:20 +0800] "GET /static/qsong/img/wxqrcode.png HTTP/1.1" 200 40117 "http://www.qsong.fun/static/qsong/html/gifmain.html" "Mozilla/5.0 (Windows NT 10.0; WOW64) AppleWebKit/537.36 (KHTML, like Gecko) Chrome/73.0.3683.103 Safari/537.36"
120.202.26.149 - - [23/Apr/2019:08:38:22 +0800] "GET /article/getArticleList?ps=10&pn=1&type=gif HTTP/1.1" 200 8144 "http://www.qsong.fun/static/qsong/html/gifmain.html" "Mozilla/5.0 (Windows NT 10.0; WOW64) AppleWebKit/537.36 (KHTML, like Gecko) Chrome/73.0.3683.103 Safari/537.36"
120.202.26.149 - - [23/Apr/2019:08:38:22 +0800] "GET /article/getArticleList?type=notice&ps=5&pn=1 HTTP/1.1" 200 1590 "http://www.qsong.fun/static/qsong/html/gifmain.html" "Mozilla/5.0 (Windows NT 10.0; WOW64) AppleWebKit/537.36 (KHTML, like Gecko) Chrome/73.0.3683.103 Safari/537.36"
120.202.26.149 - - [23/Apr/2019:08:38:22 +0800] "GET /article/getRandArticle HTTP/1.1" 200 4626 "http://www.qsong.fun/static/qsong/html/gifmain.html" "Mozilla/5.0 (Windows NT 10.0; WOW64) AppleWebKit/537.36 (KHTML, like Gecko) Chrome/73.0.3683.103 Safari/537.36"
120.202.26.149 - - [23/Apr/2019:08:38:22 +0800] "GET /static/qsong/fonts/fontawesome-webfont.woff?v=4.7.0 HTTP/1.1" 200 98024 "http://www.qsong.fun/static/qsong/css/font-awesome.min.css" "Mozilla/5.0 (Windows NT 10.0; WOW64) AppleWebKit/537.36 (KHTML, like Gecko) Chrome/73.0.3683.103 Safari/537.36"
120.202.26.149 - - [23/Apr/2019:08:38:22 +0800] "GET /img/f04e466a4656854184c16a66d997f488.jpg HTTP/1.1" 200 44836 "http://www.qsong.fun/static/qsong/html/gifmain.html" "Mozilla/5.0 (Windows NT 10.0; WOW64) AppleWebKit/537.36 (KHTML, like Gecko) Chrome/73.0.3683.103 Safari/537.36"
120.202.26.149 - - [23/Apr/2019:08:38:22 +0800] "GET /img/9334e563421faa3d55644deabf91b928.jpg HTTP/1.1" 200 22337 "http://www.qsong.fun/static/qsong/html/gifmain.html" "Mozilla/5.0 (Windows NT 10.0; WOW64) AppleWebKit/537.36 (KHTML, like Gecko) Chrome/73.0.3683.103 Safari/537.36"
120.202.26.149 - - [23/Apr/2019:08:38:22 +0800] "GET /img/bb6af31980e20d69457938d3677b76be.jpg HTTP/1.1" 200 30269 "http://www.qsong.fun/static/qsong/html/gifmain.html" "Mozilla/5.0 (Windows NT 10.0; WOW64) AppleWebKit/537.36 (KHTML, like Gecko) Chrome/73.0.3683.103 Safari/537.36"
120.202.26.149 - - [23/Apr/2019:08:38:22 +0800] "GET /img/3f935f0e6fb3cc99c2d6d138f1d96510.jpg HTTP/1.1" 200 19042 "http://www.qsong.fun/static/qsong/html/gifmain.html" "Mozilla/5.0 (Windows NT 10.0; WOW64) AppleWebKit/537.36 (KHTML, like Gecko) Chrome/73.0.3683.103 Safari/537.36"
120.202.26.149 - - [23/Apr/2019:08:38:22 +0800] "GET /img/9b2814c7c539b0ac31d366346388595f.jpg HTTP/1.1" 200 17905 "http://www.qsong.fun/static/qsong/html/gifmain.html" "Mozilla/5.0 (Windows NT 10.0; WOW64) AppleWebKit/537.36 (KHTML, like Gecko) Chrome/73.0.3683.103 Safari/537.36"
120.202.26.149 - - [23/Apr/2019:08:38:22 +0800] "GET /img/3daca1d16a95b12a14d0a90e9dc3b61a.jpg HTTP/1.1" 200 16739 "http://www.qsong.fun/static/qsong/html/gifmain.html" "Mozilla/5.0 (Windows NT 10.0; WOW64) AppleWebKit/537.36 (KHTML, like Gecko) Chrome/73.0.3683.103 Safari/537.36"
120.202.26.149 - - [23/Apr/2019:08:38:22 +0800] "GET /img/dc7962dc6f0a16eafcc7bea5724aca9a.jpg HTTP/1.1" 200 48286 "http://www.qsong.fun/static/qsong/html/gifmain.html" "Mozilla/5.0 (Windows NT 10.0; WOW64) AppleWebKit/537.36 (KHTML, like Gecko) Chrome/73.0.3683.103 Safari/537.36"
120.202.26.149 - - [23/Apr/2019:08:38:23 +0800] "GET /img/e84959b113fc2090d43553564425552e.jpg HTTP/1.1" 200 41258 "http://www.qsong.fun/static/qsong/html/gifmain.html" "Mozilla/5.0 (Windows NT 10.0; WOW64) AppleWebKit/537.36 (KHTML, like Gecko) Chrome/73.0.3683.103 Safari/537.36"
120.202.26.149 - - [23/Apr/2019:08:38:23 +0800] "GET /img/ebf195667bfa43404dddbc5b82950b69.jpg HTTP/1.1" 200 19330 "http://www.qsong.fun/static/qsong/html/gifmain.html" "Mozilla/5.0 (Windows NT 10.0; WOW64) AppleWebKit/537.36 (KHTML, like Gecko) Chrome/73.0.3683.103 Safari/537.36"
120.202.26.149 - - [23/Apr/2019:08:38:23 +0800] "GET /img/9d56568b9b48c4c8ec444dc688f11804.jpg HTTP/1.1" 200 20396 "http://www.qsong.fun/static/qsong/html/gifmain.html" "Mozilla/5.0 (Windows NT 10.0; WOW64) AppleWebKit/537.36 (KHTML, like Gecko) Chrome/73.0.3683.103 Safari/537.36"
127.0.0.1 - - [23/Apr/2019:08:38:29 +0800] "OPTIONS * HTTP/1.0" 200 - "-" "Apache/2.4.6 (CentOS) OpenSSL/1.0.2k-fips PHP/5.4.16 (internal dummy connection)"
127.0.0.1 - - [23/Apr/2019:08:38:31 +0800] "OPTIONS * HTTP/1.0" 200 - "-" "Apache/2.4.6 (CentOS) OpenSSL/1.0.2k-fips PHP/5.4.16 (internal dummy connection)"
127.0.0.1 - - [23/Apr/2019:08:38:32 +0800] "OPTIONS * HTTP/1.0" 200 - "-" "Apache/2.4.6 (CentOS) OpenSSL/1.0.2k-fips PHP/5.4.16 (internal dummy connection)"
120.202.26.149 - - [23/Apr/2019:08:39:06 +0800] "GET /article/getArticleList?ps=10&pn=2&type=gif HTTP/1.1" 200 8295 "http://www.qsong.fun/static/qsong/html/gifmain.html" "Mozilla/5.0 (Windows NT 10.0; WOW64) AppleWebKit/537.36 (KHTML, like Gecko) Chrome/73.0.3683.103 Safari/537.36"
120.202.26.149 - - [23/Apr/2019:08:39:10 +0800] "GET /img/4ff73e6eb0f48a06d9aabe6ceba4155d.jpg HTTP/1.1" 200 23052 "http://www.qsong.fun/static/qsong/html/gifmain.html" "Mozilla/5.0 (Windows NT 10.0; WOW64) AppleWebKit/537.36 (KHTML, like Gecko) Chrome/73.0.3683.103 Safari/537.36"
120.202.26.149 - - [23/Apr/2019:08:39:10 +0800] "GET /img/bebc7ac5e8964531401fc29fe6f79573.jpg HTTP/1.1" 200 31961 "http://www.qsong.fun/static/qsong/html/gifmain.html" "Mozilla/5.0 (Windows NT 10.0; WOW64) AppleWebKit/537.36 (KHTML, like Gecko) Chrome/73.0.3683.103 Safari/537.36"
120.202.26.149 - - [23/Apr/2019:08:39:10 +0800] "GET /img/23d099ed578c01b05d19437375e26229.jpg HTTP/1.1" 200 29743 "http://www.qsong.fun/static/qsong/html/gifmain.html" "Mozilla/5.0 (Windows NT 10.0; WOW64) AppleWebKit/537.36 (KHTML, like Gecko) Chrome/73.0.3683.103 Safari/537.36"
120.202.26.149 - - [23/Apr/2019:08:39:10 +0800] "GET /img/9f77d9bff62d54455c56db3fc5e5d05d.jpg HTTP/1.1" 200 39586 "http://www.qsong.fun/static/qsong/html/gifmain.html" "Mozilla/5.0 (Windows NT 10.0; WOW64) AppleWebKit/537.36 (KHTML, like Gecko) Chrome/73.0.3683.103 Safari/537.36"
120.202.26.149 - - [23/Apr/2019:08:39:10 +0800] "GET /img/d7fa0d897cd49c522e29fdfea247fe71.jpg HTTP/1.1" 200 42180 "http://www.qsong.fun/static/qsong/html/gifmain.html" "Mozilla/5.0 (Windows NT 10.0; WOW64) AppleWebKit/537.36 (KHTML, like Gecko) Chrome/73.0.3683.103 Safari/537.36"
120.202.26.149 - - [23/Apr/2019:08:39:10 +0800] "GET /img/5edfced63f9808df538ec3fa8f17d18d.jpg HTTP/1.1" 200 29263 "http://www.qsong.fun/static/qsong/html/gifmain.html" "Mozilla/5.0 (Windows NT 10.0; WOW64) AppleWebKit/537.36 (KHTML, like Gecko) Chrome/73.0.3683.103 Safari/537.36"
120.202.26.149 - - [23/Apr/2019:08:39:10 +0800] "GET /img/de5fd9655a1f0ed92e8becd32ed23a8a.jpg HTTP/1.1" 200 33711 "http://www.qsong.fun/static/qsong/html/gifmain.html" "Mozilla/5.0 (Windows NT 10.0; WOW64) AppleWebKit/537.36 (KHTML, like Gecko) Chrome/73.0.3683.103 Safari/537.36"
120.202.26.149 - - [23/Apr/2019:08:39:10 +0800] "GET /img/5a880809bd9fe2962f8d362aaa2a3f5e.jpg HTTP/1.1" 200 7010 "http://www.qsong.fun/static/qsong/html/gifmain.html" "Mozilla/5.0 (Windows NT 10.0; WOW64) AppleWebKit/537.36 (KHTML, like Gecko) Chrome/73.0.3683.103 Safari/537.36"
120.202.26.149 - - [23/Apr/2019:08:39:11 +0800] "GET /img/9b0f50528b3b61c7ac372ab6c6b17d10.jpg HTTP/1.1" 200 21217 "http://www.qsong.fun/static/qsong/html/gifmain.html" "Mozilla/5.0 (Windows NT 10.0; WOW64) AppleWebKit/537.36 (KHTML, like Gecko) Chrome/73.0.3683.103 Safari/537.36"
120.202.26.149 - - [23/Apr/2019:08:39:11 +0800] "GET /img/af6eebd52f8c1d283605ec4782756ad0.jpg HTTP/1.1" 200 33668 "http://www.qsong.fun/static/qsong/html/gifmain.html" "Mozilla/5.0 (Windows NT 10.0; WOW64) AppleWebKit/537.36 (KHTML, like Gecko) Chrome/73.0.3683.103 Safari/537.36"
127.0.0.1 - - [23/Apr/2019:08:39:19 +0800] "OPTIONS * HTTP/1.0" 200 - "-" "Apache/2.4.6 (CentOS) OpenSSL/1.0.2k-fips PHP/5.4.16 (internal dummy connection)"
120.202.26.149 - - [23/Apr/2019:08:42:34 +0800] "GET / HTTP/1.1" 301 230 "https://www.baidu.com/link?url=yJKRAAc2q_xDTmWioYpi7AziOqYx4i9vLsO4H-eqBy7&wd=&eqid=fa7260700003ae27000000035cbe5f63" "Mozilla/5.0 (Windows NT 10.0; WOW64) AppleWebKit/537.36 (KHTML, like Gecko) Chrome/73.0.3683.103 Safari/537.36"
127.0.0.1 - - [23/Apr/2019:08:42:40 +0800] "OPTIONS * HTTP/1.0" 200 - "-" "Apache/2.4.6 (CentOS) OpenSSL/1.0.2k-fips PHP/5.4.16 (internal dummy connection)"
127.0.0.1 - - [23/Apr/2019:08:42:41 +0800] "OPTIONS * HTTP/1.0" 200 - "-" "Apache/2.4.6 (CentOS) OpenSSL/1.0.2k-fips PHP/5.4.16 (internal dummy connection)"
127.0.0.1 - - [23/Apr/2019:08:42:46 +0800] "OPTIONS * HTTP/1.0" 200 - "-" "Apache/2.4.6 (CentOS) OpenSSL/1.0.2k-fips PHP/5.4.16 (internal dummy connection)"
123.125.71.78 - - [23/Apr/2019:08:45:04 +0800] "GET / HTTP/1.1" 200 8007 "-" "Mozilla/5.0 (compatible; Baiduspider/2.0; +http://www.baidu.com/search/spider.html)"
111.206.221.15 - - [23/Apr/2019:08:45:04 +0800] "GET /js/jquery.min.js HTTP/1.1" 200 95997 "http://www.qsong.fun/" "Mozilla/5.0 (compatible; Baiduspider-render/2.0; +http://www.baidu.com/search/spider.html)"
111.206.221.13 - - [23/Apr/2019:08:45:05 +0800] "GET /js/ias.js HTTP/1.1" 200 6740 "http://www.qsong.fun/" "Mozilla/5.0 (compatible; Baiduspider-render/2.0; +http://www.baidu.com/search/spider.html)"
111.206.221.20 - - [23/Apr/2019:08:45:05 +0800] "GET /js/bootstrap.min.js HTTP/1.1" 200 39163 "http://www.qsong.fun/" "Mozilla/5.0 (compatible; Baiduspider-render/2.0; +http://www.baidu.com/search/spider.html)"
111.206.198.85 - - [23/Apr/2019:08:45:05 +0800] "GET /js/main.js HTTP/1.1" 200 21255 "http://www.qsong.fun/" "Mozilla/5.0 (compatible; Baiduspider-render/2.0; +http://www.baidu.com/search/spider.html)"
111.206.198.33 - - [23/Apr/2019:08:45:09 +0800] "GET /js/jquery.min.js HTTP/1.1" 200 95997 "http://www.qsong.fun/" "Mozilla/5.0 (iPhone; CPU iPhone OS 9_1 like Mac OS X) AppleWebKit/601.1.46 (KHTML, like Gecko) Version/9.0 Mobile/13B143 Safari/601.1 (compatible; Baiduspider-render/2.0; +http://www.baidu.com/search/spider.html)"
111.206.198.18 - - [23/Apr/2019:08:45:10 +0800] "GET /js/bootstrap.min.js HTTP/1.1" 200 39163 "http://www.qsong.fun/" "Mozilla/5.0 (iPhone; CPU iPhone OS 9_1 like Mac OS X) AppleWebKit/601.1.46 (KHTML, like Gecko) Version/9.0 Mobile/13B143 Safari/601.1 (compatible; Baiduspider-render/2.0; +http://www.baidu.com/search/spider.html)"
111.206.198.26 - - [23/Apr/2019:08:45:10 +0800] "GET /js/ias.js HTTP/1.1" 200 6740 "http://www.qsong.fun/" "Mozilla/5.0 (iPhone; CPU iPhone OS 9_1 like Mac OS X) AppleWebKit/601.1.46 (KHTML, like Gecko) Version/9.0 Mobile/13B143 Safari/601.1 (compatible; Baiduspider-render/2.0; +http://www.baidu.com/search/spider.html)"
111.206.198.123 - - [23/Apr/2019:08:45:12 +0800] "GET /js/main.js HTTP/1.1" 200 21255 "http://www.qsong.fun/" "Mozilla/5.0 (iPhone; CPU iPhone OS 9_1 like Mac OS X) AppleWebKit/601.1.46 (KHTML, like Gecko) Version/9.0 Mobile/13B143 Safari/601.1 (compatible; Baiduspider-render/2.0; +http://www.baidu.com/search/spider.html)"
37.49.230.121 - - [23/Apr/2019:08:45:48 +0800] "GET / HTTP/1.1" 200 33902 "-" "Mozilla/4.0 (compatible; MSIE 5.0; Windows NT; DigExt; DTS Agent"
216.244.66.199 - - [23/Apr/2019:08:46:18 +0800] "GET /robots.txt HTTP/1.1" 200 55 "-" "Mozilla/5.0 (compatible; DotBot/1.1; http://www.opensiteexplorer.org/dotbot, help@moz.com)"
213.205.242.154 - - [23/Apr/2019:08:48:09 +0800] "GET /wp-login.php HTTP/1.1" 404 4790 "-" "Mozilla/5.0 (Windows NT 6.1; WOW64; rv:40.0) Gecko/20100101 Firefox/40.1"
213.205.242.154 - - [23/Apr/2019:08:48:11 +0800] "GET / HTTP/1.1" 200 34385 "-" "Mozilla/5.0 (Windows NT 6.1; WOW64; rv:40.0) Gecko/20100101 Firefox/40.1"
59.36.132.222 - - [23/Apr/2019:08:48:42 +0800] "CONNECT www.baidu.com:443 HTTP/1.1" 502 383 "-" "Mozilla/5.0 (Windows NT 6.1; WOW64) AppleWebKit/537.36 (KHTML, like Gecko) Chrome/50.0.2661.102 Safari/537.36"
59.36.132.222 - - [23/Apr/2019:08:48:42 +0800] "GET http://www.baidu.com/ HTTP/1.1" 200 34521 "-" "curl/7.19.7 (x86_64-redhat-linux-gnu) libcurl/7.19.7 NSS/3.13.1.0zlib/1.2.3 libidn/1.18 libssh2/1.2.2"
120.202.26.149 - - [23/Apr/2019:08:50:14 +0800] "GET / HTTP/1.1" 301 230 "-" "Mozilla/5.0 (Windows NT 10.0; WOW64) AppleWebKit/537.36 (KHTML, like Gecko) Chrome/63.0.3239.132 Safari/537.36"
127.0.0.1 - - [23/Apr/2019:08:50:16 +0800] "OPTIONS * HTTP/1.0" 200 - "-" "Apache/2.4.6 (CentOS) OpenSSL/1.0.2k-fips PHP/5.4.16 (internal dummy connection)"
107.175.1.92 - - [23/Apr/2019:08:52:58 +0800] "GET / HTTP/1.1" 200 33899 "-" "Mozilla/4.0 (compatible; MSIE 5.0; Windows NT; DigExt; DTS Agent"
211.97.122.46 - - [23/Apr/2019:08:54:33 +0800] "GET http://www.123cha.com HTTP/1.1" 200 33931 "-" "Mozilla/5.0 (Windows NT 5.1) AppleWebKit/537.36 (KHTML, like Gecko) Chrome/43.0.2357.132 Safari/537.36"
216.244.66.199 - - [23/Apr/2019:08:54:46 +0800] "GET /img/245ea1ea6c0c5b1ef9178f44fe3cfad8.jpg HTTP/1.1" 200 43359 "-" "Mozilla/5.0 (compatible; DotBot/1.1; http://www.opensiteexplorer.org/dotbot, help@moz.com)"
216.244.66.199 - - [23/Apr/2019:08:54:51 +0800] "GET /img/4667c2b272a3593a1fd31832f9946905.jpg HTTP/1.1" 200 284504 "-" "Mozilla/5.0 (compatible; DotBot/1.1; http://www.opensiteexplorer.org/dotbot, help@moz.com)"
120.202.26.149 - - [23/Apr/2019:08:54:59 +0800] "GET / HTTP/1.1" 200 34032 "-" "Mozilla/5.0 (Windows NT 10.0; WOW64) AppleWebKit/537.36 (KHTML, like Gecko) Chrome/63.0.3239.132 Safari/537.36"
120.202.26.149 - - [23/Apr/2019:09:01:14 +0800] "GET / HTTP/1.1" 301 230 "-" "Mozilla/5.0 (Windows NT 10.0; WOW64) AppleWebKit/537.36 (KHTML, like Gecko) Chrome/73.0.3683.103 Safari/537.36"
127.0.0.1 - - [23/Apr/2019:09:01:26 +0800] "OPTIONS * HTTP/1.0" 200 - "-" "Apache/2.4.6 (CentOS) OpenSSL/1.0.2k-fips PHP/5.4.16 (internal dummy connection)"
127.0.0.1 - - [23/Apr/2019:09:01:27 +0800] "OPTIONS * HTTP/1.0" 200 - "-" "Apache/2.4.6 (CentOS) OpenSSL/1.0.2k-fips PHP/5.4.16 (internal dummy connection)"
127.0.0.1 - - [23/Apr/2019:09:01:28 +0800] "OPTIONS * HTTP/1.0" 200 - "-" "Apache/2.4.6 (CentOS) OpenSSL/1.0.2k-fips PHP/5.4.16 (internal dummy connection)"
188.80.80.111 - - [23/Apr/2019:09:02:45 +0800] "GET /wp-login.php HTTP/1.1" 404 4790 "-" "Mozilla/5.0 (Windows NT 6.1; WOW64; rv:40.0) Gecko/20100101 Firefox/40.1"
188.80.80.111 - - [23/Apr/2019:09:02:46 +0800] "GET / HTTP/1.1" 200 34577 "-" "Mozilla/5.0 (Windows NT 6.1; WOW64; rv:40.0) Gecko/20100101 Firefox/40.1"
127.0.0.1 - - [23/Apr/2019:09:03:41 +0800] "OPTIONS * HTTP/1.0" 200 - "-" "Apache/2.4.6 (CentOS) OpenSSL/1.0.2k-fips PHP/5.4.16 (internal dummy connection)"
127.0.0.1 - - [23/Apr/2019:09:04:10 +0800] "OPTIONS * HTTP/1.0" 200 - "-" "Apache/2.4.6 (CentOS) OpenSSL/1.0.2k-fips PHP/5.4.16 (internal dummy connection)"
120.202.26.149 - - [23/Apr/2019:09:04:35 +0800] "GET /static/qsong/html/gifmain.html HTTP/1.1" 404 1945 "-" "Mozilla/5.0 (Windows NT 10.0; WOW64) AppleWebKit/537.36 (KHTML, like Gecko) Chrome/73.0.3683.103 Safari/537.36"
120.202.26.149 - - [23/Apr/2019:09:04:35 +0800] "GET /_nuxt/01f841eb942772efade2.js HTTP/1.1" 200 1390 "http://www.qsong.fun/static/qsong/html/gifmain.html" "Mozilla/5.0 (Windows NT 10.0; WOW64) AppleWebKit/537.36 (KHTML, like Gecko) Chrome/73.0.3683.103 Safari/537.36"
120.202.26.149 - - [23/Apr/2019:09:04:35 +0800] "GET /_nuxt/802c1ec572fcd1f86a88.js HTTP/1.1" 200 54660 "http://www.qsong.fun/static/qsong/html/gifmain.html" "Mozilla/5.0 (Windows NT 10.0; WOW64) AppleWebKit/537.36 (KHTML, like Gecko) Chrome/73.0.3683.103 Safari/537.36"
120.202.26.149 - - [23/Apr/2019:09:04:35 +0800] "GET /css/main.css HTTP/1.1" 200 18706 "http://www.qsong.fun/static/qsong/html/gifmain.html" "Mozilla/5.0 (Windows NT 10.0; WOW64) AppleWebKit/537.36 (KHTML, like Gecko) Chrome/73.0.3683.103 Safari/537.36"
120.202.26.149 - - [23/Apr/2019:09:04:35 +0800] "GET /css/font-awesome.min.css HTTP/1.1" 200 7046 "http://www.qsong.fun/static/qsong/html/gifmain.html" "Mozilla/5.0 (Windows NT 10.0; WOW64) AppleWebKit/537.36 (KHTML, like Gecko) Chrome/73.0.3683.103 Safari/537.36"
120.202.26.149 - - [23/Apr/2019:09:04:35 +0800] "GET /css/bootstrap.min.css HTTP/1.1" 200 16330 "http://www.qsong.fun/static/qsong/html/gifmain.html" "Mozilla/5.0 (Windows NT 10.0; WOW64) AppleWebKit/537.36 (KHTML, like Gecko) Chrome/73.0.3683.103 Safari/537.36"
120.202.26.149 - - [23/Apr/2019:09:04:35 +0800] "GET /js/jquery.min.js HTTP/1.1" 200 33354 "http://www.qsong.fun/static/qsong/html/gifmain.html" "Mozilla/5.0 (Windows NT 10.0; WOW64) AppleWebKit/537.36 (KHTML, like Gecko) Chrome/73.0.3683.103 Safari/537.36"
120.202.26.149 - - [23/Apr/2019:09:04:35 +0800] "GET /_nuxt/d8ef78992dadde3e60da.js HTTP/1.1" 200 13801 "http://www.qsong.fun/static/qsong/html/gifmain.html" "Mozilla/5.0 (Windows NT 10.0; WOW64) AppleWebKit/537.36 (KHTML, like Gecko) Chrome/73.0.3683.103 Safari/537.36"
120.202.26.149 - - [23/Apr/2019:09:04:35 +0800] "GET /js/bootstrap.min.js HTTP/1.1" 200 9551 "http://www.qsong.fun/static/qsong/html/gifmain.html" "Mozilla/5.0 (Windows NT 10.0; WOW64) AppleWebKit/537.36 (KHTML, like Gecko) Chrome/73.0.3683.103 Safari/537.36"
120.202.26.149 - - [23/Apr/2019:09:04:35 +0800] "GET /js/ias.js HTTP/1.1" 200 2185 "http://www.qsong.fun/static/qsong/html/gifmain.html" "Mozilla/5.0 (Windows NT 10.0; WOW64) AppleWebKit/537.36 (KHTML, like Gecko) Chrome/73.0.3683.103 Safari/537.36"
120.202.26.149 - - [23/Apr/2019:09:04:35 +0800] "GET /js/main.js HTTP/1.1" 200 6193 "http://www.qsong.fun/static/qsong/html/gifmain.html" "Mozilla/5.0 (Windows NT 10.0; WOW64) AppleWebKit/537.36 (KHTML, like Gecko) Chrome/73.0.3683.103 Safari/537.36"
120.202.26.149 - - [23/Apr/2019:09:04:36 +0800] "GET /favicon.ico HTTP/1.1" 200 1925 "http://www.qsong.fun/static/qsong/html/gifmain.html" "Mozilla/5.0 (Windows NT 10.0; WOW64) AppleWebKit/537.36 (KHTML, like Gecko) Chrome/73.0.3683.103 Safari/537.36"
120.202.26.149 - - [23/Apr/2019:09:04:36 +0800] "GET /_nuxt/225460998babb70595a4.js HTTP/1.1" 200 7408 "http://www.qsong.fun/static/qsong/html/gifmain.html" "Mozilla/5.0 (Windows NT 10.0; WOW64) AppleWebKit/537.36 (KHTML, like Gecko) Chrome/73.0.3683.103 Safari/537.36"
127.0.0.1 - - [23/Apr/2019:09:04:42 +0800] "OPTIONS * HTTP/1.0" 200 - "-" "Apache/2.4.6 (CentOS) OpenSSL/1.0.2k-fips PHP/5.4.16 (internal dummy connection)"
127.0.0.1 - - [23/Apr/2019:09:04:43 +0800] "OPTIONS * HTTP/1.0" 200 - "-" "Apache/2.4.6 (CentOS) OpenSSL/1.0.2k-fips PHP/5.4.16 (internal dummy connection)"
127.0.0.1 - - [23/Apr/2019:09:04:45 +0800] "OPTIONS * HTTP/1.0" 200 - "-" "Apache/2.4.6 (CentOS) OpenSSL/1.0.2k-fips PHP/5.4.16 (internal dummy connection)"
120.202.26.149 - - [23/Apr/2019:09:04:48 +0800] "GET /css/bootstrap.min.css HTTP/1.1" 304 - "http://www.qsong.fun/static/qsong/html/gifmain.html" "Mozilla/5.0 (Windows NT 10.0; WOW64) AppleWebKit/537.36 (KHTML, like Gecko) Chrome/73.0.3683.103 Safari/537.36"
120.202.26.149 - - [23/Apr/2019:09:04:48 +0800] "GET /css/font-awesome.min.css HTTP/1.1" 304 - "http://www.qsong.fun/static/qsong/html/gifmain.html" "Mozilla/5.0 (Windows NT 10.0; WOW64) AppleWebKit/537.36 (KHTML, like Gecko) Chrome/73.0.3683.103 Safari/537.36"
120.202.26.149 - - [23/Apr/2019:09:04:48 +0800] "GET /css/main.css HTTP/1.1" 304 - "http://www.qsong.fun/static/qsong/html/gifmain.html" "Mozilla/5.0 (Windows NT 10.0; WOW64) AppleWebKit/537.36 (KHTML, like Gecko) Chrome/73.0.3683.103 Safari/537.36"
120.202.26.149 - - [23/Apr/2019:09:04:48 +0800] "GET /js/jquery.min.map HTTP/1.1" 404 63 "-" "Mozilla/5.0 (Windows NT 10.0; WOW64) AppleWebKit/537.36 (KHTML, like Gecko) Chrome/73.0.3683.103 Safari/537.36"
120.202.26.149 - - [23/Apr/2019:09:04:52 +0800] "GET /static/qsong/html/gifmain.html HTTP/1.1" 404 1945 "-" "Mozilla/5.0 (Windows NT 10.0; WOW64) AppleWebKit/537.36 (KHTML, like Gecko) Chrome/73.0.3683.103 Safari/537.36"
120.202.26.149 - - [23/Apr/2019:09:04:52 +0800] "GET /_nuxt/01f841eb942772efade2.js HTTP/1.1" 200 1390 "http://www.qsong.fun/static/qsong/html/gifmain.html" "Mozilla/5.0 (Windows NT 10.0; WOW64) AppleWebKit/537.36 (KHTML, like Gecko) Chrome/73.0.3683.103 Safari/537.36"
120.202.26.149 - - [23/Apr/2019:09:04:52 +0800] "GET /_nuxt/802c1ec572fcd1f86a88.js HTTP/1.1" 200 54660 "http://www.qsong.fun/static/qsong/html/gifmain.html" "Mozilla/5.0 (Windows NT 10.0; WOW64) AppleWebKit/537.36 (KHTML, like Gecko) Chrome/73.0.3683.103 Safari/537.36"
120.202.26.149 - - [23/Apr/2019:09:04:52 +0800] "GET /css/bootstrap.min.css HTTP/1.1" 200 16330 "http://www.qsong.fun/static/qsong/html/gifmain.html" "Mozilla/5.0 (Windows NT 10.0; WOW64) AppleWebKit/537.36 (KHTML, like Gecko) Chrome/73.0.3683.103 Safari/537.36"
120.202.26.149 - - [23/Apr/2019:09:04:52 +0800] "GET /css/main.css HTTP/1.1" 200 18706 "http://www.qsong.fun/static/qsong/html/gifmain.html" "Mozilla/5.0 (Windows NT 10.0; WOW64) AppleWebKit/537.36 (KHTML, like Gecko) Chrome/73.0.3683.103 Safari/537.36"
120.202.26.149 - - [23/Apr/2019:09:04:52 +0800] "GET /css/font-awesome.min.css HTTP/1.1" 200 7046 "http://www.qsong.fun/static/qsong/html/gifmain.html" "Mozilla/5.0 (Windows NT 10.0; WOW64) AppleWebKit/537.36 (KHTML, like Gecko) Chrome/73.0.3683.103 Safari/537.36"
120.202.26.149 - - [23/Apr/2019:09:04:52 +0800] "GET /_nuxt/d8ef78992dadde3e60da.js HTTP/1.1" 200 13801 "http://www.qsong.fun/static/qsong/html/gifmain.html" "Mozilla/5.0 (Windows NT 10.0; WOW64) AppleWebKit/537.36 (KHTML, like Gecko) Chrome/73.0.3683.103 Safari/537.36"
120.202.26.149 - - [23/Apr/2019:09:04:52 +0800] "GET /js/jquery.min.js HTTP/1.1" 200 33354 "http://www.qsong.fun/static/qsong/html/gifmain.html" "Mozilla/5.0 (Windows NT 10.0; WOW64) AppleWebKit/537.36 (KHTML, like Gecko) Chrome/73.0.3683.103 Safari/537.36"
120.202.26.149 - - [23/Apr/2019:09:04:52 +0800] "GET /js/bootstrap.min.js HTTP/1.1" 200 9551 "http://www.qsong.fun/static/qsong/html/gifmain.html" "Mozilla/5.0 (Windows NT 10.0; WOW64) AppleWebKit/537.36 (KHTML, like Gecko) Chrome/73.0.3683.103 Safari/537.36"
120.202.26.149 - - [23/Apr/2019:09:04:52 +0800] "GET /js/ias.js HTTP/1.1" 200 2185 "http://www.qsong.fun/static/qsong/html/gifmain.html" "Mozilla/5.0 (Windows NT 10.0; WOW64) AppleWebKit/537.36 (KHTML, like Gecko) Chrome/73.0.3683.103 Safari/537.36"
120.202.26.149 - - [23/Apr/2019:09:04:52 +0800] "GET /js/main.js HTTP/1.1" 200 6193 "http://www.qsong.fun/static/qsong/html/gifmain.html" "Mozilla/5.0 (Windows NT 10.0; WOW64) AppleWebKit/537.36 (KHTML, like Gecko) Chrome/73.0.3683.103 Safari/537.36"
120.202.26.149 - - [23/Apr/2019:09:04:52 +0800] "GET /js/jquery.min.map HTTP/1.1" 404 63 "-" "Mozilla/5.0 (Windows NT 10.0; WOW64) AppleWebKit/537.36 (KHTML, like Gecko) Chrome/73.0.3683.103 Safari/537.36"
120.202.26.149 - - [23/Apr/2019:09:04:52 +0800] "GET /favicon.ico HTTP/1.1" 200 1925 "http://www.qsong.fun/static/qsong/html/gifmain.html" "Mozilla/5.0 (Windows NT 10.0; WOW64) AppleWebKit/537.36 (KHTML, like Gecko) Chrome/73.0.3683.103 Safari/537.36"
120.202.26.149 - - [23/Apr/2019:09:04:52 +0800] "GET /_nuxt/225460998babb70595a4.js HTTP/1.1" 200 7408 "http://www.qsong.fun/static/qsong/html/gifmain.html" "Mozilla/5.0 (Windows NT 10.0; WOW64) AppleWebKit/537.36 (KHTML, like Gecko) Chrome/73.0.3683.103 Safari/537.36"
120.202.26.149 - - [23/Apr/2019:09:04:56 +0800] "GET /static/qsong/html/gifmain.html HTTP/1.1" 404 1945 "-" "Mozilla/5.0 (Windows NT 10.0; WOW64) AppleWebKit/537.36 (KHTML, like Gecko) Chrome/73.0.3683.103 Safari/537.36"
120.202.26.149 - - [23/Apr/2019:09:04:57 +0800] "GET /_nuxt/01f841eb942772efade2.js HTTP/1.1" 200 1390 "http://www.qsong.fun/static/qsong/html/gifmain.html" "Mozilla/5.0 (Windows NT 10.0; WOW64) AppleWebKit/537.36 (KHTML, like Gecko) Chrome/73.0.3683.103 Safari/537.36"
120.202.26.149 - - [23/Apr/2019:09:04:57 +0800] "GET /css/main.css HTTP/1.1" 200 18706 "http://www.qsong.fun/static/qsong/html/gifmain.html" "Mozilla/5.0 (Windows NT 10.0; WOW64) AppleWebKit/537.36 (KHTML, like Gecko) Chrome/73.0.3683.103 Safari/537.36"
120.202.26.149 - - [23/Apr/2019:09:04:57 +0800] "GET /_nuxt/d8ef78992dadde3e60da.js HTTP/1.1" 200 13801 "http://www.qsong.fun/static/qsong/html/gifmain.html" "Mozilla/5.0 (Windows NT 10.0; WOW64) AppleWebKit/537.36 (KHTML, like Gecko) Chrome/73.0.3683.103 Safari/537.36"
120.202.26.149 - - [23/Apr/2019:09:04:57 +0800] "GET /css/bootstrap.min.css HTTP/1.1" 200 16330 "http://www.qsong.fun/static/qsong/html/gifmain.html" "Mozilla/5.0 (Windows NT 10.0; WOW64) AppleWebKit/537.36 (KHTML, like Gecko) Chrome/73.0.3683.103 Safari/537.36"
120.202.26.149 - - [23/Apr/2019:09:04:57 +0800] "GET /css/font-awesome.min.css HTTP/1.1" 200 7046 "http://www.qsong.fun/static/qsong/html/gifmain.html" "Mozilla/5.0 (Windows NT 10.0; WOW64) AppleWebKit/537.36 (KHTML, like Gecko) Chrome/73.0.3683.103 Safari/537.36"
120.202.26.149 - - [23/Apr/2019:09:04:57 +0800] "GET /_nuxt/802c1ec572fcd1f86a88.js HTTP/1.1" 200 54660 "http://www.qsong.fun/static/qsong/html/gifmain.html" "Mozilla/5.0 (Windows NT 10.0; WOW64) AppleWebKit/537.36 (KHTML, like Gecko) Chrome/73.0.3683.103 Safari/537.36"
120.202.26.149 - - [23/Apr/2019:09:04:57 +0800] "GET /js/jquery.min.js HTTP/1.1" 200 33354 "http://www.qsong.fun/static/qsong/html/gifmain.html" "Mozilla/5.0 (Windows NT 10.0; WOW64) AppleWebKit/537.36 (KHTML, like Gecko) Chrome/73.0.3683.103 Safari/537.36"
120.202.26.149 - - [23/Apr/2019:09:04:57 +0800] "GET /js/bootstrap.min.js HTTP/1.1" 200 9551 "http://www.qsong.fun/static/qsong/html/gifmain.html" "Mozilla/5.0 (Windows NT 10.0; WOW64) AppleWebKit/537.36 (KHTML, like Gecko) Chrome/73.0.3683.103 Safari/537.36"
120.202.26.149 - - [23/Apr/2019:09:04:57 +0800] "GET /js/ias.js HTTP/1.1" 200 2185 "http://www.qsong.fun/static/qsong/html/gifmain.html" "Mozilla/5.0 (Windows NT 10.0; WOW64) AppleWebKit/537.36 (KHTML, like Gecko) Chrome/73.0.3683.103 Safari/537.36"
120.202.26.149 - - [23/Apr/2019:09:04:57 +0800] "GET /js/main.js HTTP/1.1" 200 6193 "http://www.qsong.fun/static/qsong/html/gifmain.html" "Mozilla/5.0 (Windows NT 10.0; WOW64) AppleWebKit/537.36 (KHTML, like Gecko) Chrome/73.0.3683.103 Safari/537.36"
120.202.26.149 - - [23/Apr/2019:09:04:57 +0800] "GET /js/jquery.min.map HTTP/1.1" 404 63 "-" "Mozilla/5.0 (Windows NT 10.0; WOW64) AppleWebKit/537.36 (KHTML, like Gecko) Chrome/73.0.3683.103 Safari/537.36"
120.202.26.149 - - [23/Apr/2019:09:04:57 +0800] "GET /_nuxt/225460998babb70595a4.js HTTP/1.1" 200 7408 "http://www.qsong.fun/static/qsong/html/gifmain.html" "Mozilla/5.0 (Windows NT 10.0; WOW64) AppleWebKit/537.36 (KHTML, like Gecko) Chrome/73.0.3683.103 Safari/537.36"
120.202.26.149 - - [23/Apr/2019:09:04:57 +0800] "GET /favicon.ico HTTP/1.1" 200 1925 "http://www.qsong.fun/static/qsong/html/gifmain.html" "Mozilla/5.0 (Windows NT 10.0; WOW64) AppleWebKit/537.36 (KHTML, like Gecko) Chrome/73.0.3683.103 Safari/537.36"
127.0.0.1 - - [23/Apr/2019:09:05:04 +0800] "OPTIONS * HTTP/1.0" 200 - "-" "Apache/2.4.6 (CentOS) OpenSSL/1.0.2k-fips PHP/5.4.16 (internal dummy connection)"
127.0.0.1 - - [23/Apr/2019:09:05:48 +0800] "OPTIONS * HTTP/1.0" 200 - "-" "Apache/2.4.6 (CentOS) OpenSSL/1.0.2k-fips PHP/5.4.16 (internal dummy connection)"
120.202.26.149 - - [23/Apr/2019:09:06:47 +0800] "GET / HTTP/1.1" 301 230 "-" "Mozilla/5.0 (Windows NT 10.0; WOW64) AppleWebKit/537.36 (KHTML, like Gecko) Chrome/73.0.3683.103 Safari/537.36"
127.0.0.1 - - [23/Apr/2019:09:06:59 +0800] "OPTIONS * HTTP/1.0" 200 - "-" "Apache/2.4.6 (CentOS) OpenSSL/1.0.2k-fips PHP/5.4.16 (internal dummy connection)"
127.0.0.1 - - [23/Apr/2019:09:07:00 +0800] "OPTIONS * HTTP/1.0" 200 - "-" "Apache/2.4.6 (CentOS) OpenSSL/1.0.2k-fips PHP/5.4.16 (internal dummy connection)"
127.0.0.1 - - [23/Apr/2019:09:07:20 +0800] "OPTIONS * HTTP/1.0" 200 - "-" "Apache/2.4.6 (CentOS) OpenSSL/1.0.2k-fips PHP/5.4.16 (internal dummy connection)"
220.181.108.106 - - [23/Apr/2019:09:11:33 +0800] "GET /image/loading.gif HTTP/1.1" 301 247 "-" "Mozilla/5.0 (Windows NT 10.0; WOW64) AppleWebKit/537.36 (KHTML, like Gecko) Chrome/48.0.2564.116 Safari/537.36"
127.0.0.1 - - [23/Apr/2019:09:13:57 +0800] "OPTIONS * HTTP/1.0" 200 - "-" "Apache/2.4.6 (CentOS) OpenSSL/1.0.2k-fips PHP/5.4.16 (internal dummy connection)"
127.0.0.1 - - [23/Apr/2019:09:14:34 +0800] "OPTIONS * HTTP/1.0" 200 - "-" "Apache/2.4.6 (CentOS) OpenSSL/1.0.2k-fips PHP/5.4.16 (internal dummy connection)"
127.0.0.1 - - [23/Apr/2019:09:15:39 +0800] "OPTIONS * HTTP/1.0" 200 - "-" "Apache/2.4.6 (CentOS) OpenSSL/1.0.2k-fips PHP/5.4.16 (internal dummy connection)"
127.0.0.1 - - [23/Apr/2019:09:17:41 +0800] "OPTIONS * HTTP/1.0" 200 - "-" "Apache/2.4.6 (CentOS) OpenSSL/1.0.2k-fips PHP/5.4.16 (internal dummy connection)"
123.125.71.40 - - [23/Apr/2019:09:18:24 +0800] "GET /welfare HTTP/1.1" 200 4456 "-" "Mozilla/5.0 (compatible; Baiduspider/2.0; +http://www.baidu.com/search/spider.html)"
127.0.0.1 - - [23/Apr/2019:09:18:27 +0800] "OPTIONS * HTTP/1.0" 200 - "-" "Apache/2.4.6 (CentOS) OpenSSL/1.0.2k-fips PHP/5.4.16 (internal dummy connection)"
127.0.0.1 - - [23/Apr/2019:09:24:15 +0800] "OPTIONS * HTTP/1.0" 200 - "-" "Apache/2.4.6 (CentOS) OpenSSL/1.0.2k-fips PHP/5.4.16 (internal dummy connection)"
127.0.0.1 - - [23/Apr/2019:09:24:16 +0800] "OPTIONS * HTTP/1.0" 200 - "-" "Apache/2.4.6 (CentOS) OpenSSL/1.0.2k-fips PHP/5.4.16 (internal dummy connection)"
127.0.0.1 - - [23/Apr/2019:09:24:33 +0800] "OPTIONS * HTTP/1.0" 200 - "-" "Apache/2.4.6 (CentOS) OpenSSL/1.0.2k-fips PHP/5.4.16 (internal dummy connection)"
127.0.0.1 - - [23/Apr/2019:09:31:47 +0800] "OPTIONS * HTTP/1.0" 200 - "-" "Apache/2.4.6 (CentOS) OpenSSL/1.0.2k-fips PHP/5.4.16 (internal dummy connection)"
216.244.66.199 - - [23/Apr/2019:09:35:21 +0800] "GET /robots.txt HTTP/1.1" 200 169 "-" "Mozilla/5.0 (compatible; DotBot/1.1; http://www.opensiteexplorer.org/dotbot, help@moz.com)"
193.188.22.127 - - [23/Apr/2019:09:41:08 +0800] "\x03" 400 226 "-" "-"
193.188.22.127 - - [23/Apr/2019:09:41:08 +0800] "\x03" 400 226 "-" "-"
216.244.66.199 - - [23/Apr/2019:09:42:44 +0800] "GET /video/detail/72 HTTP/1.1" 200 15555 "-" "Mozilla/5.0 (compatible; DotBot/1.1; http://www.opensiteexplorer.org/dotbot, help@moz.com)"
216.244.66.199 - - [23/Apr/2019:09:44:16 +0800] "GET /img/5482713e6b5d02d9ba8624554458f5bc.jpeg HTTP/1.1" 200 56111 "-" "Mozilla/5.0 (compatible; DotBot/1.1; http://www.opensiteexplorer.org/dotbot, help@moz.com)"
127.0.0.1 - - [23/Apr/2019:09:49:38 +0800] "OPTIONS * HTTP/1.0" 200 - "-" "Apache/2.4.6 (CentOS) OpenSSL/1.0.2k-fips PHP/5.4.16 (internal dummy connection)"
127.0.0.1 - - [23/Apr/2019:09:49:39 +0800] "OPTIONS * HTTP/1.0" 200 - "-" "Apache/2.4.6 (CentOS) OpenSSL/1.0.2k-fips PHP/5.4.16 (internal dummy connection)"
127.0.0.1 - - [23/Apr/2019:09:49:42 +0800] "OPTIONS * HTTP/1.0" 200 - "-" "Apache/2.4.6 (CentOS) OpenSSL/1.0.2k-fips PHP/5.4.16 (internal dummy connection)"
127.0.0.1 - - [23/Apr/2019:09:52:16 +0800] "OPTIONS * HTTP/1.0" 200 - "-" "Apache/2.4.6 (CentOS) OpenSSL/1.0.2k-fips PHP/5.4.16 (internal dummy connection)"
66.68.139.7 - - [23/Apr/2019:09:55:27 +0800] "GET / HTTP/1.1" 200 35402 "-" "Mozilla/5.0 (Windows NT 6.1; WOW64) AppleWebKit/537.36 (KHTML, like Gecko) Chrome/51.0.2704.103 Safari/537.36"
127.0.0.1 - - [23/Apr/2019:09:57:40 +0800] "OPTIONS * HTTP/1.0" 200 - "-" "Apache/2.4.6 (CentOS) OpenSSL/1.0.2k-fips PHP/5.4.16 (internal dummy connection)"
127.0.0.1 - - [23/Apr/2019:09:58:07 +0800] "OPTIONS * HTTP/1.0" 200 - "-" "Apache/2.4.6 (CentOS) OpenSSL/1.0.2k-fips PHP/5.4.16 (internal dummy connection)"
181.46.161.132 - - [23/Apr/2019:10:03:06 +0800] "GET /wp-login.php HTTP/1.1" 404 4776 "-" "Mozilla/5.0 (Windows NT 6.1; WOW64; rv:40.0) Gecko/20100101 Firefox/40.1"
181.46.161.132 - - [23/Apr/2019:10:03:07 +0800] "GET / HTTP/1.1" 200 36246 "-" "Mozilla/5.0 (Windows NT 6.1; WOW64; rv:40.0) Gecko/20100101 Firefox/40.1"
104.238.97.215 - - [23/Apr/2019:10:05:53 +0800] "HEAD / HTTP/1.1" 200 - "-" "curl/7.61.0"
106.2.124.185 - - [23/Apr/2019:10:08:07 +0800] "GET http://baidu.com/ HTTP/1.1" 200 8636 "-" "Mozilla/4.0 (compatible; MSIE 8.0; Windows NT 6.1; Trident/4.0)"
5.77.253.146 - - [23/Apr/2019:10:11:19 +0800] "GET /wp-login.php HTTP/1.1" 404 4776 "-" "Mozilla/5.0 (Windows NT 6.1; WOW64; rv:40.0) Gecko/20100101 Firefox/40.1"
5.77.253.146 - - [23/Apr/2019:10:11:20 +0800] "GET / HTTP/1.1" 200 35114 "-" "Mozilla/5.0 (Windows NT 6.1; WOW64; rv:40.0) Gecko/20100101 Firefox/40.1"
71.6.143.90 - - [23/Apr/2019:10:13:39 +0800] "GET / HTTP/1.1" 200 8145 "-" "Mozilla/5.0 zgrab/0.x"
120.202.26.149 - - [23/Apr/2019:10:22:06 +0800] "GET / HTTP/1.1" 301 230 "-" "Mozilla/5.0 (Windows NT 10.0; WOW64) AppleWebKit/537.36 (KHTML, like Gecko) Chrome/73.0.3683.103 Safari/537.36"
120.202.26.149 - - [23/Apr/2019:10:22:16 +0800] "GET / HTTP/1.1" 301 230 "-" "Mozilla/5.0 (Windows NT 10.0; WOW64) AppleWebKit/537.36 (KHTML, like Gecko) Chrome/73.0.3683.103 Safari/537.36"
127.0.0.1 - - [23/Apr/2019:10:22:16 +0800] "OPTIONS * HTTP/1.0" 200 - "-" "Apache/2.4.6 (CentOS) OpenSSL/1.0.2k-fips PHP/5.4.16 (internal dummy connection)"
127.0.0.1 - - [23/Apr/2019:10:22:27 +0800] "OPTIONS * HTTP/1.0" 200 - "-" "Apache/2.4.6 (CentOS) OpenSSL/1.0.2k-fips PHP/5.4.16 (internal dummy connection)"
127.0.0.1 - - [23/Apr/2019:10:22:28 +0800] "OPTIONS * HTTP/1.0" 200 - "-" "Apache/2.4.6 (CentOS) OpenSSL/1.0.2k-fips PHP/5.4.16 (internal dummy connection)"
120.202.26.149 - - [23/Apr/2019:10:22:32 +0800] "GET / HTTP/1.1" 301 230 "-" "Mozilla/5.0 (Windows NT 10.0; WOW64) AppleWebKit/537.36 (KHTML, like Gecko) Chrome/73.0.3683.103 Safari/537.36"
127.0.0.1 - - [23/Apr/2019:10:22:42 +0800] "OPTIONS * HTTP/1.0" 200 - "-" "Apache/2.4.6 (CentOS) OpenSSL/1.0.2k-fips PHP/5.4.16 (internal dummy connection)"
120.202.26.149 - - [23/Apr/2019:10:22:43 +0800] "GET / HTTP/1.1" 200 8024 "-" "Mozilla/5.0 (Windows NT 10.0; WOW64) AppleWebKit/537.36 (KHTML, like Gecko) Chrome/73.0.3683.103 Safari/537.36"
120.202.26.149 - - [23/Apr/2019:10:22:43 +0800] "GET /_nuxt/e6c48fb32487026fbbc0.js HTTP/1.1" 200 1382 "http://www.qsong.fun/" "Mozilla/5.0 (Windows NT 10.0; WOW64) AppleWebKit/537.36 (KHTML, like Gecko) Chrome/73.0.3683.103 Safari/537.36"
120.202.26.149 - - [23/Apr/2019:10:22:43 +0800] "GET /_nuxt/802c1ec572fcd1f86a88.js HTTP/1.1" 200 54660 "http://www.qsong.fun/" "Mozilla/5.0 (Windows NT 10.0; WOW64) AppleWebKit/537.36 (KHTML, like Gecko) Chrome/73.0.3683.103 Safari/537.36"
120.202.26.149 - - [23/Apr/2019:10:22:43 +0800] "GET /css/main.css HTTP/1.1" 200 18706 "http://www.qsong.fun/" "Mozilla/5.0 (Windows NT 10.0; WOW64) AppleWebKit/537.36 (KHTML, like Gecko) Chrome/73.0.3683.103 Safari/537.36"
120.202.26.149 - - [23/Apr/2019:10:22:43 +0800] "GET /css/font-awesome.min.css HTTP/1.1" 200 7046 "http://www.qsong.fun/" "Mozilla/5.0 (Windows NT 10.0; WOW64) AppleWebKit/537.36 (KHTML, like Gecko) Chrome/73.0.3683.103 Safari/537.36"
120.202.26.149 - - [23/Apr/2019:10:22:43 +0800] "GET /_nuxt/d8ef78992dadde3e60da.js HTTP/1.1" 200 13801 "http://www.qsong.fun/" "Mozilla/5.0 (Windows NT 10.0; WOW64) AppleWebKit/537.36 (KHTML, like Gecko) Chrome/73.0.3683.103 Safari/537.36"
120.202.26.149 - - [23/Apr/2019:10:22:43 +0800] "GET /_nuxt/4748737d30725b9874e9.js HTTP/1.1" 200 7221 "http://www.qsong.fun/" "Mozilla/5.0 (Windows NT 10.0; WOW64) AppleWebKit/537.36 (KHTML, like Gecko) Chrome/73.0.3683.103 Safari/537.36"
120.202.26.149 - - [23/Apr/2019:10:22:43 +0800] "GET /css/bootstrap.min.css HTTP/1.1" 200 16330 "http://www.qsong.fun/" "Mozilla/5.0 (Windows NT 10.0; WOW64) AppleWebKit/537.36 (KHTML, like Gecko) Chrome/73.0.3683.103 Safari/537.36"
120.202.26.149 - - [23/Apr/2019:10:22:43 +0800] "GET /js/jquery.min.js HTTP/1.1" 200 33354 "http://www.qsong.fun/" "Mozilla/5.0 (Windows NT 10.0; WOW64) AppleWebKit/537.36 (KHTML, like Gecko) Chrome/73.0.3683.103 Safari/537.36"
120.202.26.149 - - [23/Apr/2019:10:22:43 +0800] "GET /image/logo.png HTTP/1.1" 200 6525 "http://www.qsong.fun/" "Mozilla/5.0 (Windows NT 10.0; WOW64) AppleWebKit/537.36 (KHTML, like Gecko) Chrome/73.0.3683.103 Safari/537.36"
