111.206.198.10 - - [25/Mar/2019:16:19:17 +0800] "GET /article/getArticleList?type=video&ps=1&pn=1&sort=read HTTP/1.1" 200 1024 "http://www.qsong.fun/static/qsong/html/home.html" "Mozilla/5.0 (iPhone; CPU iPhone OS 9_1 like Mac OS X) AppleWebKit/601.1.46 (KHTML, like Gecko) Version/9.0 Mobile/13B143 Safari/601.1 (compatible; Baiduspider-render/2.0; +http://www.baidu.com/search/spider.html)"
111.206.198.75 - - [25/Mar/2019:16:19:17 +0800] "GET /article/getArticleList?type=notice&ps=5&pn=1 HTTP/1.1" 200 1590 "http://www.qsong.fun/static/qsong/html/home.html" "Mozilla/5.0 (iPhone; CPU iPhone OS 9_1 like Mac OS X) AppleWebKit/601.1.46 (KHTML, like Gecko) Version/9.0 Mobile/13B143 Safari/601.1 (compatible; Baiduspider-render/2.0; +http://www.baidu.com/search/spider.html)"
111.206.198.119 - - [25/Mar/2019:16:19:17 +0800] "GET /article/getArticleList?ps=5&pn=1&sort=read HTTP/1.1" 200 4358 "http://www.qsong.fun/static/qsong/html/home.html" "Mozilla/5.0 (iPhone; CPU iPhone OS 9_1 like Mac OS X) AppleWebKit/601.1.46 (KHTML, like Gecko) Version/9.0 Mobile/13B143 Safari/601.1 (compatible; Baiduspider-render/2.0; +http://www.baidu.com/search/spider.html)"
111.206.198.82 - - [25/Mar/2019:16:19:17 +0800] "GET /article/getRandArticle HTTP/1.1" 200 4035 "http://www.qsong.fun/static/qsong/html/home.html" "Mozilla/5.0 (iPhone; CPU iPhone OS 9_1 like Mac OS X) AppleWebKit/601.1.46 (KHTML, like Gecko) Version/9.0 Mobile/13B143 Safari/601.1 (compatible; Baiduspider-render/2.0; +http://www.baidu.com/search/spider.html)"
111.206.198.78 - - [25/Mar/2019:16:19:18 +0800] "GET /article/getArticleList?ps=10&pn=1 HTTP/1.1" 200 8622 "http://www.qsong.fun/static/qsong/html/home.html" "Mozilla/5.0 (iPhone; CPU iPhone OS 9_1 like Mac OS X) AppleWebKit/601.1.46 (KHTML, like Gecko) Version/9.0 Mobile/13B143 Safari/601.1 (compatible; Baiduspider-render/2.0; +http://www.baidu.com/search/spider.html)"
111.206.198.35 - - [25/Mar/2019:16:19:19 +0800] "GET /article/getCountInfo HTTP/1.1" 200 282 "http://www.qsong.fun/static/qsong/html/home.html" "Mozilla/5.0 (iPhone; CPU iPhone OS 9_1 like Mac OS X) AppleWebKit/601.1.46 (KHTML, like Gecko) Version/9.0 Mobile/13B143 Safari/601.1 (compatible; Baiduspider-render/2.0; +http://www.baidu.com/search/spider.html)"
192.0.102.40 - - [25/Mar/2019:16:25:35 +0800] "HEAD / HTTP/1.1" 404 - "-" "jetmon/1.0 (Jetpack Site Uptime Monitor by WordPress.com)"
192.0.102.40 - - [25/Mar/2019:16:32:07 +0800] "HEAD / HTTP/1.1" 404 - "-" "jetmon/1.0 (Jetpack Site Uptime Monitor by WordPress.com)"
192.0.102.40 - - [25/Mar/2019:16:39:00 +0800] "HEAD / HTTP/1.1" 404 - "-" "jetmon/1.0 (Jetpack Site Uptime Monitor by WordPress.com)"
192.0.102.40 - - [25/Mar/2019:16:46:40 +0800] "HEAD / HTTP/1.1" 404 - "-" "jetmon/1.0 (Jetpack Site Uptime Monitor by WordPress.com)"
192.0.102.40 - - [25/Mar/2019:16:53:53 +0800] "HEAD / HTTP/1.1" 404 - "-" "jetmon/1.0 (Jetpack Site Uptime Monitor by WordPress.com)"
179.99.140.58 - - [25/Mar/2019:16:59:03 +0800] "GET / HTTP/1.1" 302 51 "-" "Mozilla/5.0 (Windows NT 10.0; WOW64) AppleWebKit/537.36 (KHTML, like Gecko) Chrome/51.0.2704.103 Safari/537.36"
192.0.102.40 - - [25/Mar/2019:17:01:00 +0800] "HEAD / HTTP/1.1" 404 - "-" "jetmon/1.0 (Jetpack Site Uptime Monitor by WordPress.com)"
120.202.26.149 - - [25/Mar/2019:17:04:09 +0800] "GET / HTTP/1.1" 302 51 "-" "Mozilla/5.0 (Windows NT 10.0; WOW64; rv:65.0) Gecko/20100101 Firefox/65.0"
120.202.26.149 - - [25/Mar/2019:17:04:09 +0800] "GET /static/qsong/html/home.html HTTP/1.1" 200 17961 "-" "Mozilla/5.0 (Windows NT 10.0; WOW64; rv:65.0) Gecko/20100101 Firefox/65.0"
120.202.26.149 - - [25/Mar/2019:17:04:09 +0800] "GET /static/qsong/css/font-awesome.min.css HTTP/1.1" 200 30933 "http://120.24.76.122/static/qsong/html/home.html" "Mozilla/5.0 (Windows NT 10.0; WOW64; rv:65.0) Gecko/20100101 Firefox/65.0"
120.202.26.149 - - [25/Mar/2019:17:04:09 +0800] "GET /static/qsong/css/main.css HTTP/1.1" 200 92675 "http://120.24.76.122/static/qsong/html/home.html" "Mozilla/5.0 (Windows NT 10.0; WOW64; rv:65.0) Gecko/20100101 Firefox/65.0"
120.202.26.149 - - [25/Mar/2019:17:04:09 +0800] "GET /static/qsong/js/vue.min.js HTTP/1.1" 200 86452 "http://120.24.76.122/static/qsong/html/home.html" "Mozilla/5.0 (Windows NT 10.0; WOW64; rv:65.0) Gecko/20100101 Firefox/65.0"
120.202.26.149 - - [25/Mar/2019:17:04:09 +0800] "GET /static/qsong/js/myajax.js HTTP/1.1" 200 8614 "http://120.24.76.122/static/qsong/html/home.html" "Mozilla/5.0 (Windows NT 10.0; WOW64; rv:65.0) Gecko/20100101 Firefox/65.0"
120.202.26.149 - - [25/Mar/2019:17:04:09 +0800] "GET /static/qsong/js/jquery.min.js HTTP/1.1" 200 95992 "http://120.24.76.122/static/qsong/html/home.html" "Mozilla/5.0 (Windows NT 10.0; WOW64; rv:65.0) Gecko/20100101 Firefox/65.0"
120.202.26.149 - - [25/Mar/2019:17:04:09 +0800] "GET /static/qsong/css/bootstrap.min.css HTTP/1.1" 200 100273 "http://120.24.76.122/static/qsong/html/home.html" "Mozilla/5.0 (Windows NT 10.0; WOW64; rv:65.0) Gecko/20100101 Firefox/65.0"
120.202.26.149 - - [25/Mar/2019:17:04:09 +0800] "GET /static/qsong/js/bootstrap.min.js HTTP/1.1" 200 38233 "http://120.24.76.122/static/qsong/html/home.html" "Mozilla/5.0 (Windows NT 10.0; WOW64; rv:65.0) Gecko/20100101 Firefox/65.0"
120.202.26.149 - - [25/Mar/2019:17:04:10 +0800] "GET /static/qsong/js/ias.js HTTP/1.1" 200 6502 "http://120.24.76.122/static/qsong/html/home.html" "Mozilla/5.0 (Windows NT 10.0; WOW64; rv:65.0) Gecko/20100101 Firefox/65.0"
120.202.26.149 - - [25/Mar/2019:17:04:10 +0800] "GET /static/qsong/js/main.js HTTP/1.1" 200 20054 "http://120.24.76.122/static/qsong/html/home.html" "Mozilla/5.0 (Windows NT 10.0; WOW64; rv:65.0) Gecko/20100101 Firefox/65.0"
120.202.26.149 - - [25/Mar/2019:17:04:12 +0800] "GET /static/qsong/img/loading.gif HTTP/1.1" 200 2418 "http://120.24.76.122/static/qsong/html/home.html" "Mozilla/5.0 (Windows NT 10.0; WOW64; rv:65.0) Gecko/20100101 Firefox/65.0"
120.202.26.149 - - [25/Mar/2019:17:04:12 +0800] "GET /static/qsong/img/logo.png HTTP/1.1" 200 6525 "http://120.24.76.122/static/qsong/html/home.html" "Mozilla/5.0 (Windows NT 10.0; WOW64; rv:65.0) Gecko/20100101 Firefox/65.0"
120.202.26.149 - - [25/Mar/2019:17:04:12 +0800] "GET /static/qsong/img/wxqrcode.png HTTP/1.1" 200 40117 "http://120.24.76.122/static/qsong/html/home.html" "Mozilla/5.0 (Windows NT 10.0; WOW64; rv:65.0) Gecko/20100101 Firefox/65.0"
120.202.26.149 - - [25/Mar/2019:17:04:12 +0800] "GET /static/qsong/img/Banner_woniu.jpg HTTP/1.1" 200 55537 "http://120.24.76.122/static/qsong/html/home.html" "Mozilla/5.0 (Windows NT 10.0; WOW64; rv:65.0) Gecko/20100101 Firefox/65.0"
120.202.26.149 - - [25/Mar/2019:17:04:12 +0800] "GET /static/qsong/img/Banner_guangyingshuihua.jpg HTTP/1.1" 200 40592 "http://120.24.76.122/static/qsong/html/home.html" "Mozilla/5.0 (Windows NT 10.0; WOW64; rv:65.0) Gecko/20100101 Firefox/65.0"
120.202.26.149 - - [25/Mar/2019:17:04:12 +0800] "GET /article/getArticleList?ps=5&pn=1&sort=read HTTP/1.1" 200 4358 "http://120.24.76.122/static/qsong/html/home.html" "Mozilla/5.0 (Windows NT 10.0; WOW64; rv:65.0) Gecko/20100101 Firefox/65.0"
120.202.26.149 - - [25/Mar/2019:17:04:12 +0800] "GET /article/getArticleList?type=video&ps=1&pn=1&sort=read HTTP/1.1" 200 1024 "http://120.24.76.122/static/qsong/html/home.html" "Mozilla/5.0 (Windows NT 10.0; WOW64; rv:65.0) Gecko/20100101 Firefox/65.0"
120.202.26.149 - - [25/Mar/2019:17:04:12 +0800] "GET /article/getArticleList?ps=10&pn=1 HTTP/1.1" 200 8622 "http://120.24.76.122/static/qsong/html/home.html" "Mozilla/5.0 (Windows NT 10.0; WOW64; rv:65.0) Gecko/20100101 Firefox/65.0"
120.202.26.149 - - [25/Mar/2019:17:04:12 +0800] "GET /article/getArticleList?type=dz&ps=1&pn=1 HTTP/1.1" 200 1252 "http://120.24.76.122/static/qsong/html/home.html" "Mozilla/5.0 (Windows NT 10.0; WOW64; rv:65.0) Gecko/20100101 Firefox/65.0"
120.202.26.149 - - [25/Mar/2019:17:04:12 +0800] "GET /article/getRandArticle HTTP/1.1" 200 4908 "http://120.24.76.122/static/qsong/html/home.html" "Mozilla/5.0 (Windows NT 10.0; WOW64; rv:65.0) Gecko/20100101 Firefox/65.0"
120.202.26.149 - - [25/Mar/2019:17:04:12 +0800] "GET /article/getArticleList?type=notice&ps=5&pn=1 HTTP/1.1" 200 1590 "http://120.24.76.122/static/qsong/html/home.html" "Mozilla/5.0 (Windows NT 10.0; WOW64; rv:65.0) Gecko/20100101 Firefox/65.0"
120.202.26.149 - - [25/Mar/2019:17:04:12 +0800] "GET /article/getCountInfo HTTP/1.1" 200 282 "http://120.24.76.122/static/qsong/html/home.html" "Mozilla/5.0 (Windows NT 10.0; WOW64; rv:65.0) Gecko/20100101 Firefox/65.0"
120.202.26.149 - - [25/Mar/2019:17:04:12 +0800] "GET /static/qsong/fonts/fontawesome-webfont.woff?v=4.7.0 HTTP/1.1" 200 98024 "http://120.24.76.122/static/qsong/css/font-awesome.min.css" "Mozilla/5.0 (Windows NT 10.0; WOW64; rv:65.0) Gecko/20100101 Firefox/65.0"
120.202.26.149 - - [25/Mar/2019:17:04:12 +0800] "GET /img/9f77d9bff62d54455c56db3fc5e5d05d.jpg HTTP/1.1" 200 39586 "http://120.24.76.122/static/qsong/html/home.html" "Mozilla/5.0 (Windows NT 10.0; WOW64; rv:65.0) Gecko/20100101 Firefox/65.0"
120.202.26.149 - - [25/Mar/2019:17:04:13 +0800] "GET /img/23d099ed578c01b05d19437375e26229.jpg HTTP/1.1" 200 29743 "http://120.24.76.122/static/qsong/html/home.html" "Mozilla/5.0 (Windows NT 10.0; WOW64; rv:65.0) Gecko/20100101 Firefox/65.0"
120.202.26.149 - - [25/Mar/2019:17:04:13 +0800] "GET /img/de5fd9655a1f0ed92e8becd32ed23a8a.jpg HTTP/1.1" 200 33711 "http://120.24.76.122/static/qsong/html/home.html" "Mozilla/5.0 (Windows NT 10.0; WOW64; rv:65.0) Gecko/20100101 Firefox/65.0"
120.202.26.149 - - [25/Mar/2019:17:04:14 +0800] "GET /img/5a880809bd9fe2962f8d362aaa2a3f5e.jpg HTTP/1.1" 200 7010 "http://120.24.76.122/static/qsong/html/home.html" "Mozilla/5.0 (Windows NT 10.0; WOW64; rv:65.0) Gecko/20100101 Firefox/65.0"
120.202.26.149 - - [25/Mar/2019:17:04:14 +0800] "GET /img/9b0f50528b3b61c7ac372ab6c6b17d10.jpg HTTP/1.1" 200 21217 "http://120.24.76.122/static/qsong/html/home.html" "Mozilla/5.0 (Windows NT 10.0; WOW64; rv:65.0) Gecko/20100101 Firefox/65.0"
120.202.26.149 - - [25/Mar/2019:17:04:14 +0800] "GET /img/af6eebd52f8c1d283605ec4782756ad0.jpg HTTP/1.1" 200 33668 "http://120.24.76.122/static/qsong/html/home.html" "Mozilla/5.0 (Windows NT 10.0; WOW64; rv:65.0) Gecko/20100101 Firefox/65.0"
120.202.26.149 - - [25/Mar/2019:17:04:12 +0800] "GET /static/qsong/img/Banner_weimei.jpg HTTP/1.1" 200 165019 "http://120.24.76.122/static/qsong/html/home.html" "Mozilla/5.0 (Windows NT 10.0; WOW64; rv:65.0) Gecko/20100101 Firefox/65.0"
120.202.26.149 - - [25/Mar/2019:17:04:15 +0800] "GET /img/d3da5d9cc075175c86e35f42f5c8eb22.png HTTP/1.1" 200 28219 "http://120.24.76.122/static/qsong/html/home.html" "Mozilla/5.0 (Windows NT 10.0; WOW64; rv:65.0) Gecko/20100101 Firefox/65.0"
120.202.26.149 - - [25/Mar/2019:17:04:15 +0800] "GET /img/3148f189c4b91de9b12faf96b0909b96.jpg HTTP/1.1" 200 46888 "http://120.24.76.122/static/qsong/html/home.html" "Mozilla/5.0 (Windows NT 10.0; WOW64; rv:65.0) Gecko/20100101 Firefox/65.0"
120.202.26.149 - - [25/Mar/2019:17:04:15 +0800] "GET /img/8d8f07d73c40110f2d2ee37304b51d7e.jpeg HTTP/1.1" 200 10397 "http://120.24.76.122/static/qsong/html/home.html" "Mozilla/5.0 (Windows NT 10.0; WOW64; rv:65.0) Gecko/20100101 Firefox/65.0"
120.202.26.149 - - [25/Mar/2019:17:04:15 +0800] "GET /img/5e55ad93394df693d8d1e31b3fd99202.jpg HTTP/1.1" 200 36642 "http://120.24.76.122/static/qsong/html/home.html" "Mozilla/5.0 (Windows NT 10.0; WOW64; rv:65.0) Gecko/20100101 Firefox/65.0"
120.202.26.149 - - [25/Mar/2019:17:04:16 +0800] "GET /img/d2f34652d93d88350c537c43b110e458.jpg HTTP/1.1" 200 43554 "http://120.24.76.122/static/qsong/html/home.html" "Mozilla/5.0 (Windows NT 10.0; WOW64; rv:65.0) Gecko/20100101 Firefox/65.0"
120.202.26.149 - - [25/Mar/2019:17:04:17 +0800] "GET /favicon.ico HTTP/1.1" 200 1150 "-" "Mozilla/5.0 (Windows NT 10.0; WOW64; rv:65.0) Gecko/20100101 Firefox/65.0"
127.0.0.1 - - [25/Mar/2019:17:04:23 +0800] "OPTIONS * HTTP/1.0" 200 - "-" "Apache/2.4.6 (CentOS) OpenSSL/1.0.2k-fips PHP/5.4.16 (internal dummy connection)"
120.202.26.149 - - [25/Mar/2019:17:06:08 +0800] "GET /static/qsong/html/home.html HTTP/1.1" 200 17961 "-" "Mozilla/5.0 (Windows NT 10.0; WOW64; rv:65.0) Gecko/20100101 Firefox/65.0"
120.202.26.149 - - [25/Mar/2019:17:06:08 +0800] "GET /static/qsong/js/bootstrap.min.js HTTP/1.1" 200 38233 "http://120.24.76.122/static/qsong/html/home.html" "Mozilla/5.0 (Windows NT 10.0; WOW64; rv:65.0) Gecko/20100101 Firefox/65.0"
120.202.26.149 - - [25/Mar/2019:17:06:08 +0800] "GET /static/qsong/css/font-awesome.min.css HTTP/1.1" 200 30933 "http://120.24.76.122/static/qsong/html/home.html" "Mozilla/5.0 (Windows NT 10.0; WOW64; rv:65.0) Gecko/20100101 Firefox/65.0"
120.202.26.149 - - [25/Mar/2019:17:06:08 +0800] "GET /static/qsong/css/bootstrap.min.css HTTP/1.1" 200 100273 "http://120.24.76.122/static/qsong/html/home.html" "Mozilla/5.0 (Windows NT 10.0; WOW64; rv:65.0) Gecko/20100101 Firefox/65.0"
120.202.26.149 - - [25/Mar/2019:17:06:08 +0800] "GET /static/qsong/js/vue.min.js HTTP/1.1" 200 86452 "http://120.24.76.122/static/qsong/html/home.html" "Mozilla/5.0 (Windows NT 10.0; WOW64; rv:65.0) Gecko/20100101 Firefox/65.0"
120.202.26.149 - - [25/Mar/2019:17:06:08 +0800] "GET /static/qsong/css/main.css HTTP/1.1" 200 92675 "http://120.24.76.122/static/qsong/html/home.html" "Mozilla/5.0 (Windows NT 10.0; WOW64; rv:65.0) Gecko/20100101 Firefox/65.0"
120.202.26.149 - - [25/Mar/2019:17:06:08 +0800] "GET /static/qsong/js/myajax.js HTTP/1.1" 200 8614 "http://120.24.76.122/static/qsong/html/home.html" "Mozilla/5.0 (Windows NT 10.0; WOW64; rv:65.0) Gecko/20100101 Firefox/65.0"
120.202.26.149 - - [25/Mar/2019:17:06:08 +0800] "GET /static/qsong/js/jquery.min.js HTTP/1.1" 200 95992 "http://120.24.76.122/static/qsong/html/home.html" "Mozilla/5.0 (Windows NT 10.0; WOW64; rv:65.0) Gecko/20100101 Firefox/65.0"
120.202.26.149 - - [25/Mar/2019:17:06:08 +0800] "GET /static/qsong/js/ias.js HTTP/1.1" 200 6502 "http://120.24.76.122/static/qsong/html/home.html" "Mozilla/5.0 (Windows NT 10.0; WOW64; rv:65.0) Gecko/20100101 Firefox/65.0"
120.202.26.149 - - [25/Mar/2019:17:06:09 +0800] "GET /static/qsong/js/main.js HTTP/1.1" 200 20054 "http://120.24.76.122/static/qsong/html/home.html" "Mozilla/5.0 (Windows NT 10.0; WOW64; rv:65.0) Gecko/20100101 Firefox/65.0"
120.202.26.149 - - [25/Mar/2019:17:06:11 +0800] "GET /static/qsong/img/Banner_guangyingshuihua.jpg HTTP/1.1" 200 40592 "http://120.24.76.122/static/qsong/html/home.html" "Mozilla/5.0 (Windows NT 10.0; WOW64; rv:65.0) Gecko/20100101 Firefox/65.0"
120.202.26.149 - - [25/Mar/2019:17:06:11 +0800] "GET /static/qsong/img/logo.png HTTP/1.1" 200 6525 "http://120.24.76.122/static/qsong/html/home.html" "Mozilla/5.0 (Windows NT 10.0; WOW64; rv:65.0) Gecko/20100101 Firefox/65.0"
120.202.26.149 - - [25/Mar/2019:17:06:11 +0800] "GET /static/qsong/img/Banner_woniu.jpg HTTP/1.1" 200 55537 "http://120.24.76.122/static/qsong/html/home.html" "Mozilla/5.0 (Windows NT 10.0; WOW64; rv:65.0) Gecko/20100101 Firefox/65.0"
120.202.26.149 - - [25/Mar/2019:17:06:11 +0800] "GET /static/qsong/img/loading.gif HTTP/1.1" 200 2418 "http://120.24.76.122/static/qsong/html/home.html" "Mozilla/5.0 (Windows NT 10.0; WOW64; rv:65.0) Gecko/20100101 Firefox/65.0"
120.202.26.149 - - [25/Mar/2019:17:06:11 +0800] "GET /static/qsong/img/wxqrcode.png HTTP/1.1" 200 40117 "http://120.24.76.122/static/qsong/html/home.html" "Mozilla/5.0 (Windows NT 10.0; WOW64; rv:65.0) Gecko/20100101 Firefox/65.0"
120.202.26.149 - - [25/Mar/2019:17:06:11 +0800] "GET /article/getArticleList?ps=5&pn=1&sort=read HTTP/1.1" 200 4358 "http://120.24.76.122/static/qsong/html/home.html" "Mozilla/5.0 (Windows NT 10.0; WOW64; rv:65.0) Gecko/20100101 Firefox/65.0"
120.202.26.149 - - [25/Mar/2019:17:06:11 +0800] "GET /article/getArticleList?type=video&ps=1&pn=1&sort=read HTTP/1.1" 200 1024 "http://120.24.76.122/static/qsong/html/home.html" "Mozilla/5.0 (Windows NT 10.0; WOW64; rv:65.0) Gecko/20100101 Firefox/65.0"
120.202.26.149 - - [25/Mar/2019:17:06:11 +0800] "GET /article/getArticleList?ps=10&pn=1 HTTP/1.1" 200 8622 "http://120.24.76.122/static/qsong/html/home.html" "Mozilla/5.0 (Windows NT 10.0; WOW64; rv:65.0) Gecko/20100101 Firefox/65.0"
120.202.26.149 - - [25/Mar/2019:17:06:11 +0800] "GET /article/getArticleList?type=dz&ps=1&pn=1 HTTP/1.1" 200 1252 "http://120.24.76.122/static/qsong/html/home.html" "Mozilla/5.0 (Windows NT 10.0; WOW64; rv:65.0) Gecko/20100101 Firefox/65.0"
120.202.26.149 - - [25/Mar/2019:17:06:11 +0800] "GET /article/getRandArticle HTTP/1.1" 200 4056 "http://120.24.76.122/static/qsong/html/home.html" "Mozilla/5.0 (Windows NT 10.0; WOW64; rv:65.0) Gecko/20100101 Firefox/65.0"
120.202.26.149 - - [25/Mar/2019:17:06:12 +0800] "GET /article/getArticleList?type=notice&ps=5&pn=1 HTTP/1.1" 200 1590 "http://120.24.76.122/static/qsong/html/home.html" "Mozilla/5.0 (Windows NT 10.0; WOW64; rv:65.0) Gecko/20100101 Firefox/65.0"
120.202.26.149 - - [25/Mar/2019:17:06:12 +0800] "GET /article/getCountInfo HTTP/1.1" 200 282 "http://120.24.76.122/static/qsong/html/home.html" "Mozilla/5.0 (Windows NT 10.0; WOW64; rv:65.0) Gecko/20100101 Firefox/65.0"
120.202.26.149 - - [25/Mar/2019:17:06:12 +0800] "GET /static/qsong/fonts/fontawesome-webfont.woff?v=4.7.0 HTTP/1.1" 200 98024 "http://120.24.76.122/static/qsong/css/font-awesome.min.css" "Mozilla/5.0 (Windows NT 10.0; WOW64; rv:65.0) Gecko/20100101 Firefox/65.0"
120.202.26.149 - - [25/Mar/2019:17:06:12 +0800] "GET /img/d3da5d9cc075175c86e35f42f5c8eb22.png HTTP/1.1" 200 28219 "http://120.24.76.122/static/qsong/html/home.html" "Mozilla/5.0 (Windows NT 10.0; WOW64; rv:65.0) Gecko/20100101 Firefox/65.0"
120.202.26.149 - - [25/Mar/2019:17:06:12 +0800] "GET /img/9f77d9bff62d54455c56db3fc5e5d05d.jpg HTTP/1.1" 200 39586 "http://120.24.76.122/static/qsong/html/home.html" "Mozilla/5.0 (Windows NT 10.0; WOW64; rv:65.0) Gecko/20100101 Firefox/65.0"
120.202.26.149 - - [25/Mar/2019:17:06:13 +0800] "GET /img/23d099ed578c01b05d19437375e26229.jpg HTTP/1.1" 200 29743 "http://120.24.76.122/static/qsong/html/home.html" "Mozilla/5.0 (Windows NT 10.0; WOW64; rv:65.0) Gecko/20100101 Firefox/65.0"
120.202.26.149 - - [25/Mar/2019:17:06:13 +0800] "GET /img/de5fd9655a1f0ed92e8becd32ed23a8a.jpg HTTP/1.1" 200 33711 "http://120.24.76.122/static/qsong/html/home.html" "Mozilla/5.0 (Windows NT 10.0; WOW64; rv:65.0) Gecko/20100101 Firefox/65.0"
120.202.26.149 - - [25/Mar/2019:17:06:13 +0800] "GET /img/5a880809bd9fe2962f8d362aaa2a3f5e.jpg HTTP/1.1" 200 7010 "http://120.24.76.122/static/qsong/html/home.html" "Mozilla/5.0 (Windows NT 10.0; WOW64; rv:65.0) Gecko/20100101 Firefox/65.0"
120.202.26.149 - - [25/Mar/2019:17:06:13 +0800] "GET /img/9b0f50528b3b61c7ac372ab6c6b17d10.jpg HTTP/1.1" 200 21217 "http://120.24.76.122/static/qsong/html/home.html" "Mozilla/5.0 (Windows NT 10.0; WOW64; rv:65.0) Gecko/20100101 Firefox/65.0"
120.202.26.149 - - [25/Mar/2019:17:06:14 +0800] "GET /img/af6eebd52f8c1d283605ec4782756ad0.jpg HTTP/1.1" 200 33668 "http://120.24.76.122/static/qsong/html/home.html" "Mozilla/5.0 (Windows NT 10.0; WOW64; rv:65.0) Gecko/20100101 Firefox/65.0"
120.202.26.149 - - [25/Mar/2019:17:06:11 +0800] "GET /static/qsong/img/Banner_weimei.jpg HTTP/1.1" 200 165019 "http://120.24.76.122/static/qsong/html/home.html" "Mozilla/5.0 (Windows NT 10.0; WOW64; rv:65.0) Gecko/20100101 Firefox/65.0"
120.202.26.149 - - [25/Mar/2019:17:06:14 +0800] "GET /img/3148f189c4b91de9b12faf96b0909b96.jpg HTTP/1.1" 200 46888 "http://120.24.76.122/static/qsong/html/home.html" "Mozilla/5.0 (Windows NT 10.0; WOW64; rv:65.0) Gecko/20100101 Firefox/65.0"
120.202.26.149 - - [25/Mar/2019:17:06:15 +0800] "GET /img/8d8f07d73c40110f2d2ee37304b51d7e.jpeg HTTP/1.1" 200 10397 "http://120.24.76.122/static/qsong/html/home.html" "Mozilla/5.0 (Windows NT 10.0; WOW64; rv:65.0) Gecko/20100101 Firefox/65.0"
120.202.26.149 - - [25/Mar/2019:17:06:15 +0800] "GET /img/5e55ad93394df693d8d1e31b3fd99202.jpg HTTP/1.1" 200 36642 "http://120.24.76.122/static/qsong/html/home.html" "Mozilla/5.0 (Windows NT 10.0; WOW64; rv:65.0) Gecko/20100101 Firefox/65.0"
120.202.26.149 - - [25/Mar/2019:17:06:15 +0800] "GET /img/d2f34652d93d88350c537c43b110e458.jpg HTTP/1.1" 200 43554 "http://120.24.76.122/static/qsong/html/home.html" "Mozilla/5.0 (Windows NT 10.0; WOW64; rv:65.0) Gecko/20100101 Firefox/65.0"
120.202.26.149 - - [25/Mar/2019:17:06:16 +0800] "GET /favicon.ico HTTP/1.1" 200 1150 "-" "Mozilla/5.0 (Windows NT 10.0; WOW64; rv:65.0) Gecko/20100101 Firefox/65.0"
127.0.0.1 - - [25/Mar/2019:17:06:22 +0800] "OPTIONS * HTTP/1.0" 200 - "-" "Apache/2.4.6 (CentOS) OpenSSL/1.0.2k-fips PHP/5.4.16 (internal dummy connection)"
192.0.102.40 - - [25/Mar/2019:17:07:39 +0800] "HEAD / HTTP/1.1" 404 - "-" "jetmon/1.0 (Jetpack Site Uptime Monitor by WordPress.com)"
192.0.102.40 - - [25/Mar/2019:17:14:17 +0800] "HEAD / HTTP/1.1" 404 - "-" "jetmon/1.0 (Jetpack Site Uptime Monitor by WordPress.com)"
192.0.102.40 - - [25/Mar/2019:17:20:54 +0800] "HEAD / HTTP/1.1" 404 - "-" "jetmon/1.0 (Jetpack Site Uptime Monitor by WordPress.com)"
192.0.102.40 - - [25/Mar/2019:17:28:48 +0800] "HEAD / HTTP/1.1" 404 - "-" "jetmon/1.0 (Jetpack Site Uptime Monitor by WordPress.com)"
66.249.79.84 - - [25/Mar/2019:17:34:29 +0800] "GET /robots.txt HTTP/1.1" 404 94 "-" "Mozilla/5.0 (compatible; Googlebot/2.1; +http://www.google.com/bot.html)"
66.249.79.84 - - [25/Mar/2019:17:34:29 +0800] "GET /static/qsong/html/videomain.html HTTP/1.1" 200 12815 "-" "Mozilla/5.0 (compatible; Googlebot/2.1; +http://www.google.com/bot.html)"
192.0.102.40 - - [25/Mar/2019:17:35:47 +0800] "HEAD / HTTP/1.1" 404 - "-" "jetmon/1.0 (Jetpack Site Uptime Monitor by WordPress.com)"
192.0.102.40 - - [25/Mar/2019:17:44:15 +0800] "HEAD / HTTP/1.1" 404 - "-" "jetmon/1.0 (Jetpack Site Uptime Monitor by WordPress.com)"
192.0.102.40 - - [25/Mar/2019:17:51:00 +0800] "HEAD / HTTP/1.1" 404 - "-" "jetmon/1.0 (Jetpack Site Uptime Monitor by WordPress.com)"
192.0.102.40 - - [25/Mar/2019:17:57:36 +0800] "HEAD / HTTP/1.1" 404 - "-" "jetmon/1.0 (Jetpack Site Uptime Monitor by WordPress.com)"
192.0.102.40 - - [25/Mar/2019:18:05:17 +0800] "HEAD / HTTP/1.1" 404 - "-" "jetmon/1.0 (Jetpack Site Uptime Monitor by WordPress.com)"
192.0.102.40 - - [25/Mar/2019:18:11:53 +0800] "HEAD / HTTP/1.1" 404 - "-" "jetmon/1.0 (Jetpack Site Uptime Monitor by WordPress.com)"
66.249.79.84 - - [25/Mar/2019:18:14:07 +0800] "GET /article/getArticleDtl?articleId=103&type=gif HTTP/1.1" 200 11266 "http://120.24.76.122/static/qsong/html/gifdetail.html?id=103" "Mozilla/5.0 (Linux; Android 6.0.1; Nexus 5X Build/MMB29P) AppleWebKit/537.36 (KHTML, like Gecko) Chrome/41.0.2272.96 Mobile Safari/537.36 (compatible; Googlebot/2.1; +http://www.google.com/bot.html)"
66.249.79.82 - - [25/Mar/2019:18:14:08 +0800] "GET /static/qsong/js/share.js?cdnversion=430079 HTTP/1.1" 200 17068 "http://120.24.76.122/static/qsong/html/gifdetail.html?id=103" "Mozilla/5.0 (Linux; Android 6.0.1; Nexus 5X Build/MMB29P) AppleWebKit/537.36 (KHTML, like Gecko) Chrome/41.0.2272.96 Mobile Safari/537.36 (compatible; Googlebot/2.1; +http://www.google.com/bot.html)"
192.0.102.40 - - [25/Mar/2019:18:18:31 +0800] "HEAD / HTTP/1.1" 404 - "-" "jetmon/1.0 (Jetpack Site Uptime Monitor by WordPress.com)"
192.0.102.40 - - [25/Mar/2019:18:26:34 +0800] "HEAD / HTTP/1.1" 404 - "-" "jetmon/1.0 (Jetpack Site Uptime Monitor by WordPress.com)"
192.0.102.40 - - [25/Mar/2019:18:32:44 +0800] "HEAD / HTTP/1.1" 404 - "-" "jetmon/1.0 (Jetpack Site Uptime Monitor by WordPress.com)"
192.0.102.40 - - [25/Mar/2019:18:41:52 +0800] "HEAD / HTTP/1.1" 404 - "-" "jetmon/1.0 (Jetpack Site Uptime Monitor by WordPress.com)"
192.0.102.40 - - [25/Mar/2019:18:48:43 +0800] "HEAD / HTTP/1.1" 404 - "-" "jetmon/1.0 (Jetpack Site Uptime Monitor by WordPress.com)"
192.0.102.40 - - [25/Mar/2019:18:55:41 +0800] "HEAD / HTTP/1.1" 404 - "-" "jetmon/1.0 (Jetpack Site Uptime Monitor by WordPress.com)"
157.55.39.134 - - [25/Mar/2019:19:01:16 +0800] "GET /?p=84 HTTP/1.1" 302 51 "-" "Mozilla/5.0 (compatible; bingbot/2.0; +http://www.bing.com/bingbot.htm)"
157.55.39.134 - - [25/Mar/2019:19:01:17 +0800] "GET /static/qsong/html/home.html HTTP/1.1" 200 17961 "-" "Mozilla/5.0 (compatible; bingbot/2.0; +http://www.bing.com/bingbot.htm)"
192.0.102.40 - - [25/Mar/2019:19:03:04 +0800] "HEAD / HTTP/1.1" 404 - "-" "jetmon/1.0 (Jetpack Site Uptime Monitor by WordPress.com)"
192.0.102.40 - - [25/Mar/2019:19:09:54 +0800] "HEAD / HTTP/1.1" 404 - "-" "jetmon/1.0 (Jetpack Site Uptime Monitor by WordPress.com)"
192.0.102.40 - - [25/Mar/2019:19:18:38 +0800] "HEAD / HTTP/1.1" 404 - "-" "jetmon/1.0 (Jetpack Site Uptime Monitor by WordPress.com)"
192.0.102.40 - - [25/Mar/2019:19:25:22 +0800] "HEAD / HTTP/1.1" 404 - "-" "jetmon/1.0 (Jetpack Site Uptime Monitor by WordPress.com)"
192.0.102.40 - - [25/Mar/2019:19:32:20 +0800] "HEAD / HTTP/1.1" 404 - "-" "jetmon/1.0 (Jetpack Site Uptime Monitor by WordPress.com)"
139.162.88.63 - - [25/Mar/2019:19:38:56 +0800] "GET http://clientapi.ipip.net/echo.php?info=1234567890 HTTP/1.1" 404 94 "-" "Go-http-client/1.1"
192.0.102.40 - - [25/Mar/2019:19:39:38 +0800] "HEAD / HTTP/1.1" 404 - "-" "jetmon/1.0 (Jetpack Site Uptime Monitor by WordPress.com)"
192.0.102.40 - - [25/Mar/2019:19:46:24 +0800] "HEAD / HTTP/1.1" 404 - "-" "jetmon/1.0 (Jetpack Site Uptime Monitor by WordPress.com)"
192.0.102.40 - - [25/Mar/2019:19:53:09 +0800] "HEAD / HTTP/1.1" 404 - "-" "jetmon/1.0 (Jetpack Site Uptime Monitor by WordPress.com)"
192.0.102.40 - - [25/Mar/2019:20:00:53 +0800] "HEAD / HTTP/1.1" 404 - "-" "jetmon/1.0 (Jetpack Site Uptime Monitor by WordPress.com)"
201.93.58.115 - - [25/Mar/2019:20:03:23 +0800] "GET / HTTP/1.1" 302 51 "-" "Mozilla/5.0 (Windows NT 10.0; WOW64) AppleWebKit/537.36 (KHTML, like Gecko) Chrome/52.0.2743.116 Safari/537.36"
192.0.102.40 - - [25/Mar/2019:20:07:17 +0800] "HEAD / HTTP/1.1" 404 - "-" "jetmon/1.0 (Jetpack Site Uptime Monitor by WordPress.com)"
192.0.102.40 - - [25/Mar/2019:20:16:11 +0800] "HEAD / HTTP/1.1" 404 - "-" "jetmon/1.0 (Jetpack Site Uptime Monitor by WordPress.com)"
40.77.167.43 - - [25/Mar/2019:20:20:37 +0800] "GET / HTTP/1.1" 302 51 "-" "Mozilla/5.0 (compatible; bingbot/2.0; +http://www.bing.com/bingbot.htm)"
192.0.102.40 - - [25/Mar/2019:20:23:37 +0800] "HEAD / HTTP/1.1" 404 - "-" "jetmon/1.0 (Jetpack Site Uptime Monitor by WordPress.com)"
192.0.102.40 - - [25/Mar/2019:20:29:43 +0800] "HEAD / HTTP/1.1" 404 - "-" "jetmon/1.0 (Jetpack Site Uptime Monitor by WordPress.com)"
192.0.102.40 - - [25/Mar/2019:20:37:15 +0800] "HEAD / HTTP/1.1" 404 - "-" "jetmon/1.0 (Jetpack Site Uptime Monitor by WordPress.com)"
192.0.102.40 - - [25/Mar/2019:20:44:11 +0800] "HEAD / HTTP/1.1" 404 - "-" "jetmon/1.0 (Jetpack Site Uptime Monitor by WordPress.com)"
140.205.127.160 - - [25/Mar/2019:20:52:22 +0800] "GET /static/qsong/html/gifdetail.html?id=93 HTTP/1.1" 200 13930 "-" "Mozilla/5.0 (compatible; Baiduspider/2.0; +http://www.baidu.com/search/spider.html)"
192.0.102.40 - - [25/Mar/2019:20:52:53 +0800] "HEAD / HTTP/1.1" 404 - "-" "jetmon/1.0 (Jetpack Site Uptime Monitor by WordPress.com)"
192.0.102.40 - - [25/Mar/2019:20:59:31 +0800] "HEAD / HTTP/1.1" 404 - "-" "jetmon/1.0 (Jetpack Site Uptime Monitor by WordPress.com)"
35.172.153.142 - - [25/Mar/2019:21:00:28 +0800] "GET /wp/wp-login.php HTTP/1.1" 404 94 "-" "Mozilla/5.0 (X11; Ubuntu; Linux x86_64; rv:62.0) Gecko/20100101 Firefox/62.0"
142.93.240.141 - - [25/Mar/2019:21:05:04 +0800] "GET /wp/wp-login.php HTTP/1.1" 404 94 "-" "Mozilla/5.0 (X11; Ubuntu; Linux x86_64; rv:62.0) Gecko/20100101 Firefox/62.0"
192.0.102.40 - - [25/Mar/2019:21:06:29 +0800] "HEAD / HTTP/1.1" 404 - "-" "jetmon/1.0 (Jetpack Site Uptime Monitor by WordPress.com)"
192.0.102.40 - - [25/Mar/2019:21:14:03 +0800] "HEAD / HTTP/1.1" 404 - "-" "jetmon/1.0 (Jetpack Site Uptime Monitor by WordPress.com)"
192.0.102.40 - - [25/Mar/2019:21:20:33 +0800] "HEAD / HTTP/1.1" 404 - "-" "jetmon/1.0 (Jetpack Site Uptime Monitor by WordPress.com)"
192.0.102.40 - - [25/Mar/2019:21:27:17 +0800] "HEAD / HTTP/1.1" 404 - "-" "jetmon/1.0 (Jetpack Site Uptime Monitor by WordPress.com)"
192.0.102.40 - - [25/Mar/2019:21:35:06 +0800] "HEAD / HTTP/1.1" 404 - "-" "jetmon/1.0 (Jetpack Site Uptime Monitor by WordPress.com)"
40.77.167.43 - - [25/Mar/2019:21:35:36 +0800] "GET /static/qsong/html/music.html HTTP/1.1" 304 - "-" "Mozilla/5.0 (compatible; bingbot/2.0; +http://www.bing.com/bingbot.htm)"
192.0.102.40 - - [25/Mar/2019:21:41:54 +0800] "HEAD / HTTP/1.1" 404 - "-" "jetmon/1.0 (Jetpack Site Uptime Monitor by WordPress.com)"
192.0.102.40 - - [25/Mar/2019:21:48:23 +0800] "HEAD / HTTP/1.1" 404 - "-" "jetmon/1.0 (Jetpack Site Uptime Monitor by WordPress.com)"
223.205.72.133 - - [25/Mar/2019:21:54:04 +0800] "GET / HTTP/1.1" 302 51 "-" "Mozilla/5.0 (Windows NT 10.0; WOW64) AppleWebKit/537.36 (KHTML, like Gecko) Chrome/52.0.2743.116 Safari/537.36"
192.0.102.40 - - [25/Mar/2019:21:55:57 +0800] "HEAD / HTTP/1.1" 404 - "-" "jetmon/1.0 (Jetpack Site Uptime Monitor by WordPress.com)"
221.228.214.32 - - [25/Mar/2019:21:56:15 +0800] "GET /wordpress/wp-login.php HTTP/1.1" 404 94 "-" "Mozilla/5.0 (X11; Ubuntu; Linux x86_64; rv:62.0) Gecko/20100101 Firefox/62.0"
18.222.128.48 - - [25/Mar/2019:22:01:13 +0800] "GET /wordpress/wp-login.php HTTP/1.1" 404 94 "-" "Mozilla/5.0 (X11; Ubuntu; Linux x86_64; rv:62.0) Gecko/20100101 Firefox/62.0"
192.0.102.40 - - [25/Mar/2019:22:02:24 +0800] "HEAD / HTTP/1.1" 404 - "-" "jetmon/1.0 (Jetpack Site Uptime Monitor by WordPress.com)"
192.0.102.40 - - [25/Mar/2019:22:09:40 +0800] "HEAD / HTTP/1.1" 404 - "-" "jetmon/1.0 (Jetpack Site Uptime Monitor by WordPress.com)"
66.249.79.20 - - [25/Mar/2019:22:15:46 +0800] "GET /article/getArticleList?ps=10&pn=1&type=video HTTP/1.1" 200 2900 "http://120.24.76.122/static/qsong/html/videomain.html" "Mozilla/5.0 AppleWebKit/537.36 (KHTML, like Gecko; compatible; Googlebot/2.1; +http://www.google.com/bot.html) Safari/537.36"
192.0.102.40 - - [25/Mar/2019:22:17:03 +0800] "HEAD / HTTP/1.1" 404 - "-" "jetmon/1.0 (Jetpack Site Uptime Monitor by WordPress.com)"
192.0.102.40 - - [25/Mar/2019:22:23:30 +0800] "HEAD / HTTP/1.1" 404 - "-" "jetmon/1.0 (Jetpack Site Uptime Monitor by WordPress.com)"
192.0.102.40 - - [25/Mar/2019:22:30:38 +0800] "HEAD / HTTP/1.1" 404 - "-" "jetmon/1.0 (Jetpack Site Uptime Monitor by WordPress.com)"
192.0.102.40 - - [25/Mar/2019:22:38:07 +0800] "HEAD / HTTP/1.1" 404 - "-" "jetmon/1.0 (Jetpack Site Uptime Monitor by WordPress.com)"
140.205.127.159 - - [25/Mar/2019:22:40:44 +0800] "POST /include/dialog/select_soft_post.php HTTP/1.1" 404 94 "-" "python-requests/2.21.0"
140.205.127.146 - - [25/Mar/2019:22:40:46 +0800] "GET /plus/ozbwfxaezwbagy.php HTTP/1.1" 404 94 "-" "python-requests/2.21.0"
192.0.102.40 - - [25/Mar/2019:22:44:44 +0800] "HEAD / HTTP/1.1" 404 - "-" "jetmon/1.0 (Jetpack Site Uptime Monitor by WordPress.com)"
3.17.218.17 - - [25/Mar/2019:22:49:26 +0800] "GET /wp1/wp-login.php HTTP/1.1" 404 94 "-" "Mozilla/5.0 (X11; Ubuntu; Linux x86_64; rv:62.0) Gecko/20100101 Firefox/62.0"
192.0.102.40 - - [25/Mar/2019:22:51:24 +0800] "HEAD / HTTP/1.1" 404 - "-" "jetmon/1.0 (Jetpack Site Uptime Monitor by WordPress.com)"
52.195.1.72 - - [25/Mar/2019:22:54:36 +0800] "GET /wp1/wp-login.php HTTP/1.1" 404 94 "-" "Mozilla/5.0 (X11; Ubuntu; Linux x86_64; rv:62.0) Gecko/20100101 Firefox/62.0"
192.0.102.40 - - [25/Mar/2019:22:59:02 +0800] "HEAD / HTTP/1.1" 404 - "-" "jetmon/1.0 (Jetpack Site Uptime Monitor by WordPress.com)"
192.0.102.40 - - [25/Mar/2019:23:05:47 +0800] "HEAD / HTTP/1.1" 404 - "-" "jetmon/1.0 (Jetpack Site Uptime Monitor by WordPress.com)"
120.79.217.140 - - [25/Mar/2019:23:09:02 +0800] "GET / HTTP/1.1" 302 51 "-" "Mozilla/5.0 (Linux; Android 4.1.1; Nexus 7 Build/JRO03D))"
120.79.217.140 - - [25/Mar/2019:23:09:02 +0800] "GET /static/qsong/html/home.html HTTP/1.1" 200 17961 "-" "Mozilla/5.0 (Linux; Android 4.1.1; Nexus 7 Build/JRO03D))"
192.0.102.40 - - [25/Mar/2019:23:12:30 +0800] "HEAD / HTTP/1.1" 404 - "-" "jetmon/1.0 (Jetpack Site Uptime Monitor by WordPress.com)"
192.0.102.40 - - [25/Mar/2019:23:20:10 +0800] "HEAD / HTTP/1.1" 404 - "-" "jetmon/1.0 (Jetpack Site Uptime Monitor by WordPress.com)"
192.0.102.40 - - [25/Mar/2019:23:26:37 +0800] "HEAD / HTTP/1.1" 404 - "-" "jetmon/1.0 (Jetpack Site Uptime Monitor by WordPress.com)"
141.98.81.185 - - [25/Mar/2019:23:27:01 +0800] "\x03" 400 226 "-" "-"
192.0.102.40 - - [25/Mar/2019:23:33:37 +0800] "HEAD / HTTP/1.1" 404 - "-" "jetmon/1.0 (Jetpack Site Uptime Monitor by WordPress.com)"
192.0.102.40 - - [25/Mar/2019:23:41:07 +0800] "HEAD / HTTP/1.1" 404 - "-" "jetmon/1.0 (Jetpack Site Uptime Monitor by WordPress.com)"
52.40.244.221 - - [25/Mar/2019:23:45:59 +0800] "GET / HTTP/1.1" 302 51 "-" "Mozilla/5.0 (Macintosh; Intel Mac OS X 10_11_5) AppleWebKit/537.36 (KHTML, like Gecko) Chrome/50.0.2661.102 Safari/537.36"
192.0.102.40 - - [25/Mar/2019:23:47:24 +0800] "HEAD / HTTP/1.1" 404 - "-" "jetmon/1.0 (Jetpack Site Uptime Monitor by WordPress.com)"
138.68.76.89 - - [25/Mar/2019:23:49:14 +0800] "GET /myblog/wp-login.php HTTP/1.1" 404 94 "-" "Mozilla/5.0 (X11; Ubuntu; Linux x86_64; rv:62.0) Gecko/20100101 Firefox/62.0"
128.199.134.25 - - [25/Mar/2019:23:54:30 +0800] "GET /myblog/wp-login.php HTTP/1.1" 404 94 "-" "Mozilla/5.0 (X11; Ubuntu; Linux x86_64; rv:62.0) Gecko/20100101 Firefox/62.0"
192.0.102.40 - - [25/Mar/2019:23:55:04 +0800] "HEAD / HTTP/1.1" 404 - "-" "jetmon/1.0 (Jetpack Site Uptime Monitor by WordPress.com)"
192.0.102.40 - - [26/Mar/2019:00:02:06 +0800] "HEAD / HTTP/1.1" 404 - "-" "jetmon/1.0 (Jetpack Site Uptime Monitor by WordPress.com)"
192.0.102.40 - - [26/Mar/2019:00:08:26 +0800] "HEAD / HTTP/1.1" 404 - "-" "jetmon/1.0 (Jetpack Site Uptime Monitor by WordPress.com)"
192.0.102.40 - - [26/Mar/2019:00:15:34 +0800] "HEAD / HTTP/1.1" 404 - "-" "jetmon/1.0 (Jetpack Site Uptime Monitor by WordPress.com)"
123.125.67.219 - - [26/Mar/2019:00:19:34 +0800] "GET /robots.txt HTTP/1.1" 404 94 "-" "Mozilla/5.0 (Windows NT 10.0; WOW64) AppleWebKit/537.36 (KHTML, like Gecko) Chrome/45.0.2454.93 Safari/537.36"
220.181.108.122 - - [26/Mar/2019:00:19:46 +0800] "GET / HTTP/1.1" 302 51 "-" "Mozilla/5.0 (compatible; Baiduspider/2.0; +http://www.baidu.com/search/spider.html)"
220.181.108.87 - - [26/Mar/2019:00:19:46 +0800] "GET /static/qsong/html/home.html HTTP/1.1" 200 17961 "-" "Mozilla/5.0 (compatible; Baiduspider/2.0; +http://www.baidu.com/search/spider.html)"
111.206.198.7 - - [26/Mar/2019:00:19:54 +0800] "GET /article/getArticleList?type=notice&ps=5&pn=1 HTTP/1.1" 200 1590 "http://www.qsong.fun/static/qsong/html/home.html" "Mozilla/5.0 (compatible; Baiduspider-render/2.0; +http://www.baidu.com/search/spider.html)"
111.206.198.69 - - [26/Mar/2019:00:19:54 +0800] "GET /article/getArticleList?type=dz&ps=1&pn=1 HTTP/1.1" 200 1252 "http://www.qsong.fun/static/qsong/html/home.html" "Mozilla/5.0 (compatible; Baiduspider-render/2.0; +http://www.baidu.com/search/spider.html)"
111.206.198.109 - - [26/Mar/2019:00:19:54 +0800] "GET /article/getArticleList?ps=5&pn=1&sort=read HTTP/1.1" 200 4358 "http://www.qsong.fun/static/qsong/html/home.html" "Mozilla/5.0 (compatible; Baiduspider-render/2.0; +http://www.baidu.com/search/spider.html)"
111.206.221.14 - - [26/Mar/2019:00:19:54 +0800] "GET /article/getArticleList?ps=10&pn=1 HTTP/1.1" 200 8622 "http://www.qsong.fun/static/qsong/html/home.html" "Mozilla/5.0 (compatible; Baiduspider-render/2.0; +http://www.baidu.com/search/spider.html)"
111.206.198.42 - - [26/Mar/2019:00:19:54 +0800] "GET /article/getArticleList?type=video&ps=1&pn=1&sort=read HTTP/1.1" 200 1024 "http://www.qsong.fun/static/qsong/html/home.html" "Mozilla/5.0 (compatible; Baiduspider-render/2.0; +http://www.baidu.com/search/spider.html)"
111.206.198.29 - - [26/Mar/2019:00:19:54 +0800] "GET /article/getRandArticle HTTP/1.1" 200 4060 "http://www.qsong.fun/static/qsong/html/home.html" "Mozilla/5.0 (compatible; Baiduspider-render/2.0; +http://www.baidu.com/search/spider.html)"
111.206.198.26 - - [26/Mar/2019:00:19:54 +0800] "GET /article/getCountInfo HTTP/1.1" 200 282 "http://www.qsong.fun/static/qsong/html/home.html" "Mozilla/5.0 (compatible; Baiduspider-render/2.0; +http://www.baidu.com/search/spider.html)"
111.206.198.91 - - [26/Mar/2019:00:19:56 +0800] "GET /article/getArticleList?ps=5&pn=1&sort=read HTTP/1.1" 200 4358 "http://www.qsong.fun/static/qsong/html/home.html" "Mozilla/5.0 (iPhone; CPU iPhone OS 9_1 like Mac OS X) AppleWebKit/601.1.46 (KHTML, like Gecko) Version/9.0 Mobile/13B143 Safari/601.1 (compatible; Baiduspider-render/2.0; +http://www.baidu.com/search/spider.html)"
111.206.198.71 - - [26/Mar/2019:00:19:56 +0800] "GET /article/getArticleList?type=video&ps=1&pn=1&sort=read HTTP/1.1" 200 1024 "http://www.qsong.fun/static/qsong/html/home.html" "Mozilla/5.0 (iPhone; CPU iPhone OS 9_1 like Mac OS X) AppleWebKit/601.1.46 (KHTML, like Gecko) Version/9.0 Mobile/13B143 Safari/601.1 (compatible; Baiduspider-render/2.0; +http://www.baidu.com/search/spider.html)"
111.206.198.105 - - [26/Mar/2019:00:19:56 +0800] "GET /article/getArticleList?type=dz&ps=1&pn=1 HTTP/1.1" 200 1252 "http://www.qsong.fun/static/qsong/html/home.html" "Mozilla/5.0 (iPhone; CPU iPhone OS 9_1 like Mac OS X) AppleWebKit/601.1.46 (KHTML, like Gecko) Version/9.0 Mobile/13B143 Safari/601.1 (compatible; Baiduspider-render/2.0; +http://www.baidu.com/search/spider.html)"
111.206.221.38 - - [26/Mar/2019:00:19:56 +0800] "GET /article/getRandArticle HTTP/1.1" 200 4818 "http://www.qsong.fun/static/qsong/html/home.html" "Mozilla/5.0 (iPhone; CPU iPhone OS 9_1 like Mac OS X) AppleWebKit/601.1.46 (KHTML, like Gecko) Version/9.0 Mobile/13B143 Safari/601.1 (compatible; Baiduspider-render/2.0; +http://www.baidu.com/search/spider.html)"
111.206.198.28 - - [26/Mar/2019:00:19:56 +0800] "GET /article/getArticleList?ps=10&pn=1 HTTP/1.1" 200 8622 "http://www.qsong.fun/static/qsong/html/home.html" "Mozilla/5.0 (iPhone; CPU iPhone OS 9_1 like Mac OS X) AppleWebKit/601.1.46 (KHTML, like Gecko) Version/9.0 Mobile/13B143 Safari/601.1 (compatible; Baiduspider-render/2.0; +http://www.baidu.com/search/spider.html)"
111.206.221.42 - - [26/Mar/2019:00:19:56 +0800] "GET /article/getArticleList?type=notice&ps=5&pn=1 HTTP/1.1" 200 1590 "http://www.qsong.fun/static/qsong/html/home.html" "Mozilla/5.0 (iPhone; CPU iPhone OS 9_1 like Mac OS X) AppleWebKit/601.1.46 (KHTML, like Gecko) Version/9.0 Mobile/13B143 Safari/601.1 (compatible; Baiduspider-render/2.0; +http://www.baidu.com/search/spider.html)"
111.206.198.88 - - [26/Mar/2019:00:19:56 +0800] "GET /article/getCountInfo HTTP/1.1" 200 282 "http://www.qsong.fun/static/qsong/html/home.html" "Mozilla/5.0 (iPhone; CPU iPhone OS 9_1 like Mac OS X) AppleWebKit/601.1.46 (KHTML, like Gecko) Version/9.0 Mobile/13B143 Safari/601.1 (compatible; Baiduspider-render/2.0; +http://www.baidu.com/search/spider.html)"
192.0.102.40 - - [26/Mar/2019:00:23:37 +0800] "HEAD / HTTP/1.1" 404 - "-" "jetmon/1.0 (Jetpack Site Uptime Monitor by WordPress.com)"
192.0.102.40 - - [26/Mar/2019:00:29:48 +0800] "HEAD / HTTP/1.1" 404 - "-" "jetmon/1.0 (Jetpack Site Uptime Monitor by WordPress.com)"
192.0.102.40 - - [26/Mar/2019:00:36:31 +0800] "HEAD / HTTP/1.1" 404 - "-" "jetmon/1.0 (Jetpack Site Uptime Monitor by WordPress.com)"
192.0.102.40 - - [26/Mar/2019:00:44:17 +0800] "HEAD / HTTP/1.1" 404 - "-" "jetmon/1.0 (Jetpack Site Uptime Monitor by WordPress.com)"
61.147.73.182 - - [26/Mar/2019:00:49:22 +0800] "GET /robots.txt HTTP/1.1" 404 94 "-" "Mozilla/5.0 (compatible; Baiduspider/2.0; +http://www.baidu.com/search/spider.html)"
186.232.16.106 - - [26/Mar/2019:00:50:36 +0800] "GET / HTTP/1.1" 302 51 "-" "Mozilla/5.0 (Windows NT 6.1; WOW64) AppleWebKit/537.36 (KHTML, like Gecko) Chrome/51.0.2704.103 Safari/537.36"
192.0.102.40 - - [26/Mar/2019:00:50:50 +0800] "HEAD / HTTP/1.1" 404 - "-" "jetmon/1.0 (Jetpack Site Uptime Monitor by WordPress.com)"
201.26.149.178 - - [26/Mar/2019:00:51:07 +0800] "GET / HTTP/1.1" 302 51 "-" "Mozilla/5.0 (Windows NT 6.1; WOW64) AppleWebKit/537.36 (KHTML, like Gecko) Chrome/51.0.2704.103 Safari/537.36"
52.57.78.234 - - [26/Mar/2019:00:54:11 +0800] "GET /myforum/wp-login.php HTTP/1.1" 404 94 "-" "Mozilla/5.0 (X11; Ubuntu; Linux x86_64; rv:62.0) Gecko/20100101 Firefox/62.0"
192.0.102.40 - - [26/Mar/2019:00:57:35 +0800] "HEAD / HTTP/1.1" 404 - "-" "jetmon/1.0 (Jetpack Site Uptime Monitor by WordPress.com)"
153.127.250.210 - - [26/Mar/2019:01:00:33 +0800] "GET /myforum/wp-login.php HTTP/1.1" 404 94 "-" "Mozilla/5.0 (X11; Ubuntu; Linux x86_64; rv:62.0) Gecko/20100101 Firefox/62.0"
39.107.14.208 - - [26/Mar/2019:01:02:20 +0800] "GET / HTTP/1.0" 302 51 "-" "-"
192.0.102.40 - - [26/Mar/2019:01:05:09 +0800] "HEAD / HTTP/1.1" 404 - "-" "jetmon/1.0 (Jetpack Site Uptime Monitor by WordPress.com)"
192.0.102.40 - - [26/Mar/2019:01:11:48 +0800] "HEAD / HTTP/1.1" 404 - "-" "jetmon/1.0 (Jetpack Site Uptime Monitor by WordPress.com)"
192.0.102.40 - - [26/Mar/2019:01:18:48 +0800] "HEAD / HTTP/1.1" 404 - "-" "jetmon/1.0 (Jetpack Site Uptime Monitor by WordPress.com)"
192.0.102.40 - - [26/Mar/2019:01:26:14 +0800] "HEAD / HTTP/1.1" 404 - "-" "jetmon/1.0 (Jetpack Site Uptime Monitor by WordPress.com)"
192.0.102.40 - - [26/Mar/2019:01:32:45 +0800] "HEAD / HTTP/1.1" 404 - "-" "jetmon/1.0 (Jetpack Site Uptime Monitor by WordPress.com)"
192.0.102.40 - - [26/Mar/2019:01:40:00 +0800] "HEAD / HTTP/1.1" 404 - "-" "jetmon/1.0 (Jetpack Site Uptime Monitor by WordPress.com)"
192.0.102.40 - - [26/Mar/2019:01:47:14 +0800] "HEAD / HTTP/1.1" 404 - "-" "jetmon/1.0 (Jetpack Site Uptime Monitor by WordPress.com)"
192.0.102.40 - - [26/Mar/2019:01:54:19 +0800] "HEAD / HTTP/1.1" 404 - "-" "jetmon/1.0 (Jetpack Site Uptime Monitor by WordPress.com)"
80.82.70.187 - - [26/Mar/2019:01:56:13 +0800] "GET http://www.baidu.com/cache/global/img/gs.gif HTTP/1.1" 404 94 "-" "Mozilla"
192.0.102.40 - - [26/Mar/2019:02:00:23 +0800] "HEAD / HTTP/1.1" 404 - "-" "jetmon/1.0 (Jetpack Site Uptime Monitor by WordPress.com)"
125.165.54.148 - - [26/Mar/2019:02:04:49 +0800] "GET / HTTP/1.1" 302 51 "-" "Mozilla/5.0 (Windows NT 10.0; WOW64) AppleWebKit/537.36 (KHTML, like Gecko) Chrome/51.0.2704.103 Safari/537.36"
174.138.92.136 - - [26/Mar/2019:02:07:07 +0800] "GET /teststite/wp-login.php HTTP/1.1" 404 94 "-" "Mozilla/5.0 (X11; Ubuntu; Linux x86_64; rv:62.0) Gecko/20100101 Firefox/62.0"
192.0.102.40 - - [26/Mar/2019:02:08:16 +0800] "HEAD / HTTP/1.1" 404 - "-" "jetmon/1.0 (Jetpack Site Uptime Monitor by WordPress.com)"
182.254.186.102 - - [26/Mar/2019:02:14:19 +0800] "GET /teststite/wp-login.php HTTP/1.1" 404 94 "-" "Mozilla/5.0 (X11; Ubuntu; Linux x86_64; rv:62.0) Gecko/20100101 Firefox/62.0"
192.0.102.40 - - [26/Mar/2019:02:14:43 +0800] "HEAD / HTTP/1.1" 404 - "-" "jetmon/1.0 (Jetpack Site Uptime Monitor by WordPress.com)"
192.0.102.40 - - [26/Mar/2019:02:21:38 +0800] "HEAD / HTTP/1.1" 404 - "-" "jetmon/1.0 (Jetpack Site Uptime Monitor by WordPress.com)"
192.0.102.40 - - [26/Mar/2019:02:29:10 +0800] "HEAD / HTTP/1.1" 404 - "-" "jetmon/1.0 (Jetpack Site Uptime Monitor by WordPress.com)"
47.92.89.183 - - [26/Mar/2019:02:31:46 +0800] "GET /l.php HTTP/1.1" 404 94 "http://120.24.76.122/l.php" "Mozilla/5.0 (compatible; MSIE 9.0; Windows NT 6.1; Win64; x64; Trident/5.0)"
47.92.89.183 - - [26/Mar/2019:02:31:48 +0800] "GET /l.php HTTP/1.1" 404 94 "http://120.24.76.122/l.php" "Mozilla/5.0 (compatible; MSIE 9.0; Windows NT 6.1; Win64; x64; Trident/5.0)"
192.0.102.40 - - [26/Mar/2019:02:35:48 +0800] "HEAD / HTTP/1.1" 404 - "-" "jetmon/1.0 (Jetpack Site Uptime Monitor by WordPress.com)"
192.0.102.40 - - [26/Mar/2019:02:42:30 +0800] "HEAD / HTTP/1.1" 404 - "-" "jetmon/1.0 (Jetpack Site Uptime Monitor by WordPress.com)"
192.0.102.40 - - [26/Mar/2019:02:50:10 +0800] "HEAD / HTTP/1.1" 404 - "-" "jetmon/1.0 (Jetpack Site Uptime Monitor by WordPress.com)"
192.0.102.40 - - [26/Mar/2019:02:56:36 +0800] "HEAD / HTTP/1.1" 404 - "-" "jetmon/1.0 (Jetpack Site Uptime Monitor by WordPress.com)"
197.167.66.29 - - [26/Mar/2019:02:59:45 +0800] "GET / HTTP/1.1" 302 51 "-" "Mozilla/5.0 (Windows NT 6.1; WOW64) AppleWebKit/537.36 (KHTML, like Gecko) Chrome/52.0.2743.116 Safari/537.36"
71.6.146.185 - - [26/Mar/2019:03:03:06 +0800] "GET / HTTP/1.1" 302 51 "-" "Mozilla/5.0 (Windows NT 6.1) AppleWebKit/537.36 (KHTML, like Gecko) Chrome/41.0.2228.0 Safari/537.36"
71.6.146.185 - - [26/Mar/2019:03:03:06 +0800] "GET /static/qsong/html/home.html HTTP/1.1" 200 17961 "-" "Mozilla/5.0 (Windows NT 6.1) AppleWebKit/537.36 (KHTML, like Gecko) Chrome/41.0.2228.0 Safari/537.36"
71.6.146.185 - - [26/Mar/2019:03:03:07 +0800] "GET /robots.txt HTTP/1.1" 404 94 "-" "-"
71.6.146.185 - - [26/Mar/2019:03:03:08 +0800] "GET /sitemap.xml HTTP/1.1" 404 94 "-" "-"
71.6.146.185 - - [26/Mar/2019:03:03:08 +0800] "GET /.well-known/security.txt HTTP/1.1" 404 94 "-" "-"
71.6.146.185 - - [26/Mar/2019:03:03:09 +0800] "GET /favicon.ico HTTP/1.1" 200 1150 "-" "python-requests/2.10.0"
192.0.102.40 - - [26/Mar/2019:03:03:10 +0800] "HEAD / HTTP/1.1" 404 - "-" "jetmon/1.0 (Jetpack Site Uptime Monitor by WordPress.com)"
192.0.102.40 - - [26/Mar/2019:03:11:05 +0800] "HEAD / HTTP/1.1" 404 - "-" "jetmon/1.0 (Jetpack Site Uptime Monitor by WordPress.com)"
192.0.102.40 - - [26/Mar/2019:03:17:52 +0800] "HEAD / HTTP/1.1" 404 - "-" "jetmon/1.0 (Jetpack Site Uptime Monitor by WordPress.com)"
192.0.102.40 - - [26/Mar/2019:03:24:27 +0800] "HEAD / HTTP/1.1" 404 - "-" "jetmon/1.0 (Jetpack Site Uptime Monitor by WordPress.com)"
173.212.197.167 - - [26/Mar/2019:03:28:47 +0800] "GET /testblog/wp-login.php HTTP/1.1" 404 94 "-" "Mozilla/5.0 (X11; Ubuntu; Linux x86_64; rv:62.0) Gecko/20100101 Firefox/62.0"
192.0.102.40 - - [26/Mar/2019:03:32:11 +0800] "HEAD / HTTP/1.1" 404 - "-" "jetmon/1.0 (Jetpack Site Uptime Monitor by WordPress.com)"
134.209.124.239 - - [26/Mar/2019:03:36:13 +0800] "GET /testblog/wp-login.php HTTP/1.1" 404 94 "-" "Mozilla/5.0 (X11; Ubuntu; Linux x86_64; rv:62.0) Gecko/20100101 Firefox/62.0"
192.0.102.40 - - [26/Mar/2019:03:38:44 +0800] "HEAD / HTTP/1.1" 404 - "-" "jetmon/1.0 (Jetpack Site Uptime Monitor by WordPress.com)"
192.0.102.40 - - [26/Mar/2019:03:45:23 +0800] "HEAD / HTTP/1.1" 404 - "-" "jetmon/1.0 (Jetpack Site Uptime Monitor by WordPress.com)"
192.0.102.40 - - [26/Mar/2019:03:53:14 +0800] "HEAD / HTTP/1.1" 404 - "-" "jetmon/1.0 (Jetpack Site Uptime Monitor by WordPress.com)"
192.0.102.40 - - [26/Mar/2019:03:59:46 +0800] "HEAD / HTTP/1.1" 404 - "-" "jetmon/1.0 (Jetpack Site Uptime Monitor by WordPress.com)"
192.0.102.40 - - [26/Mar/2019:04:06:25 +0800] "HEAD / HTTP/1.1" 404 - "-" "jetmon/1.0 (Jetpack Site Uptime Monitor by WordPress.com)"
192.0.102.40 - - [26/Mar/2019:04:14:16 +0800] "HEAD / HTTP/1.1" 404 - "-" "jetmon/1.0 (Jetpack Site Uptime Monitor by WordPress.com)"
192.0.102.40 - - [26/Mar/2019:04:20:49 +0800] "HEAD / HTTP/1.1" 404 - "-" "jetmon/1.0 (Jetpack Site Uptime Monitor by WordPress.com)"
192.0.102.40 - - [26/Mar/2019:04:27:36 +0800] "HEAD / HTTP/1.1" 404 - "-" "jetmon/1.0 (Jetpack Site Uptime Monitor by WordPress.com)"
192.0.102.40 - - [26/Mar/2019:04:35:08 +0800] "HEAD / HTTP/1.1" 404 - "-" "jetmon/1.0 (Jetpack Site Uptime Monitor by WordPress.com)"
192.0.102.40 - - [26/Mar/2019:04:41:46 +0800] "HEAD / HTTP/1.1" 404 - "-" "jetmon/1.0 (Jetpack Site Uptime Monitor by WordPress.com)"
66.249.79.22 - - [26/Mar/2019:04:47:36 +0800] "GET /rmmucgsi.html HTTP/1.1" 404 94 "-" "Mozilla/5.0 (compatible; Googlebot/2.1; +http://www.google.com/bot.html)"
192.0.102.40 - - [26/Mar/2019:04:48:49 +0800] "HEAD / HTTP/1.1" 404 - "-" "jetmon/1.0 (Jetpack Site Uptime Monitor by WordPress.com)"
192.0.102.40 - - [26/Mar/2019:04:56:16 +0800] "HEAD / HTTP/1.1" 404 - "-" "jetmon/1.0 (Jetpack Site Uptime Monitor by WordPress.com)"
18.188.161.239 - - [26/Mar/2019:04:58:48 +0800] "GET /forum/wp-login.php HTTP/1.1" 404 94 "-" "Mozilla/5.0 (X11; Ubuntu; Linux x86_64; rv:62.0) Gecko/20100101 Firefox/62.0"
192.0.102.40 - - [26/Mar/2019:05:02:47 +0800] "HEAD / HTTP/1.1" 404 - "-" "jetmon/1.0 (Jetpack Site Uptime Monitor by WordPress.com)"
178.128.25.34 - - [26/Mar/2019:05:07:29 +0800] "GET /forum/wp-login.php HTTP/1.1" 404 94 "-" "Mozilla/5.0 (X11; Ubuntu; Linux x86_64; rv:62.0) Gecko/20100101 Firefox/62.0"
192.0.102.40 - - [26/Mar/2019:05:10:07 +0800] "HEAD / HTTP/1.1" 404 - "-" "jetmon/1.0 (Jetpack Site Uptime Monitor by WordPress.com)"
139.162.119.197 - - [26/Mar/2019:05:11:30 +0800] "GET / HTTP/1.1" 302 51 "-" "HTTP Banner Detection (https://security.ipip.net)"
192.0.102.40 - - [26/Mar/2019:05:17:17 +0800] "HEAD / HTTP/1.1" 404 - "-" "jetmon/1.0 (Jetpack Site Uptime Monitor by WordPress.com)"
189.18.7.183 - - [26/Mar/2019:05:22:03 +0800] "GET / HTTP/1.1" 302 51 "-" "Mozilla/5.0 (Windows NT 10.0; WOW64) AppleWebKit/537.36 (KHTML, like Gecko) Chrome/51.0.2704.103 Safari/537.36"
192.0.102.40 - - [26/Mar/2019:05:23:56 +0800] "HEAD / HTTP/1.1" 404 - "-" "jetmon/1.0 (Jetpack Site Uptime Monitor by WordPress.com)"
192.0.102.40 - - [26/Mar/2019:05:30:56 +0800] "HEAD / HTTP/1.1" 404 - "-" "jetmon/1.0 (Jetpack Site Uptime Monitor by WordPress.com)"
201.43.20.253 - - [26/Mar/2019:05:34:08 +0800] "GET / HTTP/1.1" 302 51 "-" "Mozilla/5.0 (Windows NT 10.0; WOW64) AppleWebKit/537.36 (KHTML, like Gecko) Chrome/52.0.2743.116 Safari/537.36"
192.0.102.40 - - [26/Mar/2019:05:38:16 +0800] "HEAD / HTTP/1.1" 404 - "-" "jetmon/1.0 (Jetpack Site Uptime Monitor by WordPress.com)"
61.147.73.198 - - [26/Mar/2019:05:44:35 +0800] "GET /static/qsong/html/home.html HTTP/1.1" 304 - "-" "Mozilla/4.0 (compatible; MSIE 6.0; Windows NT 5.2; .NET CLR 1.1.4322)"
192.0.102.40 - - [26/Mar/2019:05:44:50 +0800] "HEAD / HTTP/1.1" 404 - "-" "jetmon/1.0 (Jetpack Site Uptime Monitor by WordPress.com)"
192.0.102.40 - - [26/Mar/2019:05:51:38 +0800] "HEAD / HTTP/1.1" 404 - "-" "jetmon/1.0 (Jetpack Site Uptime Monitor by WordPress.com)"
192.0.102.40 - - [26/Mar/2019:05:59:15 +0800] "HEAD / HTTP/1.1" 404 - "-" "jetmon/1.0 (Jetpack Site Uptime Monitor by WordPress.com)"
192.0.102.40 - - [26/Mar/2019:06:06:02 +0800] "HEAD / HTTP/1.1" 404 - "-" "jetmon/1.0 (Jetpack Site Uptime Monitor by WordPress.com)"
