140.205.127.164 - - [28/Mar/2019:10:36:09 +0800] "GET /image/loading.gif HTTP/1.1" 200 2418
140.205.127.167 - - [28/Mar/2019:10:36:10 +0800] "GET /image/wxapp.jpg HTTP/1.1" 200 75999
140.205.127.136 - - [28/Mar/2019:10:36:11 +0800] "GET /image/wxqrcode.png HTTP/1.1" 200 40117
140.205.127.166 - - [28/Mar/2019:10:36:11 +0800] "GET /fonts/fontawesome-webfont.woff?v=4.7.0 HTTP/1.1" 200 98024
140.205.127.174 - - [28/Mar/2019:10:36:12 +0800] "GET /favicon.ico HTTP/1.1" 200 1925
101.200.101.214 - - [28/Mar/2019:10:36:17 +0800] "GET /jokes/detail/image/wxqrcode.png HTTP/1.1" 404 43
101.200.101.203 - - [28/Mar/2019:10:36:17 +0800] "GET /jokes/detail/image/logo.png HTTP/1.1" 404 43
101.200.101.208 - - [28/Mar/2019:10:36:17 +0800] "GET /_nuxt/cb17b66b57111134840e.js HTTP/1.1" 200 4844
101.200.101.212 - - [28/Mar/2019:10:36:17 +0800] "GET /css/share.css HTTP/1.1" 200 484
140.205.127.171 - - [28/Mar/2019:10:36:17 +0800] "GET /css/main.css HTTP/1.1" 200 18617
140.205.127.158 - - [28/Mar/2019:10:36:17 +0800] "GET /css/bootstrap.min.css HTTP/1.1" 200 16330
140.205.127.137 - - [28/Mar/2019:10:36:17 +0800] "GET /js/jquery.min.js HTTP/1.1" 200 33354
140.205.127.169 - - [28/Mar/2019:10:36:17 +0800] "GET /css/font-awesome.min.css HTTP/1.1" 200 7046
140.205.127.158 - - [28/Mar/2019:10:36:17 +0800] "GET /js/bootstrap.min.js HTTP/1.1" 200 9551
140.205.127.165 - - [28/Mar/2019:10:36:17 +0800] "GET /js/ias.js HTTP/1.1" 200 2185
101.200.101.209 - - [28/Mar/2019:10:36:17 +0800] "GET /js/main.js HTTP/1.1" 200 6125
140.205.127.129 - - [28/Mar/2019:10:36:18 +0800] "GET /image/share.png HTTP/1.1" 200 6932
101.200.101.212 - - [28/Mar/2019:10:36:18 +0800] "GET /js/share.js?cdnversion=431593 HTTP/1.1" 200 6240
140.205.127.166 - - [28/Mar/2019:10:36:18 +0800] "GET /fonts/fontawesome-webfont.woff?v=4.7.0 HTTP/1.1" 200 98024
101.200.101.203 - - [28/Mar/2019:10:36:18 +0800] "GET /_nuxt/3982503e082d29dee5ce.js HTTP/1.1" 200 5525
140.205.127.145 - - [28/Mar/2019:10:36:19 +0800] "GET /api/js/share/share_api.js?v=226108fe.js HTTP/1.1" 200 484
101.200.101.215 - - [28/Mar/2019:10:36:19 +0800] "GET /api/js/view/share_view.js?v=3ae6026d.js HTTP/1.1" 200 895
140.205.127.145 - - [28/Mar/2019:10:36:20 +0800] "GET /api/js/view/view_base.js HTTP/1.1" 200 728
140.205.127.173 - - [28/Mar/2019:10:36:20 +0800] "GET /api/js/share/api_base.js HTTP/1.1" 200 580
140.205.127.160 - - [28/Mar/2019:10:36:20 +0800] "GET /api/js/base/tangram.js?v=37768233.js HTTP/1.1" 200 36079
101.200.101.208 - - [28/Mar/2019:10:36:20 +0800] "GET /api/js/component/partners.js?v=911c4302.js HTTP/1.1" 200 821
140.205.127.149 - - [28/Mar/2019:10:36:20 +0800] "GET /css/share.css HTTP/1.1" 200 484
140.205.127.134 - - [28/Mar/2019:10:36:23 +0800] "GET /api/js/trans/logger.js?v=d16ec0e3.js HTTP/1.1" 200 20
140.205.127.174 - - [28/Mar/2019:10:36:28 +0800] "GET /favicon.ico HTTP/1.1" 200 1925
101.200.101.216 - - [28/Mar/2019:10:36:31 +0800] "GET /css/bootstrap.min.css HTTP/1.1" 200 16330
101.200.101.206 - - [28/Mar/2019:10:36:31 +0800] "GET /css/main.css HTTP/1.1" 200 18617
101.200.101.217 - - [28/Mar/2019:10:36:31 +0800] "GET /js/jquery.min.js HTTP/1.1" 200 33354
140.205.127.158 - - [28/Mar/2019:10:36:31 +0800] "GET /js/bootstrap.min.js HTTP/1.1" 200 9551
140.205.127.169 - - [28/Mar/2019:10:36:31 +0800] "GET /css/font-awesome.min.css HTTP/1.1" 200 7046
101.200.101.208 - - [28/Mar/2019:10:36:31 +0800] "GET /image/logo.png HTTP/1.1" 200 6525
140.205.127.165 - - [28/Mar/2019:10:36:31 +0800] "GET /js/ias.js HTTP/1.1" 200 2185
140.205.127.164 - - [28/Mar/2019:10:36:31 +0800] "GET /image/loading.gif HTTP/1.1" 200 2418
140.205.127.175 - - [28/Mar/2019:10:36:31 +0800] "GET /js/main.js HTTP/1.1" 200 6125
140.205.127.136 - - [28/Mar/2019:10:36:31 +0800] "GET /image/wxqrcode.png HTTP/1.1" 200 40117
140.205.127.167 - - [28/Mar/2019:10:36:31 +0800] "GET /image/wxapp.jpg HTTP/1.1" 200 75999
140.205.127.166 - - [28/Mar/2019:10:36:31 +0800] "GET /fonts/fontawesome-webfont.woff?v=4.7.0 HTTP/1.1" 200 98024
140.205.127.174 - - [28/Mar/2019:10:36:32 +0800] "GET /favicon.ico HTTP/1.1" 200 1925
140.205.127.139 - - [28/Mar/2019:10:36:33 +0800] "GET /picture/detail/68 HTTP/1.1" 200 5106
140.205.127.158 - - [28/Mar/2019:10:36:33 +0800] "GET /css/bootstrap.min.css HTTP/1.1" 200 16330
140.205.127.139 - - [28/Mar/2019:10:36:33 +0800] "GET /js/baguetteBox.min.js HTTP/1.1" 200 3273
101.200.101.208 - - [28/Mar/2019:10:36:33 +0800] "GET /image/logo.png HTTP/1.1" 200 6525
140.205.127.171 - - [28/Mar/2019:10:36:34 +0800] "GET /css/main.css HTTP/1.1" 200 18617
101.200.101.205 - - [28/Mar/2019:10:36:35 +0800] "GET /css/gallery-grid.css HTTP/1.1" 200 453
101.200.101.203 - - [28/Mar/2019:10:36:35 +0800] "GET /css/font-awesome.min.css HTTP/1.1" 200 7046
140.205.127.158 - - [28/Mar/2019:10:36:35 +0800] "GET /js/bootstrap.min.js HTTP/1.1" 200 9551
140.205.127.149 - - [28/Mar/2019:10:36:35 +0800] "GET /css/share.css HTTP/1.1" 200 484
101.200.101.209 - - [28/Mar/2019:10:36:35 +0800] "GET /js/main.js HTTP/1.1" 200 6125
101.200.101.204 - - [28/Mar/2019:10:36:36 +0800] "GET /image/wxqrcode.png HTTP/1.1" 200 40117
140.205.127.137 - - [28/Mar/2019:10:36:36 +0800] "GET /js/jquery.min.js HTTP/1.1" 200 33354
101.200.101.214 - - [28/Mar/2019:10:36:36 +0800] "GET /js/ias.js HTTP/1.1" 200 2185
101.200.101.204 - - [28/Mar/2019:10:36:36 +0800] "GET /css/baguetteBox.min.css HTTP/1.1" 200 1000
140.205.127.163 - - [28/Mar/2019:10:36:35 +0800] "GET /img/af125c57ac96d7a56e4ae94a6d8cea25.jpg HTTP/1.1" 200 273596
101.200.101.210 - - [28/Mar/2019:10:36:40 +0800] "GET /image/share.png HTTP/1.1" 200 6932
101.200.101.212 - - [28/Mar/2019:10:36:40 +0800] "GET /js/share.js?cdnversion=431593 HTTP/1.1" 200 6240
101.200.101.212 - - [28/Mar/2019:10:36:40 +0800] "GET /api/js/share/share_api.js?v=226108fe.js HTTP/1.1" 200 484
101.200.101.215 - - [28/Mar/2019:10:36:40 +0800] "GET /api/js/view/share_view.js?v=3ae6026d.js HTTP/1.1" 200 895
140.205.127.173 - - [28/Mar/2019:10:36:40 +0800] "GET /api/js/share/api_base.js HTTP/1.1" 200 580
101.200.101.202 - - [28/Mar/2019:10:36:41 +0800] "GET /api/js/base/tangram.js?v=37768233.js HTTP/1.1" 200 36079
101.200.101.211 - - [28/Mar/2019:10:36:41 +0800] "GET /api/js/view/view_base.js HTTP/1.1" 200 728
101.200.101.212 - - [28/Mar/2019:10:36:41 +0800] "GET /css/share.css HTTP/1.1" 200 484
140.205.127.153 - - [28/Mar/2019:10:36:33 +0800] "GET /img/ffd54750fbeb525cdc64b6cde42fca36.jpg HTTP/1.1" 200 452298
101.200.101.208 - - [28/Mar/2019:10:36:41 +0800] "GET /api/js/component/partners.js?v=911c4302.js HTTP/1.1" 200 821
140.205.127.134 - - [28/Mar/2019:10:36:33 +0800] "GET /img/4667c2b272a3593a1fd31832f9946905.jpg HTTP/1.1" 200 284504
101.200.101.211 - - [28/Mar/2019:10:36:43 +0800] "GET /api/js/trans/logger.js?v=d16ec0e3.js HTTP/1.1" 200 20
140.205.127.156 - - [28/Mar/2019:10:36:33 +0800] "GET /img/254c81b99bae5d3ce314f79cba787e35.jpg HTTP/1.1" 200 260389
140.205.127.135 - - [28/Mar/2019:10:36:38 +0800] "GET /img/5cc41f536922a93596588e75e41e67ba.jpg HTTP/1.1" 200 161213
101.200.101.208 - - [28/Mar/2019:10:36:40 +0800] "GET /fonts/fontawesome-webfont.woff?v=4.7.0 HTTP/1.1" 200 98024
140.205.127.164 - - [28/Mar/2019:10:36:33 +0800] "GET /img/bef1cdd551343d9c548e45a683c71a3e.jpg HTTP/1.1" 200 515315
101.200.101.215 - - [28/Mar/2019:10:36:34 +0800] "GET /img/0240659deb58871d55766a9cfe823f96.jpg HTTP/1.1" 200 335716
140.205.127.163 - - [28/Mar/2019:10:36:33 +0800] "GET /img/defaeb4ab4637e20c5cc1f7ad6a98f3c.jpg HTTP/1.1" 200 440491
101.200.101.216 - - [28/Mar/2019:10:36:57 +0800] "GET /gif HTTP/1.1" 200 6153
140.205.127.138 - - [28/Mar/2019:10:36:57 +0800] "GET /_nuxt/3fb5f7e85e4225ae6a1c.js HTTP/1.1" 200 4769
101.200.101.216 - - [28/Mar/2019:10:36:57 +0800] "GET /image/wxapp.jpg HTTP/1.1" 200 75999
101.200.101.203 - - [28/Mar/2019:10:36:57 +0800] "GET /css/font-awesome.min.css HTTP/1.1" 200 7046
101.200.101.217 - - [28/Mar/2019:10:36:57 +0800] "GET /js/jquery.min.js HTTP/1.1" 200 33354
101.200.101.209 - - [28/Mar/2019:10:36:57 +0800] "GET /js/main.js HTTP/1.1" 200 6125
140.205.127.158 - - [28/Mar/2019:10:36:57 +0800] "GET /css/bootstrap.min.css HTTP/1.1" 200 16330
140.205.127.158 - - [28/Mar/2019:10:36:57 +0800] "GET /js/bootstrap.min.js HTTP/1.1" 200 9551
101.200.101.204 - - [28/Mar/2019:10:36:57 +0800] "GET /image/wxqrcode.png HTTP/1.1" 200 40117
140.205.127.164 - - [28/Mar/2019:10:36:57 +0800] "GET /image/loading.gif HTTP/1.1" 200 2418
101.200.101.208 - - [28/Mar/2019:10:36:57 +0800] "GET /image/logo.png HTTP/1.1" 200 6525
140.205.127.165 - - [28/Mar/2019:10:36:57 +0800] "GET /js/ias.js HTTP/1.1" 200 2185
140.205.127.171 - - [28/Mar/2019:10:36:57 +0800] "GET /css/main.css HTTP/1.1" 200 18617
101.200.101.208 - - [28/Mar/2019:10:36:58 +0800] "GET /fonts/fontawesome-webfont.woff?v=4.7.0 HTTP/1.1" 200 98024
140.205.127.174 - - [28/Mar/2019:10:36:59 +0800] "GET /favicon.ico HTTP/1.1" 200 1925
101.200.101.202 - - [28/Mar/2019:10:37:00 +0800] "GET /gif/detail/127 HTTP/1.1" 200 6983
140.205.127.158 - - [28/Mar/2019:10:37:00 +0800] "GET /css/bootstrap.min.css HTTP/1.1" 200 16330
140.205.127.142 - - [28/Mar/2019:10:37:00 +0800] "GET /_nuxt/53e9cc4a72a8b4866b60.js HTTP/1.1" 200 5799
101.200.101.208 - - [28/Mar/2019:10:37:00 +0800] "GET /image/logo.png HTTP/1.1" 200 6525
101.200.101.204 - - [28/Mar/2019:10:37:00 +0800] "GET /image/wxqrcode.png HTTP/1.1" 200 40117
140.205.127.169 - - [28/Mar/2019:10:37:00 +0800] "GET /css/font-awesome.min.css HTTP/1.1" 200 7046
101.200.101.209 - - [28/Mar/2019:10:37:00 +0800] "GET /js/main.js HTTP/1.1" 200 6125
140.205.127.149 - - [28/Mar/2019:10:37:00 +0800] "GET /css/gallery-clean.css HTTP/1.1" 200 406
101.200.101.206 - - [28/Mar/2019:10:37:00 +0800] "GET /css/main.css HTTP/1.1" 200 18617
101.200.101.214 - - [28/Mar/2019:10:37:00 +0800] "GET /js/ias.js HTTP/1.1" 200 2185
101.200.101.201 - - [28/Mar/2019:10:37:00 +0800] "GET /js/bootstrap.min.js HTTP/1.1" 200 9551
140.205.127.137 - - [28/Mar/2019:10:37:00 +0800] "GET /js/jquery.min.js HTTP/1.1" 200 33354
140.205.127.143 - - [28/Mar/2019:10:37:00 +0800] "GET /css/baguetteBox.min.css HTTP/1.1" 200 1000
140.205.127.149 - - [28/Mar/2019:10:37:01 +0800] "GET /css/share.css HTTP/1.1" 200 484
101.200.101.208 - - [28/Mar/2019:10:37:01 +0800] "GET /fonts/fontawesome-webfont.woff?v=4.7.0 HTTP/1.1" 200 98024
140.205.127.129 - - [28/Mar/2019:10:37:01 +0800] "GET /image/share.png HTTP/1.1" 200 6932
101.200.101.212 - - [28/Mar/2019:10:37:02 +0800] "GET /js/share.js?cdnversion=431593 HTTP/1.1" 200 6240
140.205.127.145 - - [28/Mar/2019:10:37:02 +0800] "GET /api/js/share/share_api.js?v=226108fe.js HTTP/1.1" 200 484
140.205.127.160 - - [28/Mar/2019:10:37:03 +0800] "GET /api/js/view/share_view.js?v=3ae6026d.js HTTP/1.1" 200 895
101.200.101.202 - - [28/Mar/2019:10:37:04 +0800] "GET /api/js/base/tangram.js?v=37768233.js HTTP/1.1" 200 36079
101.200.101.211 - - [28/Mar/2019:10:37:04 +0800] "GET /api/js/view/view_base.js HTTP/1.1" 200 728
101.200.101.215 - - [28/Mar/2019:10:37:04 +0800] "GET /api/js/share/api_base.js HTTP/1.1" 200 580
101.200.101.217 - - [28/Mar/2019:10:37:05 +0800] "GET /video HTTP/1.1" 200 5525
140.205.127.149 - - [28/Mar/2019:10:37:05 +0800] "GET /css/share.css HTTP/1.1" 200 484
140.205.127.134 - - [28/Mar/2019:10:37:05 +0800] "GET /api/js/trans/logger.js?v=d16ec0e3.js HTTP/1.1" 200 20
140.205.127.135 - - [28/Mar/2019:10:37:06 +0800] "GET /api/js/component/partners.js?v=911c4302.js HTTP/1.1" 200 821
101.200.101.217 - - [28/Mar/2019:10:37:06 +0800] "GET /js/jquery.min.js HTTP/1.1" 200 33354
140.205.127.171 - - [28/Mar/2019:10:37:06 +0800] "GET /css/main.css HTTP/1.1" 200 18617
140.205.127.158 - - [28/Mar/2019:10:37:06 +0800] "GET /css/bootstrap.min.css HTTP/1.1" 200 16330
140.205.127.169 - - [28/Mar/2019:10:37:06 +0800] "GET /css/font-awesome.min.css HTTP/1.1" 200 7046
140.205.127.141 - - [28/Mar/2019:10:37:06 +0800] "GET /_nuxt/27cc3c8bbf2db90bd742.js HTTP/1.1" 200 4752
101.200.101.215 - - [28/Mar/2019:10:37:06 +0800] "GET /image/loading.gif HTTP/1.1" 200 2418
140.205.127.158 - - [28/Mar/2019:10:37:06 +0800] "GET /js/bootstrap.min.js HTTP/1.1" 200 9551
140.205.127.170 - - [28/Mar/2019:10:37:06 +0800] "GET /img/d5ed90209cf82ad6bfb30b9cc8540136.png HTTP/1.1" 200 29638
101.200.101.204 - - [28/Mar/2019:10:37:06 +0800] "GET /image/wxqrcode.png HTTP/1.1" 200 40117
140.205.127.163 - - [28/Mar/2019:10:37:06 +0800] "GET /image/logo.png HTTP/1.1" 200 6525
101.200.101.214 - - [28/Mar/2019:10:37:06 +0800] "GET /js/ias.js HTTP/1.1" 200 2185
140.205.127.175 - - [28/Mar/2019:10:37:06 +0800] "GET /js/main.js HTTP/1.1" 200 6125
140.205.127.167 - - [28/Mar/2019:10:37:07 +0800] "GET /image/wxapp.jpg HTTP/1.1" 200 75999
140.205.127.138 - - [28/Mar/2019:10:37:06 +0800] "GET /img/3bc0b6acc3d14918ae925b14f746d144.png HTTP/1.1" 200 80757
140.205.127.166 - - [28/Mar/2019:10:37:09 +0800] "GET /fonts/fontawesome-webfont.woff?v=4.7.0 HTTP/1.1" 200 98024
101.200.101.211 - - [28/Mar/2019:10:37:10 +0800] "GET /video/detail/73 HTTP/1.1" 200 4759
140.205.127.171 - - [28/Mar/2019:10:37:10 +0800] "GET /css/main.css HTTP/1.1" 200 18617
140.205.127.175 - - [28/Mar/2019:10:37:10 +0800] "GET /js/main.js HTTP/1.1" 200 6125
101.200.101.217 - - [28/Mar/2019:10:37:10 +0800] "GET /js/jquery.min.js HTTP/1.1" 200 33354
140.205.127.137 - - [28/Mar/2019:10:37:11 +0800] "GET /_nuxt/797bdd9b06607d10402f.js HTTP/1.1" 200 4815
101.200.101.214 - - [28/Mar/2019:10:37:11 +0800] "GET /js/ias.js HTTP/1.1" 200 2185
101.200.101.208 - - [28/Mar/2019:10:37:11 +0800] "GET /image/logo.png HTTP/1.1" 200 6525
101.200.101.201 - - [28/Mar/2019:10:37:11 +0800] "GET /js/bootstrap.min.js HTTP/1.1" 200 9551
101.200.101.216 - - [28/Mar/2019:10:37:11 +0800] "GET /css/bootstrap.min.css HTTP/1.1" 200 16330
140.205.127.149 - - [28/Mar/2019:10:37:11 +0800] "GET /css/share.css HTTP/1.1" 200 484
140.205.127.136 - - [28/Mar/2019:10:37:11 +0800] "GET /image/wxqrcode.png HTTP/1.1" 200 40117
101.200.101.203 - - [28/Mar/2019:10:37:11 +0800] "GET /css/font-awesome.min.css HTTP/1.1" 200 7046
101.200.101.210 - - [28/Mar/2019:10:37:11 +0800] "GET /image/share.png HTTP/1.1" 200 6932
140.205.127.133 - - [28/Mar/2019:10:37:11 +0800] "GET /js/share.js?cdnversion=431593 HTTP/1.1" 200 6240
101.200.101.208 - - [28/Mar/2019:10:37:11 +0800] "GET /fonts/fontawesome-webfont.woff?v=4.7.0 HTTP/1.1" 200 98024
101.200.101.212 - - [28/Mar/2019:10:37:12 +0800] "GET /api/js/share/share_api.js?v=226108fe.js HTTP/1.1" 200 484
140.205.127.160 - - [28/Mar/2019:10:37:12 +0800] "GET /api/js/view/share_view.js?v=3ae6026d.js HTTP/1.1" 200 895
140.205.127.160 - - [28/Mar/2019:10:37:12 +0800] "GET /api/js/base/tangram.js?v=37768233.js HTTP/1.1" 200 36079
140.205.127.145 - - [28/Mar/2019:10:37:12 +0800] "GET /api/js/view/view_base.js HTTP/1.1" 200 728
140.205.127.173 - - [28/Mar/2019:10:37:12 +0800] "GET /api/js/share/api_base.js HTTP/1.1" 200 580
101.200.101.208 - - [28/Mar/2019:10:37:12 +0800] "GET /api/js/component/partners.js?v=911c4302.js HTTP/1.1" 200 821
101.200.101.206 - - [28/Mar/2019:10:37:14 +0800] "GET /favicon.ico HTTP/1.1" 200 1925
140.205.127.171 - - [28/Mar/2019:10:37:14 +0800] "GET /css/main.css HTTP/1.1" 200 18617
140.205.127.137 - - [28/Mar/2019:10:37:14 +0800] "GET /js/jquery.min.js HTTP/1.1" 200 33354
101.200.101.214 - - [28/Mar/2019:10:37:14 +0800] "GET /image/Banner_guangyingshuihua.jpg HTTP/1.1" 200 40592
101.200.101.201 - - [28/Mar/2019:10:37:14 +0800] "GET /js/bootstrap.min.js HTTP/1.1" 200 9551
140.205.127.158 - - [28/Mar/2019:10:37:15 +0800] "GET /css/bootstrap.min.css HTTP/1.1" 200 16330
140.205.127.169 - - [28/Mar/2019:10:37:15 +0800] "GET /css/font-awesome.min.css HTTP/1.1" 200 7046
101.200.101.213 - - [28/Mar/2019:10:37:15 +0800] "GET /image/Banner_woniu.jpg HTTP/1.1" 200 55537
140.205.127.163 - - [28/Mar/2019:10:37:15 +0800] "GET /image/logo.png HTTP/1.1" 200 6525
140.205.127.165 - - [28/Mar/2019:10:37:15 +0800] "GET /js/ias.js HTTP/1.1" 200 2185
101.200.101.215 - - [28/Mar/2019:10:37:15 +0800] "GET /image/loading.gif HTTP/1.1" 200 2418
101.200.101.204 - - [28/Mar/2019:10:37:15 +0800] "GET /image/wxqrcode.png HTTP/1.1" 200 40117
101.200.101.209 - - [28/Mar/2019:10:37:15 +0800] "GET /js/main.js HTTP/1.1" 200 6125
140.205.127.167 - - [28/Mar/2019:10:37:15 +0800] "GET /image/wxapp.jpg HTTP/1.1" 200 75999
140.205.127.166 - - [28/Mar/2019:10:37:16 +0800] "GET /fonts/fontawesome-webfont.woff?v=4.7.0 HTTP/1.1" 200 98024
140.205.127.147 - - [28/Mar/2019:10:37:15 +0800] "GET /image/Banner_weimei.jpg HTTP/1.1" 200 165019
101.200.101.206 - - [28/Mar/2019:10:37:18 +0800] "GET /favicon.ico HTTP/1.1" 200 1925
140.205.127.153 - - [28/Mar/2019:10:37:23 +0800] "GET /picture HTTP/1.1" 200 6412
140.205.127.158 - - [28/Mar/2019:10:37:23 +0800] "GET /css/bootstrap.min.css HTTP/1.1" 200 16330
140.205.127.169 - - [28/Mar/2019:10:37:23 +0800] "GET /css/font-awesome.min.css HTTP/1.1" 200 7046
140.205.127.130 - - [28/Mar/2019:10:37:23 +0800] "GET /_nuxt/f19b83b6dad7bf66c55b.js HTTP/1.1" 200 4788
140.205.127.171 - - [28/Mar/2019:10:37:23 +0800] "GET /css/main.css HTTP/1.1" 200 18617
140.205.127.137 - - [28/Mar/2019:10:37:23 +0800] "GET /js/jquery.min.js HTTP/1.1" 200 33354
140.205.127.143 - - [28/Mar/2019:10:37:23 +0800] "GET /img/121c2207b91a85824a86d49a801f5a0d.jpg HTTP/1.1" 200 74721
140.205.127.175 - - [28/Mar/2019:10:37:23 +0800] "GET /js/main.js HTTP/1.1" 200 6125
140.205.127.142 - - [28/Mar/2019:10:37:23 +0800] "GET /img/67ba55c318961d71cfd7f8a775b7191b.jpeg HTTP/1.1" 200 50197
140.205.127.158 - - [28/Mar/2019:10:37:23 +0800] "GET /js/bootstrap.min.js HTTP/1.1" 200 9551
140.205.127.165 - - [28/Mar/2019:10:37:23 +0800] "GET /js/ias.js HTTP/1.1" 200 2185
140.205.127.161 - - [28/Mar/2019:10:37:23 +0800] "GET /img/9785f7c0967122d0fb61ae5567793b30.jpg HTTP/1.1" 200 31271
140.205.127.164 - - [28/Mar/2019:10:37:24 +0800] "GET /image/loading.gif HTTP/1.1" 200 2418
140.205.127.167 - - [28/Mar/2019:10:37:24 +0800] "GET /image/wxapp.jpg HTTP/1.1" 200 75999
140.205.127.163 - - [28/Mar/2019:10:37:25 +0800] "GET /image/logo.png HTTP/1.1" 200 6525
140.205.127.158 - - [28/Mar/2019:10:37:24 +0800] "GET /picture/detail/107 HTTP/1.1" 200 4717
140.205.127.158 - - [28/Mar/2019:10:37:25 +0800] "GET /css/bootstrap.min.css HTTP/1.1" 200 16330
140.205.127.171 - - [28/Mar/2019:10:37:25 +0800] "GET /css/main.css HTTP/1.1" 200 18617
140.205.127.137 - - [28/Mar/2019:10:37:25 +0800] "GET /js/jquery.min.js HTTP/1.1" 200 33354
140.205.127.158 - - [28/Mar/2019:10:37:25 +0800] "GET /js/bootstrap.min.js HTTP/1.1" 200 9551
140.205.127.175 - - [28/Mar/2019:10:37:25 +0800] "GET /js/main.js HTTP/1.1" 200 6125
140.205.127.167 - - [28/Mar/2019:10:37:25 +0800] "GET /css/gallery-grid.css HTTP/1.1" 200 453
140.205.127.165 - - [28/Mar/2019:10:37:25 +0800] "GET /js/ias.js HTTP/1.1" 200 2185
140.205.127.169 - - [28/Mar/2019:10:37:25 +0800] "GET /css/font-awesome.min.css HTTP/1.1" 200 7046
140.205.127.136 - - [28/Mar/2019:10:37:26 +0800] "GET /image/wxqrcode.png HTTP/1.1" 200 40117
140.205.127.148 - - [28/Mar/2019:10:37:26 +0800] "GET /img/8b0cb5cbe494cfdf49f11ffa11621043.jpeg HTTP/1.1" 200 77312
140.205.127.143 - - [28/Mar/2019:10:37:26 +0800] "GET /css/baguetteBox.min.css HTTP/1.1" 200 1000
140.205.127.160 - - [28/Mar/2019:10:37:26 +0800] "GET /img/9b4e7866b2ec814487bc5087592e8db3.jpeg HTTP/1.1" 200 108447
140.205.127.149 - - [28/Mar/2019:10:37:27 +0800] "GET /css/share.css HTTP/1.1" 200 484
140.205.127.139 - - [28/Mar/2019:10:37:27 +0800] "GET /js/baguetteBox.min.js HTTP/1.1" 200 3273
140.205.127.129 - - [28/Mar/2019:10:37:27 +0800] "GET /_nuxt/d473f8da90209a7056c4.js HTTP/1.1" 200 4917
140.205.127.163 - - [28/Mar/2019:10:37:28 +0800] "GET /image/logo.png HTTP/1.1" 200 6525
140.205.127.136 - - [28/Mar/2019:10:37:28 +0800] "GET /image/wxqrcode.png HTTP/1.1" 200 40117
140.205.127.129 - - [28/Mar/2019:10:37:28 +0800] "GET /image/share.png HTTP/1.1" 200 6932
140.205.127.133 - - [28/Mar/2019:10:37:28 +0800] "GET /js/share.js?cdnversion=431593 HTTP/1.1" 200 6240
140.205.127.160 - - [28/Mar/2019:10:37:29 +0800] "GET /api/js/view/share_view.js?v=3ae6026d.js HTTP/1.1" 200 895
140.205.127.160 - - [28/Mar/2019:10:37:29 +0800] "GET /api/js/base/tangram.js?v=37768233.js HTTP/1.1" 200 36079
140.205.127.145 - - [28/Mar/2019:10:37:29 +0800] "GET /api/js/share/share_api.js?v=226108fe.js HTTP/1.1" 200 484
140.205.127.142 - - [28/Mar/2019:10:37:23 +0800] "GET /img/95a7811216fe110b0632239a93375d4f.jpeg HTTP/1.1" 200 212619
140.205.127.173 - - [28/Mar/2019:10:37:29 +0800] "GET /api/js/share/api_base.js HTTP/1.1" 200 580
140.205.127.145 - - [28/Mar/2019:10:37:29 +0800] "GET /api/js/view/view_base.js HTTP/1.1" 200 728
140.205.127.173 - - [28/Mar/2019:10:37:27 +0800] "GET /img/a744a6d58761df154992ef787b2008b5.jpeg HTTP/1.1" 200 191470
140.205.127.149 - - [28/Mar/2019:10:37:31 +0800] "GET /css/share.css HTTP/1.1" 200 484
140.205.127.135 - - [28/Mar/2019:10:37:31 +0800] "GET /api/js/component/partners.js?v=911c4302.js HTTP/1.1" 200 821
140.205.127.134 - - [28/Mar/2019:10:37:32 +0800] "GET /api/js/trans/logger.js?v=d16ec0e3.js HTTP/1.1" 200 20
140.205.127.171 - - [28/Mar/2019:10:38:09 +0800] "GET /css/main.css HTTP/1.1" 200 18617
140.205.127.136 - - [28/Mar/2019:10:38:09 +0800] "GET /image/wxqrcode.png HTTP/1.1" 200 40117
140.205.127.163 - - [28/Mar/2019:10:38:09 +0800] "GET /image/logo.png HTTP/1.1" 200 6525
140.205.127.158 - - [28/Mar/2019:10:38:09 +0800] "GET /css/bootstrap.min.css HTTP/1.1" 200 16330
140.205.127.169 - - [28/Mar/2019:10:38:09 +0800] "GET /css/font-awesome.min.css HTTP/1.1" 200 7046
140.205.127.137 - - [28/Mar/2019:10:38:09 +0800] "GET /js/jquery.min.js HTTP/1.1" 200 33354
140.205.127.165 - - [28/Mar/2019:10:38:09 +0800] "GET /js/ias.js HTTP/1.1" 200 2185
140.205.127.175 - - [28/Mar/2019:10:38:09 +0800] "GET /js/main.js HTTP/1.1" 200 6125
140.205.127.158 - - [28/Mar/2019:10:38:09 +0800] "GET /js/bootstrap.min.js HTTP/1.1" 200 9551
140.205.127.164 - - [28/Mar/2019:10:38:09 +0800] "GET /image/loading.gif HTTP/1.1" 200 2418
140.205.127.167 - - [28/Mar/2019:10:38:10 +0800] "GET /image/wxapp.jpg HTTP/1.1" 200 75999
140.205.127.166 - - [28/Mar/2019:10:38:11 +0800] "GET /fonts/fontawesome-webfont.woff?v=4.7.0 HTTP/1.1" 200 98024
140.205.127.129 - - [28/Mar/2019:10:38:11 +0800] "GET /video HTTP/1.1" 200 17528
140.205.127.169 - - [28/Mar/2019:10:38:11 +0800] "GET /gif/detail/127 HTTP/1.1" 200 6867
140.205.127.158 - - [28/Mar/2019:10:38:12 +0800] "GET /css/bootstrap.min.css HTTP/1.1" 200 16330
140.205.127.171 - - [28/Mar/2019:10:38:12 +0800] "GET /css/main.css HTTP/1.1" 200 18617
140.205.127.169 - - [28/Mar/2019:10:38:12 +0800] "GET /css/font-awesome.min.css HTTP/1.1" 200 7046
140.205.127.137 - - [28/Mar/2019:10:38:12 +0800] "GET /js/jquery.min.js HTTP/1.1" 200 33354
140.205.127.158 - - [28/Mar/2019:10:38:12 +0800] "GET /js/bootstrap.min.js HTTP/1.1" 200 9551
140.205.127.175 - - [28/Mar/2019:10:38:12 +0800] "GET /js/main.js HTTP/1.1" 200 6125
140.205.127.165 - - [28/Mar/2019:10:38:12 +0800] "GET /js/ias.js HTTP/1.1" 200 2185
140.205.127.149 - - [28/Mar/2019:10:38:12 +0800] "GET /css/share.css HTTP/1.1" 200 484
140.205.127.142 - - [28/Mar/2019:10:38:12 +0800] "GET /_nuxt/53e9cc4a72a8b4866b60.js HTTP/1.1" 200 5799
140.205.127.149 - - [28/Mar/2019:10:38:12 +0800] "GET /css/gallery-clean.css HTTP/1.1" 200 406
140.205.127.137 - - [28/Mar/2019:10:38:12 +0800] "GET /js/jquery.min.js HTTP/1.1" 200 95997
140.205.127.143 - - [28/Mar/2019:10:38:12 +0800] "GET /css/baguetteBox.min.css HTTP/1.1" 200 1000
140.205.127.163 - - [28/Mar/2019:10:38:13 +0800] "GET /image/logo.png HTTP/1.1" 200 6525
140.205.127.136 - - [28/Mar/2019:10:38:13 +0800] "GET /image/wxqrcode.png HTTP/1.1" 200 40117
140.205.127.129 - - [28/Mar/2019:10:38:13 +0800] "GET /image/share.png HTTP/1.1" 200 6932
140.205.127.133 - - [28/Mar/2019:10:38:13 +0800] "GET /js/share.js?cdnversion=431593 HTTP/1.1" 200 6240
140.205.127.160 - - [28/Mar/2019:10:38:13 +0800] "GET /api/js/view/share_view.js?v=3ae6026d.js HTTP/1.1" 200 895
140.205.127.145 - - [28/Mar/2019:10:38:13 +0800] "GET /api/js/share/share_api.js?v=226108fe.js HTTP/1.1" 200 484
140.205.127.145 - - [28/Mar/2019:10:38:13 +0800] "GET /api/js/view/view_base.js HTTP/1.1" 200 728
140.205.127.160 - - [28/Mar/2019:10:38:13 +0800] "GET /api/js/base/tangram.js?v=37768233.js HTTP/1.1" 200 36079
140.205.127.173 - - [28/Mar/2019:10:38:14 +0800] "GET /api/js/share/api_base.js HTTP/1.1" 200 580
140.205.127.135 - - [28/Mar/2019:10:38:14 +0800] "GET /api/js/component/partners.js?v=911c4302.js HTTP/1.1" 200 821
140.205.127.149 - - [28/Mar/2019:10:38:15 +0800] "GET /css/gallery-clean.css HTTP/1.1" 200 406
140.205.127.158 - - [28/Mar/2019:10:38:15 +0800] "GET /css/bootstrap.min.css HTTP/1.1" 200 16330
140.205.127.134 - - [28/Mar/2019:10:38:16 +0800] "GET /api/js/trans/logger.js?v=d16ec0e3.js HTTP/1.1" 200 20
140.205.127.158 - - [28/Mar/2019:10:38:17 +0800] "GET /js/bootstrap.min.js HTTP/1.1" 200 39163
140.205.127.174 - - [28/Mar/2019:10:38:17 +0800] "GET /favicon.ico HTTP/1.1" 200 1925
140.205.127.165 - - [28/Mar/2019:10:38:18 +0800] "GET /js/ias.js HTTP/1.1" 200 6740
140.205.127.175 - - [28/Mar/2019:10:38:19 +0800] "GET /js/main.js HTTP/1.1" 200 21107
140.205.127.141 - - [28/Mar/2019:10:38:20 +0800] "GET /_nuxt/27cc3c8bbf2db90bd742.js HTTP/1.1" 200 16008
140.205.127.138 - - [28/Mar/2019:10:39:10 +0800] "GET /jokes HTTP/1.1" 200 8571
140.205.127.169 - - [28/Mar/2019:10:39:10 +0800] "GET /css/font-awesome.min.css HTTP/1.1" 200 7046
140.205.127.158 - - [28/Mar/2019:10:39:10 +0800] "GET /js/bootstrap.min.js HTTP/1.1" 200 9551
140.205.127.137 - - [28/Mar/2019:10:39:10 +0800] "GET /js/jquery.min.js HTTP/1.1" 200 33354
140.205.127.150 - - [28/Mar/2019:10:39:10 +0800] "GET /_nuxt/2f1a16537f135002491d.js HTTP/1.1" 200 4678
140.205.127.158 - - [28/Mar/2019:10:39:10 +0800] "GET /css/bootstrap.min.css HTTP/1.1" 200 16330
140.205.127.167 - - [28/Mar/2019:10:39:11 +0800] "GET /image/wxapp.jpg HTTP/1.1" 200 75999
140.205.127.175 - - [28/Mar/2019:10:39:11 +0800] "GET /js/main.js HTTP/1.1" 200 6125
140.205.127.165 - - [28/Mar/2019:10:39:11 +0800] "GET /js/ias.js HTTP/1.1" 200 2185
140.205.127.171 - - [28/Mar/2019:10:39:11 +0800] "GET /css/main.css HTTP/1.1" 200 18617
140.205.127.164 - - [28/Mar/2019:10:39:11 +0800] "GET /image/loading.gif HTTP/1.1" 200 2418
140.205.127.163 - - [28/Mar/2019:10:39:12 +0800] "GET /image/logo.png HTTP/1.1" 200 6525
140.205.127.136 - - [28/Mar/2019:10:39:12 +0800] "GET /image/wxqrcode.png HTTP/1.1" 200 40117
140.205.127.171 - - [28/Mar/2019:10:39:31 +0800] "GET /css/main.css HTTP/1.1" 200 18617
140.205.127.169 - - [28/Mar/2019:10:39:31 +0800] "GET /css/font-awesome.min.css HTTP/1.1" 200 7046
140.205.127.175 - - [28/Mar/2019:10:39:31 +0800] "GET /js/main.js HTTP/1.1" 200 6125
140.205.127.158 - - [28/Mar/2019:10:39:31 +0800] "GET /js/bootstrap.min.js HTTP/1.1" 200 9551
140.205.127.137 - - [28/Mar/2019:10:39:31 +0800] "GET /_nuxt/3636155fa519c8c1a4bd.js HTTP/1.1" 200 1368
140.205.127.165 - - [28/Mar/2019:10:39:31 +0800] "GET /js/ias.js HTTP/1.1" 200 2185
140.205.127.137 - - [28/Mar/2019:10:39:31 +0800] "GET /js/jquery.min.js HTTP/1.1" 200 33354
140.205.127.144 - - [28/Mar/2019:10:39:31 +0800] "GET /_nuxt/638fa380b36dc3e26333.js HTTP/1.1" 200 13764
140.205.127.158 - - [28/Mar/2019:10:39:31 +0800] "GET /css/bootstrap.min.css HTTP/1.1" 200 16330
140.205.127.164 - - [28/Mar/2019:10:39:32 +0800] "GET /image/loading.gif HTTP/1.1" 200 2418
140.205.127.167 - - [28/Mar/2019:10:39:32 +0800] "GET /image/wxapp.jpg HTTP/1.1" 200 75999
140.205.127.136 - - [28/Mar/2019:10:39:33 +0800] "GET /image/wxqrcode.png HTTP/1.1" 200 40117
140.205.127.163 - - [28/Mar/2019:10:39:33 +0800] "GET /image/logo.png HTTP/1.1" 200 6525
140.205.127.171 - - [28/Mar/2019:10:39:41 +0800] "GET /css/main.css HTTP/1.1" 200 18617
140.205.127.175 - - [28/Mar/2019:10:39:41 +0800] "GET /js/main.js HTTP/1.1" 200 6125
140.205.127.137 - - [28/Mar/2019:10:39:41 +0800] "GET /js/jquery.min.js HTTP/1.1" 200 33354
140.205.127.165 - - [28/Mar/2019:10:39:41 +0800] "GET /js/ias.js HTTP/1.1" 200 2185
140.205.127.158 - - [28/Mar/2019:10:39:41 +0800] "GET /js/bootstrap.min.js HTTP/1.1" 200 9551
140.205.127.158 - - [28/Mar/2019:10:39:41 +0800] "GET /css/bootstrap.min.css HTTP/1.1" 200 16330
140.205.127.169 - - [28/Mar/2019:10:39:42 +0800] "GET /css/font-awesome.min.css HTTP/1.1" 200 7046
140.205.127.164 - - [28/Mar/2019:10:39:42 +0800] "GET /image/loading.gif HTTP/1.1" 200 2418
140.205.127.167 - - [28/Mar/2019:10:39:42 +0800] "GET /image/wxapp.jpg HTTP/1.1" 200 75999
140.205.127.163 - - [28/Mar/2019:10:39:42 +0800] "GET /image/logo.png HTTP/1.1" 200 6525
140.205.127.136 - - [28/Mar/2019:10:39:42 +0800] "GET /image/wxqrcode.png HTTP/1.1" 200 40117
140.205.127.171 - - [28/Mar/2019:10:39:44 +0800] "GET /css/main.css HTTP/1.1" 200 18617
140.205.127.158 - - [28/Mar/2019:10:39:44 +0800] "GET /css/bootstrap.min.css HTTP/1.1" 200 16330
140.205.127.169 - - [28/Mar/2019:10:39:44 +0800] "GET /css/font-awesome.min.css HTTP/1.1" 200 7046
140.205.127.137 - - [28/Mar/2019:10:39:44 +0800] "GET /js/jquery.min.js HTTP/1.1" 200 33354
140.205.127.158 - - [28/Mar/2019:10:39:44 +0800] "GET /js/bootstrap.min.js HTTP/1.1" 200 9551
140.205.127.175 - - [28/Mar/2019:10:39:44 +0800] "GET /js/main.js HTTP/1.1" 200 6125
140.205.127.165 - - [28/Mar/2019:10:39:44 +0800] "GET /js/ias.js HTTP/1.1" 200 2185
140.205.127.136 - - [28/Mar/2019:10:39:45 +0800] "GET /image/wxqrcode.png HTTP/1.1" 200 40117
140.205.127.163 - - [28/Mar/2019:10:39:45 +0800] "GET /image/logo.png HTTP/1.1" 200 6525
140.205.127.164 - - [28/Mar/2019:10:39:45 +0800] "GET /image/loading.gif HTTP/1.1" 200 2418
140.205.127.167 - - [28/Mar/2019:10:39:45 +0800] "GET /image/wxapp.jpg HTTP/1.1" 200 75999
140.205.127.149 - - [28/Mar/2019:11:22:40 +0800] "GET /article/getWxHomeList?ps=3 HTTP/1.1" 200 7667
140.205.127.167 - - [28/Mar/2019:11:22:40 +0800] "GET /article/getArticleList?ps=9&pn=1&sort=read HTTP/1.1" 200 8061
61.147.73.171 - - [28/Mar/2019:11:22:40 +0800] "GET /wx/wxlogin?code=001zhiAu0W4rXh102zBu0d1GAu0zhiAD HTTP/1.1" 200 109
140.205.127.149 - - [28/Mar/2019:11:22:41 +0800] "GET /img/85b1247a927611e4984ae734f5f45dd7.jpg HTTP/1.1" 200 24616
140.205.127.156 - - [28/Mar/2019:11:22:41 +0800] "GET /img/afa7013933fef9d9d921499499c4760e.jpg HTTP/1.1" 200 20348
140.205.127.129 - - [28/Mar/2019:11:22:41 +0800] "GET /img/de5fd9655a1f0ed92e8becd32ed23a8a.jpg HTTP/1.1" 200 33711
140.205.127.160 - - [28/Mar/2019:11:22:41 +0800] "GET /img/a3dbf9f7063a7eb255daf5553b14f173.jpg HTTP/1.1" 200 6143
140.205.127.139 - - [28/Mar/2019:11:22:41 +0800] "GET /img/eec84fa7074e13fc6c1b18b306eef8d8.jpg HTTP/1.1" 200 37647
140.205.127.160 - - [28/Mar/2019:11:22:41 +0800] "GET /img/1436ab53fdeadd6cabd61a623c55e613.jpg HTTP/1.1" 200 34807
140.205.127.157 - - [28/Mar/2019:11:22:41 +0800] "GET /img/89a66256c230abdf96873a0feb123bc0.jpg HTTP/1.1" 200 32836
140.205.127.150 - - [28/Mar/2019:11:22:41 +0800] "GET /img/c98b6db445a47924e5d6bea6185061ed.jpg HTTP/1.1" 200 132376
140.205.127.173 - - [28/Mar/2019:11:22:42 +0800] "GET /img/f17a46e7ac709a853e517e2755ae49a5.jpg HTTP/1.1" 200 13194
140.205.127.142 - - [28/Mar/2019:11:22:41 +0800] "GET /img/95a7811216fe110b0632239a93375d4f.jpeg HTTP/1.1" 200 212619
47.97.23.199 - - [28/Mar/2019:12:45:12 +0800] "GET / HTTP/1.0" 200 33723
45.33.13.96 - - [28/Mar/2019:13:29:22 +0800] "GET /api/v1/pods HTTP/1.1" 404 1928
40.77.167.170 - - [28/Mar/2019:13:47:40 +0800] "GET / HTTP/1.1" 200 8317
140.205.127.165 - - [28/Mar/2019:17:21:30 +0800] "GET /robots.txt HTTP/1.1" 404 20
140.205.127.169 - - [28/Mar/2019:17:21:38 +0800] "GET /css/font-awesome.min.css HTTP/1.1" 200 7046
140.205.127.162 - - [28/Mar/2019:17:21:39 +0800] "GET /js/newajax.js HTTP/1.1" 200 164
61.147.73.150 - - [28/Mar/2019:17:21:40 +0800] "GET /css/main.css HTTP/1.1" 200 18617
140.205.127.158 - - [28/Mar/2019:17:21:41 +0800] "GET /css/bootstrap.min.css HTTP/1.1" 200 16330
61.147.73.150 - - [28/Mar/2019:17:21:46 +0800] "GET /css/main.css HTTP/1.1" 200 18617
61.147.73.185 - - [28/Mar/2019:17:21:47 +0800] "GET /css/bootstrap.min.css HTTP/1.1" 200 16330
61.147.73.176 - - [28/Mar/2019:17:21:47 +0800] "GET /js/newajax.js HTTP/1.1" 200 164
140.205.127.169 - - [28/Mar/2019:17:21:48 +0800] "GET /css/font-awesome.min.css HTTP/1.1" 200 7046
61.147.73.159 - - [28/Mar/2019:17:21:51 +0800] "GET /js/jquery.min.js HTTP/1.1" 200 33354
61.147.73.159 - - [28/Mar/2019:17:21:55 +0800] "GET /js/jquery.min.js HTTP/1.1" 200 33354
140.205.127.158 - - [28/Mar/2019:17:21:58 +0800] "GET /js/bootstrap.min.js HTTP/1.1" 200 9551
140.205.127.165 - - [28/Mar/2019:17:21:58 +0800] "GET /js/ias.js HTTP/1.1" 200 2185
140.205.127.175 - - [28/Mar/2019:17:21:59 +0800] "GET /js/main.js HTTP/1.1" 200 6125
61.147.73.173 - - [28/Mar/2019:17:21:59 +0800] "GET /js/bootstrap.min.js HTTP/1.1" 200 9551
140.205.127.165 - - [28/Mar/2019:17:22:00 +0800] "GET /js/ias.js HTTP/1.1" 200 2185
61.147.73.198 - - [28/Mar/2019:17:22:01 +0800] "GET /js/main.js HTTP/1.1" 200 6125
122.224.129.234 - - [28/Mar/2019:20:03:06 +0800] "GET / HTTP/1.0" 200 33364
115.236.33.149 - - [28/Mar/2019:20:03:11 +0800] "-" 408 -
198.13.102.98 - - [28/Mar/2019:21:33:43 +0800] "GET / HTTP/1.1" 200 7929
66.249.71.83 - - [28/Mar/2019:22:32:15 +0800] "GET /robots.txt HTTP/1.1" 404 20
66.249.71.81 - - [28/Mar/2019:22:32:17 +0800] "GET /.well-known/assetlinks.json HTTP/1.1" 404 22
107.170.237.32 - - [28/Mar/2019:22:54:55 +0800] "GET / HTTP/1.1" 200 8573
157.55.39.22 - - [28/Mar/2019:23:33:58 +0800] "GET /robots.txt HTTP/1.1" 404 20
157.55.39.22 - - [28/Mar/2019:23:33:59 +0800] "GET /robots.txt HTTP/1.1" 404 20
157.55.39.224 - - [28/Mar/2019:23:34:28 +0800] "GET / HTTP/1.1" 200 8748
38.91.107.250 - - [28/Mar/2019:23:46:19 +0800] "GET / HTTP/1.1" 200 8359
77.247.109.79 - - [29/Mar/2019:01:00:10 +0800] "GET //cgi-bin/webcm?getpage=../html/menus/menu2.html&var:lang=%26%20allcfgconv%20-C%20voip%20-c%20-o%20-%20../../../../../var/tmp/voip.cfg%20%26 HTTP/1.1" 404 4998
101.251.238.50 - - [29/Mar/2019:02:03:53 +0800] "GET / HTTP/1.0" 400 362
47.52.221.59 - - [29/Mar/2019:02:27:32 +0800] "GET / HTTP/1.0" 200 33331
157.55.39.214 - - [29/Mar/2019:02:43:01 +0800] "GET / HTTP/1.1" 200 8426
123.190.157.46 - - [29/Mar/2019:04:35:19 +0800] "GET /otn/login/checkUser HTTP/1.1" 404 4850
47.92.148.120 - - [29/Mar/2019:04:35:59 +0800] "GET / HTTP/1.1" 200 33611
101.132.156.172 - - [29/Mar/2019:04:49:12 +0800] "GET / HTTP/1.1" 200 33510
172.104.100.219 - - [29/Mar/2019:05:42:28 +0800] "GET / HTTP/1.1" 200 8467
61.147.73.185 - - [29/Mar/2019:08:43:59 +0800] "GET /img/6aeefa02ba33084f64836bcd83e1e636.jpg HTTP/1.1" 200 32731
61.147.73.178 - - [29/Mar/2019:08:43:59 +0800] "GET /img/bda29051f960d40b9fd9fc0e57315520.jpg HTTP/1.1" 200 72830
61.147.73.167 - - [29/Mar/2019:08:43:59 +0800] "GET /img/9785f7c0967122d0fb61ae5567793b30.jpg HTTP/1.1" 200 31271
61.147.73.151 - - [29/Mar/2019:08:43:59 +0800] "GET /img/5482713e6b5d02d9ba8624554458f5bc.jpeg HTTP/1.1" 200 56111
101.200.101.217 - - [29/Mar/2019:08:43:59 +0800] "GET /img/95a7811216fe110b0632239a93375d4f.jpeg HTTP/1.1" 200 212619
61.147.73.190 - - [29/Mar/2019:08:43:59 +0800] "GET /img/e3aac8b5c664df38cfdcc9f0a6f5155f.jpeg HTTP/1.1" 200 22633
140.205.127.143 - - [29/Mar/2019:08:43:59 +0800] "GET /img/121c2207b91a85824a86d49a801f5a0d.jpg HTTP/1.1" 200 74721
101.200.101.209 - - [29/Mar/2019:08:45:15 +0800] "GET /img/a744a6d58761df154992ef787b2008b5.jpeg HTTP/1.1" 200 191470
140.205.127.172 - - [29/Mar/2019:08:49:13 +0800] "GET /img/9b0f50528b3b61c7ac372ab6c6b17d10.jpg HTTP/1.1" 200 21217
140.205.127.129 - - [29/Mar/2019:08:49:13 +0800] "GET /img/de5fd9655a1f0ed92e8becd32ed23a8a.jpg HTTP/1.1" 200 33711
140.205.127.133 - - [29/Mar/2019:08:49:13 +0800] "GET /img/383339be54b57256c6020a3d1dd945e4.jpg HTTP/1.1" 200 100915
61.147.73.183 - - [29/Mar/2019:09:00:34 +0800] "GET /img/0240659deb58871d55766a9cfe823f96.jpg HTTP/1.1" 200 335716
140.205.127.156 - - [29/Mar/2019:09:00:34 +0800] "GET /img/254c81b99bae5d3ce314f79cba787e35.jpg HTTP/1.1" 200 260389
101.200.101.207 - - [29/Mar/2019:09:00:34 +0800] "GET /img/5cc41f536922a93596588e75e41e67ba.jpg HTTP/1.1" 200 161213
101.200.101.210 - - [29/Mar/2019:09:00:34 +0800] "GET /img/ffd54750fbeb525cdc64b6cde42fca36.jpg HTTP/1.1" 200 452298
101.200.101.220 - - [29/Mar/2019:09:00:34 +0800] "GET /img/defaeb4ab4637e20c5cc1f7ad6a98f3c.jpg HTTP/1.1" 200 440491
61.147.73.197 - - [29/Mar/2019:09:05:27 +0800] "GET /img/23d099ed578c01b05d19437375e26229.jpg HTTP/1.1" 200 29743
61.147.73.156 - - [29/Mar/2019:09:05:27 +0800] "GET /img/3148f189c4b91de9b12faf96b0909b96.jpg HTTP/1.1" 200 46888
140.205.127.172 - - [29/Mar/2019:09:05:27 +0800] "GET /img/9b0f50528b3b61c7ac372ab6c6b17d10.jpg HTTP/1.1" 200 21217
140.205.127.135 - - [29/Mar/2019:09:35:54 +0800] "POST /article/postAddNice HTTP/1.1" 200 3
140.205.127.138 - - [29/Mar/2019:09:47:49 +0800] "POST /article/postAddNice HTTP/1.1" 200 3
61.147.73.165 - - [29/Mar/2019:09:49:24 +0800] "POST /article/postAddNice HTTP/1.1" 200 3
101.200.101.209 - - [29/Mar/2019:09:50:18 +0800] "POST /article/postAddNice HTTP/1.1" 200 3
120.78.231.236 - - [29/Mar/2019:10:12:11 +0800] "GET / HTTP/1.0" 200 34060
101.200.101.220 - - [29/Mar/2019:10:32:11 +0800] "GET /img/8d8f07d73c40110f2d2ee37304b51d7e.jpeg HTTP/1.1" 200 10397
101.200.101.215 - - [29/Mar/2019:10:32:27 +0800] "GET /img/f3c7d0d2742a1a65074a9fe2bfba2ed1.jpg HTTP/1.1" 200 35786
101.200.101.211 - - [29/Mar/2019:10:32:27 +0800] "GET /img/4a11dd87b90bd6a64b6215b42684029b.jpg HTTP/1.1" 200 17531
101.200.101.217 - - [29/Mar/2019:10:32:27 +0800] "GET /img/c0a5a0782ef8f75c788463c95388079f.jpg HTTP/1.1" 200 19741
101.200.101.206 - - [29/Mar/2019:10:32:28 +0800] "GET /img/85b1247a927611e4984ae734f5f45dd7.jpg HTTP/1.1" 200 24616
101.200.101.217 - - [29/Mar/2019:10:32:28 +0800] "GET /img/f4ee02c60963f615e1ab86259d24028d.jpg HTTP/1.1" 200 44314
101.200.101.218 - - [29/Mar/2019:10:32:28 +0800] "GET /img/701a223dd042458a6055803db738f4b5.jpg HTTP/1.1" 200 12470
101.200.101.219 - - [29/Mar/2019:10:32:28 +0800] "GET /img/89a66256c230abdf96873a0feb123bc0.jpg HTTP/1.1" 200 32836
101.200.101.210 - - [29/Mar/2019:10:32:28 +0800] "GET /img/bd4813a1e8978ea0ca984974b5969435.jpg HTTP/1.1" 200 20368
216.144.247.254 - - [29/Mar/2019:10:33:49 +0800] "GET / HTTP/1.0" 400 362
120.24.173.80 - - [29/Mar/2019:11:36:56 +0800] "GET / HTTP/1.0" 400 362
120.24.173.80 - - [29/Mar/2019:11:36:56 +0800] "GET / HTTP/1.0" 400 362
120.24.173.80 - - [29/Mar/2019:11:36:56 +0800] "GET / HTTP/1.0" 400 362
139.162.113.204 - - [29/Mar/2019:13:23:53 +0800] "GET / HTTP/1.1" 200 34082
140.205.127.153 - - [29/Mar/2019:16:20:09 +0800] "GET /img/d7fa0d897cd49c522e29fdfea247fe71.jpg HTTP/1.1" 200 42180
185.142.236.34 - - [29/Mar/2019:16:31:46 +0800] "GET / HTTP/1.1" 200 33830
185.142.236.34 - - [29/Mar/2019:16:31:51 +0800] "" 400 226
185.142.236.34 - - [29/Mar/2019:16:31:56 +0800] "" 400 226
185.142.236.34 - - [29/Mar/2019:16:31:59 +0800] "" 400 226
185.142.236.34 - - [29/Mar/2019:16:32:04 +0800] "" 400 226
185.142.236.34 - - [29/Mar/2019:16:32:08 +0800] "" 400 226
185.142.236.34 - - [29/Mar/2019:16:32:13 +0800] "quit" 400 226
185.142.236.34 - - [29/Mar/2019:16:32:16 +0800] "GET /robots.txt HTTP/1.1" 404 -
185.142.236.34 - - [29/Mar/2019:16:32:18 +0800] "GET /sitemap.xml HTTP/1.1" 404 4832
185.142.236.34 - - [29/Mar/2019:16:32:19 +0800] "GET /.well-known/security.txt HTTP/1.1" 404 -
185.142.236.34 - - [29/Mar/2019:16:32:42 +0800] "GET /favicon.ico HTTP/1.1" 200 1925
157.55.39.225 - - [29/Mar/2019:18:36:56 +0800] "GET / HTTP/1.1" 200 7885
101.200.101.209 - - [29/Mar/2019:19:53:33 +0800] "GET /img/5a880809bd9fe2962f8d362aaa2a3f5e.jpg HTTP/1.1" 200 7010
101.200.101.214 - - [29/Mar/2019:19:53:34 +0800] "GET /img/d7fa0d897cd49c522e29fdfea247fe71.jpg HTTP/1.1" 200 42180
205.205.150.8 - - [29/Mar/2019:20:49:54 +0800] "GET / HTTP/1.0" 400 362
205.205.150.8 - - [29/Mar/2019:21:01:00 +0800] "GET / HTTP/1.0" 400 362
101.200.101.218 - - [29/Mar/2019:23:09:20 +0800] "GET /img/701a223dd042458a6055803db738f4b5.jpg HTTP/1.1" 200 12470
51.68.88.3 - - [30/Mar/2019:00:05:48 +0800] "GET / HTTP/1.1" 200 8118
140.205.127.165 - - [30/Mar/2019:00:47:37 +0800] "GET /robots.txt HTTP/1.1" 404 20
140.205.127.157 - - [30/Mar/2019:00:47:38 +0800] "GET / HTTP/1.1" 200 8444
61.147.73.193 - - [30/Mar/2019:00:47:42 +0800] "GET /css/font-awesome.min.css HTTP/1.1" 200 7046
140.205.127.151 - - [30/Mar/2019:00:47:42 +0800] "GET /_nuxt/3b9e014d08681f743031.js HTTP/1.1" 304 -
61.147.73.155 - - [30/Mar/2019:00:47:42 +0800] "GET /_nuxt/3636155fa519c8c1a4bd.js HTTP/1.1" 304 -
61.147.73.185 - - [30/Mar/2019:00:47:42 +0800] "GET /css/bootstrap.min.css HTTP/1.1" 200 16330
140.205.127.171 - - [30/Mar/2019:00:47:43 +0800] "GET /css/main.css HTTP/1.1" 200 18617
140.205.127.152 - - [30/Mar/2019:00:47:43 +0800] "GET /_nuxt/39756726f82444f2f775.js HTTP/1.1" 304 -
140.205.127.137 - - [30/Mar/2019:00:47:43 +0800] "GET /js/jquery.min.js HTTP/1.1" 200 33354
61.147.73.162 - - [30/Mar/2019:00:47:45 +0800] "GET /_nuxt/638fa380b36dc3e26333.js HTTP/1.1" 304 -
61.147.73.193 - - [30/Mar/2019:00:47:46 +0800] "GET /js/ias.js HTTP/1.1" 200 2185
61.147.73.198 - - [30/Mar/2019:00:47:46 +0800] "GET /js/main.js HTTP/1.1" 200 6125
140.205.127.158 - - [30/Mar/2019:00:47:46 +0800] "GET /js/bootstrap.min.js HTTP/1.1" 200 9551
61.147.73.161 - - [30/Mar/2019:00:49:11 +0800] "GET /static/qsong/html/videomain.html HTTP/1.1" 404 1937
140.205.127.154 - - [30/Mar/2019:01:33:48 +0800] "GET /static/qsong/html/gifmain.html HTTP/1.1" 404 1936
61.147.73.187 - - [30/Mar/2019:01:35:50 +0800] "GET /.well-known/assetlinks.json HTTP/1.1" 404 22
101.200.101.201 - - [30/Mar/2019:05:12:16 +0800] "GET /img/3132319a580dd01b1432d3366a1a141f.jpg HTTP/1.1" 200 19471
27.115.124.70 - - [30/Mar/2019:05:26:07 +0800] "GET /server-status HTTP/1.1" 404 4834
61.147.73.195 - - [30/Mar/2019:05:49:00 +0800] "GET /img/f3c7d0d2742a1a65074a9fe2bfba2ed1.jpg HTTP/1.1" 200 35786
207.46.13.87 - - [30/Mar/2019:07:15:53 +0800] "GET / HTTP/1.1" 200 7885
181.48.9.82 - - [30/Mar/2019:08:41:41 +0800] "GET /admin//config.php HTTP/1.1" 404 4848
47.97.167.161 - - [30/Mar/2019:09:37:42 +0800] "GET / HTTP/1.1" 200 33302
27.115.124.6 - - [30/Mar/2019:18:47:38 +0800] "GET / HTTP/1.0" 200 33579
27.115.124.70 - - [30/Mar/2019:18:47:41 +0800] "GET /nmaplowercheck1553942861 HTTP/1.1" 404 4845
27.115.124.70 - - [30/Mar/2019:18:47:41 +0800] "POST /sdk HTTP/1.1" 404 4824
27.115.124.70 - - [30/Mar/2019:18:47:41 +0800] "GET / HTTP/1.0" 200 33558
27.115.124.6 - - [30/Mar/2019:18:47:41 +0800] "GET / HTTP/1.1" 200 33576
27.115.124.6 - - [30/Mar/2019:18:47:41 +0800] "GET /evox/about HTTP/1.1" 404 4836
27.115.124.70 - - [30/Mar/2019:18:47:41 +0800] "GET /HNAP1 HTTP/1.1" 404 4826
27.115.124.6 - - [30/Mar/2019:18:47:41 +0800] "GET / HTTP/1.1" 200 33626
27.115.124.6 - - [30/Mar/2019:20:13:51 +0800] "GET / HTTP/1.0" 200 34703
27.115.124.70 - - [30/Mar/2019:20:13:54 +0800] "GET /nmaplowercheck1553948034 HTTP/1.1" 404 4845
27.115.124.6 - - [30/Mar/2019:20:13:54 +0800] "POST /sdk HTTP/1.1" 404 4824
27.115.124.70 - - [30/Mar/2019:20:13:54 +0800] "GET / HTTP/1.1" 200 33395
27.115.124.6 - - [30/Mar/2019:20:13:54 +0800] "GET / HTTP/1.0" 200 33183
27.115.124.70 - - [30/Mar/2019:20:13:54 +0800] "GET /HNAP1 HTTP/1.1" 404 4826
27.115.124.6 - - [30/Mar/2019:20:13:54 +0800] "GET /evox/about HTTP/1.1" 404 4836
27.115.124.70 - - [30/Mar/2019:20:13:54 +0800] "GET / HTTP/1.1" 200 34244
157.55.39.132 - - [30/Mar/2019:20:55:22 +0800] "GET / HTTP/1.1" 200 8506
60.191.38.78 - - [30/Mar/2019:21:27:32 +0800] "GET / HTTP/1.1" 200 34101
107.170.192.67 - - [30/Mar/2019:23:20:57 +0800] "GET / HTTP/1.1" 200 8338
51.68.88.3 - - [31/Mar/2019:00:19:36 +0800] "GET / HTTP/1.1" 200 8387
