101.200.101.207 - - [27/Mar/2019:11:15:14 +0800] "GET /article/getWxHomeList?ps=3 HTTP/1.1" 200 7667
140.205.127.144 - - [27/Mar/2019:11:15:14 +0800] "GET /wx/wxlogin?code=061Ow0F52UatYQ07kIE52E9gF52Ow0F4 HTTP/1.1" 200 109
101.200.101.212 - - [27/Mar/2019:11:15:17 +0800] "GET /article/getArticleList?ps=9&pn=1&sort=read HTTP/1.1" 200 8061
101.200.101.207 - - [27/Mar/2019:11:15:24 +0800] "GET /article/getWxHomeList?ps=3 HTTP/1.1" 200 7667
101.200.101.212 - - [27/Mar/2019:11:15:24 +0800] "GET /article/getArticleList?ps=9&pn=1&sort=read HTTP/1.1" 200 8061
140.205.127.129 - - [27/Mar/2019:11:15:25 +0800] "GET /wx/wxlogin?code=071qr2Sr06x9jf1cpvQr01FjSr0qr2SW HTTP/1.1" 200 109
140.205.127.163 - - [27/Mar/2019:11:15:26 +0800] "GET /article/getArticle?articleId=120&type=dz HTTP/1.1" 200 1337
140.205.127.141 - - [27/Mar/2019:11:15:27 +0800] "GET /wx/updateUserInfo?openid=ohp5o5BMACrai4-xF-xSQV9wed5k&avatarUrl=https%3A%2F%2Fwx.qlogo.cn%2Fmmopen%2Fvi_32%2FQ0j4TwGTfTL5nnDBU8Q0qSgwbZkT75PIHssalyib2QDYQrf0vuNBj2TWRnNZIfR1KPY7qMXGEAPWduLaZz9JcibA%2F132&nickName=ss&city=%E4%BF%A1%E9%98%B3&country=%E4%B8%AD%E5%9B%BD&province=%E6%B2%B3%E5%8D%97&gender=1&language=zh_CN HTTP/1.1" 200 101
101.200.101.214 - - [27/Mar/2019:11:15:27 +0800] "GET /wx/updateUserInfo?openid=ohp5o5BMACrai4-xF-xSQV9wed5k&avatarUrl=https%3A%2F%2Fwx.qlogo.cn%2Fmmopen%2Fvi_32%2FQ0j4TwGTfTL5nnDBU8Q0qSgwbZkT75PIHssalyib2QDYQrf0vuNBj2TWRnNZIfR1KPY7qMXGEAPWduLaZz9JcibA%2F132&nickName=ss&city=Xinyang&country=China&province=Henan&gender=1&language=zh_CN HTTP/1.1" 200 101
101.200.101.205 - - [27/Mar/2019:11:15:27 +0800] "GET /user/getNice?userId=2 HTTP/1.1" 200 2242
101.200.101.205 - - [27/Mar/2019:11:15:27 +0800] "GET /user/getNice?userId=2 HTTP/1.1" 200 2242
140.205.127.155 - - [27/Mar/2019:11:15:30 +0800] "GET /article/getArticle?articleId=125&type=gif HTTP/1.1" 200 6863
140.205.127.170 - - [27/Mar/2019:11:15:39 +0800] "POST /article/addItitNice HTTP/1.1" 200 3
140.205.127.176 - - [27/Mar/2019:11:15:42 +0800] "GET /article/getArticle?articleId=101&type=dz HTTP/1.1" 200 1982
140.205.127.164 - - [27/Mar/2019:11:15:45 +0800] "GET /article/getArticle?articleId=127&type=gif HTTP/1.1" 200 6481
101.200.101.215 - - [27/Mar/2019:11:15:54 +0800] "GET /article/getArticle?articleId=105&type=gif HTTP/1.1" 200 7200
140.205.127.129 - - [27/Mar/2019:11:17:03 +0800] "GET /wx/postFormId?formItem=%5B%7B%22openId%22%3A%22ohp5o5BMACrai4-xF-xSQV9wed5k%22%2C%22formId%22%3A%221df11533935a4ed4abaa6ccd829e3b29%22%2C%22expire%22%3A1554261326%7D%2C%7B%22openId%22%3A%22ohp5o5BMACrai4-xF-xSQV9wed5k%22%2C%22formId%22%3A%22680bb5aa48c3491089fd985bf10367af%22%2C%22expire%22%3A1554261329%7D%2C%7B%22openId%22%3A%22ohp5o5BMACrai4-xF-xSQV9wed5k%22%2C%22formId%22%3A%2228b2e4236b9b4c56a4a6546b84956d4f%22%2C%22expire%22%3A1554261341%7D%2C%7B%22openId%22%3A%22ohp5o5BMACrai4-xF-xSQV9wed5k%22%2C%22formId%22%3A%22887b1448679c4e8d9c727e23dcacd8b2%22%2C%22expire%22%3A1554261344%7D%2C%7B%22openId%22%3A%22ohp5o5BMACrai4-xF-xSQV9wed5k%22%2C%22formId%22%3A%228de9accbf7d34326bbead6585733322c%22%2C%22expire%22%3A1554261353%7D%5D HTTP/1.1" 200 1
101.200.101.215 - - [27/Mar/2019:11:19:05 +0800] "GET /article/getArticle?articleId=126&type=gif HTTP/1.1" 200 6995
140.205.127.152 - - [27/Mar/2019:11:19:08 +0800] "GET /wx/postFormId?formItem=%5B%7B%22openId%22%3A%22ohp5o5BMACrai4-xF-xSQV9wed5k%22%2C%22formId%22%3A%221a8d04ce8a564467b004fc1b2ce23217%22%2C%22expire%22%3A1554261544%7D%5D HTTP/1.1" 200 1
140.205.127.149 - - [27/Mar/2019:11:19:18 +0800] "GET /article/getWxHomeList?ps=3 HTTP/1.1" 200 7667
140.205.127.167 - - [27/Mar/2019:11:19:18 +0800] "GET /article/getArticleList?ps=9&pn=1&sort=read HTTP/1.1" 200 8061
140.205.127.145 - - [27/Mar/2019:11:19:18 +0800] "GET /wx/wxlogin?code=061FGxSe07sexu1evQRe045PSe0FGxSd HTTP/1.1" 200 109
140.205.127.154 - - [27/Mar/2019:11:19:20 +0800] "GET /article/getArticle?articleId=126&type=gif HTTP/1.1" 200 6995
140.205.127.141 - - [27/Mar/2019:11:19:20 +0800] "GET /wx/updateUserInfo?openid=ohp5o5BMACrai4-xF-xSQV9wed5k&avatarUrl=https%3A%2F%2Fwx.qlogo.cn%2Fmmopen%2Fvi_32%2FQ0j4TwGTfTL5nnDBU8Q0qSgwbZkT75PIHssalyib2QDYQrf0vuNBj2TWRnNZIfR1KPY7qMXGEAPWduLaZz9JcibA%2F132&nickName=ss&city=%E4%BF%A1%E9%98%B3&country=%E4%B8%AD%E5%9B%BD&province=%E6%B2%B3%E5%8D%97&gender=1&language=zh_CN HTTP/1.1" 200 101
101.200.101.214 - - [27/Mar/2019:11:19:20 +0800] "GET /wx/updateUserInfo?openid=ohp5o5BMACrai4-xF-xSQV9wed5k&avatarUrl=https%3A%2F%2Fwx.qlogo.cn%2Fmmopen%2Fvi_32%2FQ0j4TwGTfTL5nnDBU8Q0qSgwbZkT75PIHssalyib2QDYQrf0vuNBj2TWRnNZIfR1KPY7qMXGEAPWduLaZz9JcibA%2F132&nickName=ss&city=Xinyang&country=China&province=Henan&gender=1&language=zh_CN HTTP/1.1" 200 101
101.200.101.205 - - [27/Mar/2019:11:19:21 +0800] "GET /user/getNice?userId=2 HTTP/1.1" 200 2256
101.200.101.205 - - [27/Mar/2019:11:19:21 +0800] "GET /user/getNice?userId=2 HTTP/1.1" 200 2256
101.200.101.214 - - [27/Mar/2019:11:19:29 +0800] "GET /article/getArticle?articleId=52&type=dz HTTP/1.1" 200 1511
101.200.101.217 - - [27/Mar/2019:11:19:29 +0800] "GET /img/c759d78c187fba666cbe88e8b618fbc3.jpg HTTP/1.1" 200 149739
101.200.101.219 - - [27/Mar/2019:11:19:32 +0800] "GET /article/getArticle?articleId=125&type=gif HTTP/1.1" 200 6863
101.200.101.216 - - [27/Mar/2019:11:20:37 +0800] "GET /wx/postFormId?formItem=%5B%7B%22openId%22%3A%22ohp5o5BMACrai4-xF-xSQV9wed5k%22%2C%22formId%22%3A%2250dfe4f2b05e469b8d32498371e39226%22%2C%22expire%22%3A1554261559%7D%2C%7B%22openId%22%3A%22ohp5o5BMACrai4-xF-xSQV9wed5k%22%2C%22formId%22%3A%224f7bc4c0c0b34d3ea827212782e55786%22%2C%22expire%22%3A1554261567%7D%2C%7B%22openId%22%3A%22ohp5o5BMACrai4-xF-xSQV9wed5k%22%2C%22formId%22%3A%222e01a8f8f95548979eb6c64f2a52622c%22%2C%22expire%22%3A1554261571%7D%5D HTTP/1.1" 200 1
140.205.127.146 - - [27/Mar/2019:11:24:03 +0800] "GET /article/getArticle?articleId=101 HTTP/1.1" 200 1982
71.6.232.7 - - [27/Mar/2019:11:29:22 +0800] "GET / HTTP/1.1" 302 51
61.147.73.178 - - [27/Mar/2019:11:51:41 +0800] "GET /article/getArticle?articleId=101 HTTP/1.1" 200 1982
140.205.127.146 - - [27/Mar/2019:11:52:09 +0800] "GET /article/getArticle?articleId=101 HTTP/1.1" 200 1982
61.147.73.189 - - [27/Mar/2019:11:52:17 +0800] "GET /static/qsong/css/main.css HTTP/1.1" 304 -
61.147.73.178 - - [27/Mar/2019:11:52:17 +0800] "GET /static/qsong/css/bootstrap.min.css HTTP/1.1" 304 -
61.147.73.176 - - [27/Mar/2019:11:52:17 +0800] "GET /static/qsong/css/font-awesome.min.css HTTP/1.1" 304 -
61.147.73.181 - - [27/Mar/2019:11:52:17 +0800] "GET /static/qsong/js/vue.min.js HTTP/1.1" 304 -
61.147.73.165 - - [27/Mar/2019:11:52:17 +0800] "GET /static/qsong/js/ias.js HTTP/1.1" 200 6502
140.205.127.148 - - [27/Mar/2019:11:52:17 +0800] "GET /static/qsong/js/jquery.min.js HTTP/1.1" 304 -
61.147.73.168 - - [27/Mar/2019:11:52:17 +0800] "GET /static/qsong/js/bootstrap.min.js HTTP/1.1" 200 38233
140.205.127.163 - - [27/Mar/2019:11:52:17 +0800] "GET /static/qsong/js/myajax.js HTTP/1.1" 304 -
140.205.127.165 - - [27/Mar/2019:11:52:17 +0800] "GET /static/qsong/js/jquery.min.map HTTP/1.1" 404 94
140.205.127.136 - - [27/Mar/2019:11:52:17 +0800] "GET /static/qsong/js/main.js HTTP/1.1" 304 -
140.205.127.154 - - [27/Mar/2019:11:52:18 +0800] "GET /static/qsong/fonts/fontawesome-webfont.woff?v=4.7.0 HTTP/1.1" 304 -
61.147.73.154 - - [27/Mar/2019:11:52:19 +0800] "GET /article/getArticleList?type=dz&ps=1&pn=1 HTTP/1.1" 200 1252
140.205.127.145 - - [27/Mar/2019:11:52:19 +0800] "GET /article/getCountInfo HTTP/1.1" 200 282
61.147.73.160 - - [27/Mar/2019:11:52:20 +0800] "GET /article/getArticleList?type=notice&ps=5&pn=1 HTTP/1.1" 200 1590
140.205.127.175 - - [27/Mar/2019:11:52:20 +0800] "GET /article/getArticleList?ps=5&pn=1&sort=read HTTP/1.1" 200 4358
140.205.127.159 - - [27/Mar/2019:11:52:20 +0800] "GET /article/getRandArticle HTTP/1.1" 200 4809
140.205.127.129 - - [27/Mar/2019:11:52:20 +0800] "GET /article/getArticleList?ps=10&pn=1 HTTP/1.1" 200 8623
140.205.127.149 - - [27/Mar/2019:11:52:21 +0800] "GET /article/getArticleList?ps=10&pn=2 HTTP/1.1" 200 8264
140.205.127.166 - - [27/Mar/2019:11:52:21 +0800] "GET /article/getArticleList?type=video&ps=1&pn=1&sort=read HTTP/1.1" 200 1024
61.147.73.175 - - [27/Mar/2019:11:52:26 +0800] "GET /gif HTTP/1.1" 404 94
140.205.127.169 - - [27/Mar/2019:11:52:48 +0800] "GET /gif HTTP/1.1" 404 94
47.92.116.44 - - [27/Mar/2019:11:52:50 +0800] "GET / HTTP/1.1" 302 51
47.92.116.44 - - [27/Mar/2019:11:52:50 +0800] "GET /static/qsong/html/home.html HTTP/1.1" 200 17961
140.205.127.169 - - [27/Mar/2019:11:53:16 +0800] "GET /gif HTTP/1.1" 404 94
140.205.127.146 - - [27/Mar/2019:11:55:27 +0800] "GET /article/getArticle?articleId=101 HTTP/1.1" 200 1982
140.205.127.169 - - [27/Mar/2019:11:55:32 +0800] "GET /gif HTTP/1.1" 404 94
61.147.73.160 - - [27/Mar/2019:12:14:42 +0800] "GET /img/d5ed90209cf82ad6bfb30b9cc8540136.png HTTP/1.1" 200 29638
61.147.73.175 - - [27/Mar/2019:12:17:03 +0800] "GET /gif HTTP/1.1" 404 94
140.205.127.172 - - [27/Mar/2019:12:18:48 +0800] "GET /img/dc6d4ae6360e225009f206a0016ff924.jpg HTTP/1.1" 200 10121
140.205.127.172 - - [27/Mar/2019:12:18:50 +0800] "GET /img/af4dc5b060c0e5f259d5e4e9ea808b38.jpg HTTP/1.1" 200 8724
140.205.127.170 - - [27/Mar/2019:12:18:50 +0800] "GET /img/91daf991874e74e48043c6c17c47b763.jpg HTTP/1.1" 200 13426
140.205.127.147 - - [27/Mar/2019:12:21:02 +0800] "GET /img/e5b9385001d4f47fc30a01a6262f20f6.gif HTTP/1.1" 200 948431
61.147.73.155 - - [27/Mar/2019:12:21:05 +0800] "GET /img/38aee4d6056b3129358397434f0315fe.gif HTTP/1.1" 200 286720
61.147.73.185 - - [27/Mar/2019:12:21:04 +0800] "GET /img/bb772d0f3fc73831dce535b2f37e0157.gif HTTP/1.1" 200 163840
140.205.127.158 - - [27/Mar/2019:12:21:05 +0800] "GET /img/72611f89b377859d12994fa30b8c8d6c.gif HTTP/1.1" 200 163840
140.205.127.148 - - [27/Mar/2019:12:21:10 +0800] "GET /img/8b0cb5cbe494cfdf49f11ffa11621043.jpeg HTTP/1.1" 200 77312
61.147.73.192 - - [27/Mar/2019:12:21:06 +0800] "GET /img/16746e528a189cf02147b01adee70157.gif HTTP/1.1" 200 270336
140.205.127.160 - - [27/Mar/2019:12:21:09 +0800] "GET /img/9b4e7866b2ec814487bc5087592e8db3.jpeg HTTP/1.1" 200 108447
140.205.127.173 - - [27/Mar/2019:12:21:09 +0800] "GET /img/a744a6d58761df154992ef787b2008b5.jpeg HTTP/1.1" 200 191470
140.205.127.165 - - [27/Mar/2019:13:15:48 +0800] "GET /img/0b2605f5984c7dcc15b6ce7de1b82712.mp4 HTTP/1.1" 200 491520
140.205.127.165 - - [27/Mar/2019:13:16:28 +0800] "GET /img/0b2605f5984c7dcc15b6ce7de1b82712.mp4 HTTP/1.1" 200 491520
180.149.133.47 - - [27/Mar/2019:13:39:08 +0800] "GET /bdunion.txt HTTP/1.1" 200 32
140.205.127.157 - - [27/Mar/2019:13:52:22 +0800] "GET / HTTP/1.1" 302 51
140.205.127.129 - - [27/Mar/2019:13:52:22 +0800] "GET /article/getArticleList?ps=10&pn=1 HTTP/1.1" 200 8623
140.205.127.159 - - [27/Mar/2019:13:52:22 +0800] "GET /article/getRandArticle HTTP/1.1" 200 4743
140.205.127.136 - - [27/Mar/2019:13:52:22 +0800] "GET /article/getArticleList?type=dz&ps=1&pn=1 HTTP/1.1" 200 1252
140.205.127.135 - - [27/Mar/2019:13:52:22 +0800] "GET /article/getArticleList?type=notice&ps=5&pn=1 HTTP/1.1" 200 1590
140.205.127.175 - - [27/Mar/2019:13:52:22 +0800] "GET /article/getArticleList?ps=5&pn=1&sort=read HTTP/1.1" 200 4358
140.205.127.145 - - [27/Mar/2019:13:52:22 +0800] "GET /article/getCountInfo HTTP/1.1" 200 282
140.205.127.166 - - [27/Mar/2019:13:52:22 +0800] "GET /article/getArticleList?type=video&ps=1&pn=1&sort=read HTTP/1.1" 200 1024
140.205.127.136 - - [27/Mar/2019:13:52:29 +0800] "GET /article/getArticleList?type=dz&ps=1&pn=1 HTTP/1.1" 200 1252
140.205.127.129 - - [27/Mar/2019:13:52:29 +0800] "GET /article/getArticleList?ps=10&pn=1 HTTP/1.1" 200 8623
140.205.127.135 - - [27/Mar/2019:13:52:29 +0800] "GET /article/getArticleList?type=notice&ps=5&pn=1 HTTP/1.1" 200 1590
140.205.127.159 - - [27/Mar/2019:13:52:29 +0800] "GET /article/getRandArticle HTTP/1.1" 200 5065
140.205.127.175 - - [27/Mar/2019:13:52:29 +0800] "GET /article/getArticleList?ps=5&pn=1&sort=read HTTP/1.1" 200 4358
140.205.127.145 - - [27/Mar/2019:13:52:29 +0800] "GET /article/getCountInfo HTTP/1.1" 200 282
140.205.127.166 - - [27/Mar/2019:13:52:29 +0800] "GET /article/getArticleList?type=video&ps=1&pn=1&sort=read HTTP/1.1" 200 1024
140.205.127.130 - - [27/Mar/2019:13:52:45 +0800] "GET /img/9f77d9bff62d54455c56db3fc5e5d05d.jpg HTTP/1.1" 200 39586
140.205.127.135 - - [27/Mar/2019:13:52:45 +0800] "GET /img/d2f34652d93d88350c537c43b110e458.jpg HTTP/1.1" 200 43554
140.205.127.151 - - [27/Mar/2019:13:52:45 +0800] "GET /img/23d099ed578c01b05d19437375e26229.jpg HTTP/1.1" 200 29743
140.205.127.163 - - [27/Mar/2019:13:52:45 +0800] "GET /img/af6eebd52f8c1d283605ec4782756ad0.jpg HTTP/1.1" 200 33668
140.205.127.148 - - [27/Mar/2019:13:52:46 +0800] "GET /img/5a880809bd9fe2962f8d362aaa2a3f5e.jpg HTTP/1.1" 200 7010
140.205.127.172 - - [27/Mar/2019:13:52:46 +0800] "GET /img/9b0f50528b3b61c7ac372ab6c6b17d10.jpg HTTP/1.1" 200 21217
140.205.127.134 - - [27/Mar/2019:13:52:47 +0800] "GET /img/3148f189c4b91de9b12faf96b0909b96.jpg HTTP/1.1" 200 46888
140.205.127.133 - - [27/Mar/2019:13:52:47 +0800] "GET /img/5e55ad93394df693d8d1e31b3fd99202.jpg HTTP/1.1" 200 36642
140.205.127.129 - - [27/Mar/2019:13:52:47 +0800] "GET /img/de5fd9655a1f0ed92e8becd32ed23a8a.jpg HTTP/1.1" 200 33711
140.205.127.133 - - [27/Mar/2019:13:52:47 +0800] "GET /img/383339be54b57256c6020a3d1dd945e4.jpg HTTP/1.1" 200 100915
140.205.127.157 - - [27/Mar/2019:13:52:48 +0800] "GET / HTTP/1.1" 302 51
140.205.127.145 - - [27/Mar/2019:13:52:49 +0800] "GET /static/qsong/html/home.html HTTP/1.1" 200 17961
140.205.127.163 - - [27/Mar/2019:13:52:50 +0800] "GET /static/qsong/js/myajax.js HTTP/1.1" 200 8614
140.205.127.148 - - [27/Mar/2019:13:52:50 +0800] "GET /static/qsong/js/jquery.min.js HTTP/1.1" 200 95992
140.205.127.163 - - [27/Mar/2019:13:52:50 +0800] "GET /static/qsong/img/Banner_woniu.jpg HTTP/1.1" 200 55537
140.205.127.176 - - [27/Mar/2019:13:52:50 +0800] "GET /static/qsong/js/bootstrap.min.js HTTP/1.1" 200 38233
140.205.127.165 - - [27/Mar/2019:13:52:50 +0800] "GET /static/qsong/img/loading.gif HTTP/1.1" 200 2418
140.205.127.136 - - [27/Mar/2019:13:52:50 +0800] "GET /static/qsong/img/logo.png HTTP/1.1" 200 6525
140.205.127.132 - - [27/Mar/2019:13:52:50 +0800] "GET /static/qsong/js/ias.js HTTP/1.1" 200 6502
140.205.127.165 - - [27/Mar/2019:13:52:50 +0800] "GET /static/qsong/img/wxqrcode.png HTTP/1.1" 200 40117
140.205.127.137 - - [27/Mar/2019:13:52:51 +0800] "GET /static/qsong/js/vue.min.js HTTP/1.1" 200 86452
140.205.127.167 - - [27/Mar/2019:13:52:51 +0800] "GET /static/qsong/css/font-awesome.min.css HTTP/1.1" 200 30933
140.205.127.150 - - [27/Mar/2019:13:52:51 +0800] "GET /static/qsong/img/Banner_guangyingshuihua.jpg HTTP/1.1" 200 40592
140.205.127.136 - - [27/Mar/2019:13:52:52 +0800] "GET /static/qsong/js/main.js HTTP/1.1" 200 20054
140.205.127.140 - - [27/Mar/2019:13:52:51 +0800] "GET /static/qsong/css/main.css HTTP/1.1" 200 92675
140.205.127.148 - - [27/Mar/2019:13:52:51 +0800] "GET /static/qsong/img/Banner_weimei.jpg HTTP/1.1" 200 165019
140.205.127.157 - - [27/Mar/2019:13:52:50 +0800] "GET /static/qsong/css/bootstrap.min.css HTTP/1.1" 200 100273
140.205.127.159 - - [27/Mar/2019:13:52:59 +0800] "GET /article/getRandArticle HTTP/1.1" 200 4810
140.205.127.145 - - [27/Mar/2019:13:52:59 +0800] "GET /article/getCountInfo HTTP/1.1" 200 282
140.205.127.175 - - [27/Mar/2019:13:52:59 +0800] "GET /article/getArticleList?ps=5&pn=1&sort=read HTTP/1.1" 200 4358
140.205.127.136 - - [27/Mar/2019:13:52:59 +0800] "GET /article/getArticleList?type=dz&ps=1&pn=1 HTTP/1.1" 200 1252
140.205.127.129 - - [27/Mar/2019:13:52:59 +0800] "GET /article/getArticleList?ps=10&pn=1 HTTP/1.1" 200 8623
140.205.127.166 - - [27/Mar/2019:13:52:59 +0800] "GET /article/getArticleList?type=video&ps=1&pn=1&sort=read HTTP/1.1" 200 1024
140.205.127.135 - - [27/Mar/2019:13:52:59 +0800] "GET /article/getArticleList?type=notice&ps=5&pn=1 HTTP/1.1" 200 1590
140.205.127.154 - - [27/Mar/2019:13:52:59 +0800] "GET /static/qsong/fonts/fontawesome-webfont.woff?v=4.7.0 HTTP/1.1" 200 98024
140.205.127.175 - - [27/Mar/2019:13:52:59 +0800] "GET /img/d3da5d9cc075175c86e35f42f5c8eb22.png HTTP/1.1" 200 28219
140.205.127.131 - - [27/Mar/2019:13:52:59 +0800] "GET /img/8d8f07d73c40110f2d2ee37304b51d7e.jpeg HTTP/1.1" 200 10397
140.205.127.174 - - [27/Mar/2019:13:52:59 +0800] "GET /favicon.ico HTTP/1.1" 200 1150
140.205.127.169 - - [27/Mar/2019:13:53:09 +0800] "GET /gif HTTP/1.1" 404 94
140.205.127.170 - - [27/Mar/2019:13:55:32 +0800] "GET /img/d5ed90209cf82ad6bfb30b9cc8540136.png HTTP/1.1" 200 29638
140.205.127.138 - - [27/Mar/2019:13:55:32 +0800] "GET /img/3bc0b6acc3d14918ae925b14f746d144.png HTTP/1.1" 200 80757
140.205.127.129 - - [27/Mar/2019:13:55:42 +0800] "GET /video HTTP/1.1" 404 94
223.166.151.233 - - [27/Mar/2019:13:57:06 +0800] "GET / HTTP/1.1" 302 51
223.166.151.233 - - [27/Mar/2019:13:57:06 +0800] "GET /static/qsong/html/home.html HTTP/1.1" 200 17961
223.166.151.233 - - [27/Mar/2019:13:57:06 +0800] "GET /static/qsong/css/bootstrap.min.css HTTP/1.1" 200 100273
223.166.151.236 - - [27/Mar/2019:13:57:06 +0800] "GET /static/qsong/css/main.css HTTP/1.1" 200 92675
223.166.151.233 - - [27/Mar/2019:13:57:06 +0800] "GET /static/qsong/css/font-awesome.min.css HTTP/1.1" 200 30933
223.166.151.236 - - [27/Mar/2019:13:57:07 +0800] "GET /static/qsong/js/bootstrap.min.js HTTP/1.1" 200 38233
223.166.151.234 - - [27/Mar/2019:13:57:07 +0800] "GET /static/qsong/js/ias.js HTTP/1.1" 200 6502
223.166.151.234 - - [27/Mar/2019:13:57:07 +0800] "GET /static/qsong/js/myajax.js HTTP/1.1" 200 8614
223.166.151.234 - - [27/Mar/2019:13:57:07 +0800] "GET /static/qsong/js/main.js HTTP/1.1" 200 20054
223.166.151.234 - - [27/Mar/2019:13:57:08 +0800] "GET /static/qsong/img/logo.png HTTP/1.1" 200 6525
223.166.151.234 - - [27/Mar/2019:13:57:08 +0800] "GET /static/qsong/img/Banner_woniu.jpg HTTP/1.1" 200 55537
223.166.151.234 - - [27/Mar/2019:13:57:07 +0800] "GET /static/qsong/js/jquery.min.js HTTP/1.1" 200 95992
58.246.221.142 - - [27/Mar/2019:13:57:06 +0800] "GET /static/qsong/js/vue.min.js HTTP/1.1" 200 86452
223.166.151.236 - - [27/Mar/2019:13:57:08 +0800] "GET /static/qsong/img/Banner_guangyingshuihua.jpg HTTP/1.1" 200 40592
223.166.151.236 - - [27/Mar/2019:13:57:09 +0800] "GET /static/qsong/img/Banner_weimei.jpg HTTP/1.1" 200 165019
223.166.151.234 - - [27/Mar/2019:13:57:09 +0800] "GET /static/qsong/img/loading.gif HTTP/1.1" 200 2418
223.166.151.234 - - [27/Mar/2019:13:57:09 +0800] "GET /static/qsong/img/wxqrcode.png HTTP/1.1" 200 40117
223.166.151.234 - - [27/Mar/2019:13:57:10 +0800] "GET /static/qsong/fonts/fontawesome-webfont.woff?v=4.7.0 HTTP/1.1" 200 98024
58.246.221.142 - - [27/Mar/2019:13:57:11 +0800] "GET /article/getArticleList?type=video&ps=1&pn=1&sort=read HTTP/1.1" 200 1024
223.166.151.234 - - [27/Mar/2019:13:57:11 +0800] "GET /article/getArticleList?ps=5&pn=1&sort=read HTTP/1.1" 200 4358
223.166.151.233 - - [27/Mar/2019:13:57:11 +0800] "GET /article/getArticleList?ps=10&pn=1 HTTP/1.1" 200 8623
58.246.221.142 - - [27/Mar/2019:13:57:11 +0800] "GET /article/getArticleList?type=dz&ps=1&pn=1 HTTP/1.1" 200 1252
223.166.151.234 - - [27/Mar/2019:13:57:11 +0800] "GET /article/getRandArticle HTTP/1.1" 200 4817
58.246.221.142 - - [27/Mar/2019:13:57:11 +0800] "GET /article/getArticleList?type=notice&ps=5&pn=1 HTTP/1.1" 200 1590
223.166.151.233 - - [27/Mar/2019:13:57:11 +0800] "GET /img/d3da5d9cc075175c86e35f42f5c8eb22.png HTTP/1.1" 200 28219
58.246.221.142 - - [27/Mar/2019:13:57:11 +0800] "GET /img/9f77d9bff62d54455c56db3fc5e5d05d.jpg HTTP/1.1" 200 39586
223.166.151.234 - - [27/Mar/2019:13:57:11 +0800] "GET /img/23d099ed578c01b05d19437375e26229.jpg HTTP/1.1" 200 29743
223.167.152.124 - - [27/Mar/2019:13:57:11 +0800] "GET /article/getCountInfo HTTP/1.1" 200 282
223.167.152.124 - - [27/Mar/2019:13:57:12 +0800] "GET /img/de5fd9655a1f0ed92e8becd32ed23a8a.jpg HTTP/1.1" 200 33711
223.166.151.233 - - [27/Mar/2019:13:57:12 +0800] "GET /img/5a880809bd9fe2962f8d362aaa2a3f5e.jpg HTTP/1.1" 200 7010
223.166.151.233 - - [27/Mar/2019:13:57:12 +0800] "GET /img/9b0f50528b3b61c7ac372ab6c6b17d10.jpg HTTP/1.1" 200 21217
223.166.151.234 - - [27/Mar/2019:13:57:13 +0800] "GET /img/af6eebd52f8c1d283605ec4782756ad0.jpg HTTP/1.1" 200 33668
223.166.151.233 - - [27/Mar/2019:13:57:13 +0800] "GET /img/3148f189c4b91de9b12faf96b0909b96.jpg HTTP/1.1" 200 46888
58.246.221.142 - - [27/Mar/2019:13:57:13 +0800] "GET /img/8d8f07d73c40110f2d2ee37304b51d7e.jpeg HTTP/1.1" 200 10397
58.246.221.142 - - [27/Mar/2019:13:57:13 +0800] "GET /img/5e55ad93394df693d8d1e31b3fd99202.jpg HTTP/1.1" 200 36642
223.167.152.124 - - [27/Mar/2019:13:57:13 +0800] "GET /img/d2f34652d93d88350c537c43b110e458.jpg HTTP/1.1" 200 43554
223.166.151.234 - - [27/Mar/2019:13:57:15 +0800] "GET /favicon.ico HTTP/1.1" 200 1150
101.200.101.208 - - [27/Mar/2019:13:58:22 +0800] "GET /article/getArticleList?ps=10&pn=1 HTTP/1.1" 200 8623
101.200.101.208 - - [27/Mar/2019:13:58:22 +0800] "GET /article/getArticleList?type=notice&ps=5&pn=1 HTTP/1.1" 200 1590
101.200.101.220 - - [27/Mar/2019:13:58:22 +0800] "GET /article/getArticleList?ps=5&pn=1&sort=read HTTP/1.1" 200 4358
101.200.101.207 - - [27/Mar/2019:13:58:22 +0800] "GET /article/getCountInfo HTTP/1.1" 200 282
101.200.101.205 - - [27/Mar/2019:13:58:22 +0800] "GET /article/getRandArticle HTTP/1.1" 200 4765
101.200.101.204 - - [27/Mar/2019:13:58:22 +0800] "GET /article/getArticleList?type=dz&ps=1&pn=1 HTTP/1.1" 200 1252
101.200.101.208 - - [27/Mar/2019:13:58:27 +0800] "GET /article/getArticleList?ps=10&pn=1 HTTP/1.1" 200 8623
101.200.101.204 - - [27/Mar/2019:13:58:27 +0800] "GET /article/getArticleList?type=dz&ps=1&pn=1 HTTP/1.1" 200 1252
101.200.101.220 - - [27/Mar/2019:13:58:27 +0800] "GET /article/getArticleList?ps=5&pn=1&sort=read HTTP/1.1" 200 4358
101.200.101.205 - - [27/Mar/2019:13:58:27 +0800] "GET /article/getRandArticle HTTP/1.1" 200 4034
101.200.101.208 - - [27/Mar/2019:13:58:27 +0800] "GET /article/getArticleList?type=notice&ps=5&pn=1 HTTP/1.1" 200 1590
101.200.101.219 - - [27/Mar/2019:13:58:27 +0800] "GET /article/getArticleList?type=video&ps=1&pn=1&sort=read HTTP/1.1" 200 1024
101.200.101.207 - - [27/Mar/2019:13:58:27 +0800] "GET /article/getCountInfo HTTP/1.1" 200 282
140.205.127.129 - - [27/Mar/2019:14:02:09 +0800] "GET /article/getArticleList?ps=10&pn=1 HTTP/1.1" 200 8623
140.205.127.175 - - [27/Mar/2019:14:02:09 +0800] "GET /article/getArticleList?ps=5&pn=1&sort=read HTTP/1.1" 200 4358
140.205.127.145 - - [27/Mar/2019:14:02:09 +0800] "GET /article/getCountInfo HTTP/1.1" 200 282
140.205.127.159 - - [27/Mar/2019:14:02:09 +0800] "GET /article/getRandArticle HTTP/1.1" 200 4852
140.205.127.166 - - [27/Mar/2019:14:02:09 +0800] "GET /article/getArticleList?type=video&ps=1&pn=1&sort=read HTTP/1.1" 200 1024
140.205.127.136 - - [27/Mar/2019:14:02:09 +0800] "GET /article/getArticleList?type=dz&ps=1&pn=1 HTTP/1.1" 200 1252
140.205.127.135 - - [27/Mar/2019:14:02:09 +0800] "GET /article/getArticleList?type=notice&ps=5&pn=1 HTTP/1.1" 200 1590
101.200.101.218 - - [27/Mar/2019:14:03:10 +0800] "GET /wx/wxlogin?code=0616QqgW1SZHHY0cWvhW1UxsgW16Qqgl HTTP/1.1" 200 109
101.200.101.207 - - [27/Mar/2019:14:04:06 +0800] "GET /article/getWxHomeList?ps=3 HTTP/1.1" 200 7667
101.200.101.212 - - [27/Mar/2019:14:04:06 +0800] "GET /article/getArticleList?ps=9&pn=1&sort=read HTTP/1.1" 200 8061
101.200.101.203 - - [27/Mar/2019:14:05:39 +0800] "GET /wx/wxlogin?code=001dI9M60dE8xD1z5rM60px5M60dI9Mg HTTP/1.1" 200 109
101.200.101.207 - - [27/Mar/2019:14:05:46 +0800] "GET /article/getWxHomeList?ps=3 HTTP/1.1" 200 7667
101.200.101.212 - - [27/Mar/2019:14:05:46 +0800] "GET /article/getArticleList?ps=9&pn=1&sort=read HTTP/1.1" 200 8061
101.200.101.220 - - [27/Mar/2019:14:05:47 +0800] "GET /wx/wxlogin?code=081xH8Uz135q4c00ETSz1KxqUz1xH8U7 HTTP/1.1" 200 109
101.200.101.205 - - [27/Mar/2019:14:05:50 +0800] "GET /article/getArticle?articleId=127&type=gif HTTP/1.1" 200 6481
101.200.101.217 - - [27/Mar/2019:14:05:50 +0800] "GET /wx/updateUserInfo?openid=ohp5o5BMACrai4-xF-xSQV9wed5k&avatarUrl=https%3A%2F%2Fwx.qlogo.cn%2Fmmopen%2Fvi_32%2FQ0j4TwGTfTL5nnDBU8Q0qSgwbZkT75PIHssalyib2QDYQrf0vuNBj2TWRnNZIfR1KPY7qMXGEAPWduLaZz9JcibA%2F132&nickName=ss&city=%E4%BF%A1%E9%98%B3&country=%E4%B8%AD%E5%9B%BD&province=%E6%B2%B3%E5%8D%97&gender=1&language=zh_CN HTTP/1.1" 200 101
101.200.101.214 - - [27/Mar/2019:14:05:50 +0800] "GET /wx/updateUserInfo?openid=ohp5o5BMACrai4-xF-xSQV9wed5k&avatarUrl=https%3A%2F%2Fwx.qlogo.cn%2Fmmopen%2Fvi_32%2FQ0j4TwGTfTL5nnDBU8Q0qSgwbZkT75PIHssalyib2QDYQrf0vuNBj2TWRnNZIfR1KPY7qMXGEAPWduLaZz9JcibA%2F132&nickName=ss&city=Xinyang&country=China&province=Henan&gender=1&language=zh_CN HTTP/1.1" 200 101
101.200.101.205 - - [27/Mar/2019:14:05:51 +0800] "GET /user/getNice?userId=2 HTTP/1.1" 200 2256
101.200.101.205 - - [27/Mar/2019:14:05:51 +0800] "GET /user/getNice?userId=2 HTTP/1.1" 200 2256
120.202.26.149 - - [27/Mar/2019:14:05:59 +0800] "GET /wx/wxlogin?code=021XZ3Gs1plPSl0GCwDs1aSJFs1XZ3Gf HTTP/1.1" 200 109
120.202.26.149 - - [27/Mar/2019:14:06:00 +0800] "GET /article/getArticleList?ps=9&pn=1&sort=read HTTP/1.1" 200 8061
120.202.26.149 - - [27/Mar/2019:14:06:00 +0800] "GET /article/getWxHomeList?ps=3 HTTP/1.1" 200 7667
120.202.26.149 - - [27/Mar/2019:14:06:01 +0800] "GET /img/9f77d9bff62d54455c56db3fc5e5d05d.jpg HTTP/1.1" 200 39586
120.202.26.149 - - [27/Mar/2019:14:06:01 +0800] "GET /img/23d099ed578c01b05d19437375e26229.jpg HTTP/1.1" 200 29743
120.202.26.149 - - [27/Mar/2019:14:06:01 +0800] "GET /img/de5fd9655a1f0ed92e8becd32ed23a8a.jpg HTTP/1.1" 200 33711
120.202.26.149 - - [27/Mar/2019:14:06:16 +0800] "GET /article/getArticleList?ps=10&pn=1&type=gif HTTP/1.1" 200 8338
120.202.26.149 - - [27/Mar/2019:14:06:16 +0800] "GET /img/5a880809bd9fe2962f8d362aaa2a3f5e.jpg HTTP/1.1" 200 7010
120.202.26.149 - - [27/Mar/2019:14:06:16 +0800] "GET /img/9b0f50528b3b61c7ac372ab6c6b17d10.jpg HTTP/1.1" 200 21217
120.202.26.149 - - [27/Mar/2019:14:06:17 +0800] "GET /img/383339be54b57256c6020a3d1dd945e4.jpg HTTP/1.1" 200 100915
101.200.101.211 - - [27/Mar/2019:14:06:32 +0800] "GET /article/getArticleList?ps=10&pn=1&type=gif HTTP/1.1" 200 8338
101.200.101.202 - - [27/Mar/2019:14:06:38 +0800] "GET /wx/postFormId?formItem=%5B%7B%22openId%22%3A%22ohp5o5BMACrai4-xF-xSQV9wed5k%22%2C%22formId%22%3A%227586022f91914237b866466f56e2be77%22%2C%22expire%22%3A1554271549%7D%5D HTTP/1.1" 200 1
120.202.26.149 - - [27/Mar/2019:14:09:54 +0800] "GET / HTTP/1.1" 302 51
120.202.26.149 - - [27/Mar/2019:14:09:54 +0800] "GET /static/qsong/html/home.html HTTP/1.1" 200 17961
120.202.26.149 - - [27/Mar/2019:14:09:54 +0800] "GET /static/qsong/css/bootstrap.min.css HTTP/1.1" 200 100273
120.202.26.149 - - [27/Mar/2019:14:09:54 +0800] "GET /static/qsong/css/font-awesome.min.css HTTP/1.1" 200 30933
120.202.26.149 - - [27/Mar/2019:14:09:54 +0800] "GET /static/qsong/css/main.css HTTP/1.1" 200 92675
120.202.26.149 - - [27/Mar/2019:14:09:54 +0800] "GET /static/qsong/js/vue.min.js HTTP/1.1" 200 86452
120.202.26.149 - - [27/Mar/2019:14:09:54 +0800] "GET /static/qsong/js/jquery.min.js HTTP/1.1" 200 95992
120.202.26.149 - - [27/Mar/2019:14:09:54 +0800] "GET /static/qsong/js/myajax.js HTTP/1.1" 200 8614
120.202.26.149 - - [27/Mar/2019:14:09:54 +0800] "GET /static/qsong/js/bootstrap.min.js HTTP/1.1" 200 38233
120.202.26.149 - - [27/Mar/2019:14:09:54 +0800] "GET /static/qsong/js/ias.js HTTP/1.1" 200 6502
120.202.26.149 - - [27/Mar/2019:14:09:55 +0800] "GET /static/qsong/img/logo.png HTTP/1.1" 200 6525
120.202.26.149 - - [27/Mar/2019:14:09:55 +0800] "GET /static/qsong/img/Banner_woniu.jpg HTTP/1.1" 200 55537
120.202.26.149 - - [27/Mar/2019:14:09:55 +0800] "GET /static/qsong/img/Banner_guangyingshuihua.jpg HTTP/1.1" 200 40592
120.202.26.149 - - [27/Mar/2019:14:09:56 +0800] "GET /static/qsong/img/loading.gif HTTP/1.1" 200 2418
120.202.26.149 - - [27/Mar/2019:14:09:56 +0800] "GET /static/qsong/img/wxqrcode.png HTTP/1.1" 200 40117
120.202.26.149 - - [27/Mar/2019:14:09:56 +0800] "GET /static/qsong/js/main.js HTTP/1.1" 200 20054
120.202.26.149 - - [27/Mar/2019:14:09:55 +0800] "GET /static/qsong/img/Banner_weimei.jpg HTTP/1.1" 200 165019
120.202.26.149 - - [27/Mar/2019:14:09:59 +0800] "GET /article/getArticleList?ps=5&pn=1&sort=read HTTP/1.1" 200 4358
120.202.26.149 - - [27/Mar/2019:14:09:59 +0800] "GET /article/getArticleList?type=video&ps=1&pn=1&sort=read HTTP/1.1" 200 1024
120.202.26.149 - - [27/Mar/2019:14:09:59 +0800] "GET /article/getArticleList?type=dz&ps=1&pn=1 HTTP/1.1" 200 1252
120.202.26.149 - - [27/Mar/2019:14:09:59 +0800] "GET /article/getArticleList?ps=10&pn=1 HTTP/1.1" 200 8623
120.202.26.149 - - [27/Mar/2019:14:09:59 +0800] "GET /article/getCountInfo HTTP/1.1" 200 282
120.202.26.149 - - [27/Mar/2019:14:09:59 +0800] "GET /article/getArticleList?type=notice&ps=5&pn=1 HTTP/1.1" 200 1590
120.202.26.149 - - [27/Mar/2019:14:09:59 +0800] "GET /article/getRandArticle HTTP/1.1" 200 4075
120.202.26.149 - - [27/Mar/2019:14:09:59 +0800] "GET /img/d3da5d9cc075175c86e35f42f5c8eb22.png HTTP/1.1" 200 28219
120.202.26.149 - - [27/Mar/2019:14:09:59 +0800] "GET /img/9f77d9bff62d54455c56db3fc5e5d05d.jpg HTTP/1.1" 200 39586
120.202.26.149 - - [27/Mar/2019:14:09:59 +0800] "GET /img/23d099ed578c01b05d19437375e26229.jpg HTTP/1.1" 200 29743
120.202.26.149 - - [27/Mar/2019:14:09:59 +0800] "GET /img/de5fd9655a1f0ed92e8becd32ed23a8a.jpg HTTP/1.1" 200 33711
120.202.26.149 - - [27/Mar/2019:14:10:00 +0800] "GET /img/5a880809bd9fe2962f8d362aaa2a3f5e.jpg HTTP/1.1" 200 7010
120.202.26.149 - - [27/Mar/2019:14:10:00 +0800] "GET /img/9b0f50528b3b61c7ac372ab6c6b17d10.jpg HTTP/1.1" 200 21217
120.202.26.149 - - [27/Mar/2019:14:10:00 +0800] "GET /img/af6eebd52f8c1d283605ec4782756ad0.jpg HTTP/1.1" 200 33668
120.202.26.149 - - [27/Mar/2019:14:10:00 +0800] "GET /img/3148f189c4b91de9b12faf96b0909b96.jpg HTTP/1.1" 200 46888
120.202.26.149 - - [27/Mar/2019:14:10:01 +0800] "GET /img/8d8f07d73c40110f2d2ee37304b51d7e.jpeg HTTP/1.1" 200 10397
120.202.26.149 - - [27/Mar/2019:14:10:01 +0800] "GET /img/5e55ad93394df693d8d1e31b3fd99202.jpg HTTP/1.1" 200 36642
120.202.26.149 - - [27/Mar/2019:14:10:01 +0800] "GET /img/d2f34652d93d88350c537c43b110e458.jpg HTTP/1.1" 200 43554
120.202.26.149 - - [27/Mar/2019:14:09:59 +0800] "GET /static/qsong/fonts/fontawesome-webfont.eot? HTTP/1.1" 200 165742
120.202.26.149 - - [27/Mar/2019:14:10:04 +0800] "GET /favicon.ico HTTP/1.1" 200 1150
120.202.26.149 - - [27/Mar/2019:14:11:23 +0800] "GET /img/9f77d9bff62d54455c56db3fc5e5d05d.jpg HTTP/1.1" 200 39586
120.202.26.149 - - [27/Mar/2019:14:11:23 +0800] "GET /img/de5fd9655a1f0ed92e8becd32ed23a8a.jpg HTTP/1.1" 200 33711
120.202.26.149 - - [27/Mar/2019:14:11:23 +0800] "GET /img/23d099ed578c01b05d19437375e26229.jpg HTTP/1.1" 200 29743
120.202.26.149 - - [27/Mar/2019:14:11:23 +0800] "GET /img/5a880809bd9fe2962f8d362aaa2a3f5e.jpg HTTP/1.1" 200 7010
120.202.26.149 - - [27/Mar/2019:14:11:24 +0800] "GET /img/9b0f50528b3b61c7ac372ab6c6b17d10.jpg HTTP/1.1" 200 21217
120.202.26.149 - - [27/Mar/2019:14:11:24 +0800] "GET /img/af6eebd52f8c1d283605ec4782756ad0.jpg HTTP/1.1" 200 33668
120.202.26.149 - - [27/Mar/2019:14:11:24 +0800] "GET /img/3148f189c4b91de9b12faf96b0909b96.jpg HTTP/1.1" 200 46888
120.202.26.149 - - [27/Mar/2019:14:11:24 +0800] "GET /img/5e55ad93394df693d8d1e31b3fd99202.jpg HTTP/1.1" 200 36642
120.202.26.149 - - [27/Mar/2019:14:11:25 +0800] "GET /img/383339be54b57256c6020a3d1dd945e4.jpg HTTP/1.1" 200 100915
120.202.26.149 - - [27/Mar/2019:14:11:25 +0800] "GET /img/d2f34652d93d88350c537c43b110e458.jpg HTTP/1.1" 200 43554
120.202.26.149 - - [27/Mar/2019:14:11:31 +0800] "GET /img/8d8f07d73c40110f2d2ee37304b51d7e.jpeg HTTP/1.1" 200 10397
120.202.26.149 - - [27/Mar/2019:14:11:31 +0800] "GET /img/d3da5d9cc075175c86e35f42f5c8eb22.png HTTP/1.1" 200 28219
120.202.26.149 - - [27/Mar/2019:14:11:43 +0800] "GET / HTTP/1.1" 302 51
120.202.26.149 - - [27/Mar/2019:14:11:43 +0800] "GET /static/qsong/html/home.html HTTP/1.1" 200 17961
120.202.26.149 - - [27/Mar/2019:14:11:43 +0800] "GET /static/qsong/css/bootstrap.min.css HTTP/1.1" 200 100273
120.202.26.149 - - [27/Mar/2019:14:11:43 +0800] "GET /static/qsong/css/font-awesome.min.css HTTP/1.1" 200 30933
120.202.26.149 - - [27/Mar/2019:14:11:43 +0800] "GET /static/qsong/css/main.css HTTP/1.1" 200 92675
120.202.26.149 - - [27/Mar/2019:14:11:43 +0800] "GET /static/qsong/js/vue.min.js HTTP/1.1" 200 86452
120.202.26.149 - - [27/Mar/2019:14:11:43 +0800] "GET /static/qsong/js/myajax.js HTTP/1.1" 200 8614
120.202.26.149 - - [27/Mar/2019:14:11:43 +0800] "GET /static/qsong/js/jquery.min.js HTTP/1.1" 200 95992
120.202.26.149 - - [27/Mar/2019:14:11:43 +0800] "GET /static/qsong/js/bootstrap.min.js HTTP/1.1" 200 38233
120.202.26.149 - - [27/Mar/2019:14:11:43 +0800] "GET /static/qsong/js/ias.js HTTP/1.1" 200 6502
120.202.26.149 - - [27/Mar/2019:14:11:43 +0800] "GET /static/qsong/img/logo.png HTTP/1.1" 200 6525
120.202.26.149 - - [27/Mar/2019:14:11:44 +0800] "GET /static/qsong/img/Banner_woniu.jpg HTTP/1.1" 200 55537
120.202.26.149 - - [27/Mar/2019:14:11:44 +0800] "GET /static/qsong/img/Banner_guangyingshuihua.jpg HTTP/1.1" 200 40592
120.202.26.149 - - [27/Mar/2019:14:11:44 +0800] "GET /static/qsong/img/loading.gif HTTP/1.1" 200 2418
120.202.26.149 - - [27/Mar/2019:14:11:44 +0800] "GET /static/qsong/img/wxqrcode.png HTTP/1.1" 200 40117
120.202.26.149 - - [27/Mar/2019:14:11:45 +0800] "GET /static/qsong/js/main.js HTTP/1.1" 200 20054
120.202.26.149 - - [27/Mar/2019:14:11:44 +0800] "GET /static/qsong/img/Banner_weimei.jpg HTTP/1.1" 200 165019
120.202.26.149 - - [27/Mar/2019:14:11:48 +0800] "GET /article/getArticleList?ps=5&pn=1&sort=read HTTP/1.1" 200 4358
120.202.26.149 - - [27/Mar/2019:14:11:48 +0800] "GET /article/getArticleList?type=video&ps=1&pn=1&sort=read HTTP/1.1" 200 1024
120.202.26.149 - - [27/Mar/2019:14:11:48 +0800] "GET /article/getArticleList?ps=10&pn=1 HTTP/1.1" 200 8623
120.202.26.149 - - [27/Mar/2019:14:11:48 +0800] "GET /article/getArticleList?type=dz&ps=1&pn=1 HTTP/1.1" 200 1252
120.202.26.149 - - [27/Mar/2019:14:11:48 +0800] "GET /article/getRandArticle HTTP/1.1" 200 4102
120.202.26.149 - - [27/Mar/2019:14:11:48 +0800] "GET /article/getCountInfo HTTP/1.1" 200 282
120.202.26.149 - - [27/Mar/2019:14:11:48 +0800] "GET /article/getArticleList?type=notice&ps=5&pn=1 HTTP/1.1" 200 1590
120.202.26.149 - - [27/Mar/2019:14:11:48 +0800] "GET /static/qsong/fonts/fontawesome-webfont.eot? HTTP/1.1" 200 165742
120.202.26.149 - - [27/Mar/2019:14:11:49 +0800] "GET /favicon.ico HTTP/1.1" 200 1150
120.202.26.149 - - [27/Mar/2019:14:12:09 +0800] "-" 408 -
61.147.73.187 - - [27/Mar/2019:14:16:11 +0800] "GET /article/getArticleList?ps=9&pn=1&sort=read HTTP/1.1" 200 8061
61.147.73.169 - - [27/Mar/2019:14:16:11 +0800] "GET /article/getWxHomeList?ps=3 HTTP/1.1" 200 7667
101.200.101.217 - - [27/Mar/2019:14:16:12 +0800] "GET /wx/wxlogin?code=081AR8px1LjAM90tsFqx1V0Yox1AR8pN HTTP/1.1" 200 109
120.202.26.149 - - [27/Mar/2019:14:17:20 +0800] "GET /article/getArticleList?ps=5&pn=1&sort=read HTTP/1.1" 200 4358
120.202.26.149 - - [27/Mar/2019:14:17:20 +0800] "GET /article/getArticleList?type=video&ps=1&pn=1&sort=read HTTP/1.1" 200 1024
120.202.26.149 - - [27/Mar/2019:14:17:20 +0800] "GET /article/getArticleList?ps=10&pn=1 HTTP/1.1" 200 8623
120.202.26.149 - - [27/Mar/2019:14:17:21 +0800] "GET /article/getArticleList?type=dz&ps=1&pn=1 HTTP/1.1" 200 1252
120.202.26.149 - - [27/Mar/2019:14:17:21 +0800] "GET /article/getRandArticle HTTP/1.1" 200 4878
120.202.26.149 - - [27/Mar/2019:14:17:21 +0800] "GET /article/getArticleList?type=notice&ps=5&pn=1 HTTP/1.1" 200 1590
120.202.26.149 - - [27/Mar/2019:14:17:21 +0800] "GET /article/getCountInfo HTTP/1.1" 200 282
120.202.26.149 - - [27/Mar/2019:14:17:24 +0800] "GET /gif HTTP/1.1" 404 94
120.202.26.149 - - [27/Mar/2019:14:17:34 +0800] "GET /video HTTP/1.1" 404 94
120.202.26.149 - - [27/Mar/2019:14:18:06 +0800] "GET /video HTTP/1.1" 404 94
120.202.26.149 - - [27/Mar/2019:14:18:08 +0800] "GET /video HTTP/1.1" 404 94
120.202.26.149 - - [27/Mar/2019:14:19:20 +0800] "GET /video HTTP/1.1" 404 94
140.205.127.170 - - [27/Mar/2019:14:21:44 +0800] "GET /img/d5ed90209cf82ad6bfb30b9cc8540136.png HTTP/1.1" 200 29638
140.205.127.138 - - [27/Mar/2019:14:21:44 +0800] "GET /img/3bc0b6acc3d14918ae925b14f746d144.png HTTP/1.1" 200 80757
140.205.127.129 - - [27/Mar/2019:14:25:08 +0800] "GET /video HTTP/1.1" 404 94
140.205.127.145 - - [27/Mar/2019:14:25:22 +0800] "GET /article/getCountInfo HTTP/1.1" 200 282
140.205.127.129 - - [27/Mar/2019:14:25:22 +0800] "GET /article/getArticleList?ps=10&pn=1 HTTP/1.1" 200 8623
140.205.127.175 - - [27/Mar/2019:14:25:22 +0800] "GET /article/getArticleList?ps=5&pn=1&sort=read HTTP/1.1" 200 4358
140.205.127.136 - - [27/Mar/2019:14:25:22 +0800] "GET /article/getArticleList?type=dz&ps=1&pn=1 HTTP/1.1" 200 1252
140.205.127.159 - - [27/Mar/2019:14:25:22 +0800] "GET /article/getRandArticle HTTP/1.1" 200 4072
140.205.127.166 - - [27/Mar/2019:14:25:22 +0800] "GET /article/getArticleList?type=video&ps=1&pn=1&sort=read HTTP/1.1" 200 1024
140.205.127.135 - - [27/Mar/2019:14:25:22 +0800] "GET /article/getArticleList?type=notice&ps=5&pn=1 HTTP/1.1" 200 1590
140.205.127.169 - - [27/Mar/2019:14:25:26 +0800] "GET /gif HTTP/1.1" 404 94
120.202.26.149 - - [27/Mar/2019:14:25:48 +0800] "GET / HTTP/1.1" 302 51
120.202.26.149 - - [27/Mar/2019:14:25:48 +0800] "GET /static/qsong/html/home.html HTTP/1.1" 200 17961
120.202.26.149 - - [27/Mar/2019:14:25:49 +0800] "GET /static/qsong/css/font-awesome.min.css HTTP/1.1" 200 30933
120.202.26.149 - - [27/Mar/2019:14:25:49 +0800] "GET /static/qsong/css/bootstrap.min.css HTTP/1.1" 200 100273
120.202.26.149 - - [27/Mar/2019:14:25:49 +0800] "GET /static/qsong/css/main.css HTTP/1.1" 200 92675
120.202.26.149 - - [27/Mar/2019:14:25:49 +0800] "GET /static/qsong/js/vue.min.js HTTP/1.1" 200 86452
120.202.26.149 - - [27/Mar/2019:14:25:49 +0800] "GET /static/qsong/js/myajax.js HTTP/1.1" 200 8614
120.202.26.149 - - [27/Mar/2019:14:25:49 +0800] "GET /static/qsong/js/jquery.min.js HTTP/1.1" 200 95992
120.202.26.149 - - [27/Mar/2019:14:25:49 +0800] "GET /static/qsong/img/logo.png HTTP/1.1" 200 6525
120.202.26.149 - - [27/Mar/2019:14:25:49 +0800] "GET /static/qsong/img/Banner_woniu.jpg HTTP/1.1" 200 55537
120.202.26.149 - - [27/Mar/2019:14:25:49 +0800] "GET /static/qsong/js/bootstrap.min.js HTTP/1.1" 200 38233
120.202.26.149 - - [27/Mar/2019:14:25:50 +0800] "GET /static/qsong/js/ias.js HTTP/1.1" 200 6502
120.202.26.149 - - [27/Mar/2019:14:25:50 +0800] "GET /static/qsong/img/Banner_guangyingshuihua.jpg HTTP/1.1" 200 40592
120.202.26.149 - - [27/Mar/2019:14:25:51 +0800] "GET /static/qsong/img/loading.gif HTTP/1.1" 200 2418
120.202.26.149 - - [27/Mar/2019:14:25:51 +0800] "GET /static/qsong/js/main.js HTTP/1.1" 200 20054
120.202.26.149 - - [27/Mar/2019:14:25:51 +0800] "GET /static/qsong/img/Banner_weimei.jpg HTTP/1.1" 200 165019
120.202.26.149 - - [27/Mar/2019:14:25:52 +0800] "GET /static/qsong/img/wxqrcode.png HTTP/1.1" 200 40117
120.202.26.149 - - [27/Mar/2019:14:25:53 +0800] "GET /article/getArticleList?ps=5&pn=1&sort=read HTTP/1.1" 200 4358
120.202.26.149 - - [27/Mar/2019:14:25:53 +0800] "GET /article/getArticleList?type=video&ps=1&pn=1&sort=read HTTP/1.1" 200 1024
120.202.26.149 - - [27/Mar/2019:14:25:53 +0800] "GET /article/getArticleList?ps=10&pn=1 HTTP/1.1" 200 8623
120.202.26.149 - - [27/Mar/2019:14:25:53 +0800] "GET /article/getArticleList?type=dz&ps=1&pn=1 HTTP/1.1" 200 1252
120.202.26.149 - - [27/Mar/2019:14:25:53 +0800] "GET /article/getRandArticle HTTP/1.1" 200 4131
120.202.26.149 - - [27/Mar/2019:14:25:53 +0800] "GET /static/qsong/fonts/fontawesome-webfont.woff?v=4.7.0 HTTP/1.1" 200 98024
120.202.26.149 - - [27/Mar/2019:14:25:53 +0800] "GET /article/getArticleList?type=notice&ps=5&pn=1 HTTP/1.1" 200 1590
120.202.26.149 - - [27/Mar/2019:14:25:53 +0800] "GET /article/getCountInfo HTTP/1.1" 200 282
120.202.26.149 - - [27/Mar/2019:14:25:53 +0800] "GET /img/d3da5d9cc075175c86e35f42f5c8eb22.png HTTP/1.1" 200 28219
120.202.26.149 - - [27/Mar/2019:14:25:54 +0800] "GET /gif HTTP/1.1" 404 94
120.202.26.149 - - [27/Mar/2019:14:25:54 +0800] "GET /favicon.ico HTTP/1.1" 200 1150
120.202.26.149 - - [27/Mar/2019:14:27:20 +0800] "GET /video HTTP/1.1" 404 94
120.202.26.149 - - [27/Mar/2019:14:27:25 +0800] "GET /jokes HTTP/1.1" 404 94
140.205.127.166 - - [27/Mar/2019:14:33:30 +0800] "GET /article/getArticleList?type=video&ps=1&pn=1&sort=read HTTP/1.1" 200 1024
140.205.127.159 - - [27/Mar/2019:14:33:30 +0800] "GET /article/getRandArticle HTTP/1.1" 200 4041
140.205.127.175 - - [27/Mar/2019:14:33:30 +0800] "GET /article/getArticleList?ps=5&pn=1&sort=read HTTP/1.1" 200 4358
140.205.127.135 - - [27/Mar/2019:14:33:30 +0800] "GET /article/getArticleList?type=notice&ps=5&pn=1 HTTP/1.1" 200 1590
140.205.127.129 - - [27/Mar/2019:14:33:30 +0800] "GET /article/getArticleList?ps=10&pn=1 HTTP/1.1" 200 8623
140.205.127.136 - - [27/Mar/2019:14:33:30 +0800] "GET /article/getArticleList?type=dz&ps=1&pn=1 HTTP/1.1" 200 1252
140.205.127.145 - - [27/Mar/2019:14:33:31 +0800] "GET /article/getCountInfo HTTP/1.1" 200 282
140.205.127.169 - - [27/Mar/2019:14:33:35 +0800] "GET /gif HTTP/1.1" 404 94
140.205.127.167 - - [27/Mar/2019:14:33:50 +0800] "GET /article/getArticleList?ps=9&pn=1&sort=read HTTP/1.1" 200 8061
140.205.127.149 - - [27/Mar/2019:14:33:50 +0800] "GET /article/getWxHomeList?ps=3 HTTP/1.1" 200 7667
140.205.127.144 - - [27/Mar/2019:14:33:50 +0800] "GET /wx/wxlogin?code=001krCcS06VXJ627MmcS06CEcS0krCci HTTP/1.1" 200 109
120.202.26.149 - - [27/Mar/2019:14:35:15 +0800] "-" 408 -
140.205.127.130 - - [27/Mar/2019:14:35:29 +0800] "GET /img/9f77d9bff62d54455c56db3fc5e5d05d.jpg HTTP/1.1" 200 39586
140.205.127.172 - - [27/Mar/2019:14:35:30 +0800] "GET /img/9b0f50528b3b61c7ac372ab6c6b17d10.jpg HTTP/1.1" 200 21217
140.205.127.129 - - [27/Mar/2019:14:35:31 +0800] "GET /img/de5fd9655a1f0ed92e8becd32ed23a8a.jpg HTTP/1.1" 200 33711
140.205.127.135 - - [27/Mar/2019:14:35:31 +0800] "GET /img/d2f34652d93d88350c537c43b110e458.jpg HTTP/1.1" 200 43554
140.205.127.133 - - [27/Mar/2019:14:35:32 +0800] "GET /img/5e55ad93394df693d8d1e31b3fd99202.jpg HTTP/1.1" 200 36642
140.205.127.151 - - [27/Mar/2019:14:35:32 +0800] "GET /img/23d099ed578c01b05d19437375e26229.jpg HTTP/1.1" 200 29743
140.205.127.134 - - [27/Mar/2019:14:35:32 +0800] "GET /img/3148f189c4b91de9b12faf96b0909b96.jpg HTTP/1.1" 200 46888
140.205.127.148 - - [27/Mar/2019:14:35:32 +0800] "GET /img/5a880809bd9fe2962f8d362aaa2a3f5e.jpg HTTP/1.1" 200 7010
140.205.127.163 - - [27/Mar/2019:14:35:33 +0800] "GET /img/af6eebd52f8c1d283605ec4782756ad0.jpg HTTP/1.1" 200 33668
140.205.127.133 - - [27/Mar/2019:14:35:33 +0800] "GET /img/383339be54b57256c6020a3d1dd945e4.jpg HTTP/1.1" 200 100915
140.205.127.169 - - [27/Mar/2019:14:35:43 +0800] "GET /gif HTTP/1.1" 404 94
140.205.127.171 - - [27/Mar/2019:14:35:53 +0800] "GET /css/main.css HTTP/1.1" 404 94
140.205.127.137 - - [27/Mar/2019:14:35:53 +0800] "GET /js/jquery.min.js HTTP/1.1" 404 94
140.205.127.165 - - [27/Mar/2019:14:35:53 +0800] "GET /js/ias.js HTTP/1.1" 404 94
140.205.127.164 - - [27/Mar/2019:14:35:54 +0800] "GET /image/loading.gif HTTP/1.1" 404 94
140.205.127.158 - - [27/Mar/2019:14:35:54 +0800] "GET /css/bootstrap.min.css HTTP/1.1" 404 94
140.205.127.158 - - [27/Mar/2019:14:35:54 +0800] "GET /js/bootstrap.min.js HTTP/1.1" 404 94
140.205.127.133 - - [27/Mar/2019:14:35:54 +0800] "GET /_nuxt/298073f0bb8b7c52947f.js HTTP/1.1" 404 94
140.205.127.167 - - [27/Mar/2019:14:35:54 +0800] "GET /image/wxapp.jpg HTTP/1.1" 404 94
140.205.127.169 - - [27/Mar/2019:14:35:54 +0800] "GET /css/font-awesome.min.css HTTP/1.1" 404 94
140.205.127.163 - - [27/Mar/2019:14:35:54 +0800] "GET /image/logo.png HTTP/1.1" 404 94
140.205.127.170 - - [27/Mar/2019:14:35:54 +0800] "GET /_nuxt/dea9059e4f4e2f95a275.js HTTP/1.1" 404 94
140.205.127.175 - - [27/Mar/2019:14:35:54 +0800] "GET /js/main.js HTTP/1.1" 404 94
140.205.127.136 - - [27/Mar/2019:14:35:54 +0800] "GET /image/wxqrcode.png HTTP/1.1" 404 94
140.205.127.131 - - [27/Mar/2019:14:36:51 +0800] "GET /img/8d8f07d73c40110f2d2ee37304b51d7e.jpeg HTTP/1.1" 200 10397
140.205.127.175 - - [27/Mar/2019:14:36:52 +0800] "GET /img/d3da5d9cc075175c86e35f42f5c8eb22.png HTTP/1.1" 200 28219
140.205.127.157 - - [27/Mar/2019:14:36:56 +0800] "GET / HTTP/1.1" 302 51
140.205.127.145 - - [27/Mar/2019:14:36:56 +0800] "GET /static/qsong/html/home.html HTTP/1.1" 200 17961
140.205.127.157 - - [27/Mar/2019:14:36:56 +0800] "GET /static/qsong/css/bootstrap.min.css HTTP/1.1" 200 100273
140.205.127.137 - - [27/Mar/2019:14:36:57 +0800] "GET /static/qsong/js/vue.min.js HTTP/1.1" 200 86452
140.205.127.140 - - [27/Mar/2019:14:36:57 +0800] "GET /static/qsong/css/main.css HTTP/1.1" 200 92675
140.205.127.163 - - [27/Mar/2019:14:36:57 +0800] "GET /static/qsong/img/Banner_woniu.jpg HTTP/1.1" 200 55537
140.205.127.167 - - [27/Mar/2019:14:36:57 +0800] "GET /static/qsong/css/font-awesome.min.css HTTP/1.1" 200 30933
140.205.127.163 - - [27/Mar/2019:14:36:57 +0800] "GET /static/qsong/js/myajax.js HTTP/1.1" 200 8614
140.205.127.136 - - [27/Mar/2019:14:36:57 +0800] "GET /static/qsong/img/logo.png HTTP/1.1" 200 6525
140.205.127.176 - - [27/Mar/2019:14:36:57 +0800] "GET /static/qsong/js/bootstrap.min.js HTTP/1.1" 200 38233
140.205.127.148 - - [27/Mar/2019:14:36:57 +0800] "GET /static/qsong/js/jquery.min.js HTTP/1.1" 200 95992
140.205.127.132 - - [27/Mar/2019:14:36:59 +0800] "GET /static/qsong/js/ias.js HTTP/1.1" 200 6502
140.205.127.150 - - [27/Mar/2019:14:36:59 +0800] "GET /static/qsong/img/Banner_guangyingshuihua.jpg HTTP/1.1" 200 40592
140.205.127.165 - - [27/Mar/2019:14:37:00 +0800] "GET /static/qsong/img/loading.gif HTTP/1.1" 200 2418
140.205.127.136 - - [27/Mar/2019:14:37:00 +0800] "GET /static/qsong/js/main.js HTTP/1.1" 200 20054
140.205.127.148 - - [27/Mar/2019:14:36:59 +0800] "GET /static/qsong/img/Banner_weimei.jpg HTTP/1.1" 200 165019
140.205.127.165 - - [27/Mar/2019:14:37:00 +0800] "GET /static/qsong/img/wxqrcode.png HTTP/1.1" 200 40117
140.205.127.165 - - [27/Mar/2019:14:37:03 +0800] "GET /static/qsong/js/jquery.min.map HTTP/1.1" 404 94
140.205.127.154 - - [27/Mar/2019:14:37:03 +0800] "GET /static/qsong/fonts/fontawesome-webfont.woff?v=4.7.0 HTTP/1.1" 200 98024
140.205.127.136 - - [27/Mar/2019:14:37:03 +0800] "GET /article/getArticleList?type=dz&ps=1&pn=1 HTTP/1.1" 200 1252
140.205.127.159 - - [27/Mar/2019:14:37:03 +0800] "GET /article/getRandArticle HTTP/1.1" 200 4819
140.205.127.175 - - [27/Mar/2019:14:37:03 +0800] "GET /article/getArticleList?ps=5&pn=1&sort=read HTTP/1.1" 200 4358
140.205.127.129 - - [27/Mar/2019:14:37:03 +0800] "GET /article/getArticleList?ps=10&pn=1 HTTP/1.1" 200 8623
140.205.127.166 - - [27/Mar/2019:14:37:04 +0800] "GET /article/getArticleList?type=video&ps=1&pn=1&sort=read HTTP/1.1" 200 1024
140.205.127.135 - - [27/Mar/2019:14:37:04 +0800] "GET /article/getArticleList?type=notice&ps=5&pn=1 HTTP/1.1" 200 1590
140.205.127.145 - - [27/Mar/2019:14:37:04 +0800] "GET /article/getCountInfo HTTP/1.1" 200 282
140.205.127.169 - - [27/Mar/2019:14:37:48 +0800] "GET /gif HTTP/1.1" 404 94
140.205.127.129 - - [27/Mar/2019:14:38:02 +0800] "GET /video HTTP/1.1" 404 94
61.147.73.173 - - [27/Mar/2019:14:38:13 +0800] "GET /video HTTP/1.1" 404 94
61.147.73.160 - - [27/Mar/2019:14:42:42 +0800] "GET /article/getArticleList?type=notice&ps=5&pn=1 HTTP/1.1" 200 1590
61.147.73.179 - - [27/Mar/2019:14:42:42 +0800] "GET /article/getArticleList?ps=5&pn=1&sort=read HTTP/1.1" 200 4358
61.147.73.155 - - [27/Mar/2019:14:42:42 +0800] "GET /article/getRandArticle HTTP/1.1" 200 4106
140.205.127.145 - - [27/Mar/2019:14:42:42 +0800] "GET /article/getCountInfo HTTP/1.1" 200 282
101.200.101.219 - - [27/Mar/2019:14:42:42 +0800] "GET /article/getArticleList?type=video&ps=1&pn=1&sort=read HTTP/1.1" 200 1024
140.205.127.136 - - [27/Mar/2019:14:42:42 +0800] "GET /article/getArticleList?type=dz&ps=1&pn=1 HTTP/1.1" 200 1252
140.205.127.129 - - [27/Mar/2019:14:42:42 +0800] "GET /article/getArticleList?ps=10&pn=1 HTTP/1.1" 200 8623
120.202.26.149 - - [27/Mar/2019:14:46:15 +0800] "GET /video HTTP/1.1" 404 94
120.202.26.149 - - [27/Mar/2019:14:46:15 +0800] "GET /favicon.ico HTTP/1.1" 200 1150
120.202.26.149 - - [27/Mar/2019:14:48:04 +0800] "GET /gif HTTP/1.1" 404 94
103.3.63.90 - - [27/Mar/2019:14:48:54 +0800] "GET / HTTP/1.0" 400 362
103.3.63.90 - - [27/Mar/2019:14:48:55 +0800] "GET /api/v1 HTTP/1.1" 404 94
120.202.26.149 - - [27/Mar/2019:14:53:00 +0800] "GET /gif HTTP/1.1" 200 6155
120.202.26.149 - - [27/Mar/2019:14:53:00 +0800] "GET /js/newajax.js HTTP/1.1" 200 164
120.202.26.149 - - [27/Mar/2019:14:53:00 +0800] "GET /css/bootstrap.min.css HTTP/1.1" 200 16330
120.202.26.149 - - [27/Mar/2019:14:53:00 +0800] "GET /css/main.css HTTP/1.1" 200 18617
120.202.26.149 - - [27/Mar/2019:14:53:00 +0800] "GET /_nuxt/ef31d1abbeccd5397917.js HTTP/1.1" 200 13747
120.202.26.149 - - [27/Mar/2019:14:53:00 +0800] "GET /_nuxt/298073f0bb8b7c52947f.js HTTP/1.1" 200 4769
120.202.26.149 - - [27/Mar/2019:14:53:00 +0800] "GET /css/font-awesome.min.css HTTP/1.1" 200 7046
120.202.26.149 - - [27/Mar/2019:14:53:00 +0800] "GET /_nuxt/dea9059e4f4e2f95a275.js HTTP/1.1" 200 1332
120.202.26.149 - - [27/Mar/2019:14:53:00 +0800] "GET /js/bootstrap.min.js HTTP/1.1" 200 9551
120.202.26.149 - - [27/Mar/2019:14:53:00 +0800] "GET /js/jquery.min.js HTTP/1.1" 200 33354
120.202.26.149 - - [27/Mar/2019:14:53:00 +0800] "GET /_nuxt/3b9e014d08681f743031.js HTTP/1.1" 200 54640
120.202.26.149 - - [27/Mar/2019:14:53:00 +0800] "GET /image/logo.png HTTP/1.1" 200 6525
120.202.26.149 - - [27/Mar/2019:14:53:00 +0800] "GET /js/ias.js HTTP/1.1" 200 2185
120.202.26.149 - - [27/Mar/2019:14:53:00 +0800] "GET /js/main.js HTTP/1.1" 200 6125
120.202.26.149 - - [27/Mar/2019:14:53:00 +0800] "GET /image/wxapp.jpg HTTP/1.1" 200 75999
120.202.26.149 - - [27/Mar/2019:14:53:00 +0800] "GET /image/loading.gif HTTP/1.1" 200 2418
120.202.26.149 - - [27/Mar/2019:14:53:00 +0800] "GET /image/wxqrcode.png HTTP/1.1" 200 40117
120.202.26.149 - - [27/Mar/2019:14:53:00 +0800] "GET /fonts/fontawesome-webfont.woff?v=4.7.0 HTTP/1.1" 200 98024
120.202.26.149 - - [27/Mar/2019:14:53:00 +0800] "GET /_nuxt/3982503e082d29dee5ce.js HTTP/1.1" 200 5525
120.202.26.149 - - [27/Mar/2019:14:53:21 +0800] "GET /gif HTTP/1.1" 200 6628
