157.55.39.233 - - [25/Mar/2019:03:57:31 +0800] "GET / HTTP/1.1" 302 51
47.97.21.76 - - [25/Mar/2019:06:08:06 +0800] "GET / HTTP/1.0" 302 51
101.200.101.201 - - [25/Mar/2019:07:32:03 +0800] "GET /static/qsong/html/gifdetail.html?id=111 HTTP/1.1" 200 13930
101.200.101.220 - - [25/Mar/2019:07:32:11 +0800] "GET /static/qsong/js/share.js?cdnversion=431495 HTTP/1.1" 200 17068
101.200.101.204 - - [25/Mar/2019:07:32:12 +0800] "GET /article/getArticleDtl?articleId=111&type=gif HTTP/1.1" 200 9893
61.139.73.169 - - [25/Mar/2019:07:46:11 +0800] "-" 408 -
163.172.143.109 - - [25/Mar/2019:07:46:59 +0800] "GET / HTTP/1.1" 302 51
163.172.143.109 - - [25/Mar/2019:07:47:00 +0800] "GET /static/qsong/html/home.html HTTP/1.1" 200 17961
47.110.176.150 - - [25/Mar/2019:07:50:24 +0800] "GET /article/getRandArticle HTTP/1.1" 200 4105
61.147.73.182 - - [25/Mar/2019:09:04:29 +0800] "GET /robots.txt HTTP/1.1" 404 94
47.110.176.176 - - [25/Mar/2019:09:04:30 +0800] "GET /static/qsong/html/gifmain.html HTTP/1.1" 200 12817
47.97.23.199 - - [25/Mar/2019:09:27:49 +0800] "GET / HTTP/1.0" 302 51
140.205.127.130 - - [25/Mar/2019:09:54:39 +0800] "GET /dzmain.html HTTP/1.1" 404 94
195.154.185.43 - - [25/Mar/2019:09:54:49 +0800] "GET / HTTP/1.1" 302 51
195.154.185.43 - - [25/Mar/2019:09:54:50 +0800] "GET /static/qsong/html/home.html HTTP/1.1" 200 17961
106.14.167.211 - - [25/Mar/2019:11:30:51 +0800] "GET / HTTP/1.1" 302 51
106.14.167.211 - - [25/Mar/2019:11:30:51 +0800] "GET /static/qsong/html/home.html HTTP/1.1" 200 17961
47.100.38.9 - - [25/Mar/2019:11:43:22 +0800] "GET / HTTP/1.1" 302 51
47.100.38.9 - - [25/Mar/2019:11:43:22 +0800] "GET /static/qsong/html/home.html HTTP/1.1" 200 17961
120.24.173.80 - - [25/Mar/2019:14:31:30 +0800] "GET / HTTP/1.0" 400 362
120.24.173.80 - - [25/Mar/2019:14:31:30 +0800] "GET / HTTP/1.0" 400 362
120.24.173.80 - - [25/Mar/2019:14:31:30 +0800] "GET / HTTP/1.0" 400 362
120.24.173.80 - - [25/Mar/2019:14:31:30 +0800] "GET / HTTP/1.0" 400 362
101.200.101.207 - - [25/Mar/2019:15:39:15 +0800] "GET /article/getWxHomeList?ps=3 HTTP/1.1" 200 7665
140.205.127.167 - - [25/Mar/2019:15:39:15 +0800] "GET /article/getArticleList?ps=9&pn=1&sort=read HTTP/1.1" 200 8061
101.200.101.212 - - [25/Mar/2019:15:39:15 +0800] "GET /img/e3aac8b5c664df38cfdcc9f0a6f5155f.jpeg HTTP/1.1" 200 22633
101.200.101.211 - - [25/Mar/2019:15:39:15 +0800] "GET /wx/wxlogin?code=011fctfJ1ESdk30R3oeJ1wWofJ1fctf2 HTTP/1.1" 200 109
101.200.101.206 - - [25/Mar/2019:15:39:15 +0800] "GET /img/de5fd9655a1f0ed92e8becd32ed23a8a.jpg HTTP/1.1" 200 33711
101.200.101.220 - - [25/Mar/2019:15:39:15 +0800] "GET /img/8d8f07d73c40110f2d2ee37304b51d7e.jpeg HTTP/1.1" 200 10397
101.200.101.204 - - [25/Mar/2019:15:39:15 +0800] "GET /img/eec84fa7074e13fc6c1b18b306eef8d8.jpg HTTP/1.1" 200 37647
140.205.127.164 - - [25/Mar/2019:15:39:18 +0800] "GET /article/getArticle?articleId=127&type=gif HTTP/1.1" 200 6480
140.205.127.130 - - [25/Mar/2019:15:39:19 +0800] "GET /wx/updateUserInfo?openid=ohp5o5Ia83uQK1Y6rvWzgEWnm4iM&avatarUrl=https%3A%2F%2Fwx.qlogo.cn%2Fmmopen%2Fvi_32%2FQ0j4TwGTfTJ1FquYplWMNvjspjZKgKJGW8Gd7vXuza1lFoUFia49yxjXltI30dUHweKrn66icVB9u4scowQoXqJg%2F132&nickName=%E8%AF%97%E5%A6%B9&city=%E6%AD%A6%E6%B1%89&country=%E4%B8%AD%E5%9B%BD&province=%E6%B9%96%E5%8C%97&gender=2&language=zh_CN HTTP/1.1" 200 101
140.205.127.141 - - [25/Mar/2019:15:39:19 +0800] "GET /wx/updateUserInfo?openid=ohp5o5Ia83uQK1Y6rvWzgEWnm4iM&avatarUrl=https%3A%2F%2Fwx.qlogo.cn%2Fmmopen%2Fvi_32%2FQ0j4TwGTfTJ1FquYplWMNvjspjZKgKJGW8Gd7vXuza1lFoUFia49yxjXltI30dUHweKrn66icVB9u4scowQoXqJg%2F132&nickName=%E8%AF%97%E5%A6%B9&city=Wuhan&country=China&province=Hubei&gender=2&language=zh_CN HTTP/1.1" 200 101
101.200.101.215 - - [25/Mar/2019:15:39:19 +0800] "GET /user/getNice?userId=9 HTTP/1.1" 200 272
101.200.101.215 - - [25/Mar/2019:15:39:19 +0800] "GET /user/getNice?userId=9 HTTP/1.1" 200 272
140.205.127.167 - - [25/Mar/2019:15:39:57 +0800] "GET /wx/postFormId?formItem=%5B%7B%22openId%22%3A%22ohp5o5Ia83uQK1Y6rvWzgEWnm4iM%22%2C%22formId%22%3A%22fe2ffe3af0ad42c79b52b7ace03dce1e%22%2C%22expire%22%3A1554104358%7D%5D HTTP/1.1" 200 1
101.200.101.201 - - [25/Mar/2019:15:42:27 +0800] "GET /article/getArticle?articleId=120&type=dz HTTP/1.1" 200 1337
101.200.101.201 - - [25/Mar/2019:15:42:31 +0800] "GET /article/getArticle?articleId=120&type=dz HTTP/1.1" 200 1337
101.200.101.203 - - [25/Mar/2019:15:42:50 +0800] "GET /wx/postFormId?formItem=%5B%7B%22openId%22%3A%22ohp5o5Ia83uQK1Y6rvWzgEWnm4iM%22%2C%22formId%22%3A%221e643daa3bd54301b46f0d00737111c7%22%2C%22expire%22%3A1554104547%7D%2C%7B%22openId%22%3A%22ohp5o5Ia83uQK1Y6rvWzgEWnm4iM%22%2C%22formId%22%3A%22b8ab5494339f473cabeead408011f4a8%22%2C%22expire%22%3A1554104551%7D%5D HTTP/1.1" 200 1
163.172.72.122 - - [25/Mar/2019:17:13:56 +0800] "GET / HTTP/1.1" 302 51
172.104.100.219 - - [25/Mar/2019:18:05:54 +0800] "GET / HTTP/1.1" 302 51
172.104.100.219 - - [25/Mar/2019:18:05:55 +0800] "GET /static/qsong/html/home.html HTTP/1.1" 200 17961
107.6.169.250 - - [25/Mar/2019:19:07:41 +0800] "GET / HTTP/1.1" 302 51
107.6.169.250 - - [25/Mar/2019:19:07:42 +0800] "GET /static/qsong/html/home.html HTTP/1.1" 200 17961
207.46.13.150 - - [25/Mar/2019:19:44:21 +0800] "GET / HTTP/1.1" 302 51
128.14.134.170 - - [25/Mar/2019:23:07:02 +0800] "GET /version HTTP/1.1" 404 94
128.14.134.170 - - [25/Mar/2019:23:07:05 +0800] "GET / HTTP/1.1" 302 51
128.14.134.170 - - [25/Mar/2019:23:07:06 +0800] "GET /static/qsong/html/home.html HTTP/1.1" 200 17961
184.105.139.67 - - [26/Mar/2019:01:03:30 +0800] "GET / HTTP/1.1" 302 51
198.108.66.128 - - [26/Mar/2019:01:59:28 +0800] "GET / HTTP/1.1" 302 51
198.108.66.128 - - [26/Mar/2019:01:59:28 +0800] "GET /static/qsong/html/home.html HTTP/1.1" 200 17961
120.24.173.80 - - [26/Mar/2019:05:41:41 +0800] "GET / HTTP/1.0" 400 362
120.24.173.80 - - [26/Mar/2019:05:41:41 +0800] "GET / HTTP/1.0" 400 362
120.24.173.80 - - [26/Mar/2019:05:41:41 +0800] "GET / HTTP/1.0" 400 362
120.24.173.80 - - [26/Mar/2019:05:41:41 +0800] "GET / HTTP/1.0" 400 362
118.31.244.58 - - [26/Mar/2019:06:02:35 +0800] "GET / HTTP/1.0" 302 51
107.170.251.238 - - [26/Mar/2019:06:49:01 +0800] "GET / HTTP/1.1" 302 51
207.46.13.121 - - [26/Mar/2019:07:29:46 +0800] "GET / HTTP/1.1" 302 51
18.202.253.186 - - [26/Mar/2019:09:35:49 +0800] "GET / HTTP/1.1" 302 51
18.202.253.186 - - [26/Mar/2019:09:35:49 +0800] "GET /static/qsong/html/home.html HTTP/1.1" 200 17961
140.205.127.167 - - [26/Mar/2019:09:43:42 +0800] "GET /article/getArticleList?ps=9&pn=1&sort=read HTTP/1.1" 200 8061
140.205.127.149 - - [26/Mar/2019:09:43:42 +0800] "GET /article/getWxHomeList?ps=3 HTTP/1.1" 200 7665
140.205.127.160 - - [26/Mar/2019:09:43:43 +0800] "GET /img/1436ab53fdeadd6cabd61a623c55e613.jpg HTTP/1.1" 200 34807
140.205.127.139 - - [26/Mar/2019:09:43:43 +0800] "GET /img/eec84fa7074e13fc6c1b18b306eef8d8.jpg HTTP/1.1" 304 -
140.205.127.130 - - [26/Mar/2019:09:43:43 +0800] "GET /img/9f77d9bff62d54455c56db3fc5e5d05d.jpg HTTP/1.1" 200 39586
140.205.127.173 - - [26/Mar/2019:09:43:43 +0800] "GET /img/f17a46e7ac709a853e517e2755ae49a5.jpg HTTP/1.1" 200 13194
140.205.127.156 - - [26/Mar/2019:09:43:43 +0800] "GET /img/afa7013933fef9d9d921499499c4760e.jpg HTTP/1.1" 304 -
140.205.127.161 - - [26/Mar/2019:09:43:44 +0800] "GET /wx/wxlogin?code=0813GCrM1uHAf814cXrM1qdMrM13GCrT HTTP/1.1" 200 109
140.205.127.164 - - [26/Mar/2019:09:43:45 +0800] "GET /article/getArticle?articleId=127&type=gif HTTP/1.1" 200 6480
140.205.127.141 - - [26/Mar/2019:09:43:46 +0800] "GET /wx/updateUserInfo?openid=ohp5o5BMACrai4-xF-xSQV9wed5k&avatarUrl=https%3A%2F%2Fwx.qlogo.cn%2Fmmopen%2Fvi_32%2FQ0j4TwGTfTL5nnDBU8Q0qSgwbZkT75PIHssalyib2QDYQrf0vuNBj2TWRnNZIfR1KPY7qMXGEAPWduLaZz9JcibA%2F132&nickName=ss&city=%E4%BF%A1%E9%98%B3&country=%E4%B8%AD%E5%9B%BD&province=%E6%B2%B3%E5%8D%97&gender=1&language=zh_CN HTTP/1.1" 200 101
140.205.127.132 - - [26/Mar/2019:09:43:46 +0800] "GET /wx/updateUserInfo?openid=ohp5o5BMACrai4-xF-xSQV9wed5k&avatarUrl=https%3A%2F%2Fwx.qlogo.cn%2Fmmopen%2Fvi_32%2FQ0j4TwGTfTL5nnDBU8Q0qSgwbZkT75PIHssalyib2QDYQrf0vuNBj2TWRnNZIfR1KPY7qMXGEAPWduLaZz9JcibA%2F132&nickName=ss&city=Xinyang&country=China&province=Henan&gender=1&language=zh_CN HTTP/1.1" 200 101
140.205.127.139 - - [26/Mar/2019:09:43:46 +0800] "GET /user/getNice?userId=2 HTTP/1.1" 200 2187
140.205.127.139 - - [26/Mar/2019:09:43:46 +0800] "GET /user/getNice?userId=2 HTTP/1.1" 200 2187
140.205.127.168 - - [26/Mar/2019:09:43:48 +0800] "POST /article/addItitNice HTTP/1.1" 200 3
140.205.127.150 - - [26/Mar/2019:09:43:52 +0800] "POST /article/addItitNice HTTP/1.1" 200 3
140.205.127.158 - - [26/Mar/2019:09:44:03 +0800] "GET /wx/postFormId?formItem=%5B%7B%22openId%22%3A%22ohp5o5BMACrai4-xF-xSQV9wed5k%22%2C%22formId%22%3A%2216c7ba035b96499fbc42d9613dc9578b%22%2C%22expire%22%3A1554169424%7D%5D HTTP/1.1" 200 1
140.205.127.167 - - [26/Mar/2019:09:44:09 +0800] "GET /article/getArticleList?ps=9&pn=1&sort=read HTTP/1.1" 200 8061
140.205.127.149 - - [26/Mar/2019:09:44:09 +0800] "GET /article/getWxHomeList?ps=3 HTTP/1.1" 200 7665
140.205.127.148 - - [26/Mar/2019:09:44:09 +0800] "GET /wx/wxlogin?code=011Cd5Fe0pizkt10t8Ge0syJEe0Cd5Fs HTTP/1.1" 200 109
140.205.127.162 - - [26/Mar/2019:09:44:14 +0800] "GET /article/getArticleList?ps=10&pn=1&type=video HTTP/1.1" 200 2900
140.205.127.138 - - [26/Mar/2019:09:44:15 +0800] "GET /img/3bc0b6acc3d14918ae925b14f746d144.png HTTP/1.1" 200 80757
54.183.220.141 - - [26/Mar/2019:10:55:33 +0800] "GET / HTTP/1.1" 302 51
47.52.221.59 - - [26/Mar/2019:11:26:47 +0800] "GET / HTTP/1.0" 302 51
61.147.73.179 - - [26/Mar/2019:17:54:30 +0800] "GET /article/getArticleList?ps=5&pn=1&sort=read HTTP/1.1" 200 4358
61.147.73.155 - - [26/Mar/2019:17:54:30 +0800] "GET /article/getRandArticle HTTP/1.1" 200 4813
61.147.73.166 - - [26/Mar/2019:17:54:30 +0800] "GET /article/getArticleList?ps=1&pn=1&type=dz HTTP/1.1" 200 1252
140.205.127.142 - - [26/Mar/2019:17:54:30 +0800] "GET /article/getArticleList?ps=1&pn=1&type=video&sort=read HTTP/1.1" 200 1024
61.147.73.189 - - [26/Mar/2019:17:54:30 +0800] "GET /article/getArticleList?ps=5&pn=1&type=notice HTTP/1.1" 200 1590
61.147.73.152 - - [26/Mar/2019:17:54:30 +0800] "GET /article/getCountInfo HTTP/1.1" 200 282
140.205.127.129 - - [26/Mar/2019:17:54:30 +0800] "GET /article/getArticleList?ps=10&pn=1 HTTP/1.1" 200 8622
140.205.127.149 - - [26/Mar/2019:17:54:37 +0800] "GET /article/getArticleList?ps=10&pn=2 HTTP/1.1" 200 8264
140.205.127.171 - - [26/Mar/2019:17:54:40 +0800] "GET /article/getArticleList?ps=10&pn=3 HTTP/1.1" 200 9486
61.147.73.155 - - [26/Mar/2019:17:54:44 +0800] "GET /article/getRandArticle HTTP/1.1" 200 4142
61.147.73.169 - - [26/Mar/2019:17:54:44 +0800] "GET /article/getArticleList?ps=10&pn=1&type=video HTTP/1.1" 200 2900
61.147.73.189 - - [26/Mar/2019:17:54:44 +0800] "GET /article/getArticleList?ps=5&pn=1&type=notice HTTP/1.1" 200 1590
140.205.127.161 - - [26/Mar/2019:17:54:45 +0800] "GET /article/getArticleList?type=video&ps=10&pn=2 HTTP/1.1" 200 102
61.147.73.189 - - [26/Mar/2019:17:54:48 +0800] "GET /article/getArticleList?ps=5&pn=1&type=notice HTTP/1.1" 200 1590
61.147.73.164 - - [26/Mar/2019:17:54:48 +0800] "GET /article/getArticleList?ps=10&pn=1&type=gif HTTP/1.1" 200 8337
101.200.101.205 - - [26/Mar/2019:17:54:48 +0800] "GET /article/getRandArticle HTTP/1.1" 200 4076
61.147.73.154 - - [26/Mar/2019:17:54:52 +0800] "GET /article/getArticleDtl?articleId=119&type=gif HTTP/1.1" 200 8430
61.147.73.155 - - [26/Mar/2019:17:54:52 +0800] "GET /article/getRandArticle HTTP/1.1" 200 4096
61.147.73.155 - - [26/Mar/2019:17:55:07 +0800] "GET /article/getRandArticle HTTP/1.1" 200 4398
101.200.101.207 - - [26/Mar/2019:17:55:07 +0800] "GET /article/getArticleDtl?articleId=6&type=gif HTTP/1.1" 200 4052
140.205.127.141 - - [26/Mar/2019:17:55:08 +0800] "GET /img/fc0f84690c3ff5f7552fae1b8f69db75.gif HTTP/1.1" 200 2023983
61.147.73.179 - - [26/Mar/2019:17:58:08 +0800] "GET /article/getArticleList?ps=5&pn=1&sort=read HTTP/1.1" 200 4358
61.147.73.182 - - [26/Mar/2019:17:58:08 +0800] "GET /article/getArticleList?ps=10&pn=1 HTTP/1.1" 200 8622
61.147.73.189 - - [26/Mar/2019:17:58:08 +0800] "GET /article/getArticleList?ps=5&pn=1&type=notice HTTP/1.1" 200 1590
61.147.73.166 - - [26/Mar/2019:17:58:08 +0800] "GET /article/getArticleList?ps=1&pn=1&type=dz HTTP/1.1" 200 1252
61.147.73.152 - - [26/Mar/2019:17:58:08 +0800] "GET /article/getCountInfo HTTP/1.1" 200 282
61.147.73.155 - - [26/Mar/2019:17:58:08 +0800] "GET /article/getRandArticle HTTP/1.1" 200 5081
140.205.127.142 - - [26/Mar/2019:17:58:08 +0800] "GET /article/getArticleList?ps=1&pn=1&type=video&sort=read HTTP/1.1" 200 1024
140.205.127.149 - - [26/Mar/2019:17:58:12 +0800] "GET /article/getArticleList?ps=10&pn=2 HTTP/1.1" 200 8264
106.15.229.102 - - [26/Mar/2019:20:04:51 +0800] "GET / HTTP/1.1" 302 51
106.15.229.102 - - [26/Mar/2019:20:04:51 +0800] "GET /static/qsong/html/home.html HTTP/1.1" 200 17961
47.92.101.29 - - [26/Mar/2019:20:12:30 +0800] "GET / HTTP/1.1" 302 51
47.92.101.29 - - [26/Mar/2019:20:12:30 +0800] "GET /static/qsong/html/home.html HTTP/1.1" 200 17961
157.55.39.21 - - [26/Mar/2019:21:17:25 +0800] "GET /robots.txt HTTP/1.1" 404 94
157.55.39.21 - - [26/Mar/2019:21:17:26 +0800] "GET /robots.txt HTTP/1.1" 404 94
207.46.13.116 - - [26/Mar/2019:21:17:32 +0800] "GET / HTTP/1.1" 302 51
27.115.124.6 - - [26/Mar/2019:21:36:17 +0800] "GET /server-status HTTP/1.1" 404 94
61.147.73.182 - - [26/Mar/2019:23:42:35 +0800] "GET /robots.txt HTTP/1.1" 404 94
101.200.101.203 - - [26/Mar/2019:23:42:37 +0800] "GET /static/qsong/html/gifmain.html HTTP/1.1" 200 12817
101.200.101.211 - - [26/Mar/2019:23:42:41 +0800] "GET /article/getArticleList?ps=10&pn=1&type=gif HTTP/1.1" 200 8337
140.205.127.162 - - [27/Mar/2019:00:46:47 +0800] "GET /img/4f7e1e64dd1da60a54c3a6f0e7634d40.jpg HTTP/1.1" 200 18990
184.105.139.70 - - [27/Mar/2019:00:51:52 +0800] "GET / HTTP/1.1" 302 51
47.97.16.6 - - [27/Mar/2019:03:07:44 +0800] "GET / HTTP/1.0" 302 51
60.191.38.77 - - [27/Mar/2019:05:36:49 +0800] "GET / HTTP/1.1" 302 51
60.191.38.77 - - [27/Mar/2019:05:36:58 +0800] "GET /static/qsong/html/home.html HTTP/1.1" 200 17961
138.246.253.5 - - [27/Mar/2019:06:09:48 +0800] "HEAD / HTTP/1.1" 400 -
47.97.23.199 - - [27/Mar/2019:06:44:26 +0800] "GET / HTTP/1.0" 302 51
61.147.73.185 - - [27/Mar/2019:08:04:33 +0800] "GET / HTTP/1.1" 302 51
61.147.73.179 - - [27/Mar/2019:08:40:25 +0800] "GET /article/getArticleList?ps=5&pn=1&sort=read HTTP/1.1" 200 4358
101.200.101.208 - - [27/Mar/2019:08:40:25 +0800] "GET /article/getArticleList?ps=10&pn=1 HTTP/1.1" 200 8622
61.147.73.152 - - [27/Mar/2019:08:40:25 +0800] "GET /article/getCountInfo HTTP/1.1" 200 282
61.147.73.155 - - [27/Mar/2019:08:40:25 +0800] "GET /article/getRandArticle HTTP/1.1" 200 4119
61.147.73.166 - - [27/Mar/2019:08:40:25 +0800] "GET /article/getArticleList?ps=1&pn=1&type=dz HTTP/1.1" 200 1252
101.200.101.204 - - [27/Mar/2019:08:40:25 +0800] "GET /article/getArticleList?ps=5&pn=1&type=notice HTTP/1.1" 200 1590
61.147.73.180 - - [27/Mar/2019:08:40:25 +0800] "GET /article/getArticleList?ps=1&pn=1&type=video&sort=read HTTP/1.1" 200 1024
61.147.73.196 - - [27/Mar/2019:08:40:43 +0800] "GET /article/getArticleDtl?articleId=127&type=gif HTTP/1.1" 200 8418
61.147.73.155 - - [27/Mar/2019:08:40:43 +0800] "GET /article/getRandArticle HTTP/1.1" 200 4180
61.147.73.169 - - [27/Mar/2019:08:41:01 +0800] "GET /article/getArticleList?ps=10&pn=1&type=video HTTP/1.1" 200 2900
61.147.73.189 - - [27/Mar/2019:08:41:01 +0800] "GET /article/getArticleList?ps=5&pn=1&type=notice HTTP/1.1" 200 1590
101.200.101.205 - - [27/Mar/2019:08:41:01 +0800] "GET /article/getRandArticle HTTP/1.1" 200 4851
101.200.101.205 - - [27/Mar/2019:08:41:05 +0800] "GET /article/getRandArticle HTTP/1.1" 200 4088
61.147.73.164 - - [27/Mar/2019:08:41:05 +0800] "GET /article/getArticleList?ps=10&pn=1&type=gif HTTP/1.1" 200 8337
140.205.127.168 - - [27/Mar/2019:08:41:05 +0800] "GET /article/getArticleList?ps=5&pn=1&type=notice HTTP/1.1" 200 1590
61.147.73.179 - - [27/Mar/2019:08:43:09 +0800] "GET /article/getArticleList?ps=5&pn=1&sort=read HTTP/1.1" 200 4358
61.147.73.180 - - [27/Mar/2019:08:43:09 +0800] "GET /article/getArticleList?ps=1&pn=1&type=video&sort=read HTTP/1.1" 200 1024
61.147.73.182 - - [27/Mar/2019:08:43:09 +0800] "GET /article/getArticleList?ps=10&pn=1 HTTP/1.1" 200 8622
61.147.73.189 - - [27/Mar/2019:08:43:09 +0800] "GET /article/getArticleList?ps=5&pn=1&type=notice HTTP/1.1" 200 1590
61.147.73.155 - - [27/Mar/2019:08:43:09 +0800] "GET /article/getRandArticle HTTP/1.1" 200 4896
101.200.101.207 - - [27/Mar/2019:08:43:09 +0800] "GET /article/getCountInfo HTTP/1.1" 200 282
140.205.127.171 - - [27/Mar/2019:08:43:09 +0800] "GET /article/getArticleList?ps=1&pn=1&type=dz HTTP/1.1" 200 1252
61.147.73.169 - - [27/Mar/2019:08:43:12 +0800] "GET /article/getArticleList?ps=10&pn=1&type=video HTTP/1.1" 200 2900
140.205.127.159 - - [27/Mar/2019:08:43:12 +0800] "GET /article/getRandArticle HTTP/1.1" 200 4098
140.205.127.168 - - [27/Mar/2019:08:43:12 +0800] "GET /article/getArticleList?ps=5&pn=1&type=notice HTTP/1.1" 200 1590
61.147.73.155 - - [27/Mar/2019:08:43:17 +0800] "GET /article/getRandArticle HTTP/1.1" 200 4796
140.205.127.165 - - [27/Mar/2019:08:43:17 +0800] "GET /article/getArticleList?ps=10&pn=1&type=gif HTTP/1.1" 200 8337
101.200.101.204 - - [27/Mar/2019:08:43:17 +0800] "GET /article/getArticleList?ps=5&pn=1&type=notice HTTP/1.1" 200 1590
140.205.127.165 - - [27/Mar/2019:08:51:15 +0800] "GET /img/0b2605f5984c7dcc15b6ce7de1b82712.mp4 HTTP/1.1" 304 -
61.147.73.163 - - [27/Mar/2019:08:51:38 +0800] "GET /article/getArticleList?ps=10&pn=2 HTTP/1.1" 200 8264
140.205.127.171 - - [27/Mar/2019:08:51:41 +0800] "GET /article/getArticleList?ps=10&pn=3 HTTP/1.1" 200 9486
61.147.73.174 - - [27/Mar/2019:08:51:41 +0800] "GET /img/a678fe07d7a28cd16e12c2b3f173cf0c.jpg HTTP/1.1" 200 30715
61.147.73.170 - - [27/Mar/2019:08:51:41 +0800] "GET /img/89a66256c230abdf96873a0feb123bc0.jpg HTTP/1.1" 200 32836
61.147.73.177 - - [27/Mar/2019:08:51:41 +0800] "GET /img/e9d44a482e9b6c4a31945d7865860e78.jpg HTTP/1.1" 200 36830
61.147.73.187 - - [27/Mar/2019:08:51:41 +0800] "GET /img/2eda2ed530c12dc56f620a0be2d30e6a.jpg HTTP/1.1" 200 18043
140.205.127.172 - - [27/Mar/2019:08:51:41 +0800] "GET /img/dc6d4ae6360e225009f206a0016ff924.jpg HTTP/1.1" 200 10121
140.205.127.149 - - [27/Mar/2019:08:54:25 +0800] "GET /article/getArticleList?ps=10&pn=2 HTTP/1.1" 200 8264
101.200.101.208 - - [27/Mar/2019:09:04:14 +0800] "GET /article/getArticleList?ps=10&pn=1 HTTP/1.1" 200 8622
101.200.101.220 - - [27/Mar/2019:09:04:14 +0800] "GET /article/getArticleList?ps=5&pn=1&sort=read HTTP/1.1" 200 4358
101.200.101.215 - - [27/Mar/2019:09:04:14 +0800] "GET /article/getArticleList?ps=1&pn=1&type=dz HTTP/1.1" 200 1252
101.200.101.205 - - [27/Mar/2019:09:04:14 +0800] "GET /article/getRandArticle HTTP/1.1" 200 4761
101.200.101.207 - - [27/Mar/2019:09:04:14 +0800] "GET /article/getCountInfo HTTP/1.1" 200 282
101.200.101.204 - - [27/Mar/2019:09:04:14 +0800] "GET /article/getArticleList?ps=5&pn=1&type=notice HTTP/1.1" 200 1590
101.200.101.214 - - [27/Mar/2019:09:04:14 +0800] "GET /article/getArticleList?ps=1&pn=1&type=video&sort=read HTTP/1.1" 200 1024
101.200.101.204 - - [27/Mar/2019:09:04:19 +0800] "GET /article/getArticleList?ps=5&pn=1&type=notice HTTP/1.1" 200 1590
101.200.101.205 - - [27/Mar/2019:09:04:19 +0800] "GET /article/getRandArticle HTTP/1.1" 200 4845
101.200.101.204 - - [27/Mar/2019:09:04:34 +0800] "GET /article/getArticleList?ps=5&pn=1&type=notice HTTP/1.1" 200 1590
101.200.101.205 - - [27/Mar/2019:09:04:34 +0800] "GET /article/getRandArticle HTTP/1.1" 200 4817
101.200.101.211 - - [27/Mar/2019:09:04:34 +0800] "GET /article/getArticleList?ps=10&pn=1&type=video HTTP/1.1" 200 2900
101.200.101.211 - - [27/Mar/2019:09:04:36 +0800] "GET /article/getArticleList?ps=10&pn=1&type=gif HTTP/1.1" 200 8337
101.200.101.205 - - [27/Mar/2019:09:04:36 +0800] "GET /article/getRandArticle HTTP/1.1" 200 4840
101.200.101.204 - - [27/Mar/2019:09:04:36 +0800] "GET /article/getArticleList?ps=5&pn=1&type=notice HTTP/1.1" 200 1590
101.200.101.205 - - [27/Mar/2019:09:04:37 +0800] "GET /article/getRandArticle HTTP/1.1" 200 4044
101.200.101.204 - - [27/Mar/2019:09:04:37 +0800] "GET /article/getArticleList?ps=5&pn=1&type=notice HTTP/1.1" 200 1590
101.200.101.205 - - [27/Mar/2019:09:04:37 +0800] "GET /article/getArticleList?ps=10&pn=1&type=zt HTTP/1.1" 200 7990
101.200.101.204 - - [27/Mar/2019:09:04:38 +0800] "GET /article/getArticleList?ps=5&pn=1&type=notice HTTP/1.1" 200 1590
101.200.101.205 - - [27/Mar/2019:09:04:38 +0800] "GET /article/getRandArticle HTTP/1.1" 200 4007
101.200.101.210 - - [27/Mar/2019:09:04:38 +0800] "GET /article/getArticleList?ps=10&pn=1&type=dz HTTP/1.1" 200 11914
101.200.101.204 - - [27/Mar/2019:09:04:39 +0800] "GET /article/getArticleList?ps=5&pn=1&type=notice HTTP/1.1" 200 1590
101.200.101.205 - - [27/Mar/2019:09:04:39 +0800] "GET /article/getRandArticle HTTP/1.1" 200 4069
157.55.39.6 - - [27/Mar/2019:09:06:05 +0800] "GET /robots.txt HTTP/1.1" 404 94
157.55.39.45 - - [27/Mar/2019:09:07:34 +0800] "GET /robots.txt HTTP/1.1" 404 94
61.147.73.185 - - [27/Mar/2019:09:08:12 +0800] "GET /static/qsong/html/gifmain.html HTTP/1.1" 200 12817
207.46.13.177 - - [27/Mar/2019:09:09:35 +0800] "GET / HTTP/1.1" 302 51
207.46.13.177 - - [27/Mar/2019:09:09:37 +0800] "GET /static/qsong/html/home.html HTTP/1.1" 200 17961
157.55.39.6 - - [27/Mar/2019:09:10:33 +0800] "GET /robots.txt HTTP/1.1" 404 94
61.147.73.155 - - [27/Mar/2019:09:17:12 +0800] "GET /article/getRandArticle HTTP/1.1" 200 4769
140.205.127.168 - - [27/Mar/2019:09:17:12 +0800] "GET /article/getArticleList?ps=5&pn=1&type=notice HTTP/1.1" 200 1590
101.200.101.205 - - [27/Mar/2019:09:17:30 +0800] "GET /article/getRandArticle HTTP/1.1" 200 4053
101.200.101.204 - - [27/Mar/2019:09:17:30 +0800] "GET /article/getArticleList?ps=5&pn=1&type=notice HTTP/1.1" 200 1590
140.205.127.168 - - [27/Mar/2019:09:17:32 +0800] "GET /article/getArticleList?ps=5&pn=1&type=notice HTTP/1.1" 200 1590
61.147.73.155 - - [27/Mar/2019:09:17:32 +0800] "GET /article/getRandArticle HTTP/1.1" 200 4809
101.200.101.204 - - [27/Mar/2019:09:17:41 +0800] "GET /article/getArticleList?ps=5&pn=1&type=notice HTTP/1.1" 200 1590
101.200.101.205 - - [27/Mar/2019:09:17:41 +0800] "GET /article/getRandArticle HTTP/1.1" 200 4800
101.200.101.210 - - [27/Mar/2019:09:20:53 +0800] "GET /img/d2f34652d93d88350c537c43b110e458.jpg HTTP/1.1" 200 43554
101.200.101.208 - - [27/Mar/2019:09:20:54 +0800] "GET /img/5e55ad93394df693d8d1e31b3fd99202.jpg HTTP/1.1" 200 36642
101.200.101.217 - - [27/Mar/2019:09:20:54 +0800] "GET /img/3148f189c4b91de9b12faf96b0909b96.jpg HTTP/1.1" 304 -
101.200.101.217 - - [27/Mar/2019:09:20:54 +0800] "GET /img/af6eebd52f8c1d283605ec4782756ad0.jpg HTTP/1.1" 200 33668
101.200.101.209 - - [27/Mar/2019:09:20:54 +0800] "GET /img/5a880809bd9fe2962f8d362aaa2a3f5e.jpg HTTP/1.1" 200 7010
101.200.101.220 - - [27/Mar/2019:09:20:54 +0800] "GET /img/383339be54b57256c6020a3d1dd945e4.jpg HTTP/1.1" 200 100915
61.147.73.152 - - [27/Mar/2019:09:36:06 +0800] "GET /img/af6eebd52f8c1d283605ec4782756ad0.jpg HTTP/1.1" 200 33668
61.147.73.154 - - [27/Mar/2019:09:36:06 +0800] "GET /img/de5fd9655a1f0ed92e8becd32ed23a8a.jpg HTTP/1.1" 200 33711
61.147.73.193 - - [27/Mar/2019:09:36:06 +0800] "GET /img/d2f34652d93d88350c537c43b110e458.jpg HTTP/1.1" 200 43554
61.147.73.165 - - [27/Mar/2019:09:36:07 +0800] "GET /img/5a880809bd9fe2962f8d362aaa2a3f5e.jpg HTTP/1.1" 200 7010
101.200.101.204 - - [27/Mar/2019:09:36:10 +0800] "GET /img/d5ed90209cf82ad6bfb30b9cc8540136.png HTTP/1.1" 200 29638
61.147.73.182 - - [27/Mar/2019:09:38:14 +0800] "GET /article/getArticleList?ps=10&pn=1 HTTP/1.1" 200 8622
101.200.101.207 - - [27/Mar/2019:09:38:14 +0800] "GET /article/getCountInfo HTTP/1.1" 200 282
61.147.73.155 - - [27/Mar/2019:09:38:14 +0800] "GET /article/getRandArticle HTTP/1.1" 200 4301
140.205.127.142 - - [27/Mar/2019:09:38:14 +0800] "GET /article/getArticleList?ps=1&pn=1&type=video&sort=read HTTP/1.1" 200 1024
101.200.101.215 - - [27/Mar/2019:09:38:15 +0800] "GET /article/getArticleList?ps=1&pn=1&type=dz HTTP/1.1" 200 1252
140.205.127.168 - - [27/Mar/2019:09:38:15 +0800] "GET /article/getArticleList?ps=5&pn=1&type=notice HTTP/1.1" 200 1590
61.147.73.179 - - [27/Mar/2019:09:38:19 +0800] "GET /article/getArticleList?ps=5&pn=1&sort=read HTTP/1.1" 200 4358
101.200.101.208 - - [27/Mar/2019:09:41:47 +0800] "GET /article/getArticleList?ps=10&pn=1 HTTP/1.1" 200 8622
61.147.73.166 - - [27/Mar/2019:09:41:47 +0800] "GET /article/getArticleList?ps=1&pn=1&type=dz HTTP/1.1" 200 1252
61.147.73.179 - - [27/Mar/2019:09:41:47 +0800] "GET /article/getArticleList?ps=5&pn=1&sort=read HTTP/1.1" 200 4358
101.200.101.205 - - [27/Mar/2019:09:41:47 +0800] "GET /article/getRandArticle HTTP/1.1" 200 4811
61.147.73.152 - - [27/Mar/2019:09:41:47 +0800] "GET /article/getCountInfo HTTP/1.1" 200 282
140.205.127.142 - - [27/Mar/2019:09:41:47 +0800] "GET /article/getArticleList?ps=1&pn=1&type=video&sort=read HTTP/1.1" 200 1024
140.205.127.168 - - [27/Mar/2019:09:41:47 +0800] "GET /article/getArticleList?ps=5&pn=1&type=notice HTTP/1.1" 200 1590
140.205.127.149 - - [27/Mar/2019:09:41:53 +0800] "GET /article/getArticleList?ps=10&pn=2 HTTP/1.1" 200 8264
140.205.127.169 - - [27/Mar/2019:09:41:53 +0800] "GET /img/542f3a1195b7adc77dbdc310db96ccb3.jpg HTTP/1.1" 200 27317
61.147.73.189 - - [27/Mar/2019:09:41:57 +0800] "GET /article/getArticleList?ps=5&pn=1&type=notice HTTP/1.1" 200 1590
101.200.101.211 - - [27/Mar/2019:09:41:57 +0800] "GET /article/getArticleList?ps=10&pn=1&type=video HTTP/1.1" 200 2900
140.205.127.159 - - [27/Mar/2019:09:41:57 +0800] "GET /article/getRandArticle HTTP/1.1" 200 4380
140.205.127.159 - - [27/Mar/2019:09:41:58 +0800] "GET /article/getRandArticle HTTP/1.1" 200 4032
61.147.73.189 - - [27/Mar/2019:09:41:58 +0800] "GET /article/getArticleList?ps=5&pn=1&type=notice HTTP/1.1" 200 1590
140.205.127.164 - - [27/Mar/2019:09:41:58 +0800] "GET /article/getArticleList?ps=10&pn=1&type=zt HTTP/1.1" 200 7990
140.205.127.175 - - [27/Mar/2019:09:42:00 +0800] "GET /img/5dbfe433278388e90bb875353da267db.jpeg HTTP/1.1" 304 -
140.205.127.143 - - [27/Mar/2019:09:42:00 +0800] "GET /img/121c2207b91a85824a86d49a801f5a0d.jpg HTTP/1.1" 200 74721
140.205.127.149 - - [27/Mar/2019:09:42:00 +0800] "GET /img/5482713e6b5d02d9ba8624554458f5bc.jpeg HTTP/1.1" 200 56111
61.147.73.189 - - [27/Mar/2019:09:42:01 +0800] "GET /article/getArticleList?ps=5&pn=1&type=notice HTTP/1.1" 200 1590
61.147.73.155 - - [27/Mar/2019:09:42:01 +0800] "GET /article/getRandArticle HTTP/1.1" 200 4316
61.147.73.173 - - [27/Mar/2019:09:42:01 +0800] "GET /article/getArticleList?ps=10&pn=1&type=dz HTTP/1.1" 200 11914
140.205.127.166 - - [27/Mar/2019:09:42:04 +0800] "GET /article/getArticleDtl?articleId=120&type=dz HTTP/1.1" 200 3612
140.205.127.159 - - [27/Mar/2019:09:42:05 +0800] "GET /article/getRandArticle HTTP/1.1" 200 4364
61.147.73.166 - - [27/Mar/2019:09:42:09 +0800] "GET /article/getArticleList?ps=1&pn=1&type=dz HTTP/1.1" 200 1252
61.147.73.155 - - [27/Mar/2019:09:42:09 +0800] "GET /article/getRandArticle HTTP/1.1" 200 4354
61.147.73.182 - - [27/Mar/2019:09:42:09 +0800] "GET /article/getArticleList?ps=10&pn=1 HTTP/1.1" 200 8622
61.147.73.179 - - [27/Mar/2019:09:42:09 +0800] "GET /article/getArticleList?ps=5&pn=1&sort=read HTTP/1.1" 200 4358
61.147.73.152 - - [27/Mar/2019:09:42:09 +0800] "GET /article/getCountInfo HTTP/1.1" 200 282
61.147.73.180 - - [27/Mar/2019:09:42:09 +0800] "GET /article/getArticleList?ps=1&pn=1&type=video&sort=read HTTP/1.1" 200 1024
140.205.127.168 - - [27/Mar/2019:09:42:09 +0800] "GET /article/getArticleList?ps=5&pn=1&type=notice HTTP/1.1" 200 1590
61.147.73.166 - - [27/Mar/2019:09:42:16 +0800] "GET /article/getArticleList?ps=1&pn=1&type=dz HTTP/1.1" 200 1252
140.205.127.145 - - [27/Mar/2019:09:42:16 +0800] "GET /article/getCountInfo HTTP/1.1" 200 282
101.200.101.208 - - [27/Mar/2019:09:42:16 +0800] "GET /article/getArticleList?ps=10&pn=1 HTTP/1.1" 200 8622
61.147.73.180 - - [27/Mar/2019:09:42:16 +0800] "GET /article/getArticleList?ps=1&pn=1&type=video&sort=read HTTP/1.1" 200 1024
140.205.127.168 - - [27/Mar/2019:09:42:16 +0800] "GET /article/getArticleList?ps=5&pn=1&type=notice HTTP/1.1" 200 1590
61.147.73.155 - - [27/Mar/2019:09:42:16 +0800] "GET /article/getRandArticle HTTP/1.1" 200 4073
140.205.127.175 - - [27/Mar/2019:09:42:16 +0800] "GET /article/getArticleList?ps=5&pn=1&sort=read HTTP/1.1" 200 4358
140.205.127.159 - - [27/Mar/2019:09:42:17 +0800] "GET /article/getRandArticle HTTP/1.1" 200 4367
61.147.73.189 - - [27/Mar/2019:09:42:17 +0800] "GET /article/getArticleList?ps=5&pn=1&type=notice HTTP/1.1" 200 1590
140.205.127.162 - - [27/Mar/2019:09:42:17 +0800] "GET /article/getArticleList?ps=10&pn=1&type=video HTTP/1.1" 200 2900
140.205.127.161 - - [27/Mar/2019:09:42:19 +0800] "GET /article/getArticleList?type=video&ps=10&pn=2 HTTP/1.1" 200 102
61.147.73.155 - - [27/Mar/2019:09:42:20 +0800] "GET /article/getRandArticle HTTP/1.1" 200 4091
61.147.73.160 - - [27/Mar/2019:09:42:20 +0800] "GET /article/getArticleDtl?articleId=27&type=video HTTP/1.1" 200 3290
61.147.73.182 - - [27/Mar/2019:09:42:23 +0800] "GET /article/getArticleList?ps=10&pn=1 HTTP/1.1" 200 8622
101.200.101.204 - - [27/Mar/2019:09:42:23 +0800] "GET /article/getArticleList?ps=5&pn=1&type=notice HTTP/1.1" 200 1590
140.205.127.171 - - [27/Mar/2019:09:42:23 +0800] "GET /article/getArticleList?ps=1&pn=1&type=dz HTTP/1.1" 200 1252
140.205.127.175 - - [27/Mar/2019:09:42:23 +0800] "GET /article/getArticleList?ps=5&pn=1&sort=read HTTP/1.1" 200 4358
101.200.101.205 - - [27/Mar/2019:09:42:23 +0800] "GET /article/getRandArticle HTTP/1.1" 200 4869
101.200.101.207 - - [27/Mar/2019:09:42:23 +0800] "GET /article/getCountInfo HTTP/1.1" 200 282
140.205.127.142 - - [27/Mar/2019:09:42:23 +0800] "GET /article/getArticleList?ps=1&pn=1&type=video&sort=read HTTP/1.1" 200 1024
61.147.73.185 - - [27/Mar/2019:09:42:28 +0800] "GET /article/getArticleDtl?articleId=124&type=gif HTTP/1.1" 200 9017
140.205.127.159 - - [27/Mar/2019:09:42:28 +0800] "GET /article/getRandArticle HTTP/1.1" 200 4097
101.200.101.203 - - [27/Mar/2019:09:53:51 +0800] "GET /static/qsong/js/myajax.js HTTP/1.1" 200 8614
101.200.101.205 - - [27/Mar/2019:09:53:53 +0800] "GET /article/getRandArticle HTTP/1.1" 200 5109
101.200.101.205 - - [27/Mar/2019:09:53:53 +0800] "GET /article/getRandArticle HTTP/1.1" 200 4077
120.24.162.223 - - [27/Mar/2019:09:58:23 +0800] "GET / HTTP/1.0" 400 362
120.24.162.223 - - [27/Mar/2019:09:58:23 +0800] "GET / HTTP/1.0" 400 362
120.24.162.223 - - [27/Mar/2019:09:58:23 +0800] "GET / HTTP/1.0" 400 362
61.147.73.155 - - [27/Mar/2019:09:59:40 +0800] "GET /article/getRandArticle HTTP/1.1" 200 4363
101.200.101.204 - - [27/Mar/2019:09:59:40 +0800] "GET /article/getArticleList?ps=5&pn=1&type=notice HTTP/1.1" 200 1590
140.205.127.162 - - [27/Mar/2019:09:59:40 +0800] "GET /article/getArticleList?ps=10&pn=1&type=video HTTP/1.1" 200 2900
66.249.71.81 - - [27/Mar/2019:10:00:37 +0800] "GET /robots.txt HTTP/1.1" 404 94
66.249.71.83 - - [27/Mar/2019:10:00:37 +0800] "GET /static/qsong/css/baguetteBox.min.css HTTP/1.1" 200 3566
66.249.71.81 - - [27/Mar/2019:10:00:38 +0800] "GET /static/api/js/base/tangram.js?v=37768233.js HTTP/1.1" 200 109287
61.147.73.155 - - [27/Mar/2019:10:01:56 +0800] "GET /article/getRandArticle HTTP/1.1" 200 4041
61.147.73.189 - - [27/Mar/2019:10:01:56 +0800] "GET /article/getArticleList?ps=5&pn=1&type=notice HTTP/1.1" 200 1590
101.200.101.211 - - [27/Mar/2019:10:01:56 +0800] "GET /article/getArticleList?ps=10&pn=1&type=video HTTP/1.1" 200 2900
140.205.127.161 - - [27/Mar/2019:10:02:13 +0800] "GET /article/getArticleList?type=video&ps=10&pn=2 HTTP/1.1" 200 102
61.147.73.166 - - [27/Mar/2019:10:02:15 +0800] "GET /article/getArticleList?ps=1&pn=1&type=dz HTTP/1.1" 200 1252
61.147.73.182 - - [27/Mar/2019:10:02:15 +0800] "GET /article/getArticleList?ps=10&pn=1 HTTP/1.1" 200 8622
140.205.127.142 - - [27/Mar/2019:10:02:15 +0800] "GET /article/getArticleList?ps=1&pn=1&type=video&sort=read HTTP/1.1" 200 1024
101.200.101.220 - - [27/Mar/2019:10:02:15 +0800] "GET /article/getArticleList?ps=5&pn=1&sort=read HTTP/1.1" 200 4358
61.147.73.152 - - [27/Mar/2019:10:02:15 +0800] "GET /article/getCountInfo HTTP/1.1" 200 282
61.147.73.189 - - [27/Mar/2019:10:02:15 +0800] "GET /article/getArticleList?ps=5&pn=1&type=notice HTTP/1.1" 200 1590
61.147.73.155 - - [27/Mar/2019:10:02:15 +0800] "GET /article/getRandArticle HTTP/1.1" 200 4064
140.205.127.149 - - [27/Mar/2019:10:02:19 +0800] "GET /article/getArticleList?ps=10&pn=2 HTTP/1.1" 200 8264
61.147.73.155 - - [27/Mar/2019:10:02:20 +0800] "GET /article/getRandArticle HTTP/1.1" 200 4028
140.205.127.175 - - [27/Mar/2019:10:02:20 +0800] "GET /article/getArticleDtl?articleId=117&type=gif HTTP/1.1" 200 8493
61.147.73.179 - - [27/Mar/2019:10:04:21 +0800] "GET /article/getArticleList?ps=5&pn=1&sort=read HTTP/1.1" 200 4358
101.200.101.204 - - [27/Mar/2019:10:04:21 +0800] "GET /article/getArticleList?ps=5&pn=1&type=notice HTTP/1.1" 200 1590
61.147.73.155 - - [27/Mar/2019:10:04:21 +0800] "GET /article/getRandArticle HTTP/1.1" 200 4148
61.147.73.180 - - [27/Mar/2019:10:04:21 +0800] "GET /article/getArticleList?ps=1&pn=1&type=video&sort=read HTTP/1.1" 200 1024
61.147.73.152 - - [27/Mar/2019:10:04:21 +0800] "GET /article/getCountInfo HTTP/1.1" 200 282
140.205.127.171 - - [27/Mar/2019:10:04:21 +0800] "GET /article/getArticleList?ps=1&pn=1&type=dz HTTP/1.1" 200 1252
140.205.127.129 - - [27/Mar/2019:10:04:21 +0800] "GET /article/getArticleList?ps=10&pn=1 HTTP/1.1" 200 8622
61.147.73.180 - - [27/Mar/2019:10:04:24 +0800] "GET /article/getArticleList?ps=1&pn=1&type=video&sort=read HTTP/1.1" 200 1024
140.205.127.129 - - [27/Mar/2019:10:04:24 +0800] "GET /article/getArticleList?ps=10&pn=1 HTTP/1.1" 200 8622
61.147.73.155 - - [27/Mar/2019:10:04:24 +0800] "GET /article/getRandArticle HTTP/1.1" 200 4485
61.147.73.166 - - [27/Mar/2019:10:04:24 +0800] "GET /article/getArticleList?ps=1&pn=1&type=dz HTTP/1.1" 200 1252
61.147.73.189 - - [27/Mar/2019:10:04:24 +0800] "GET /article/getArticleList?ps=5&pn=1&type=notice HTTP/1.1" 200 1590
101.200.101.207 - - [27/Mar/2019:10:04:24 +0800] "GET /article/getCountInfo HTTP/1.1" 200 282
140.205.127.175 - - [27/Mar/2019:10:04:24 +0800] "GET /article/getArticleList?ps=5&pn=1&sort=read HTTP/1.1" 200 4358
61.147.73.152 - - [27/Mar/2019:10:14:39 +0800] "GET /article/getCountInfo HTTP/1.1" 200 282
61.147.73.166 - - [27/Mar/2019:10:14:39 +0800] "GET /article/getArticleList?ps=1&pn=1&type=dz HTTP/1.1" 200 1252
61.147.73.182 - - [27/Mar/2019:10:14:39 +0800] "GET /article/getArticleList?ps=10&pn=1 HTTP/1.1" 200 8622
61.147.73.179 - - [27/Mar/2019:10:14:39 +0800] "GET /article/getArticleList?ps=5&pn=1&sort=read HTTP/1.1" 200 4358
61.147.73.180 - - [27/Mar/2019:10:14:39 +0800] "GET /article/getArticleList?ps=1&pn=1&type=video&sort=read HTTP/1.1" 200 1024
61.147.73.155 - - [27/Mar/2019:10:14:39 +0800] "GET /article/getRandArticle HTTP/1.1" 200 4101
140.205.127.168 - - [27/Mar/2019:10:14:39 +0800] "GET /article/getArticleList?ps=5&pn=1&type=notice HTTP/1.1" 200 1590
61.147.73.152 - - [27/Mar/2019:10:14:42 +0800] "GET /article/getCountInfo HTTP/1.1" 200 282
61.147.73.155 - - [27/Mar/2019:10:14:42 +0800] "GET /article/getRandArticle HTTP/1.1" 200 4403
61.147.73.182 - - [27/Mar/2019:10:14:42 +0800] "GET /article/getArticleList?ps=10&pn=1 HTTP/1.1" 200 8622
61.147.73.179 - - [27/Mar/2019:10:14:42 +0800] "GET /article/getArticleList?ps=5&pn=1&sort=read HTTP/1.1" 200 4358
61.147.73.189 - - [27/Mar/2019:10:14:42 +0800] "GET /article/getArticleList?ps=5&pn=1&type=notice HTTP/1.1" 200 1590
101.200.101.215 - - [27/Mar/2019:10:14:43 +0800] "GET /article/getArticleList?ps=1&pn=1&type=dz HTTP/1.1" 200 1252
101.200.101.214 - - [27/Mar/2019:10:14:43 +0800] "GET /article/getArticleList?ps=1&pn=1&type=video&sort=read HTTP/1.1" 200 1024
140.205.127.159 - - [27/Mar/2019:10:14:45 +0800] "GET /article/getRandArticle HTTP/1.1" 200 4843
101.200.101.213 - - [27/Mar/2019:10:14:45 +0800] "GET /article/getArticleDtl?articleId=117&type=gif HTTP/1.1" 200 8493
101.200.101.217 - - [27/Mar/2019:10:15:01 +0800] "GET /article/getArticleList?ps=10&pn=2 HTTP/1.1" 200 8264
61.147.73.155 - - [27/Mar/2019:10:15:52 +0800] "GET /article/getRandArticle HTTP/1.1" 200 4337
61.147.73.179 - - [27/Mar/2019:10:15:52 +0800] "GET /article/getArticleList?ps=5&pn=1&sort=read HTTP/1.1" 200 4358
61.147.73.189 - - [27/Mar/2019:10:15:52 +0800] "GET /article/getArticleList?ps=5&pn=1&type=notice HTTP/1.1" 200 1590
61.147.73.152 - - [27/Mar/2019:10:15:52 +0800] "GET /article/getCountInfo HTTP/1.1" 200 282
61.147.73.182 - - [27/Mar/2019:10:15:52 +0800] "GET /article/getArticleList?ps=10&pn=1 HTTP/1.1" 200 8622
140.205.127.142 - - [27/Mar/2019:10:15:52 +0800] "GET /article/getArticleList?ps=1&pn=1&type=video&sort=read HTTP/1.1" 200 1024
140.205.127.171 - - [27/Mar/2019:10:15:52 +0800] "GET /article/getArticleList?ps=1&pn=1&type=dz HTTP/1.1" 200 1252
101.200.101.207 - - [27/Mar/2019:10:25:28 +0800] "GET /article/getCountInfo HTTP/1.1" 200 282
140.205.127.142 - - [27/Mar/2019:10:25:28 +0800] "GET /article/getArticleList?ps=1&pn=1&type=video&sort=read HTTP/1.1" 200 1024
140.205.127.129 - - [27/Mar/2019:10:25:28 +0800] "GET /article/getArticleList?ps=10&pn=1 HTTP/1.1" 200 8622
101.200.101.215 - - [27/Mar/2019:10:25:28 +0800] "GET /article/getArticleList?ps=1&pn=1&type=dz HTTP/1.1" 200 1252
101.200.101.204 - - [27/Mar/2019:10:25:28 +0800] "GET /article/getArticleList?ps=5&pn=1&type=notice HTTP/1.1" 200 1590
140.205.127.159 - - [27/Mar/2019:10:25:28 +0800] "GET /article/getRandArticle HTTP/1.1" 200 4159
140.205.127.175 - - [27/Mar/2019:10:25:28 +0800] "GET /article/getArticleList?ps=5&pn=1&sort=read HTTP/1.1" 200 4358
101.200.101.205 - - [27/Mar/2019:10:29:26 +0800] "GET /article/getRandArticle HTTP/1.1" 200 5050
140.205.127.168 - - [27/Mar/2019:10:29:26 +0800] "GET /article/getArticleList?ps=5&pn=1&type=notice HTTP/1.1" 200 1590
140.205.127.162 - - [27/Mar/2019:10:29:26 +0800] "GET /article/getArticleList?ps=10&pn=1&type=video HTTP/1.1" 200 2900
40.77.167.159 - - [27/Mar/2019:10:32:29 +0800] "GET / HTTP/1.1" 302 51
140.205.127.175 - - [27/Mar/2019:10:52:26 +0800] "GET /article/getArticleList?ps=5&pn=1&sort=read HTTP/1.1" 200 4358
140.205.127.171 - - [27/Mar/2019:10:52:26 +0800] "GET /article/getArticleList?ps=1&pn=1&type=dz HTTP/1.1" 200 1252
101.200.101.204 - - [27/Mar/2019:10:52:26 +0800] "GET /article/getArticleList?ps=5&pn=1&type=notice HTTP/1.1" 200 1590
140.205.127.142 - - [27/Mar/2019:10:52:26 +0800] "GET /article/getArticleList?ps=1&pn=1&type=video&sort=read HTTP/1.1" 200 1024
140.205.127.145 - - [27/Mar/2019:10:52:26 +0800] "GET /article/getCountInfo HTTP/1.1" 200 282
101.200.101.204 - - [27/Mar/2019:10:52:54 +0800] "GET /article/getArticleList?ps=5&pn=1&type=notice HTTP/1.1" 200 1590
101.200.101.214 - - [27/Mar/2019:10:52:54 +0800] "GET /article/getArticleList?ps=1&pn=1&type=video&sort=read HTTP/1.1" 200 1024
101.200.101.215 - - [27/Mar/2019:10:52:54 +0800] "GET /article/getArticleList?ps=1&pn=1&type=dz HTTP/1.1" 200 1252
140.205.127.145 - - [27/Mar/2019:10:52:54 +0800] "GET /article/getCountInfo HTTP/1.1" 200 282
61.147.73.187 - - [27/Mar/2019:10:53:33 +0800] "GET /article/getArticleList?ps=9&pn=1&sort=read HTTP/1.1" 200 8061
140.205.127.149 - - [27/Mar/2019:10:53:33 +0800] "GET /article/getWxHomeList?ps=3 HTTP/1.1" 200 7665
61.147.73.192 - - [27/Mar/2019:10:53:34 +0800] "GET /wx/wxlogin?code=071YhBL20tdMLJ1xIUN20SSLL20YhBLp HTTP/1.1" 200 109
61.147.73.172 - - [27/Mar/2019:10:53:37 +0800] "GET /article/getArticle?articleId=127&type=gif HTTP/1.1" 200 6480
140.205.127.141 - - [27/Mar/2019:10:53:37 +0800] "GET /wx/updateUserInfo?openid=ohp5o5BMACrai4-xF-xSQV9wed5k&avatarUrl=https%3A%2F%2Fwx.qlogo.cn%2Fmmopen%2Fvi_32%2FQ0j4TwGTfTL5nnDBU8Q0qSgwbZkT75PIHssalyib2QDYQrf0vuNBj2TWRnNZIfR1KPY7qMXGEAPWduLaZz9JcibA%2F132&nickName=ss&city=%E4%BF%A1%E9%98%B3&country=%E4%B8%AD%E5%9B%BD&province=%E6%B2%B3%E5%8D%97&gender=1&language=zh_CN HTTP/1.1" 200 101
61.147.73.171 - - [27/Mar/2019:10:53:37 +0800] "GET /wx/updateUserInfo?openid=ohp5o5BMACrai4-xF-xSQV9wed5k&avatarUrl=https%3A%2F%2Fwx.qlogo.cn%2Fmmopen%2Fvi_32%2FQ0j4TwGTfTL5nnDBU8Q0qSgwbZkT75PIHssalyib2QDYQrf0vuNBj2TWRnNZIfR1KPY7qMXGEAPWduLaZz9JcibA%2F132&nickName=ss&city=Xinyang&country=China&province=Henan&gender=1&language=zh_CN HTTP/1.1" 200 101
61.147.73.155 - - [27/Mar/2019:10:53:38 +0800] "GET /user/getNice?userId=2 HTTP/1.1" 200 2215
140.205.127.139 - - [27/Mar/2019:10:53:38 +0800] "GET /user/getNice?userId=2 HTTP/1.1" 200 2215
140.205.127.144 - - [27/Mar/2019:10:53:41 +0800] "GET /wx/postFormId?formItem=%5B%7B%22openId%22%3A%22ohp5o5BMACrai4-xF-xSQV9wed5k%22%2C%22formId%22%3A%22407d8a9fe1a94d60b9c22848535d6dee%22%2C%22expire%22%3A1554260016%7D%5D HTTP/1.1" 200 1
140.205.127.154 - - [27/Mar/2019:10:53:43 +0800] "GET /article/getArticle?articleId=126&type=gif HTTP/1.1" 200 6697
140.205.127.152 - - [27/Mar/2019:10:53:45 +0800] "GET /comment/wxGetCommentList?articleId=126 HTTP/1.1" 200 102
61.147.73.153 - - [27/Mar/2019:10:54:24 +0800] "POST /comment/wxPostNewComment HTTP/1.1" 200 106
140.205.127.152 - - [27/Mar/2019:10:54:24 +0800] "GET /comment/wxGetCommentList?articleId=126 HTTP/1.1" 200 965
140.205.127.151 - - [27/Mar/2019:10:54:28 +0800] "POST /comment/wxPostNice HTTP/1.1" 200 3
101.200.101.215 - - [27/Mar/2019:10:54:34 +0800] "GET /article/getArticle?articleId=126&type=gif HTTP/1.1" 200 6995
101.200.101.219 - - [27/Mar/2019:10:54:38 +0800] "POST /article/addItitNice HTTP/1.1" 200 3
101.200.101.207 - - [27/Mar/2019:10:55:23 +0800] "GET /article/getCountInfo HTTP/1.1" 200 282
101.200.101.204 - - [27/Mar/2019:10:55:23 +0800] "GET /article/getArticleList?ps=5&pn=1&type=notice HTTP/1.1" 200 1590
101.200.101.215 - - [27/Mar/2019:10:55:23 +0800] "GET /article/getArticleList?ps=1&pn=1&type=dz HTTP/1.1" 200 1252
140.205.127.142 - - [27/Mar/2019:10:55:23 +0800] "GET /article/getArticleList?ps=1&pn=1&type=video&sort=read HTTP/1.1" 200 1024
101.200.101.219 - - [27/Mar/2019:10:55:48 +0800] "GET /article/getArticle?articleId=125&type=gif HTTP/1.1" 200 6863
101.200.101.218 - - [27/Mar/2019:10:55:48 +0800] "GET /article/getArticle?articleId=101&type=dz HTTP/1.1" 200 1982
101.200.101.206 - - [27/Mar/2019:10:55:53 +0800] "GET /article/getArticle?articleId=107&type=zt HTTP/1.1" 200 1733
101.200.101.209 - - [27/Mar/2019:10:55:53 +0800] "GET /img/a744a6d58761df154992ef787b2008b5.jpeg HTTP/1.1" 200 191470
101.200.101.214 - - [27/Mar/2019:10:55:54 +0800] "GET /img/8b0cb5cbe494cfdf49f11ffa11621043.jpeg HTTP/1.1" 200 77312
101.200.101.211 - - [27/Mar/2019:10:55:54 +0800] "GET /img/9b4e7866b2ec814487bc5087592e8db3.jpeg HTTP/1.1" 200 108447
101.200.101.201 - - [27/Mar/2019:10:55:56 +0800] "GET /wx/postFormId?formItem=%5B%7B%22openId%22%3A%22ohp5o5BMACrai4-xF-xSQV9wed5k%22%2C%22formId%22%3A%22bb0b895d431940a580d5d4f56c689974%22%2C%22expire%22%3A1554260022%7D%2C%7B%22openId%22%3A%22ohp5o5BMACrai4-xF-xSQV9wed5k%22%2C%22formId%22%3A%228570d7762d974958b172a10ea0b38360%22%2C%22expire%22%3A1554260074%7D%2C%7B%22openId%22%3A%22ohp5o5BMACrai4-xF-xSQV9wed5k%22%2C%22formId%22%3A%22b6dbf2e8dda5444aaa18a4717307d488%22%2C%22expire%22%3A1554260127%7D%2C%7B%22openId%22%3A%22ohp5o5BMACrai4-xF-xSQV9wed5k%22%2C%22formId%22%3A%22a02fdc0373d64dc7bf8f464f13d1dd2a%22%2C%22expire%22%3A1554260136%7D%2C%7B%22openId%22%3A%22ohp5o5BMACrai4-xF-xSQV9wed5k%22%2C%22formId%22%3A%22a66d095b85034ef986cbf5b3134b4995%22%2C%22expire%22%3A1554260148%7D%2C%7B%22openId%22%3A%22ohp5o5BMACrai4-xF-xSQV9wed5k%22%2C%22formId%22%3A%2227d79d50969847149911593fcd668f62%22%2C%22expire%22%3A1554260152%7D%5D HTTP/1.1" 200 1
101.200.101.205 - - [27/Mar/2019:10:55:58 +0800] "GET /article/getArticle?articleId=127&type=gif HTTP/1.1" 200 6480
101.200.101.215 - - [27/Mar/2019:10:56:01 +0800] "GET /article/getArticle?articleId=126&type=gif HTTP/1.1" 200 6995
101.200.101.211 - - [27/Mar/2019:10:56:18 +0800] "GET /article/getArticleList?ps=10&pn=1&type=gif HTTP/1.1" 200 8337
140.205.127.154 - - [27/Mar/2019:10:56:37 +0800] "GET /article/getArticle?articleId=107&type=zt HTTP/1.1" 200 1733
101.200.101.210 - - [27/Mar/2019:10:56:40 +0800] "GET /article/getArticleList?ps=10&pn=1&type=dz HTTP/1.1" 200 11915
140.205.127.164 - - [27/Mar/2019:10:56:45 +0800] "GET /article/getArticleList?ps=10&pn=1&type=zt HTTP/1.1" 200 7990
101.200.101.220 - - [27/Mar/2019:10:56:45 +0800] "GET /img/121c2207b91a85824a86d49a801f5a0d.jpg HTTP/1.1" 200 74721
101.200.101.211 - - [27/Mar/2019:10:56:45 +0800] "GET /img/9785f7c0967122d0fb61ae5567793b30.jpg HTTP/1.1" 200 31271
101.200.101.217 - - [27/Mar/2019:10:56:45 +0800] "GET /img/67ba55c318961d71cfd7f8a775b7191b.jpeg HTTP/1.1" 200 50197
101.200.101.210 - - [27/Mar/2019:10:56:45 +0800] "GET /img/5482713e6b5d02d9ba8624554458f5bc.jpeg HTTP/1.1" 200 56111
101.200.101.212 - - [27/Mar/2019:10:56:46 +0800] "GET /img/5dbfe433278388e90bb875353da267db.jpeg HTTP/1.1" 200 63895
101.200.101.211 - - [27/Mar/2019:10:56:50 +0800] "GET /article/getArticleList?ps=10&pn=1&type=video HTTP/1.1" 200 2900
101.200.101.208 - - [27/Mar/2019:10:56:50 +0800] "GET /img/3bc0b6acc3d14918ae925b14f746d144.png HTTP/1.1" 200 80757
140.205.127.140 - - [27/Mar/2019:10:56:52 +0800] "GET /wx/postFormId?formItem=%5B%7B%22openId%22%3A%22ohp5o5BMACrai4-xF-xSQV9wed5k%22%2C%22formId%22%3A%22a5c691243b564d4aa79c81d5f5ccb047%22%2C%22expire%22%3A1554260158%7D%2C%7B%22openId%22%3A%22ohp5o5BMACrai4-xF-xSQV9wed5k%22%2C%22formId%22%3A%22ddfef64f0aac4161be2290120ee51f7c%22%2C%22expire%22%3A1554260161%7D%2C%7B%22openId%22%3A%22ohp5o5BMACrai4-xF-xSQV9wed5k%22%2C%22formId%22%3A%2290ed3a256e8e42488f74507cbf3a1ac8%22%2C%22expire%22%3A1554260196%7D%5D HTTP/1.1" 200 1
101.200.101.205 - - [27/Mar/2019:10:56:57 +0800] "GET /article/getArticle?articleId=127&type=gif HTTP/1.1" 200 6481
140.205.127.154 - - [27/Mar/2019:10:57:00 +0800] "GET /article/getArticle?articleId=126&type=gif HTTP/1.1" 200 6995
101.200.101.219 - - [27/Mar/2019:10:57:02 +0800] "GET /article/getArticle?articleId=125&type=gif HTTP/1.1" 200 6863
140.205.127.165 - - [27/Mar/2019:10:57:05 +0800] "GET /article/getArticleList?ps=10&pn=1&type=gif HTTP/1.1" 200 8338
101.200.101.205 - - [27/Mar/2019:10:58:08 +0800] "GET /wx/postFormId?formItem=%5B%7B%22openId%22%3A%22ohp5o5BMACrai4-xF-xSQV9wed5k%22%2C%22formId%22%3A%2228bbb756a07d44a8bf6a4432449045ab%22%2C%22expire%22%3A1554260217%7D%2C%7B%22openId%22%3A%22ohp5o5BMACrai4-xF-xSQV9wed5k%22%2C%22formId%22%3A%225cccb0c0d96c4e2e8c10cd34475c6fb2%22%2C%22expire%22%3A1554260219%7D%2C%7B%22openId%22%3A%22ohp5o5BMACrai4-xF-xSQV9wed5k%22%2C%22formId%22%3A%22acd658d07be44d1fb752daa008d1ac89%22%2C%22expire%22%3A1554260222%7D%5D HTTP/1.1" 200 1
140.205.127.145 - - [27/Mar/2019:10:58:39 +0800] "GET /article/getCountInfo HTTP/1.1" 200 282
101.200.101.214 - - [27/Mar/2019:10:58:39 +0800] "GET /article/getArticleList?ps=1&pn=1&type=video&sort=read HTTP/1.1" 200 1024
140.205.127.171 - - [27/Mar/2019:10:58:39 +0800] "GET /article/getArticleList?ps=1&pn=1&type=dz HTTP/1.1" 200 1252
101.200.101.204 - - [27/Mar/2019:10:58:39 +0800] "GET /article/getArticleList?ps=5&pn=1&type=notice HTTP/1.1" 200 1590
140.205.127.145 - - [27/Mar/2019:10:58:41 +0800] "GET /article/getCountInfo HTTP/1.1" 200 282
140.205.127.171 - - [27/Mar/2019:10:58:41 +0800] "GET /article/getArticleList?ps=1&pn=1&type=dz HTTP/1.1" 200 1252
140.205.127.142 - - [27/Mar/2019:10:58:41 +0800] "GET /article/getArticleList?ps=1&pn=1&type=video&sort=read HTTP/1.1" 200 1024
140.205.127.168 - - [27/Mar/2019:10:58:41 +0800] "GET /article/getArticleList?ps=5&pn=1&type=notice HTTP/1.1" 200 1590
101.200.101.204 - - [27/Mar/2019:11:03:35 +0800] "GET /article/getArticleList?ps=5&pn=1&type=notice HTTP/1.1" 200 1590
140.205.127.142 - - [27/Mar/2019:11:03:35 +0800] "GET /article/getArticleList?ps=1&pn=1&type=video&sort=read HTTP/1.1" 200 1024
140.205.127.171 - - [27/Mar/2019:11:03:35 +0800] "GET /article/getArticleList?ps=1&pn=1&type=dz HTTP/1.1" 200 1252
140.205.127.145 - - [27/Mar/2019:11:03:35 +0800] "GET /article/getCountInfo HTTP/1.1" 200 282
140.205.127.142 - - [27/Mar/2019:11:03:37 +0800] "GET /article/getArticleList?ps=1&pn=1&type=video&sort=read HTTP/1.1" 200 1024
101.200.101.204 - - [27/Mar/2019:11:03:37 +0800] "GET /article/getArticleList?ps=5&pn=1&type=notice HTTP/1.1" 200 1590
101.200.101.207 - - [27/Mar/2019:11:03:37 +0800] "GET /article/getCountInfo HTTP/1.1" 200 282
101.200.101.215 - - [27/Mar/2019:11:03:37 +0800] "GET /article/getArticleList?ps=1&pn=1&type=dz HTTP/1.1" 200 1252
140.205.127.142 - - [27/Mar/2019:11:04:38 +0800] "GET /article/getArticleList?ps=1&pn=1&type=video&sort=read HTTP/1.1" 200 1024
140.205.127.129 - - [27/Mar/2019:11:04:38 +0800] "GET /article/getArticleList?ps=10&pn=1 HTTP/1.1" 200 8623
140.205.127.171 - - [27/Mar/2019:11:04:38 +0800] "GET /article/getArticleList?ps=1&pn=1&type=dz HTTP/1.1" 200 1252
140.205.127.145 - - [27/Mar/2019:11:04:38 +0800] "GET /article/getCountInfo HTTP/1.1" 200 282
140.205.127.159 - - [27/Mar/2019:11:04:38 +0800] "GET /article/getRandArticle HTTP/1.1" 200 4360
140.205.127.175 - - [27/Mar/2019:11:04:38 +0800] "GET /article/getArticleList?ps=5&pn=1&sort=read HTTP/1.1" 200 4358
140.205.127.168 - - [27/Mar/2019:11:04:38 +0800] "GET /article/getArticleList?ps=5&pn=1&type=notice HTTP/1.1" 200 1590
61.147.73.163 - - [27/Mar/2019:11:05:00 +0800] "GET /article/getArticleList?ps=10&pn=2 HTTP/1.1" 200 8264
140.205.127.145 - - [27/Mar/2019:11:05:55 +0800] "GET /article/getCountInfo HTTP/1.1" 200 282
101.200.101.215 - - [27/Mar/2019:11:05:55 +0800] "GET /article/getArticleList?ps=1&pn=1&type=dz HTTP/1.1" 200 1252
140.205.127.168 - - [27/Mar/2019:11:05:55 +0800] "GET /article/getArticleList?ps=5&pn=1&type=notice HTTP/1.1" 200 1590
140.205.127.142 - - [27/Mar/2019:11:05:55 +0800] "GET /article/getArticleList?ps=1&pn=1&type=video&sort=read HTTP/1.1" 200 1024
101.200.101.220 - - [27/Mar/2019:11:09:04 +0800] "GET /img/8d8f07d73c40110f2d2ee37304b51d7e.jpeg HTTP/1.1" 200 10397
101.200.101.216 - - [27/Mar/2019:11:09:04 +0800] "GET /img/d3da5d9cc075175c86e35f42f5c8eb22.png HTTP/1.1" 200 28219
