120.202.26.149 - - [27/Mar/2019:14:53:21 +0800] "GET /js/newajax.js HTTP/1.1" 200 164
120.202.26.149 - - [27/Mar/2019:14:53:21 +0800] "GET /css/bootstrap.min.css HTTP/1.1" 200 16330
120.202.26.149 - - [27/Mar/2019:14:53:21 +0800] "GET /css/font-awesome.min.css HTTP/1.1" 200 7046
120.202.26.149 - - [27/Mar/2019:14:53:21 +0800] "GET /css/main.css HTTP/1.1" 200 18617
120.202.26.149 - - [27/Mar/2019:14:53:21 +0800] "GET /js/jquery.min.js HTTP/1.1" 200 33354
120.202.26.149 - - [27/Mar/2019:14:53:21 +0800] "GET /_nuxt/dea9059e4f4e2f95a275.js HTTP/1.1" 200 1332
120.202.26.149 - - [27/Mar/2019:14:53:21 +0800] "GET /_nuxt/3b9e014d08681f743031.js HTTP/1.1" 200 54640
120.202.26.149 - - [27/Mar/2019:14:53:21 +0800] "GET /_nuxt/ef31d1abbeccd5397917.js HTTP/1.1" 200 13747
120.202.26.149 - - [27/Mar/2019:14:53:22 +0800] "GET /_nuxt/298073f0bb8b7c52947f.js HTTP/1.1" 200 4769
120.202.26.149 - - [27/Mar/2019:14:53:22 +0800] "GET /image/logo.png HTTP/1.1" 200 6525
120.202.26.149 - - [27/Mar/2019:14:53:22 +0800] "GET /image/loading.gif HTTP/1.1" 200 2418
120.202.26.149 - - [27/Mar/2019:14:53:22 +0800] "GET /image/wxapp.jpg HTTP/1.1" 200 75999
120.202.26.149 - - [27/Mar/2019:14:53:22 +0800] "GET /image/wxqrcode.png HTTP/1.1" 200 40117
120.202.26.149 - - [27/Mar/2019:14:53:22 +0800] "GET /js/bootstrap.min.js HTTP/1.1" 200 9551
120.202.26.149 - - [27/Mar/2019:14:53:22 +0800] "GET /js/ias.js HTTP/1.1" 200 2185
120.202.26.149 - - [27/Mar/2019:14:53:22 +0800] "GET /js/main.js HTTP/1.1" 200 6125
120.202.26.149 - - [27/Mar/2019:14:53:22 +0800] "GET /fonts/fontawesome-webfont.woff?v=4.7.0 HTTP/1.1" 200 98024
120.202.26.149 - - [27/Mar/2019:14:53:24 +0800] "GET /_nuxt/3982503e082d29dee5ce.js HTTP/1.1" 200 5525
120.202.26.149 - - [27/Mar/2019:14:53:26 +0800] "GET /article/getArticleList?ps=5&pn=1&sort=read HTTP/1.1" 200 4358
120.202.26.149 - - [27/Mar/2019:14:53:26 +0800] "GET /article/getArticleList?type=video&ps=1&pn=1&sort=read HTTP/1.1" 200 1024
120.202.26.149 - - [27/Mar/2019:14:53:26 +0800] "GET /article/getArticleList?ps=10&pn=1 HTTP/1.1" 200 8623
120.202.26.149 - - [27/Mar/2019:14:53:26 +0800] "GET /article/getArticleList?type=dz&ps=1&pn=1 HTTP/1.1" 200 1252
120.202.26.149 - - [27/Mar/2019:14:53:27 +0800] "GET /article/getRandArticle HTTP/1.1" 200 4019
120.202.26.149 - - [27/Mar/2019:14:53:27 +0800] "GET /article/getCountInfo HTTP/1.1" 200 282
120.202.26.149 - - [27/Mar/2019:14:53:27 +0800] "GET /article/getArticleList?type=notice&ps=5&pn=1 HTTP/1.1" 200 1590
140.205.127.157 - - [27/Mar/2019:14:53:39 +0800] "GET / HTTP/1.1" 200 8140
140.205.127.158 - - [27/Mar/2019:14:53:39 +0800] "GET /css/bootstrap.min.css HTTP/1.1" 200 16330
140.205.127.134 - - [27/Mar/2019:14:53:39 +0800] "GET /img/3148f189c4b91de9b12faf96b0909b96.jpg HTTP/1.1" 200 46888
140.205.127.129 - - [27/Mar/2019:14:53:39 +0800] "GET /img/de5fd9655a1f0ed92e8becd32ed23a8a.jpg HTTP/1.1" 200 33711
140.205.127.163 - - [27/Mar/2019:14:53:39 +0800] "GET /img/af6eebd52f8c1d283605ec4782756ad0.jpg HTTP/1.1" 200 33668
140.205.127.131 - - [27/Mar/2019:14:53:39 +0800] "GET /img/8d8f07d73c40110f2d2ee37304b51d7e.jpeg HTTP/1.1" 200 10397
140.205.127.175 - - [27/Mar/2019:14:53:39 +0800] "GET /img/d3da5d9cc075175c86e35f42f5c8eb22.png HTTP/1.1" 200 28219
140.205.127.169 - - [27/Mar/2019:14:53:39 +0800] "GET /css/font-awesome.min.css HTTP/1.1" 200 7046
140.205.127.137 - - [27/Mar/2019:14:53:39 +0800] "GET /js/jquery.min.js HTTP/1.1" 200 33354
140.205.127.134 - - [27/Mar/2019:14:53:39 +0800] "GET /_nuxt/3982503e082d29dee5ce.js HTTP/1.1" 200 5525
140.205.127.136 - - [27/Mar/2019:14:53:39 +0800] "GET /image/wxqrcode.png HTTP/1.1" 200 40117
140.205.127.151 - - [27/Mar/2019:14:53:40 +0800] "GET /_nuxt/3b9e014d08681f743031.js HTTP/1.1" 200 54640
140.205.127.137 - - [27/Mar/2019:14:53:40 +0800] "GET /_nuxt/ef31d1abbeccd5397917.js HTTP/1.1" 200 13747
140.205.127.172 - - [27/Mar/2019:14:53:41 +0800] "GET /img/9b0f50528b3b61c7ac372ab6c6b17d10.jpg HTTP/1.1" 200 21217
140.205.127.133 - - [27/Mar/2019:14:53:41 +0800] "GET /img/5e55ad93394df693d8d1e31b3fd99202.jpg HTTP/1.1" 200 36642
140.205.127.151 - - [27/Mar/2019:14:53:41 +0800] "GET /img/23d099ed578c01b05d19437375e26229.jpg HTTP/1.1" 200 29743
140.205.127.148 - - [27/Mar/2019:14:53:41 +0800] "GET /img/5a880809bd9fe2962f8d362aaa2a3f5e.jpg HTTP/1.1" 200 7010
140.205.127.167 - - [27/Mar/2019:14:53:42 +0800] "GET /image/wxapp.jpg HTTP/1.1" 200 75999
140.205.127.175 - - [27/Mar/2019:14:53:42 +0800] "GET /js/main.js HTTP/1.1" 200 6125
140.205.127.135 - - [27/Mar/2019:14:53:42 +0800] "GET /img/d2f34652d93d88350c537c43b110e458.jpg HTTP/1.1" 200 43554
140.205.127.164 - - [27/Mar/2019:14:53:42 +0800] "GET /image/loading.gif HTTP/1.1" 200 2418
140.205.127.158 - - [27/Mar/2019:14:53:42 +0800] "GET /js/bootstrap.min.js HTTP/1.1" 200 9551
140.205.127.130 - - [27/Mar/2019:14:53:42 +0800] "GET /img/9f77d9bff62d54455c56db3fc5e5d05d.jpg HTTP/1.1" 200 39586
140.205.127.175 - - [27/Mar/2019:14:53:42 +0800] "GET /image/Banner_woniu.jpg HTTP/1.1" 200 55537
140.205.127.136 - - [27/Mar/2019:14:53:43 +0800] "GET /image/Banner_guangyingshuihua.jpg HTTP/1.1" 200 40592
140.205.127.165 - - [27/Mar/2019:14:53:43 +0800] "GET /js/ias.js HTTP/1.1" 200 2185
140.205.127.171 - - [27/Mar/2019:14:53:43 +0800] "GET /css/main.css HTTP/1.1" 200 18617
140.205.127.170 - - [27/Mar/2019:14:53:43 +0800] "GET /_nuxt/dea9059e4f4e2f95a275.js HTTP/1.1" 200 1332
140.205.127.163 - - [27/Mar/2019:14:53:43 +0800] "GET /image/logo.png HTTP/1.1" 200 6525
140.205.127.147 - - [27/Mar/2019:14:53:42 +0800] "GET /image/Banner_weimei.jpg HTTP/1.1" 200 165019
140.205.127.166 - - [27/Mar/2019:14:53:45 +0800] "GET /fonts/fontawesome-webfont.woff?v=4.7.0 HTTP/1.1" 200 98024
140.205.127.174 - - [27/Mar/2019:14:53:47 +0800] "GET /favicon.ico HTTP/1.1" 200 1925
120.202.26.149 - - [27/Mar/2019:14:53:48 +0800] "-" 408 -
61.147.73.160 - - [27/Mar/2019:15:00:10 +0800] "GET /article/getArticleList?type=notice&ps=5&pn=1 HTTP/1.1" 200 1590
61.147.73.155 - - [27/Mar/2019:15:00:10 +0800] "GET /article/getRandArticle HTTP/1.1" 200 4318
140.205.127.175 - - [27/Mar/2019:15:00:10 +0800] "GET /article/getArticleList?ps=5&pn=1&sort=read HTTP/1.1" 200 4358
140.205.127.136 - - [27/Mar/2019:15:00:10 +0800] "GET /article/getArticleList?type=dz&ps=1&pn=1 HTTP/1.1" 200 1252
140.205.127.166 - - [27/Mar/2019:15:00:10 +0800] "GET /article/getArticleList?type=video&ps=1&pn=1&sort=read HTTP/1.1" 200 1024
140.205.127.145 - - [27/Mar/2019:15:00:10 +0800] "GET /article/getCountInfo HTTP/1.1" 200 282
140.205.127.129 - - [27/Mar/2019:15:00:10 +0800] "GET /article/getArticleList?ps=10&pn=1 HTTP/1.1" 200 8623
140.205.127.139 - - [27/Mar/2019:15:01:25 +0800] "GET /static/qsong/html/gifdetail.html?id=110 HTTP/1.1" 404 1966
140.205.127.154 - - [27/Mar/2019:15:01:54 +0800] "GET /static/qsong/html/gifmain.html HTTP/1.1" 404 1956
61.147.73.190 - - [27/Mar/2019:15:53:30 +0800] "GET /img/8d8f07d73c40110f2d2ee37304b51d7e.jpeg HTTP/1.1" 200 10397
61.147.73.194 - - [27/Mar/2019:15:53:30 +0800] "GET /img/d3da5d9cc075175c86e35f42f5c8eb22.png HTTP/1.1" 200 28219
61.147.73.160 - - [27/Mar/2019:15:53:30 +0800] "GET /img/9f77d9bff62d54455c56db3fc5e5d05d.jpg HTTP/1.1" 200 39586
61.147.73.152 - - [27/Mar/2019:15:53:30 +0800] "GET /img/af6eebd52f8c1d283605ec4782756ad0.jpg HTTP/1.1" 200 33668
61.147.73.154 - - [27/Mar/2019:15:53:30 +0800] "GET /img/de5fd9655a1f0ed92e8becd32ed23a8a.jpg HTTP/1.1" 200 33711
101.200.101.210 - - [27/Mar/2019:15:53:30 +0800] "GET /img/d2f34652d93d88350c537c43b110e458.jpg HTTP/1.1" 200 43554
140.205.127.172 - - [27/Mar/2019:15:53:30 +0800] "GET /img/9b0f50528b3b61c7ac372ab6c6b17d10.jpg HTTP/1.1" 200 21217
101.200.101.204 - - [27/Mar/2019:15:53:30 +0800] "GET /img/23d099ed578c01b05d19437375e26229.jpg HTTP/1.1" 200 29743
140.205.127.133 - - [27/Mar/2019:15:53:30 +0800] "GET /img/5e55ad93394df693d8d1e31b3fd99202.jpg HTTP/1.1" 200 36642
101.200.101.217 - - [27/Mar/2019:15:53:30 +0800] "GET /img/3148f189c4b91de9b12faf96b0909b96.jpg HTTP/1.1" 200 46888
140.205.127.165 - - [27/Mar/2019:15:56:25 +0800] "GET /robots.txt HTTP/1.1" 404 20
140.205.127.143 - - [27/Mar/2019:15:56:27 +0800] "GET /static/qsong/html/videomain.html HTTP/1.1" 404 1958
71.6.143.90 - - [27/Mar/2019:16:10:37 +0800] "GET / HTTP/1.1" 200 8070
140.205.127.172 - - [27/Mar/2019:16:16:47 +0800] "GET /img/9b0f50528b3b61c7ac372ab6c6b17d10.jpg HTTP/1.1" 200 21217
101.200.101.214 - - [27/Mar/2019:16:19:54 +0800] "GET /img/9f77d9bff62d54455c56db3fc5e5d05d.jpg HTTP/1.1" 200 39586
101.200.101.217 - - [27/Mar/2019:16:19:55 +0800] "GET /img/af6eebd52f8c1d283605ec4782756ad0.jpg HTTP/1.1" 200 33668
101.200.101.206 - - [27/Mar/2019:16:19:55 +0800] "GET /img/de5fd9655a1f0ed92e8becd32ed23a8a.jpg HTTP/1.1" 200 33711
101.200.101.209 - - [27/Mar/2019:16:19:55 +0800] "GET /img/5a880809bd9fe2962f8d362aaa2a3f5e.jpg HTTP/1.1" 200 7010
101.200.101.208 - - [27/Mar/2019:16:19:55 +0800] "GET /img/5e55ad93394df693d8d1e31b3fd99202.jpg HTTP/1.1" 200 36642
101.200.101.214 - - [27/Mar/2019:16:19:56 +0800] "GET /img/9b0f50528b3b61c7ac372ab6c6b17d10.jpg HTTP/1.1" 200 21217
101.200.101.220 - - [27/Mar/2019:16:19:56 +0800] "GET /img/383339be54b57256c6020a3d1dd945e4.jpg HTTP/1.1" 200 100915
185.142.236.35 - - [27/Mar/2019:17:15:49 +0800] "GET / HTTP/1.1" 200 33458
185.142.236.35 - - [27/Mar/2019:17:15:52 +0800] "" 400 226
185.142.236.35 - - [27/Mar/2019:17:15:57 +0800] "" 400 226
185.142.236.35 - - [27/Mar/2019:17:15:58 +0800] "" 400 226
185.142.236.35 - - [27/Mar/2019:17:16:04 +0800] "" 400 226
185.142.236.35 - - [27/Mar/2019:17:16:05 +0800] "" 400 226
185.142.236.35 - - [27/Mar/2019:17:16:09 +0800] "quit" 400 226
185.142.236.35 - - [27/Mar/2019:17:16:15 +0800] "GET /robots.txt HTTP/1.1" 404 -
185.142.236.35 - - [27/Mar/2019:17:16:18 +0800] "GET /sitemap.xml HTTP/1.1" 404 4832
185.142.236.35 - - [27/Mar/2019:17:16:19 +0800] "GET /.well-known/security.txt HTTP/1.1" 404 -
185.142.236.35 - - [27/Mar/2019:17:16:26 +0800] "GET /favicon.ico HTTP/1.1" 200 1925
101.200.101.216 - - [27/Mar/2019:17:50:29 +0800] "GET /img/d3da5d9cc075175c86e35f42f5c8eb22.png HTTP/1.1" 200 28219
101.200.101.220 - - [27/Mar/2019:17:50:29 +0800] "GET /img/8d8f07d73c40110f2d2ee37304b51d7e.jpeg HTTP/1.1" 200 10397
101.200.101.204 - - [27/Mar/2019:17:50:31 +0800] "GET /img/d5ed90209cf82ad6bfb30b9cc8540136.png HTTP/1.1" 200 29638
101.200.101.208 - - [27/Mar/2019:17:50:31 +0800] "GET /img/3bc0b6acc3d14918ae925b14f746d144.png HTTP/1.1" 200 80757
61.147.73.173 - - [27/Mar/2019:18:12:26 +0800] "GET /js/bootstrap.min.js HTTP/1.1" 200 9551
61.147.73.159 - - [27/Mar/2019:18:12:26 +0800] "GET /js/jquery.min.js HTTP/1.1" 200 33354
61.147.73.176 - - [27/Mar/2019:18:12:26 +0800] "GET /image/wxapp.jpg HTTP/1.1" 200 75999
61.147.73.184 - - [27/Mar/2019:18:12:26 +0800] "GET /image/Banner_guangyingshuihua.jpg HTTP/1.1" 200 40592
61.147.73.160 - - [27/Mar/2019:18:12:26 +0800] "GET /image/logo.png HTTP/1.1" 200 6525
61.147.73.181 - - [27/Mar/2019:18:12:26 +0800] "GET /image/loading.gif HTTP/1.1" 200 2418
140.205.127.165 - - [27/Mar/2019:18:12:26 +0800] "GET /js/ias.js HTTP/1.1" 200 2185
101.200.101.203 - - [27/Mar/2019:18:12:26 +0800] "GET /css/font-awesome.min.css HTTP/1.1" 200 7046
101.200.101.204 - - [27/Mar/2019:18:12:26 +0800] "GET /_nuxt/39756726f82444f2f775.js HTTP/1.1" 200 5524
101.200.101.209 - - [27/Mar/2019:18:12:26 +0800] "GET /js/main.js HTTP/1.1" 200 6125
101.200.101.204 - - [27/Mar/2019:18:12:26 +0800] "GET /image/wxqrcode.png HTTP/1.1" 200 40117
140.205.127.137 - - [27/Mar/2019:18:12:26 +0800] "GET /_nuxt/3636155fa519c8c1a4bd.js HTTP/1.1" 200 1368
101.200.101.213 - - [27/Mar/2019:18:12:26 +0800] "GET /image/Banner_woniu.jpg HTTP/1.1" 200 55537
101.200.101.216 - - [27/Mar/2019:18:12:26 +0800] "GET /css/bootstrap.min.css HTTP/1.1" 200 16330
140.205.127.171 - - [27/Mar/2019:18:12:26 +0800] "GET /css/main.css HTTP/1.1" 200 18617
140.205.127.144 - - [27/Mar/2019:18:12:26 +0800] "GET /_nuxt/638fa380b36dc3e26333.js HTTP/1.1" 200 13764
140.205.127.147 - - [27/Mar/2019:18:12:26 +0800] "GET /image/Banner_weimei.jpg HTTP/1.1" 200 165019
140.205.127.166 - - [27/Mar/2019:18:12:29 +0800] "GET /fonts/fontawesome-webfont.woff?v=4.7.0 HTTP/1.1" 200 98024
61.147.73.176 - - [27/Mar/2019:18:12:30 +0800] "GET /image/wxapp.jpg HTTP/1.1" 200 75999
140.205.127.171 - - [27/Mar/2019:18:12:30 +0800] "GET /css/main.css HTTP/1.1" 200 18617
140.205.127.165 - - [27/Mar/2019:18:12:30 +0800] "GET /js/ias.js HTTP/1.1" 200 2185
101.200.101.208 - - [27/Mar/2019:18:12:30 +0800] "GET /image/logo.png HTTP/1.1" 200 6525
140.205.127.158 - - [27/Mar/2019:18:12:30 +0800] "GET /css/bootstrap.min.css HTTP/1.1" 200 16330
61.147.73.198 - - [27/Mar/2019:18:12:30 +0800] "GET /js/main.js HTTP/1.1" 200 6125
140.205.127.136 - - [27/Mar/2019:18:12:30 +0800] "GET /image/wxqrcode.png HTTP/1.1" 200 40117
140.205.127.158 - - [27/Mar/2019:18:12:30 +0800] "GET /js/bootstrap.min.js HTTP/1.1" 200 9551
140.205.127.169 - - [27/Mar/2019:18:12:30 +0800] "GET /css/font-awesome.min.css HTTP/1.1" 200 7046
140.205.127.136 - - [27/Mar/2019:18:12:31 +0800] "GET /image/Banner_guangyingshuihua.jpg HTTP/1.1" 200 40592
101.200.101.217 - - [27/Mar/2019:18:12:31 +0800] "GET /js/jquery.min.js HTTP/1.1" 200 33354
140.205.127.164 - - [27/Mar/2019:18:12:31 +0800] "GET /image/loading.gif HTTP/1.1" 200 2418
140.205.127.166 - - [27/Mar/2019:18:12:31 +0800] "GET /fonts/fontawesome-webfont.woff?v=4.7.0 HTTP/1.1" 200 98024
61.147.73.172 - - [27/Mar/2019:18:12:32 +0800] "GET /favicon.ico HTTP/1.1" 200 1925
101.200.101.206 - - [27/Mar/2019:18:12:33 +0800] "GET /favicon.ico HTTP/1.1" 200 1925
101.200.101.208 - - [27/Mar/2019:18:12:32 +0800] "GET /image/Banner_weimei.jpg HTTP/1.1" 200 165019
61.147.73.159 - - [27/Mar/2019:18:12:37 +0800] "GET /js/jquery.min.js HTTP/1.1" 200 33354
101.200.101.206 - - [27/Mar/2019:18:12:37 +0800] "GET /css/main.css HTTP/1.1" 200 18617
101.200.101.212 - - [27/Mar/2019:18:12:37 +0800] "GET /css/share.css HTTP/1.1" 200 484
101.200.101.214 - - [27/Mar/2019:18:12:37 +0800] "GET /jokes/detail/image/wxqrcode.png HTTP/1.1" 404 43
101.200.101.209 - - [27/Mar/2019:18:12:37 +0800] "GET /_nuxt/ef31d1abbeccd5397917.js HTTP/1.1" 200 13747
140.205.127.148 - - [27/Mar/2019:18:12:37 +0800] "GET /jokes/detail/image/logo.png HTTP/1.1" 404 43
101.200.101.213 - - [27/Mar/2019:18:12:37 +0800] "GET /_nuxt/dea9059e4f4e2f95a275.js HTTP/1.1" 200 1332
61.147.73.173 - - [27/Mar/2019:18:12:37 +0800] "GET /js/bootstrap.min.js HTTP/1.1" 200 9551
140.205.127.169 - - [27/Mar/2019:18:12:37 +0800] "GET /css/font-awesome.min.css HTTP/1.1" 200 7046
61.147.73.198 - - [27/Mar/2019:18:12:37 +0800] "GET /js/main.js HTTP/1.1" 200 6125
140.205.127.158 - - [27/Mar/2019:18:12:37 +0800] "GET /css/bootstrap.min.css HTTP/1.1" 200 16330
101.200.101.214 - - [27/Mar/2019:18:12:37 +0800] "GET /js/ias.js HTTP/1.1" 200 2185
61.147.73.169 - - [27/Mar/2019:18:12:38 +0800] "GET /jokes/detail/image/wxqrcode.png HTTP/1.1" 404 43
61.147.73.193 - - [27/Mar/2019:18:12:38 +0800] "GET /jokes/detail/image/logo.png HTTP/1.1" 404 43
101.200.101.210 - - [27/Mar/2019:18:12:38 +0800] "GET /image/share.png HTTP/1.1" 200 6932
140.205.127.166 - - [27/Mar/2019:18:12:38 +0800] "GET /fonts/fontawesome-webfont.woff?v=4.7.0 HTTP/1.1" 200 98024
61.147.73.198 - - [27/Mar/2019:18:12:38 +0800] "GET /_nuxt/3982503e082d29dee5ce.js HTTP/1.1" 200 5525
101.200.101.205 - - [27/Mar/2019:18:12:38 +0800] "GET /js/share.js?cdnversion=431577 HTTP/1.1" 200 6240
140.205.127.145 - - [27/Mar/2019:18:12:38 +0800] "GET /api/js/share/share_api.js?v=226108fe.js HTTP/1.1" 200 484
140.205.127.160 - - [27/Mar/2019:18:12:38 +0800] "GET /api/js/view/share_view.js?v=3ae6026d.js HTTP/1.1" 200 895
101.200.101.211 - - [27/Mar/2019:18:12:39 +0800] "GET /api/js/view/view_base.js HTTP/1.1" 200 728
140.205.127.173 - - [27/Mar/2019:18:12:39 +0800] "GET /api/js/share/api_base.js HTTP/1.1" 200 580
61.147.73.180 - - [27/Mar/2019:18:12:39 +0800] "GET /api/js/base/tangram.js?v=37768233.js HTTP/1.1" 200 36079
101.200.101.212 - - [27/Mar/2019:18:12:39 +0800] "GET /css/share.css HTTP/1.1" 200 484
101.200.101.208 - - [27/Mar/2019:18:12:39 +0800] "GET /api/js/component/partners.js?v=911c4302.js HTTP/1.1" 200 821
140.205.127.134 - - [27/Mar/2019:18:12:41 +0800] "GET /api/js/trans/logger.js?v=d16ec0e3.js HTTP/1.1" 200 20
61.147.73.172 - - [27/Mar/2019:18:12:42 +0800] "GET /favicon.ico HTTP/1.1" 200 1925
61.147.73.172 - - [27/Mar/2019:18:12:48 +0800] "GET /favicon.ico HTTP/1.1" 200 1925
101.200.101.214 - - [27/Mar/2019:18:12:48 +0800] "GET /image/Banner_guangyingshuihua.jpg HTTP/1.1" 200 40592
101.200.101.215 - - [27/Mar/2019:18:12:48 +0800] "GET /image/loading.gif HTTP/1.1" 200 2418
101.200.101.216 - - [27/Mar/2019:18:12:48 +0800] "GET /image/wxapp.jpg HTTP/1.1" 200 75999
140.205.127.163 - - [27/Mar/2019:18:12:48 +0800] "GET /image/logo.png HTTP/1.1" 200 6525
101.200.101.204 - - [27/Mar/2019:18:12:48 +0800] "GET /image/wxqrcode.png HTTP/1.1" 200 40117
140.205.127.175 - - [27/Mar/2019:18:12:48 +0800] "GET /image/Banner_woniu.jpg HTTP/1.1" 200 55537
140.205.127.147 - - [27/Mar/2019:18:12:48 +0800] "GET /image/Banner_weimei.jpg HTTP/1.1" 200 165019
61.147.73.170 - - [27/Mar/2019:18:12:50 +0800] "GET /jokes/detail/52 HTTP/1.1" 200 5077
61.147.73.150 - - [27/Mar/2019:18:12:51 +0800] "GET /css/main.css HTTP/1.1" 200 18617
140.205.127.175 - - [27/Mar/2019:18:12:51 +0800] "GET /js/main.js HTTP/1.1" 200 6125
61.147.73.152 - - [27/Mar/2019:18:12:51 +0800] "GET /image/wxqrcode.png HTTP/1.1" 200 40117
61.147.73.173 - - [27/Mar/2019:18:12:51 +0800] "GET /js/bootstrap.min.js HTTP/1.1" 200 9551
61.147.73.159 - - [27/Mar/2019:18:12:51 +0800] "GET /js/jquery.min.js HTTP/1.1" 200 33354
101.200.101.214 - - [27/Mar/2019:18:12:51 +0800] "GET /js/ias.js HTTP/1.1" 200 2185
101.200.101.208 - - [27/Mar/2019:18:12:51 +0800] "GET /image/logo.png HTTP/1.1" 200 6525
140.205.127.174 - - [27/Mar/2019:18:12:51 +0800] "GET /_nuxt/0f3982bf34711b1b48dc.js HTTP/1.1" 200 4845
101.200.101.212 - - [27/Mar/2019:18:12:51 +0800] "GET /css/share.css HTTP/1.1" 200 484
140.205.127.158 - - [27/Mar/2019:18:12:51 +0800] "GET /css/bootstrap.min.css HTTP/1.1" 200 16330
101.200.101.217 - - [27/Mar/2019:18:12:51 +0800] "GET /img/c759d78c187fba666cbe88e8b618fbc3.jpg HTTP/1.1" 200 149739
140.205.127.169 - - [27/Mar/2019:18:12:52 +0800] "GET /css/font-awesome.min.css HTTP/1.1" 200 7046
101.200.101.208 - - [27/Mar/2019:18:12:52 +0800] "GET /fonts/fontawesome-webfont.woff?v=4.7.0 HTTP/1.1" 200 98024
61.147.73.178 - - [27/Mar/2019:18:12:53 +0800] "GET /js/share.js?cdnversion=431577 HTTP/1.1" 200 6240
101.200.101.212 - - [27/Mar/2019:18:12:53 +0800] "GET /api/js/share/share_api.js?v=226108fe.js HTTP/1.1" 200 484
140.205.127.160 - - [27/Mar/2019:18:12:53 +0800] "GET /api/js/view/share_view.js?v=3ae6026d.js HTTP/1.1" 200 895
61.147.73.180 - - [27/Mar/2019:18:12:53 +0800] "GET /api/js/base/tangram.js?v=37768233.js HTTP/1.1" 200 36079
140.205.127.129 - - [27/Mar/2019:18:12:53 +0800] "GET /image/share.png HTTP/1.1" 200 6932
140.205.127.173 - - [27/Mar/2019:18:12:53 +0800] "GET /api/js/share/api_base.js HTTP/1.1" 200 580
61.147.73.183 - - [27/Mar/2019:18:12:54 +0800] "GET /api/js/view/view_base.js HTTP/1.1" 200 728
101.200.101.212 - - [27/Mar/2019:18:12:54 +0800] "GET /css/share.css HTTP/1.1" 200 484
101.200.101.208 - - [27/Mar/2019:18:12:54 +0800] "GET /api/js/component/partners.js?v=911c4302.js HTTP/1.1" 200 821
101.200.101.206 - - [27/Mar/2019:18:12:55 +0800] "GET /favicon.ico HTTP/1.1" 200 1925
61.147.73.152 - - [27/Mar/2019:18:12:56 +0800] "GET /api/js/trans/logger.js?v=d16ec0e3.js HTTP/1.1" 200 20
61.147.73.172 - - [27/Mar/2019:18:13:32 +0800] "GET /favicon.ico HTTP/1.1" 200 1925
101.200.101.206 - - [27/Mar/2019:18:13:42 +0800] "GET /favicon.ico HTTP/1.1" 200 1925
61.147.73.172 - - [27/Mar/2019:18:13:51 +0800] "GET /favicon.ico HTTP/1.1" 200 1925
140.205.127.174 - - [27/Mar/2019:18:14:04 +0800] "GET /favicon.ico HTTP/1.1" 200 1925
61.147.73.172 - - [27/Mar/2019:18:14:11 +0800] "GET /favicon.ico HTTP/1.1" 200 1925
18.208.231.117 - - [27/Mar/2019:18:16:02 +0800] "GET / HTTP/1.1" 200 7947
92.118.161.21 - - [27/Mar/2019:18:56:27 +0800] "-" 408 -
60.191.38.77 - - [27/Mar/2019:20:41:06 +0800] "GET / HTTP/1.1" 200 34304
13.57.233.99 - - [27/Mar/2019:21:18:24 +0800] "GET / HTTP/1.1" 200 7882
178.73.215.171 - - [27/Mar/2019:21:21:19 +0800] "GET / HTTP/1.0" 200 33645
51.38.12.13 - - [27/Mar/2019:21:43:11 +0800] "GET / HTTP/1.1" 200 33459
51.38.12.13 - - [27/Mar/2019:21:43:13 +0800] "GET / HTTP/1.0" 400 362
196.52.43.123 - - [27/Mar/2019:21:49:49 +0800] "-" 408 -
61.147.73.172 - - [27/Mar/2019:22:30:01 +0800] "GET /static/qsong/html/welfare.html HTTP/1.1" 404 1937
185.209.0.12 - - [27/Mar/2019:23:38:05 +0800] "-" 408 -
157.55.39.133 - - [28/Mar/2019:01:16:32 +0800] "GET / HTTP/1.1" 200 8547
47.103.42.118 - - [28/Mar/2019:03:29:34 +0800] "GET / HTTP/1.1" 200 7933
47.103.42.118 - - [28/Mar/2019:03:29:34 +0800] "GET /explicit_not_exist_path HTTP/1.1" 404 1933
47.103.42.118 - - [28/Mar/2019:03:29:34 +0800] "GET /index.html HTTP/1.1" 404 1923
47.103.42.118 - - [28/Mar/2019:03:29:34 +0800] "GET /index.php HTTP/1.1" 404 1923
47.103.42.118 - - [28/Mar/2019:03:29:35 +0800] "GET /index.jsp HTTP/1.1" 404 1924
47.103.42.118 - - [28/Mar/2019:03:29:35 +0800] "GET /admin/ HTTP/1.1" 404 1922
47.103.42.118 - - [28/Mar/2019:03:29:35 +0800] "GET /favicon.ico HTTP/1.1" 200 1925
47.103.42.118 - - [28/Mar/2019:03:29:35 +0800] "GET /wp-login.php HTTP/1.1" 404 1927
47.103.42.118 - - [28/Mar/2019:03:29:35 +0800] "GET /readme.html HTTP/1.1" 404 1925
47.103.42.118 - - [28/Mar/2019:03:29:35 +0800] "GET /license.txt HTTP/1.1" 404 20
47.103.42.118 - - [28/Mar/2019:03:29:35 +0800] "GET /wp-includes/js/wplink.js HTTP/1.1" 404 42
47.103.42.118 - - [28/Mar/2019:03:29:35 +0800] "GET /wp-admin/js/customize-controls.js HTTP/1.1" 404 42
47.103.42.118 - - [28/Mar/2019:03:29:36 +0800] "GET /wp-admin/js/nav-menu.js HTTP/1.1" 404 42
47.103.42.118 - - [28/Mar/2019:03:29:36 +0800] "GET /wp-includes/js/plupload/handlers.js HTTP/1.1" 404 42
47.103.42.118 - - [28/Mar/2019:03:29:36 +0800] "GET /wp-includes/js/tinymce/wp-tinymce.js.gz HTTP/1.1" 404 1944
47.103.42.118 - - [28/Mar/2019:03:29:36 +0800] "GET /robots.txt HTTP/1.1" 404 20
47.103.42.118 - - [28/Mar/2019:03:29:36 +0800] "GET /README HTTP/1.1" 404 1925
47.103.42.118 - - [28/Mar/2019:03:29:36 +0800] "GET /solr/ HTTP/1.1" 404 1922
47.103.42.118 - - [28/Mar/2019:03:29:36 +0800] "GET /wcm/ HTTP/1.1" 404 1922
47.103.42.118 - - [28/Mar/2019:03:29:36 +0800] "GET /phpMyAdmin/ HTTP/1.1" 404 1927
47.103.42.118 - - [28/Mar/2019:03:29:36 +0800] "GET /phpmyadmin/ HTTP/1.1" 404 1926
47.103.42.118 - - [28/Mar/2019:03:29:36 +0800] "GET /pma/ HTTP/1.1" 404 1921
61.147.73.182 - - [28/Mar/2019:04:06:00 +0800] "GET /robots.txt HTTP/1.1" 404 20
61.147.73.178 - - [28/Mar/2019:04:06:02 +0800] "GET /static/qsong/html/gifdetail.html?id=110 HTTP/1.1" 404 1947
47.103.44.102 - - [28/Mar/2019:05:00:58 +0800] "GET / HTTP/1.1" 200 8180
47.103.44.102 - - [28/Mar/2019:05:00:58 +0800] "GET /explicit_not_exist_path HTTP/1.1" 404 1933
47.103.44.102 - - [28/Mar/2019:05:00:59 +0800] "GET /index.html HTTP/1.1" 404 1923
47.103.44.102 - - [28/Mar/2019:05:00:59 +0800] "GET /index.php HTTP/1.1" 404 1923
47.103.44.102 - - [28/Mar/2019:05:00:59 +0800] "GET /index.jsp HTTP/1.1" 404 1924
47.103.44.102 - - [28/Mar/2019:05:00:59 +0800] "GET /admin/ HTTP/1.1" 404 1922
140.205.127.157 - - [28/Mar/2019:05:00:59 +0800] "GET / HTTP/1.1" 200 8336
101.200.101.212 - - [28/Mar/2019:05:01:00 +0800] "GET /explicit_not_exist_path HTTP/1.1" 404 1933
47.103.44.102 - - [28/Mar/2019:05:01:00 +0800] "GET /favicon.ico HTTP/1.1" 200 1925
47.103.44.102 - - [28/Mar/2019:05:01:00 +0800] "GET /wp-login.php HTTP/1.1" 404 1927
101.200.101.220 - - [28/Mar/2019:05:01:00 +0800] "GET /index.html HTTP/1.1" 404 1923
47.103.44.102 - - [28/Mar/2019:05:01:00 +0800] "GET /readme.html HTTP/1.1" 404 1925
47.103.44.102 - - [28/Mar/2019:05:01:00 +0800] "GET /license.txt HTTP/1.1" 404 20
47.103.44.102 - - [28/Mar/2019:05:01:00 +0800] "GET /wp-includes/js/wplink.js HTTP/1.1" 404 42
140.205.127.147 - - [28/Mar/2019:05:01:00 +0800] "GET /index.php HTTP/1.1" 404 1923
47.103.44.102 - - [28/Mar/2019:05:01:00 +0800] "GET /wp-admin/js/customize-controls.js HTTP/1.1" 404 42
47.103.44.102 - - [28/Mar/2019:05:01:00 +0800] "GET /wp-admin/js/nav-menu.js HTTP/1.1" 404 42
47.103.44.102 - - [28/Mar/2019:05:01:00 +0800] "GET /wp-includes/js/plupload/handlers.js HTTP/1.1" 404 42
101.200.101.205 - - [28/Mar/2019:05:01:00 +0800] "GET /index.jsp HTTP/1.1" 404 1924
47.103.44.102 - - [28/Mar/2019:05:01:00 +0800] "GET /wp-includes/js/tinymce/wp-tinymce.js.gz HTTP/1.1" 404 1944
47.103.44.102 - - [28/Mar/2019:05:01:01 +0800] "GET /robots.txt HTTP/1.1" 404 20
47.103.44.102 - - [28/Mar/2019:05:01:01 +0800] "GET /README HTTP/1.1" 404 1925
140.205.127.148 - - [28/Mar/2019:05:01:01 +0800] "GET /admin/ HTTP/1.1" 404 1922
47.103.44.102 - - [28/Mar/2019:05:01:01 +0800] "GET /solr/ HTTP/1.1" 404 1922
47.103.44.102 - - [28/Mar/2019:05:01:01 +0800] "GET /wcm/ HTTP/1.1" 404 1922
47.103.44.102 - - [28/Mar/2019:05:01:01 +0800] "GET /phpMyAdmin/ HTTP/1.1" 404 1927
47.103.44.102 - - [28/Mar/2019:05:01:01 +0800] "GET /phpmyadmin/ HTTP/1.1" 404 1926
47.103.44.102 - - [28/Mar/2019:05:01:01 +0800] "GET /pma/ HTTP/1.1" 404 1921
101.200.101.206 - - [28/Mar/2019:05:01:01 +0800] "GET /favicon.ico HTTP/1.1" 200 1925
140.205.127.135 - - [28/Mar/2019:05:01:02 +0800] "GET /wp-login.php HTTP/1.1" 404 1927
140.205.127.156 - - [28/Mar/2019:05:01:02 +0800] "GET /readme.html HTTP/1.1" 404 1925
101.200.101.209 - - [28/Mar/2019:05:01:02 +0800] "GET /license.txt HTTP/1.1" 404 20
140.205.127.141 - - [28/Mar/2019:05:01:02 +0800] "GET /wp-includes/js/wplink.js HTTP/1.1" 404 42
140.205.127.167 - - [28/Mar/2019:05:01:03 +0800] "GET /wp-admin/js/customize-controls.js HTTP/1.1" 404 42
140.205.127.162 - - [28/Mar/2019:05:01:04 +0800] "GET /wp-admin/js/nav-menu.js HTTP/1.1" 404 42
101.200.101.202 - - [28/Mar/2019:05:01:04 +0800] "GET /wp-includes/js/plupload/handlers.js HTTP/1.1" 404 42
101.200.101.209 - - [28/Mar/2019:05:01:04 +0800] "GET /wp-includes/js/tinymce/wp-tinymce.js.gz HTTP/1.1" 404 1944
101.200.101.207 - - [28/Mar/2019:05:01:04 +0800] "GET /robots.txt HTTP/1.1" 404 20
101.200.101.209 - - [28/Mar/2019:05:01:04 +0800] "GET /README HTTP/1.1" 404 1925
140.205.127.171 - - [28/Mar/2019:05:01:05 +0800] "GET /solr/ HTTP/1.1" 404 1922
101.200.101.201 - - [28/Mar/2019:05:01:05 +0800] "GET /wcm/ HTTP/1.1" 404 1922
101.200.101.212 - - [28/Mar/2019:05:01:05 +0800] "GET /phpMyAdmin/ HTTP/1.1" 404 1927
101.200.101.207 - - [28/Mar/2019:05:01:05 +0800] "GET /phpmyadmin/ HTTP/1.1" 404 1926
101.200.101.201 - - [28/Mar/2019:05:01:06 +0800] "GET /pma/ HTTP/1.1" 404 1921
106.15.76.92 - - [28/Mar/2019:06:07:06 +0800] "GET / HTTP/1.0" 200 34161
209.17.96.218 - - [28/Mar/2019:06:32:15 +0800] "GET / HTTP/1.1" 200 34230
101.200.101.218 - - [28/Mar/2019:07:03:47 +0800] "GET /.well-known/assetlinks.json HTTP/1.1" 404 22
47.103.35.125 - - [28/Mar/2019:08:39:27 +0800] "GET / HTTP/1.1" 200 8397
47.103.35.125 - - [28/Mar/2019:08:39:27 +0800] "GET /explicit_not_exist_path HTTP/1.1" 404 1933
47.103.35.125 - - [28/Mar/2019:08:39:28 +0800] "GET /index.html HTTP/1.1" 404 1923
47.103.35.125 - - [28/Mar/2019:08:39:28 +0800] "GET /index.php HTTP/1.1" 404 1923
47.103.35.125 - - [28/Mar/2019:08:39:28 +0800] "GET /index.jsp HTTP/1.1" 404 1924
47.103.35.125 - - [28/Mar/2019:08:39:28 +0800] "GET /admin/ HTTP/1.1" 404 1922
47.103.46.80 - - [28/Mar/2019:08:39:28 +0800] "GET / HTTP/1.1" 200 7974
47.103.46.80 - - [28/Mar/2019:08:39:28 +0800] "GET /explicit_not_exist_path HTTP/1.1" 404 1933
47.103.46.80 - - [28/Mar/2019:08:39:28 +0800] "GET /index.html HTTP/1.1" 404 1923
47.103.46.80 - - [28/Mar/2019:08:39:29 +0800] "GET /index.php HTTP/1.1" 404 1923
47.103.35.125 - - [28/Mar/2019:08:39:29 +0800] "GET /favicon.ico HTTP/1.1" 200 1925
47.103.46.80 - - [28/Mar/2019:08:39:29 +0800] "GET /index.jsp HTTP/1.1" 404 1924
47.103.35.125 - - [28/Mar/2019:08:39:29 +0800] "GET /wp-login.php HTTP/1.1" 404 1927
47.103.46.80 - - [28/Mar/2019:08:39:29 +0800] "GET /admin/ HTTP/1.1" 404 1922
47.103.35.125 - - [28/Mar/2019:08:39:29 +0800] "GET /readme.html HTTP/1.1" 404 1925
47.103.35.125 - - [28/Mar/2019:08:39:29 +0800] "GET /license.txt HTTP/1.1" 404 20
47.103.35.125 - - [28/Mar/2019:08:39:29 +0800] "GET /wp-includes/js/wplink.js HTTP/1.1" 404 42
47.103.35.125 - - [28/Mar/2019:08:39:29 +0800] "GET /wp-admin/js/customize-controls.js HTTP/1.1" 404 42
47.103.35.125 - - [28/Mar/2019:08:39:29 +0800] "GET /wp-admin/js/nav-menu.js HTTP/1.1" 404 42
47.103.46.80 - - [28/Mar/2019:08:39:29 +0800] "GET /favicon.ico HTTP/1.1" 200 1925
47.103.35.125 - - [28/Mar/2019:08:39:29 +0800] "GET /wp-includes/js/plupload/handlers.js HTTP/1.1" 404 42
47.103.46.80 - - [28/Mar/2019:08:39:29 +0800] "GET /wp-login.php HTTP/1.1" 404 1927
47.103.35.125 - - [28/Mar/2019:08:39:29 +0800] "GET /wp-includes/js/tinymce/wp-tinymce.js.gz HTTP/1.1" 404 1944
47.103.46.80 - - [28/Mar/2019:08:39:29 +0800] "GET /readme.html HTTP/1.1" 404 1925
47.103.35.125 - - [28/Mar/2019:08:39:29 +0800] "GET /robots.txt HTTP/1.1" 404 20
47.103.46.80 - - [28/Mar/2019:08:39:29 +0800] "GET /license.txt HTTP/1.1" 404 20
47.103.35.125 - - [28/Mar/2019:08:39:29 +0800] "GET /README HTTP/1.1" 404 1925
47.103.46.80 - - [28/Mar/2019:08:39:29 +0800] "GET /wp-includes/js/wplink.js HTTP/1.1" 404 42
47.103.46.80 - - [28/Mar/2019:08:39:29 +0800] "GET /wp-admin/js/customize-controls.js HTTP/1.1" 404 42
47.103.35.125 - - [28/Mar/2019:08:39:30 +0800] "GET /solr/ HTTP/1.1" 404 1922
47.103.46.80 - - [28/Mar/2019:08:39:30 +0800] "GET /wp-admin/js/nav-menu.js HTTP/1.1" 404 42
47.103.35.125 - - [28/Mar/2019:08:39:30 +0800] "GET /wcm/ HTTP/1.1" 404 1922
47.103.46.80 - - [28/Mar/2019:08:39:30 +0800] "GET /wp-includes/js/plupload/handlers.js HTTP/1.1" 404 42
47.103.35.125 - - [28/Mar/2019:08:39:30 +0800] "GET /phpMyAdmin/ HTTP/1.1" 404 1927
47.103.46.80 - - [28/Mar/2019:08:39:30 +0800] "GET /wp-includes/js/tinymce/wp-tinymce.js.gz HTTP/1.1" 404 1944
47.103.35.125 - - [28/Mar/2019:08:39:30 +0800] "GET /phpmyadmin/ HTTP/1.1" 404 1926
47.103.46.80 - - [28/Mar/2019:08:39:30 +0800] "GET /robots.txt HTTP/1.1" 404 20
47.103.35.125 - - [28/Mar/2019:08:39:30 +0800] "GET /pma/ HTTP/1.1" 404 1921
47.103.46.80 - - [28/Mar/2019:08:39:30 +0800] "GET /README HTTP/1.1" 404 1925
47.103.46.80 - - [28/Mar/2019:08:39:30 +0800] "GET /solr/ HTTP/1.1" 404 1922
47.103.46.80 - - [28/Mar/2019:08:39:30 +0800] "GET /wcm/ HTTP/1.1" 404 1922
47.103.46.80 - - [28/Mar/2019:08:39:30 +0800] "GET /phpMyAdmin/ HTTP/1.1" 404 1927
47.103.46.80 - - [28/Mar/2019:08:39:30 +0800] "GET /phpmyadmin/ HTTP/1.1" 404 1926
47.103.46.80 - - [28/Mar/2019:08:39:30 +0800] "GET /pma/ HTTP/1.1" 404 1921
101.200.101.214 - - [28/Mar/2019:08:42:44 +0800] "GET / HTTP/1.1" 200 7898
61.147.73.150 - - [28/Mar/2019:08:42:44 +0800] "GET /css/main.css HTTP/1.1" 200 18617
61.147.73.195 - - [28/Mar/2019:08:42:44 +0800] "GET /_nuxt/39756726f82444f2f775.js HTTP/1.1" 200 5524
61.147.73.155 - - [28/Mar/2019:08:42:44 +0800] "GET /_nuxt/3636155fa519c8c1a4bd.js HTTP/1.1" 200 1368
61.147.73.159 - - [28/Mar/2019:08:42:44 +0800] "GET /js/jquery.min.js HTTP/1.1" 200 33354
101.200.101.214 - - [28/Mar/2019:08:42:44 +0800] "GET /image/Banner_guangyingshuihua.jpg HTTP/1.1" 200 40592
61.147.73.162 - - [28/Mar/2019:08:42:44 +0800] "GET /image/Banner_woniu.jpg HTTP/1.1" 200 55537
61.147.73.162 - - [28/Mar/2019:08:42:44 +0800] "GET /_nuxt/638fa380b36dc3e26333.js HTTP/1.1" 200 13764
61.147.73.160 - - [28/Mar/2019:08:42:44 +0800] "GET /image/logo.png HTTP/1.1" 200 6525
61.147.73.185 - - [28/Mar/2019:08:42:44 +0800] "GET /css/bootstrap.min.css HTTP/1.1" 200 16330
101.200.101.203 - - [28/Mar/2019:08:42:44 +0800] "GET /css/font-awesome.min.css HTTP/1.1" 200 7046
61.147.73.150 - - [28/Mar/2019:08:42:45 +0800] "GET /css/main.css HTTP/1.1" 200 18617
101.200.101.209 - - [28/Mar/2019:08:42:45 +0800] "GET /js/main.js HTTP/1.1" 200 6125
61.147.73.159 - - [28/Mar/2019:08:42:45 +0800] "GET /js/jquery.min.js HTTP/1.1" 200 33354
61.147.73.185 - - [28/Mar/2019:08:42:45 +0800] "GET /css/bootstrap.min.css HTTP/1.1" 200 16330
61.147.73.160 - - [28/Mar/2019:08:42:45 +0800] "GET /image/logo.png HTTP/1.1" 200 6525
140.205.127.167 - - [28/Mar/2019:08:42:45 +0800] "GET /image/wxapp.jpg HTTP/1.1" 200 75999
101.200.101.201 - - [28/Mar/2019:08:42:45 +0800] "GET /js/bootstrap.min.js HTTP/1.1" 200 9551
61.147.73.181 - - [28/Mar/2019:08:42:45 +0800] "GET /image/loading.gif HTTP/1.1" 200 2418
101.200.101.204 - - [28/Mar/2019:08:42:45 +0800] "GET /image/wxqrcode.png HTTP/1.1" 200 40117
140.205.127.165 - - [28/Mar/2019:08:42:45 +0800] "GET /js/ias.js HTTP/1.1" 200 2185
61.147.73.195 - - [28/Mar/2019:08:42:44 +0800] "GET /image/Banner_weimei.jpg HTTP/1.1" 200 165019
140.205.127.175 - - [28/Mar/2019:08:42:47 +0800] "GET /image/Banner_woniu.jpg HTTP/1.1" 200 55537
61.147.73.184 - - [28/Mar/2019:08:42:48 +0800] "GET /image/Banner_guangyingshuihua.jpg HTTP/1.1" 200 40592
61.147.73.150 - - [28/Mar/2019:08:42:49 +0800] "GET /fonts/fontawesome-webfont.woff?v=4.7.0 HTTP/1.1" 200 98024
101.200.101.208 - - [28/Mar/2019:08:42:48 +0800] "GET /image/Banner_weimei.jpg HTTP/1.1" 200 165019
47.92.146.203 - - [28/Mar/2019:08:51:06 +0800] "GET / HTTP/1.1" 200 33412
47.100.51.203 - - [28/Mar/2019:08:58:45 +0800] "GET / HTTP/1.1" 200 33683
140.205.127.129 - - [28/Mar/2019:09:59:04 +0800] "GET /img/de5fd9655a1f0ed92e8becd32ed23a8a.jpg HTTP/1.1" 200 33711
140.205.127.142 - - [28/Mar/2019:10:00:27 +0800] "GET /img/67ba55c318961d71cfd7f8a775b7191b.jpeg HTTP/1.1" 200 50197
140.205.127.173 - - [28/Mar/2019:10:00:27 +0800] "GET /img/e3aac8b5c664df38cfdcc9f0a6f5155f.jpeg HTTP/1.1" 200 22633
140.205.127.143 - - [28/Mar/2019:10:00:27 +0800] "GET /img/121c2207b91a85824a86d49a801f5a0d.jpg HTTP/1.1" 200 74721
140.205.127.167 - - [28/Mar/2019:10:00:28 +0800] "GET /img/589026bd3ac73c36df059e2cfd320438.jpg HTTP/1.1" 200 24113
140.205.127.161 - - [28/Mar/2019:10:00:28 +0800] "GET /img/9785f7c0967122d0fb61ae5567793b30.jpg HTTP/1.1" 200 31271
140.205.127.147 - - [28/Mar/2019:10:00:28 +0800] "GET /img/bda29051f960d40b9fd9fc0e57315520.jpg HTTP/1.1" 200 72830
140.205.127.175 - - [28/Mar/2019:10:00:29 +0800] "GET /img/5dbfe433278388e90bb875353da267db.jpeg HTTP/1.1" 200 63895
140.205.127.149 - - [28/Mar/2019:10:00:29 +0800] "GET /img/5482713e6b5d02d9ba8624554458f5bc.jpeg HTTP/1.1" 200 56111
140.205.127.175 - - [28/Mar/2019:10:00:30 +0800] "GET /img/6aeefa02ba33084f64836bcd83e1e636.jpg HTTP/1.1" 200 32731
140.205.127.142 - - [28/Mar/2019:10:00:27 +0800] "GET /img/95a7811216fe110b0632239a93375d4f.jpeg HTTP/1.1" 200 212619
140.205.127.133 - - [28/Mar/2019:10:02:38 +0800] "GET /img/383339be54b57256c6020a3d1dd945e4.jpg HTTP/1.1" 200 100915
61.160.236.77 - - [28/Mar/2019:10:10:36 +0800] "GET /cgi-bin/kerbynet?Section=NoAuthREQ&Action=x509List&type=%22%26id%26%22 HTTP/1.1" 404 4894
61.160.236.77 - - [28/Mar/2019:10:11:23 +0800] "GET /cgi-bin/kerbynet?Section=NoAuthREQ&Action=x509List&type=%22%26id%26%22 HTTP/1.1" 404 4894
61.147.73.165 - - [28/Mar/2019:10:33:39 +0800] "GET /img/5a880809bd9fe2962f8d362aaa2a3f5e.jpg HTTP/1.1" 200 7010
61.147.73.193 - - [28/Mar/2019:10:33:39 +0800] "GET /img/d2f34652d93d88350c537c43b110e458.jpg HTTP/1.1" 200 43554
61.147.73.196 - - [28/Mar/2019:10:33:39 +0800] "GET /img/9b0f50528b3b61c7ac372ab6c6b17d10.jpg HTTP/1.1" 200 21217
61.147.73.155 - - [28/Mar/2019:10:33:49 +0800] "GET /article/getRandArticle HTTP/1.1" 200 4073
61.147.73.160 - - [28/Mar/2019:10:33:49 +0800] "GET /article/getArticleList?type=notice&ps=5&pn=1 HTTP/1.1" 200 1590
61.147.73.152 - - [28/Mar/2019:10:33:49 +0800] "GET /article/getCountInfo HTTP/1.1" 200 282
61.147.73.182 - - [28/Mar/2019:10:33:49 +0800] "GET /article/getArticleList?ps=10&pn=1 HTTP/1.1" 200 8623
140.205.127.175 - - [28/Mar/2019:10:33:49 +0800] "GET /article/getArticleList?ps=5&pn=1&sort=read HTTP/1.1" 200 4358
140.205.127.166 - - [28/Mar/2019:10:33:49 +0800] "GET /article/getArticleList?type=video&ps=1&pn=1&sort=read HTTP/1.1" 200 1024
140.205.127.136 - - [28/Mar/2019:10:33:49 +0800] "GET /article/getArticleList?type=dz&ps=1&pn=1 HTTP/1.1" 200 1252
61.147.73.191 - - [28/Mar/2019:10:33:55 +0800] "GET /article/getArticleList?type=video&ps=1&pn=1&sort=read HTTP/1.1" 200 1024
61.147.73.182 - - [28/Mar/2019:10:33:55 +0800] "GET /article/getArticleList?ps=10&pn=1 HTTP/1.1" 200 8623
140.205.127.159 - - [28/Mar/2019:10:33:55 +0800] "GET /article/getRandArticle HTTP/1.1" 200 4314
140.205.127.135 - - [28/Mar/2019:10:33:55 +0800] "GET /article/getArticleList?type=notice&ps=5&pn=1 HTTP/1.1" 200 1590
61.147.73.154 - - [28/Mar/2019:10:33:55 +0800] "GET /article/getArticleList?type=dz&ps=1&pn=1 HTTP/1.1" 200 1252
61.147.73.179 - - [28/Mar/2019:10:33:55 +0800] "GET /article/getArticleList?ps=5&pn=1&sort=read HTTP/1.1" 200 4358
140.205.127.145 - - [28/Mar/2019:10:33:55 +0800] "GET /article/getCountInfo HTTP/1.1" 200 282
61.147.73.191 - - [28/Mar/2019:10:34:02 +0800] "GET /article/getArticleList?type=video&ps=1&pn=1&sort=read HTTP/1.1" 200 1024
61.147.73.182 - - [28/Mar/2019:10:34:02 +0800] "GET /article/getArticleList?ps=10&pn=1 HTTP/1.1" 200 8623
140.205.127.159 - - [28/Mar/2019:10:34:02 +0800] "GET /article/getRandArticle HTTP/1.1" 200 4067
140.205.127.136 - - [28/Mar/2019:10:34:02 +0800] "GET /article/getArticleList?type=dz&ps=1&pn=1 HTTP/1.1" 200 1252
140.205.127.135 - - [28/Mar/2019:10:34:02 +0800] "GET /article/getArticleList?type=notice&ps=5&pn=1 HTTP/1.1" 200 1590
61.147.73.152 - - [28/Mar/2019:10:34:02 +0800] "GET /article/getCountInfo HTTP/1.1" 200 282
140.205.127.175 - - [28/Mar/2019:10:34:02 +0800] "GET /article/getArticleList?ps=5&pn=1&sort=read HTTP/1.1" 200 4358
61.147.73.175 - - [28/Mar/2019:10:34:06 +0800] "GET /gif HTTP/1.1" 200 6156
61.147.73.152 - - [28/Mar/2019:10:34:06 +0800] "GET /image/wxqrcode.png HTTP/1.1" 200 40117
140.205.127.158 - - [28/Mar/2019:10:34:06 +0800] "GET /css/bootstrap.min.css HTTP/1.1" 200 16330
61.147.73.181 - - [28/Mar/2019:10:34:06 +0800] "GET /image/loading.gif HTTP/1.1" 200 2418
140.205.127.175 - - [28/Mar/2019:10:34:06 +0800] "GET /js/main.js HTTP/1.1" 200 6125
61.147.73.193 - - [28/Mar/2019:10:34:06 +0800] "GET /js/ias.js HTTP/1.1" 200 2185
140.205.127.167 - - [28/Mar/2019:10:34:06 +0800] "GET /image/wxapp.jpg HTTP/1.1" 200 75999
140.205.127.169 - - [28/Mar/2019:10:34:06 +0800] "GET /css/font-awesome.min.css HTTP/1.1" 200 7046
61.147.73.162 - - [28/Mar/2019:10:34:06 +0800] "GET /_nuxt/3fb5f7e85e4225ae6a1c.js HTTP/1.1" 200 4769
61.147.73.198 - - [28/Mar/2019:10:34:07 +0800] "GET /img/383339be54b57256c6020a3d1dd945e4.jpg HTTP/1.1" 200 100915
140.205.127.171 - - [28/Mar/2019:10:34:07 +0800] "GET /css/main.css HTTP/1.1" 200 18617
61.147.73.173 - - [28/Mar/2019:10:34:07 +0800] "GET /js/bootstrap.min.js HTTP/1.1" 200 9551
140.205.127.137 - - [28/Mar/2019:10:34:07 +0800] "GET /js/jquery.min.js HTTP/1.1" 200 33354
140.205.127.163 - - [28/Mar/2019:10:34:07 +0800] "GET /image/logo.png HTTP/1.1" 200 6525
61.147.73.150 - - [28/Mar/2019:10:34:07 +0800] "GET /_nuxt/3b9e014d08681f743031.js HTTP/1.1" 200 54640
61.147.73.150 - - [28/Mar/2019:10:34:09 +0800] "GET /fonts/fontawesome-webfont.woff?v=4.7.0 HTTP/1.1" 200 98024
140.205.127.152 - - [28/Mar/2019:10:34:10 +0800] "GET /_nuxt/39756726f82444f2f775.js HTTP/1.1" 200 5524
61.147.73.182 - - [28/Mar/2019:10:34:12 +0800] "GET /article/getArticleList?ps=10&pn=1 HTTP/1.1" 200 8623
61.147.73.154 - - [28/Mar/2019:10:34:12 +0800] "GET /article/getArticleList?type=dz&ps=1&pn=1 HTTP/1.1" 200 1252
61.147.73.160 - - [28/Mar/2019:10:34:12 +0800] "GET /article/getArticleList?type=notice&ps=5&pn=1 HTTP/1.1" 200 1590
140.205.127.166 - - [28/Mar/2019:10:34:12 +0800] "GET /article/getArticleList?type=video&ps=1&pn=1&sort=read HTTP/1.1" 200 1024
61.147.73.152 - - [28/Mar/2019:10:34:12 +0800] "GET /article/getCountInfo HTTP/1.1" 200 282
140.205.127.175 - - [28/Mar/2019:10:34:12 +0800] "GET /article/getArticleList?ps=5&pn=1&sort=read HTTP/1.1" 200 4358
140.205.127.159 - - [28/Mar/2019:10:34:12 +0800] "GET /article/getRandArticle HTTP/1.1" 200 4033
61.147.73.161 - - [28/Mar/2019:10:34:14 +0800] "GET /static/qsong/html/videomain.html HTTP/1.1" 404 1937
140.205.127.154 - - [28/Mar/2019:10:34:25 +0800] "GET /static/qsong/html/gifmain.html HTTP/1.1" 404 1936
61.147.73.193 - - [28/Mar/2019:10:34:30 +0800] "GET /css/font-awesome.min.css HTTP/1.1" 200 7046
61.147.73.173 - - [28/Mar/2019:10:34:30 +0800] "GET /js/bootstrap.min.js HTTP/1.1" 200 9551
61.147.73.193 - - [28/Mar/2019:10:34:30 +0800] "GET /js/ias.js HTTP/1.1" 200 2185
61.147.73.185 - - [28/Mar/2019:10:34:30 +0800] "GET /css/bootstrap.min.css HTTP/1.1" 200 16330
140.205.127.171 - - [28/Mar/2019:10:34:30 +0800] "GET /css/main.css HTTP/1.1" 200 18617
140.205.127.137 - - [28/Mar/2019:10:34:30 +0800] "GET /js/jquery.min.js HTTP/1.1" 200 33354
140.205.127.175 - - [28/Mar/2019:10:34:30 +0800] "GET /js/main.js HTTP/1.1" 200 6125
61.147.73.160 - - [28/Mar/2019:10:34:30 +0800] "GET /image/logo.png HTTP/1.1" 200 6525
140.205.127.136 - - [28/Mar/2019:10:34:31 +0800] "GET /image/wxqrcode.png HTTP/1.1" 200 40117
140.205.127.164 - - [28/Mar/2019:10:34:31 +0800] "GET /image/loading.gif HTTP/1.1" 200 2418
140.205.127.167 - - [28/Mar/2019:10:34:31 +0800] "GET /image/wxapp.jpg HTTP/1.1" 200 75999
140.205.127.158 - - [28/Mar/2019:10:35:16 +0800] "GET /css/bootstrap.min.css HTTP/1.1" 200 16330
101.200.101.208 - - [28/Mar/2019:10:35:16 +0800] "GET /image/logo.png HTTP/1.1" 200 6525
101.200.101.214 - - [28/Mar/2019:10:35:16 +0800] "GET /image/Banner_guangyingshuihua.jpg HTTP/1.1" 200 40592
101.200.101.201 - - [28/Mar/2019:10:35:16 +0800] "GET /js/bootstrap.min.js HTTP/1.1" 200 9551
140.205.127.175 - - [28/Mar/2019:10:35:16 +0800] "GET /image/Banner_woniu.jpg HTTP/1.1" 200 55537
140.205.127.165 - - [28/Mar/2019:10:35:16 +0800] "GET /js/ias.js HTTP/1.1" 200 2185
101.200.101.203 - - [28/Mar/2019:10:35:16 +0800] "GET /_nuxt/3636155fa519c8c1a4bd.js HTTP/1.1" 200 1368
140.205.127.137 - - [28/Mar/2019:10:35:16 +0800] "GET /js/jquery.min.js HTTP/1.1" 200 33354
140.205.127.171 - - [28/Mar/2019:10:35:16 +0800] "GET /css/main.css HTTP/1.1" 200 18617
140.205.127.152 - - [28/Mar/2019:10:35:16 +0800] "GET /_nuxt/39756726f82444f2f775.js HTTP/1.1" 200 5524
101.200.101.203 - - [28/Mar/2019:10:35:16 +0800] "GET /css/font-awesome.min.css HTTP/1.1" 200 7046
101.200.101.204 - - [28/Mar/2019:10:35:17 +0800] "GET /image/wxqrcode.png HTTP/1.1" 200 40117
101.200.101.209 - - [28/Mar/2019:10:35:17 +0800] "GET /js/main.js HTTP/1.1" 200 6125
140.205.127.167 - - [28/Mar/2019:10:35:18 +0800] "GET /image/wxapp.jpg HTTP/1.1" 200 75999
140.205.127.164 - - [28/Mar/2019:10:35:18 +0800] "GET /image/loading.gif HTTP/1.1" 200 2418
140.205.127.147 - - [28/Mar/2019:10:35:19 +0800] "GET /image/Banner_weimei.jpg HTTP/1.1" 200 165019
101.200.101.208 - - [28/Mar/2019:10:35:19 +0800] "GET /fonts/fontawesome-webfont.woff?v=4.7.0 HTTP/1.1" 200 98024
140.205.127.174 - - [28/Mar/2019:10:35:21 +0800] "GET /favicon.ico HTTP/1.1" 200 1925
140.205.127.147 - - [28/Mar/2019:10:35:24 +0800] "GET /img/4a11dd87b90bd6a64b6215b42684029b.jpg HTTP/1.1" 200 17531
140.205.127.172 - - [28/Mar/2019:10:35:24 +0800] "GET /img/701a223dd042458a6055803db738f4b5.jpg HTTP/1.1" 200 12470
140.205.127.148 - - [28/Mar/2019:10:35:24 +0800] "GET /img/f4ee02c60963f615e1ab86259d24028d.jpg HTTP/1.1" 200 44314
101.200.101.218 - - [28/Mar/2019:10:35:24 +0800] "GET /img/542f3a1195b7adc77dbdc310db96ccb3.jpg HTTP/1.1" 200 27317
140.205.127.155 - - [28/Mar/2019:10:35:24 +0800] "GET /img/c0a5a0782ef8f75c788463c95388079f.jpg HTTP/1.1" 200 19741
101.200.101.202 - - [28/Mar/2019:10:35:24 +0800] "GET /img/2578e7a9fb11eb3200b5d08004a7acf0.jpg HTTP/1.1" 200 21292
140.205.127.150 - - [28/Mar/2019:10:35:24 +0800] "GET /img/bd4813a1e8978ea0ca984974b5969435.jpg HTTP/1.1" 200 20368
140.205.127.163 - - [28/Mar/2019:10:35:24 +0800] "GET /img/f3c7d0d2742a1a65074a9fe2bfba2ed1.jpg HTTP/1.1" 200 35786
140.205.127.142 - - [28/Mar/2019:10:35:24 +0800] "GET /img/95a7811216fe110b0632239a93375d4f.jpeg HTTP/1.1" 200 212619
140.205.127.153 - - [28/Mar/2019:10:35:26 +0800] "GET /picture HTTP/1.1" 200 6132
101.200.101.220 - - [28/Mar/2019:10:35:27 +0800] "GET /_nuxt/f19b83b6dad7bf66c55b.js HTTP/1.1" 200 4788
101.200.101.217 - - [28/Mar/2019:10:35:27 +0800] "GET /img/67ba55c318961d71cfd7f8a775b7191b.jpeg HTTP/1.1" 200 50197
101.200.101.211 - - [28/Mar/2019:10:35:27 +0800] "GET /img/9785f7c0967122d0fb61ae5567793b30.jpg HTTP/1.1" 200 31271
101.200.101.209 - - [28/Mar/2019:10:35:27 +0800] "GET /img/589026bd3ac73c36df059e2cfd320438.jpg HTTP/1.1" 200 24113
101.200.101.209 - - [28/Mar/2019:10:35:27 +0800] "GET /img/6aeefa02ba33084f64836bcd83e1e636.jpg HTTP/1.1" 200 32731
140.205.127.137 - - [28/Mar/2019:10:35:27 +0800] "GET /js/jquery.min.js HTTP/1.1" 200 33354
101.200.101.220 - - [28/Mar/2019:10:35:27 +0800] "GET /img/121c2207b91a85824a86d49a801f5a0d.jpg HTTP/1.1" 200 74721
101.200.101.216 - - [28/Mar/2019:10:35:27 +0800] "GET /image/wxapp.jpg HTTP/1.1" 200 75999
140.205.127.165 - - [28/Mar/2019:10:35:27 +0800] "GET /js/ias.js HTTP/1.1" 200 2185
140.205.127.136 - - [28/Mar/2019:10:35:27 +0800] "GET /image/wxqrcode.png HTTP/1.1" 200 40117
140.205.127.158 - - [28/Mar/2019:10:35:28 +0800] "GET /css/bootstrap.min.css HTTP/1.1" 200 16330
140.205.127.169 - - [28/Mar/2019:10:35:29 +0800] "GET /css/font-awesome.min.css HTTP/1.1" 200 7046
101.200.101.210 - - [28/Mar/2019:10:35:29 +0800] "GET /img/5482713e6b5d02d9ba8624554458f5bc.jpeg HTTP/1.1" 200 56111
140.205.127.164 - - [28/Mar/2019:10:35:29 +0800] "GET /image/loading.gif HTTP/1.1" 200 2418
101.200.101.208 - - [28/Mar/2019:10:35:29 +0800] "GET /image/logo.png HTTP/1.1" 200 6525
101.200.101.201 - - [28/Mar/2019:10:35:30 +0800] "GET /js/bootstrap.min.js HTTP/1.1" 200 9551
140.205.127.175 - - [28/Mar/2019:10:35:30 +0800] "GET /js/main.js HTTP/1.1" 200 6125
101.200.101.206 - - [28/Mar/2019:10:35:30 +0800] "GET /css/main.css HTTP/1.1" 200 18617
101.200.101.208 - - [28/Mar/2019:10:35:31 +0800] "GET /fonts/fontawesome-webfont.woff?v=4.7.0 HTTP/1.1" 200 98024
140.205.127.174 - - [28/Mar/2019:10:35:31 +0800] "GET /favicon.ico HTTP/1.1" 200 1925
140.205.127.136 - - [28/Mar/2019:10:35:45 +0800] "GET /picture/detail/65 HTTP/1.1" 200 5432
140.205.127.129 - - [28/Mar/2019:10:35:46 +0800] "GET /_nuxt/d473f8da90209a7056c4.js HTTP/1.1" 200 4917
101.200.101.212 - - [28/Mar/2019:10:35:46 +0800] "GET /css/share.css HTTP/1.1" 200 484
101.200.101.217 - - [28/Mar/2019:10:35:46 +0800] "GET /js/jquery.min.js HTTP/1.1" 200 33354
140.205.127.169 - - [28/Mar/2019:10:35:46 +0800] "GET /css/font-awesome.min.css HTTP/1.1" 200 7046
101.200.101.201 - - [28/Mar/2019:10:35:46 +0800] "GET /js/bootstrap.min.js HTTP/1.1" 200 9551
140.205.127.171 - - [28/Mar/2019:10:35:46 +0800] "GET /css/main.css HTTP/1.1" 200 18617
140.205.127.163 - - [28/Mar/2019:10:35:46 +0800] "GET /image/logo.png HTTP/1.1" 200 6525
140.205.127.175 - - [28/Mar/2019:10:35:46 +0800] "GET /js/main.js HTTP/1.1" 200 6125
101.200.101.204 - - [28/Mar/2019:10:35:46 +0800] "GET /img/ac3581886c9da80cc7899f47123ea1d8.jpeg HTTP/1.1" 200 66189
101.200.101.204 - - [28/Mar/2019:10:35:46 +0800] "GET /css/baguetteBox.min.css HTTP/1.1" 200 1000
101.200.101.210 - - [28/Mar/2019:10:35:46 +0800] "GET /img/156b58a982d75f80294b32e06af8c370.jpg HTTP/1.1" 200 83070
140.205.127.139 - - [28/Mar/2019:10:35:47 +0800] "GET /js/baguetteBox.min.js HTTP/1.1" 200 3273
101.200.101.215 - - [28/Mar/2019:10:35:46 +0800] "GET /img/43e0fd204bbffbea964c6f7d045ef8d3.jpg HTTP/1.1" 200 99427
140.205.127.167 - - [28/Mar/2019:10:35:48 +0800] "GET /css/gallery-grid.css HTTP/1.1" 200 453
140.205.127.165 - - [28/Mar/2019:10:35:48 +0800] "GET /js/ias.js HTTP/1.1" 200 2185
101.200.101.216 - - [28/Mar/2019:10:35:49 +0800] "GET /css/bootstrap.min.css HTTP/1.1" 200 16330
101.200.101.204 - - [28/Mar/2019:10:35:49 +0800] "GET /image/wxqrcode.png HTTP/1.1" 200 40117
101.200.101.210 - - [28/Mar/2019:10:35:49 +0800] "GET /img/1ba512f655544ba89992cd9195ed3127.jpg HTTP/1.1" 200 38277
101.200.101.210 - - [28/Mar/2019:10:35:50 +0800] "GET /image/share.png HTTP/1.1" 200 6932
101.200.101.208 - - [28/Mar/2019:10:35:50 +0800] "GET /fonts/fontawesome-webfont.woff?v=4.7.0 HTTP/1.1" 200 98024
140.205.127.133 - - [28/Mar/2019:10:35:51 +0800] "GET /js/share.js?cdnversion=431593 HTTP/1.1" 200 6240
140.205.127.145 - - [28/Mar/2019:10:35:51 +0800] "GET /api/js/share/share_api.js?v=226108fe.js HTTP/1.1" 200 484
140.205.127.160 - - [28/Mar/2019:10:35:51 +0800] "GET /api/js/view/share_view.js?v=3ae6026d.js HTTP/1.1" 200 895
101.200.101.202 - - [28/Mar/2019:10:35:52 +0800] "GET /api/js/base/tangram.js?v=37768233.js HTTP/1.1" 200 36079
140.205.127.173 - - [28/Mar/2019:10:35:52 +0800] "GET /api/js/share/api_base.js HTTP/1.1" 200 580
140.205.127.145 - - [28/Mar/2019:10:35:52 +0800] "GET /api/js/view/view_base.js HTTP/1.1" 200 728
101.200.101.208 - - [28/Mar/2019:10:35:53 +0800] "GET /api/js/component/partners.js?v=911c4302.js HTTP/1.1" 200 821
140.205.127.145 - - [28/Mar/2019:10:35:54 +0800] "GET /static/qsong/html/home.html HTTP/1.1" 404 1934
140.205.127.134 - - [28/Mar/2019:10:35:55 +0800] "GET /api/js/trans/logger.js?v=d16ec0e3.js HTTP/1.1" 200 20
140.205.127.138 - - [28/Mar/2019:10:36:07 +0800] "GET /jokes HTTP/1.1" 200 8209
101.200.101.201 - - [28/Mar/2019:10:36:08 +0800] "GET /_nuxt/2f1a16537f135002491d.js HTTP/1.1" 200 4678
101.200.101.216 - - [28/Mar/2019:10:36:09 +0800] "GET /css/bootstrap.min.css HTTP/1.1" 200 16330
140.205.127.169 - - [28/Mar/2019:10:36:09 +0800] "GET /css/font-awesome.min.css HTTP/1.1" 200 7046
101.200.101.206 - - [28/Mar/2019:10:36:09 +0800] "GET /css/main.css HTTP/1.1" 200 18617
140.205.127.158 - - [28/Mar/2019:10:36:09 +0800] "GET /js/bootstrap.min.js HTTP/1.1" 200 9551
140.205.127.137 - - [28/Mar/2019:10:36:09 +0800] "GET /js/jquery.min.js HTTP/1.1" 200 33354
140.205.127.163 - - [28/Mar/2019:10:36:09 +0800] "GET /image/logo.png HTTP/1.1" 200 6525
140.205.127.165 - - [28/Mar/2019:10:36:09 +0800] "GET /js/ias.js HTTP/1.1" 200 2185
140.205.127.175 - - [28/Mar/2019:10:36:09 +0800] "GET /js/main.js HTTP/1.1" 200 6125
