140.205.127.149 - - [08/Apr/2019:10:52:05 +0800] "GET /gif/detail/104 HTTP/1.1" 200 20203
140.205.127.169 - - [08/Apr/2019:10:52:06 +0800] "GET /gif/detail/131 HTTP/1.1" 200 22171
140.205.127.159 - - [08/Apr/2019:10:52:06 +0800] "GET /notice/detail/70 HTTP/1.1" 404 4847
140.205.127.153 - - [08/Apr/2019:10:52:07 +0800] "GET /picture HTTP/1.1" 200 5888
140.205.127.163 - - [08/Apr/2019:10:52:07 +0800] "GET /picture/detail/20 HTTP/1.1" 200 5079
140.205.127.149 - - [08/Apr/2019:10:52:07 +0800] "GET /gif/detail/104 HTTP/1.1" 200 6237
101.200.101.216 - - [08/Apr/2019:10:52:09 +0800] "GET /gif/detail/131 HTTP/1.1" 200 7207
140.205.127.149 - - [08/Apr/2019:10:52:11 +0800] "GET /gif/detail/39 HTTP/1.1" 200 16697
140.205.127.154 - - [08/Apr/2019:10:52:11 +0800] "GET /picture/detail/33 HTTP/1.1" 200 18140
101.200.101.215 - - [08/Apr/2019:10:52:11 +0800] "GET /gif/detail/16 HTTP/1.1" 200 16164
101.200.101.209 - - [08/Apr/2019:10:52:12 +0800] "GET /jokes/detail/120 HTTP/1.1" 200 15754
140.205.127.143 - - [08/Apr/2019:10:52:12 +0800] "GET /jokes/detail/36 HTTP/1.1" 200 14869
101.200.101.215 - - [08/Apr/2019:10:52:14 +0800] "GET /gif/detail/16 HTTP/1.1" 200 5303
140.205.127.149 - - [08/Apr/2019:10:52:14 +0800] "GET /gif/detail/39 HTTP/1.1" 200 5259
101.200.101.208 - - [08/Apr/2019:10:52:14 +0800] "GET /picture/detail/33 HTTP/1.1" 200 5686
101.200.101.215 - - [08/Apr/2019:10:52:14 +0800] "GET /jokes/detail/36 HTTP/1.1" 200 4934
140.205.127.165 - - [08/Apr/2019:10:52:14 +0800] "GET /jokes/detail/120 HTTP/1.1" 200 5067
101.200.101.203 - - [08/Apr/2019:10:52:15 +0800] "GET /jokes/detail/101 HTTP/1.1" 200 15742
101.200.101.215 - - [08/Apr/2019:10:52:15 +0800] "GET /gif/detail/7 HTTP/1.1" 200 15892
140.205.127.141 - - [08/Apr/2019:10:52:16 +0800] "GET /jokes/detail/43 HTTP/1.1" 200 15238
140.205.127.135 - - [08/Apr/2019:10:52:16 +0800] "GET /gif/detail/15 HTTP/1.1" 200 16390
101.200.101.212 - - [08/Apr/2019:10:52:16 +0800] "GET /gif/detail/38 HTTP/1.1" 200 16851
101.200.101.215 - - [08/Apr/2019:10:52:18 +0800] "GET /gif/detail/7 HTTP/1.1" 200 5376
140.205.127.135 - - [08/Apr/2019:10:52:18 +0800] "GET /gif/detail/15 HTTP/1.1" 200 5036
101.200.101.212 - - [08/Apr/2019:10:52:18 +0800] "GET /gif/detail/38 HTTP/1.1" 200 5864
101.200.101.220 - - [08/Apr/2019:10:52:18 +0800] "GET /jokes/detail/43 HTTP/1.1" 200 5514
140.205.127.158 - - [08/Apr/2019:10:52:18 +0800] "GET /jokes/detail/101 HTTP/1.1" 200 5828
101.200.101.203 - - [08/Apr/2019:10:52:19 +0800] "GET /gif/detail/6 HTTP/1.1" 200 16121
101.200.101.220 - - [08/Apr/2019:10:52:19 +0800] "GET /gif/detail/24 HTTP/1.1" 200 16201
140.205.127.176 - - [08/Apr/2019:10:52:19 +0800] "GET /gif/detail/12 HTTP/1.1" 200 16645
140.205.127.133 - - [08/Apr/2019:10:52:20 +0800] "GET /jokes/detail/48 HTTP/1.1" 200 15072
101.200.101.217 - - [08/Apr/2019:10:52:20 +0800] "GET /gif/detail/25 HTTP/1.1" 200 16082
101.200.101.215 - - [08/Apr/2019:10:52:21 +0800] "GET /gif/detail/12 HTTP/1.1" 200 5269
101.200.101.207 - - [08/Apr/2019:10:52:21 +0800] "GET /jokes/detail/48 HTTP/1.1" 200 5264
140.205.127.162 - - [08/Apr/2019:10:52:21 +0800] "GET /gif/detail/6 HTTP/1.1" 200 5277
140.205.127.175 - - [08/Apr/2019:10:52:21 +0800] "GET /gif/detail/25 HTTP/1.1" 200 5526
140.205.127.141 - - [08/Apr/2019:10:52:21 +0800] "GET /gif/detail/24 HTTP/1.1" 200 5125
140.205.127.176 - - [08/Apr/2019:10:52:22 +0800] "GET /gif/detail/123 HTTP/1.1" 200 21872
140.205.127.152 - - [08/Apr/2019:10:52:23 +0800] "GET /gif/detail/42 HTTP/1.1" 200 16606
101.200.101.206 - - [08/Apr/2019:10:52:23 +0800] "GET /jokes HTTP/1.1" 200 31042
140.205.127.158 - - [08/Apr/2019:10:52:23 +0800] "GET /gif/detail/41 HTTP/1.1" 200 16424
101.200.101.209 - - [08/Apr/2019:10:52:23 +0800] "GET /gif/detail/124 HTTP/1.1" 200 22700
101.200.101.206 - - [08/Apr/2019:10:52:25 +0800] "GET /jokes HTTP/1.1" 200 8242
140.205.127.158 - - [08/Apr/2019:10:52:25 +0800] "GET /gif/detail/41 HTTP/1.1" 200 5167
101.200.101.209 - - [08/Apr/2019:10:52:25 +0800] "GET /gif/detail/124 HTTP/1.1" 200 7072
101.200.101.220 - - [08/Apr/2019:10:52:25 +0800] "GET /gif/detail/123 HTTP/1.1" 200 7342
101.200.101.201 - - [08/Apr/2019:10:52:25 +0800] "GET /gif/detail/42 HTTP/1.1" 200 5084
140.205.127.148 - - [08/Apr/2019:10:52:26 +0800] "GET /jokes/detail/83 HTTP/1.1" 200 15157
140.205.127.143 - - [08/Apr/2019:10:52:27 +0800] "GET /jokes/detail/92 HTTP/1.1" 200 15803
101.200.101.210 - - [08/Apr/2019:10:52:27 +0800] "GET /jokes/detail/64 HTTP/1.1" 200 15142
140.205.127.174 - - [08/Apr/2019:10:52:27 +0800] "GET /jokes/detail/86 HTTP/1.1" 200 15423
101.200.101.217 - - [08/Apr/2019:10:52:28 +0800] "GET /picture/detail/60 HTTP/1.1" 200 15901
140.205.127.143 - - [08/Apr/2019:10:52:30 +0800] "GET /jokes/detail/92 HTTP/1.1" 200 5324
140.205.127.142 - - [08/Apr/2019:10:52:30 +0800] "GET /jokes/detail/64 HTTP/1.1" 200 4887
140.205.127.160 - - [08/Apr/2019:10:52:30 +0800] "GET /picture/detail/60 HTTP/1.1" 200 5321
101.200.101.219 - - [08/Apr/2019:10:52:30 +0800] "GET /jokes/detail/83 HTTP/1.1" 200 5460
101.200.101.219 - - [08/Apr/2019:10:52:30 +0800] "GET /jokes/detail/86 HTTP/1.1" 200 5757
101.200.101.216 - - [08/Apr/2019:10:52:31 +0800] "GET /gif/detail/47 HTTP/1.1" 200 17116
101.200.101.201 - - [08/Apr/2019:10:52:31 +0800] "GET /gif/detail/53 HTTP/1.1" 200 16561
101.200.101.217 - - [08/Apr/2019:10:52:31 +0800] "GET /video/detail/27 HTTP/1.1" 200 14530
101.200.101.213 - - [08/Apr/2019:10:52:32 +0800] "GET /picture/detail/57 HTTP/1.1" 200 16516
101.200.101.205 - - [08/Apr/2019:10:52:32 +0800] "GET /gif/detail/5 HTTP/1.1" 200 16190
101.200.101.216 - - [08/Apr/2019:10:52:33 +0800] "GET /gif/detail/47 HTTP/1.1" 200 5546
140.205.127.173 - - [08/Apr/2019:10:52:33 +0800] "GET /gif/detail/5 HTTP/1.1" 200 5271
140.205.127.138 - - [08/Apr/2019:10:52:34 +0800] "GET /picture/detail/57 HTTP/1.1" 200 4935
140.205.127.139 - - [08/Apr/2019:10:52:34 +0800] "GET /gif/detail/53 HTTP/1.1" 200 5518
140.205.127.133 - - [08/Apr/2019:10:52:34 +0800] "GET /video/detail/27 HTTP/1.1" 200 4790
140.205.127.139 - - [08/Apr/2019:10:52:34 +0800] "GET /video/detail/72 HTTP/1.1" 200 15359
101.200.101.209 - - [08/Apr/2019:10:52:35 +0800] "GET /gif/detail/29 HTTP/1.1" 200 17003
101.200.101.202 - - [08/Apr/2019:10:52:35 +0800] "GET /gif/detail/126 HTTP/1.1" 200 21209
140.205.127.136 - - [08/Apr/2019:10:52:35 +0800] "GET /picture/detail/65 HTTP/1.1" 200 16216
101.200.101.218 - - [08/Apr/2019:10:52:36 +0800] "GET /picture/detail/45 HTTP/1.1" 200 18487
140.205.127.136 - - [08/Apr/2019:10:52:37 +0800] "GET /picture/detail/65 HTTP/1.1" 200 5787
101.200.101.218 - - [08/Apr/2019:10:52:37 +0800] "GET /picture/detail/45 HTTP/1.1" 200 5942
101.200.101.208 - - [08/Apr/2019:10:52:37 +0800] "GET /video/detail/72 HTTP/1.1" 200 4854
140.205.127.161 - - [08/Apr/2019:10:52:37 +0800] "GET /gif/detail/126 HTTP/1.1" 200 6617
140.205.127.157 - - [08/Apr/2019:10:52:37 +0800] "GET /gif/detail/29 HTTP/1.1" 200 5248
101.200.101.212 - - [08/Apr/2019:10:52:38 +0800] "GET /gif/detail/132 HTTP/1.1" 200 20731
140.205.127.148 - - [08/Apr/2019:10:52:39 +0800] "GET /picture/detail/50 HTTP/1.1" 200 17961
101.200.101.211 - - [08/Apr/2019:10:52:39 +0800] "GET /gif/detail/105 HTTP/1.1" 200 20894
140.205.127.134 - - [08/Apr/2019:10:52:39 +0800] "GET /jokes/detail/67 HTTP/1.1" 200 15055
140.205.127.157 - - [08/Apr/2019:10:52:39 +0800] "GET /gif/detail/122 HTTP/1.1" 200 20836
101.200.101.218 - - [08/Apr/2019:10:52:41 +0800] "GET /jokes/detail/67 HTTP/1.1" 200 5318
140.205.127.157 - - [08/Apr/2019:10:52:41 +0800] "GET /gif/detail/122 HTTP/1.1" 200 7026
140.205.127.136 - - [08/Apr/2019:10:52:41 +0800] "GET /gif/detail/105 HTTP/1.1" 200 6431
140.205.127.134 - - [08/Apr/2019:10:52:41 +0800] "GET /gif/detail/132 HTTP/1.1" 200 6943
140.205.127.148 - - [08/Apr/2019:10:52:41 +0800] "GET /picture/detail/50 HTTP/1.1" 200 5527
101.200.101.213 - - [08/Apr/2019:10:52:42 +0800] "GET /gif/detail/108 HTTP/1.1" 200 21179
140.205.127.143 - - [08/Apr/2019:10:52:42 +0800] "GET /gif/detail/121 HTTP/1.1" 200 20803
140.205.127.156 - - [08/Apr/2019:10:52:43 +0800] "GET /gif/detail/54 HTTP/1.1" 200 16975
140.205.127.160 - - [08/Apr/2019:10:52:43 +0800] "GET /jokes/detail/37 HTTP/1.1" 200 15993
101.200.101.202 - - [08/Apr/2019:10:52:43 +0800] "GET /gif/detail/127 HTTP/1.1" 200 21066
101.200.101.213 - - [08/Apr/2019:10:52:45 +0800] "GET /gif/detail/108 HTTP/1.1" 200 6469
140.205.127.143 - - [08/Apr/2019:10:52:45 +0800] "GET /gif/detail/121 HTTP/1.1" 200 6577
140.205.127.156 - - [08/Apr/2019:10:52:45 +0800] "GET /gif/detail/54 HTTP/1.1" 200 6105
140.205.127.160 - - [08/Apr/2019:10:52:45 +0800] "GET /jokes/detail/37 HTTP/1.1" 200 5396
101.200.101.202 - - [08/Apr/2019:10:52:45 +0800] "GET /gif/detail/127 HTTP/1.1" 200 6497
140.205.127.169 - - [08/Apr/2019:10:52:46 +0800] "GET /gif/detail/109 HTTP/1.1" 200 20782
101.200.101.216 - - [08/Apr/2019:10:52:46 +0800] "GET /gif/detail/8 HTTP/1.1" 200 16481
140.205.127.146 - - [08/Apr/2019:10:52:47 +0800] "GET /gif/detail/10 HTTP/1.1" 200 15889
140.205.127.165 - - [08/Apr/2019:10:52:47 +0800] "GET /gif/detail/128 HTTP/1.1" 200 20530
140.205.127.160 - - [08/Apr/2019:10:52:47 +0800] "GET /gif/detail/23 HTTP/1.1" 200 16635
140.205.127.146 - - [08/Apr/2019:10:52:48 +0800] "GET /gif/detail/10 HTTP/1.1" 200 4871
140.205.127.152 - - [08/Apr/2019:10:52:48 +0800] "GET /gif/detail/8 HTTP/1.1" 200 5655
140.205.127.169 - - [08/Apr/2019:10:52:48 +0800] "GET /gif/detail/109 HTTP/1.1" 200 7131
140.205.127.165 - - [08/Apr/2019:10:52:48 +0800] "GET /gif/detail/128 HTTP/1.1" 200 6551
140.205.127.160 - - [08/Apr/2019:10:52:49 +0800] "GET /gif/detail/23 HTTP/1.1" 200 5233
101.200.101.219 - - [08/Apr/2019:10:52:49 +0800] "GET /gif/detail/110 HTTP/1.1" 200 21818
101.200.101.220 - - [08/Apr/2019:10:52:50 +0800] "GET /picture/detail/17 HTTP/1.1" 200 18868
101.200.101.210 - - [08/Apr/2019:10:52:50 +0800] "GET /gif/detail/55 HTTP/1.1" 200 16988
140.205.127.139 - - [08/Apr/2019:10:52:50 +0800] "GET /gif/detail/125 HTTP/1.1" 200 21190
140.205.127.168 - - [08/Apr/2019:10:52:51 +0800] "GET /jokes/detail/85 HTTP/1.1" 200 16133
101.200.101.210 - - [08/Apr/2019:10:52:52 +0800] "GET /gif/detail/55 HTTP/1.1" 200 5325
101.200.101.202 - - [08/Apr/2019:10:52:52 +0800] "GET /gif/detail/125 HTTP/1.1" 200 6853
140.205.127.168 - - [08/Apr/2019:10:52:52 +0800] "GET /jokes/detail/85 HTTP/1.1" 200 5531
140.205.127.138 - - [08/Apr/2019:10:52:52 +0800] "GET /gif/detail/110 HTTP/1.1" 200 7309
140.205.127.144 - - [08/Apr/2019:10:52:52 +0800] "GET /picture/detail/17 HTTP/1.1" 200 5300
101.200.101.211 - - [08/Apr/2019:10:52:53 +0800] "GET /gif/detail/111 HTTP/1.1" 200 22446
101.200.101.211 - - [08/Apr/2019:10:52:53 +0800] "GET /picture/detail/28 HTTP/1.1" 200 19210
101.200.101.211 - - [08/Apr/2019:10:52:53 +0800] "GET /gif/detail/129 HTTP/1.1" 200 20546
140.205.127.144 - - [08/Apr/2019:10:52:54 +0800] "GET /gif/detail/22 HTTP/1.1" 200 16172
101.200.101.217 - - [08/Apr/2019:10:52:54 +0800] "GET /video HTTP/1.1" 200 17346
101.200.101.211 - - [08/Apr/2019:10:52:55 +0800] "GET /gif/detail/111 HTTP/1.1" 200 6995
101.200.101.211 - - [08/Apr/2019:10:52:55 +0800] "GET /picture/detail/28 HTTP/1.1" 200 5279
140.205.127.134 - - [08/Apr/2019:10:52:55 +0800] "GET /gif/detail/129 HTTP/1.1" 200 6444
101.200.101.205 - - [08/Apr/2019:10:52:55 +0800] "GET /gif/detail/22 HTTP/1.1" 200 5732
140.205.127.160 - - [08/Apr/2019:10:52:55 +0800] "GET /video HTTP/1.1" 200 5819
140.205.127.138 - - [08/Apr/2019:10:52:56 +0800] "GET /gif/detail/112 HTTP/1.1" 200 20779
101.200.101.202 - - [08/Apr/2019:10:52:56 +0800] "GET /picture/detail/66 HTTP/1.1" 200 17673
140.205.127.140 - - [08/Apr/2019:10:52:57 +0800] "GET /jokes/detail/40 HTTP/1.1" 200 15851
140.205.127.165 - - [08/Apr/2019:10:52:57 +0800] "GET /gif/detail/14 HTTP/1.1" 200 17242
140.205.127.175 - - [08/Apr/2019:10:52:57 +0800] "GET /welfare HTTP/1.1" 200 13114
101.200.101.202 - - [08/Apr/2019:10:52:59 +0800] "GET /picture/detail/66 HTTP/1.1" 200 5732
140.205.127.165 - - [08/Apr/2019:10:52:59 +0800] "GET /gif/detail/14 HTTP/1.1" 200 5193
140.205.127.138 - - [08/Apr/2019:10:52:59 +0800] "GET /gif/detail/112 HTTP/1.1" 200 6734
101.200.101.204 - - [08/Apr/2019:10:52:59 +0800] "GET /welfare HTTP/1.1" 200 4873
101.200.101.202 - - [08/Apr/2019:10:52:59 +0800] "GET /jokes/detail/40 HTTP/1.1" 200 5338
101.200.101.218 - - [08/Apr/2019:10:53:00 +0800] "GET /gif/detail/113 HTTP/1.1" 200 22911
101.200.101.202 - - [08/Apr/2019:10:53:00 +0800] "GET /gif/detail/103 HTTP/1.1" 200 24068
101.200.101.215 - - [08/Apr/2019:10:53:00 +0800] "GET /jokes/detail/100 HTTP/1.1" 200 15828
140.205.127.169 - - [08/Apr/2019:10:53:01 +0800] "GET /gif HTTP/1.1" 200 26080
101.200.101.219 - - [08/Apr/2019:10:53:02 +0800] "GET /gif/detail/13 HTTP/1.1" 200 16271
101.200.101.215 - - [08/Apr/2019:10:53:03 +0800] "GET /jokes/detail/100 HTTP/1.1" 200 5453
140.205.127.169 - - [08/Apr/2019:10:53:03 +0800] "GET /gif HTTP/1.1" 200 6430
140.205.127.161 - - [08/Apr/2019:10:53:03 +0800] "GET /gif/detail/113 HTTP/1.1" 200 7219
140.205.127.158 - - [08/Apr/2019:10:53:03 +0800] "GET /gif/detail/103 HTTP/1.1" 200 7435
140.205.127.150 - - [08/Apr/2019:10:53:03 +0800] "GET /gif/detail/13 HTTP/1.1" 200 5621
140.205.127.173 - - [08/Apr/2019:10:53:04 +0800] "GET /gif/detail/102 HTTP/1.1" 200 23150
101.200.101.210 - - [08/Apr/2019:10:53:04 +0800] "GET /jokes/detail/99 HTTP/1.1" 200 16063
140.205.127.158 - - [08/Apr/2019:10:53:04 +0800] "GET /picture/detail/107 HTTP/1.1" 200 16565
101.200.101.213 - - [08/Apr/2019:10:53:05 +0800] "GET /jokes/detail/52 HTTP/1.1" 200 14976
140.205.127.139 - - [08/Apr/2019:10:53:05 +0800] "GET /picture/detail/68 HTTP/1.1" 200 19180
140.205.127.139 - - [08/Apr/2019:10:53:06 +0800] "GET /picture/detail/68 HTTP/1.1" 200 6168
101.200.101.210 - - [08/Apr/2019:10:53:06 +0800] "GET /jokes/detail/99 HTTP/1.1" 200 5614
140.205.127.158 - - [08/Apr/2019:10:53:06 +0800] "GET /picture/detail/107 HTTP/1.1" 200 4772
101.200.101.212 - - [08/Apr/2019:10:53:07 +0800] "GET /gif/detail/102 HTTP/1.1" 200 6934
140.205.127.153 - - [08/Apr/2019:10:53:07 +0800] "GET /jokes/detail/52 HTTP/1.1" 200 4929
140.205.127.138 - - [08/Apr/2019:10:53:07 +0800] "GET /jokes/detail/56 HTTP/1.1" 200 14941
140.205.127.149 - - [08/Apr/2019:10:53:08 +0800] "GET /gif/detail/130 HTTP/1.1" 200 20813
101.200.101.211 - - [08/Apr/2019:10:53:08 +0800] "GET /video/detail/73 HTTP/1.1" 200 14824
101.200.101.210 - - [08/Apr/2019:10:53:08 +0800] "GET /gif/detail/119 HTTP/1.1" 200 20584
140.205.127.145 - - [08/Apr/2019:10:53:08 +0800] "GET /gif/detail/44 HTTP/1.1" 200 17421
140.205.127.138 - - [08/Apr/2019:10:53:10 +0800] "GET /jokes/detail/56 HTTP/1.1" 200 4838
101.200.101.216 - - [08/Apr/2019:10:53:10 +0800] "GET /gif/detail/44 HTTP/1.1" 200 5452
140.205.127.170 - - [08/Apr/2019:10:53:10 +0800] "GET /gif/detail/119 HTTP/1.1" 200 7303
140.205.127.131 - - [08/Apr/2019:10:53:10 +0800] "GET /video/detail/73 HTTP/1.1" 200 4765
101.200.101.220 - - [08/Apr/2019:10:53:10 +0800] "GET /gif/detail/130 HTTP/1.1" 200 7031
140.205.127.173 - - [08/Apr/2019:10:53:11 +0800] "GET /gif/detail/118 HTTP/1.1" 200 22119
101.200.101.210 - - [08/Apr/2019:10:53:11 +0800] "GET /jokes/detail/59 HTTP/1.1" 200 15101
140.205.127.146 - - [08/Apr/2019:10:53:11 +0800] "GET /gif/detail/58 HTTP/1.1" 200 16576
101.200.101.205 - - [08/Apr/2019:10:53:12 +0800] "GET /gif/detail/21 HTTP/1.1" 200 17059
101.200.101.212 - - [08/Apr/2019:10:53:12 +0800] "GET /gif/detail/98 HTTP/1.1" 200 22282
101.200.101.205 - - [08/Apr/2019:10:53:14 +0800] "GET /gif/detail/21 HTTP/1.1" 200 5519
140.205.127.146 - - [08/Apr/2019:10:53:14 +0800] "GET /gif/detail/58 HTTP/1.1" 200 5437
101.200.101.210 - - [08/Apr/2019:10:53:14 +0800] "GET /jokes/detail/59 HTTP/1.1" 200 4948
140.205.127.173 - - [08/Apr/2019:10:53:14 +0800] "GET /gif/detail/118 HTTP/1.1" 200 7311
101.200.101.212 - - [08/Apr/2019:10:53:14 +0800] "GET /gif/detail/98 HTTP/1.1" 200 6875
140.205.127.147 - - [08/Apr/2019:10:53:15 +0800] "GET /gif/detail/97 HTTP/1.1" 200 18881
101.200.101.219 - - [08/Apr/2019:10:53:15 +0800] "GET /gif/detail/62 HTTP/1.1" 200 17359
140.205.127.175 - - [08/Apr/2019:10:53:16 +0800] "GET /gif/detail/117 HTTP/1.1" 200 20853
101.200.101.211 - - [08/Apr/2019:10:53:16 +0800] "GET /jokes/detail/63 HTTP/1.1" 200 14789
101.200.101.220 - - [08/Apr/2019:10:53:16 +0800] "GET /picture/detail/11 HTTP/1.1" 200 17251
101.200.101.211 - - [08/Apr/2019:10:53:17 +0800] "GET /jokes/detail/63 HTTP/1.1" 200 4734
101.200.101.205 - - [08/Apr/2019:10:53:18 +0800] "GET /gif/detail/117 HTTP/1.1" 200 6494
140.205.127.147 - - [08/Apr/2019:10:53:17 +0800] "GET /gif/detail/97 HTTP/1.1" 200 6148
140.205.127.150 - - [08/Apr/2019:10:53:18 +0800] "GET /picture/detail/11 HTTP/1.1" 200 5354
140.205.127.142 - - [08/Apr/2019:10:53:18 +0800] "GET /gif/detail/62 HTTP/1.1" 200 5558
140.205.127.151 - - [08/Apr/2019:10:53:18 +0800] "GET /gif/detail/96 HTTP/1.1" 200 19288
101.200.101.217 - - [08/Apr/2019:10:53:19 +0800] "GET /gif/detail/74 HTTP/1.1" 200 18926
140.205.127.145 - - [08/Apr/2019:10:53:19 +0800] "GET /gif/detail/49 HTTP/1.1" 200 17412
101.200.101.211 - - [08/Apr/2019:10:53:19 +0800] "GET /gif/detail/51 HTTP/1.1" 200 17118
101.200.101.215 - - [08/Apr/2019:10:53:20 +0800] "GET /gif/detail/114 HTTP/1.1" 200 22545
140.205.127.145 - - [08/Apr/2019:10:53:21 +0800] "GET /gif/detail/49 HTTP/1.1" 200 5456
140.205.127.137 - - [08/Apr/2019:10:53:21 +0800] "GET /gif/detail/74 HTTP/1.1" 200 6456
140.205.127.143 - - [08/Apr/2019:10:53:21 +0800] "GET /gif/detail/51 HTTP/1.1" 200 5346
140.205.127.146 - - [08/Apr/2019:10:53:21 +0800] "GET /gif/detail/114 HTTP/1.1" 200 7277
101.200.101.219 - - [08/Apr/2019:10:53:21 +0800] "GET /gif/detail/96 HTTP/1.1" 200 5852
140.205.127.154 - - [08/Apr/2019:10:53:22 +0800] "GET /gif/detail/82 HTTP/1.1" 200 17801
140.205.127.164 - - [08/Apr/2019:10:53:22 +0800] "GET /gif/detail/115 HTTP/1.1" 200 21158
101.200.101.204 - - [08/Apr/2019:10:53:22 +0800] "GET /gif/detail/95 HTTP/1.1" 200 17802
140.205.127.165 - - [08/Apr/2019:10:53:23 +0800] "GET /gif/detail/116 HTTP/1.1" 200 21074
140.205.127.155 - - [08/Apr/2019:10:53:23 +0800] "GET /gif/detail/9 HTTP/1.1" 200 16384
140.205.127.154 - - [08/Apr/2019:10:53:24 +0800] "GET /gif/detail/82 HTTP/1.1" 200 5409
140.205.127.155 - - [08/Apr/2019:10:53:24 +0800] "GET /gif/detail/9 HTTP/1.1" 200 5571
140.205.127.164 - - [08/Apr/2019:10:53:25 +0800] "GET /gif/detail/115 HTTP/1.1" 200 7007
101.200.101.215 - - [08/Apr/2019:10:53:25 +0800] "GET /gif/detail/116 HTTP/1.1" 200 6784
140.205.127.152 - - [08/Apr/2019:10:53:25 +0800] "GET /gif/detail/95 HTTP/1.1" 200 5579
140.205.127.173 - - [08/Apr/2019:10:53:25 +0800] "GET /gif/detail/94 HTTP/1.1" 200 17223
101.200.101.216 - - [08/Apr/2019:10:53:26 +0800] "GET /gif/detail/84 HTTP/1.1" 200 16915
140.205.127.153 - - [08/Apr/2019:10:53:26 +0800] "GET /gif/detail/46 HTTP/1.1" 200 17216
101.200.101.213 - - [08/Apr/2019:10:53:26 +0800] "GET /picture/detail/34 HTTP/1.1" 200 17603
101.200.101.207 - - [08/Apr/2019:10:53:27 +0800] "GET /geng HTTP/1.1" 200 20793
101.200.101.216 - - [08/Apr/2019:10:53:28 +0800] "GET /gif/detail/84 HTTP/1.1" 200 5456
140.205.127.153 - - [08/Apr/2019:10:53:28 +0800] "GET /gif/detail/46 HTTP/1.1" 200 5639
140.205.127.173 - - [08/Apr/2019:10:53:28 +0800] "GET /gif/detail/94 HTTP/1.1" 200 5953
101.200.101.207 - - [08/Apr/2019:10:53:28 +0800] "GET /geng HTTP/1.1" 200 5793
101.200.101.213 - - [08/Apr/2019:10:53:28 +0800] "GET /picture/detail/34 HTTP/1.1" 200 5682
101.200.101.206 - - [08/Apr/2019:10:53:29 +0800] "GET /geng/detail/21 HTTP/1.1" 200 16245
140.205.127.159 - - [08/Apr/2019:10:53:30 +0800] "GET /geng/detail/14 HTTP/1.1" 200 17338
140.205.127.164 - - [08/Apr/2019:10:53:30 +0800] "GET /geng/detail/7 HTTP/1.1" 200 16675
140.205.127.150 - - [08/Apr/2019:10:53:30 +0800] "GET /geng/detail/29 HTTP/1.1" 200 16794
101.200.101.219 - - [08/Apr/2019:10:53:31 +0800] "GET /geng/detail/5 HTTP/1.1" 200 16497
140.205.127.150 - - [08/Apr/2019:10:53:32 +0800] "GET /geng/detail/29 HTTP/1.1" 200 5361
140.205.127.164 - - [08/Apr/2019:10:53:32 +0800] "GET /geng/detail/7 HTTP/1.1" 200 5150
101.200.101.219 - - [08/Apr/2019:10:53:32 +0800] "GET /geng/detail/5 HTTP/1.1" 200 5642
101.200.101.210 - - [08/Apr/2019:10:53:32 +0800] "GET /geng/detail/14 HTTP/1.1" 200 5597
140.205.127.163 - - [08/Apr/2019:10:53:32 +0800] "GET /geng/detail/21 HTTP/1.1" 200 5138
140.205.127.173 - - [08/Apr/2019:10:53:32 +0800] "GET /geng/detail/16 HTTP/1.1" 200 16387
101.200.101.205 - - [08/Apr/2019:10:53:33 +0800] "GET /geng/detail/6 HTTP/1.1" 200 17140
140.205.127.169 - - [08/Apr/2019:10:53:33 +0800] "GET /geng/detail/13 HTTP/1.1" 200 15772
140.205.127.171 - - [08/Apr/2019:10:53:33 +0800] "GET /geng/detail/19 HTTP/1.1" 200 15619
101.200.101.212 - - [08/Apr/2019:10:53:34 +0800] "GET /gif/detail/87 HTTP/1.1" 200 18151
140.205.127.171 - - [08/Apr/2019:10:53:35 +0800] "GET /geng/detail/19 HTTP/1.1" 200 5080
140.205.127.173 - - [08/Apr/2019:10:53:35 +0800] "GET /geng/detail/16 HTTP/1.1" 200 5098
140.205.127.169 - - [08/Apr/2019:10:53:35 +0800] "GET /geng/detail/13 HTTP/1.1" 200 5282
140.205.127.134 - - [08/Apr/2019:10:53:35 +0800] "GET /geng/detail/6 HTTP/1.1" 200 6191
140.205.127.130 - - [08/Apr/2019:10:53:35 +0800] "GET /gif/detail/87 HTTP/1.1" 200 5952
101.200.101.201 - - [08/Apr/2019:10:53:36 +0800] "GET /gif/detail/88 HTTP/1.1" 200 19341
140.205.127.137 - - [08/Apr/2019:10:53:36 +0800] "GET /gif/detail/93 HTTP/1.1" 200 18496
101.200.101.203 - - [08/Apr/2019:10:53:37 +0800] "GET /geng/detail/26 HTTP/1.1" 200 18285
140.205.127.176 - - [08/Apr/2019:10:53:37 +0800] "GET /geng/detail/28 HTTP/1.1" 200 16653
140.205.127.131 - - [08/Apr/2019:10:53:37 +0800] "GET /geng/detail/15 HTTP/1.1" 200 15658
140.205.127.131 - - [08/Apr/2019:10:53:39 +0800] "GET /geng/detail/15 HTTP/1.1" 200 5163
101.200.101.201 - - [08/Apr/2019:10:53:39 +0800] "GET /gif/detail/88 HTTP/1.1" 200 5860
101.200.101.206 - - [08/Apr/2019:10:53:39 +0800] "GET /gif/detail/93 HTTP/1.1" 200 5983
140.205.127.135 - - [08/Apr/2019:10:53:39 +0800] "GET /geng/detail/26 HTTP/1.1" 200 5966
101.200.101.218 - - [08/Apr/2019:10:53:39 +0800] "GET /geng/detail/28 HTTP/1.1" 200 5170
101.200.101.213 - - [08/Apr/2019:10:53:40 +0800] "GET /gif/detail/89 HTTP/1.1" 200 17841
140.205.127.170 - - [08/Apr/2019:10:53:40 +0800] "GET /geng/detail/25 HTTP/1.1" 200 18056
101.200.101.204 - - [08/Apr/2019:10:53:40 +0800] "GET /geng/detail/23 HTTP/1.1" 200 17723
140.205.127.169 - - [08/Apr/2019:10:53:41 +0800] "GET /geng/detail/12 HTTP/1.1" 200 17142
140.205.127.168 - - [08/Apr/2019:10:53:41 +0800] "GET /geng/detail/9 HTTP/1.1" 200 17198
140.205.127.168 - - [08/Apr/2019:10:53:42 +0800] "GET /geng/detail/9 HTTP/1.1" 200 5646
101.200.101.218 - - [08/Apr/2019:10:53:42 +0800] "GET /geng/detail/12 HTTP/1.1" 200 6036
140.205.127.170 - - [08/Apr/2019:10:53:42 +0800] "GET /geng/detail/25 HTTP/1.1" 200 6235
101.200.101.204 - - [08/Apr/2019:10:53:42 +0800] "GET /geng/detail/23 HTTP/1.1" 200 6089
140.205.127.157 - - [08/Apr/2019:10:53:42 +0800] "GET /gif/detail/89 HTTP/1.1" 200 6168
101.200.101.203 - - [08/Apr/2019:10:53:43 +0800] "GET /geng/detail/10 HTTP/1.1" 200 16154
101.200.101.213 - - [08/Apr/2019:10:53:43 +0800] "GET /gif/detail/91 HTTP/1.1" 200 15262
140.205.127.141 - - [08/Apr/2019:10:53:44 +0800] "GET /geng/detail/18 HTTP/1.1" 200 16482
101.200.101.218 - - [08/Apr/2019:10:53:44 +0800] "GET /geng/detail/20 HTTP/1.1" 200 15797
140.205.127.171 - - [08/Apr/2019:10:53:44 +0800] "GET /geng/detail/11 HTTP/1.1" 200 18957
101.200.101.203 - - [08/Apr/2019:10:53:46 +0800] "GET /geng/detail/10 HTTP/1.1" 200 5343
101.200.101.204 - - [08/Apr/2019:10:53:46 +0800] "GET /geng/detail/11 HTTP/1.1" 200 6348
101.200.101.213 - - [08/Apr/2019:10:53:46 +0800] "GET /gif/detail/91 HTTP/1.1" 200 5045
101.200.101.207 - - [08/Apr/2019:10:53:46 +0800] "GET /geng/detail/18 HTTP/1.1" 200 6057
140.205.127.156 - - [08/Apr/2019:10:53:46 +0800] "GET /geng/detail/20 HTTP/1.1" 200 4982
140.205.127.171 - - [08/Apr/2019:10:53:47 +0800] "GET /geng/detail/24 HTTP/1.1" 200 18217
101.200.101.208 - - [08/Apr/2019:10:53:47 +0800] "GET /geng/detail/22 HTTP/1.1" 200 16735
101.200.101.203 - - [08/Apr/2019:10:53:47 +0800] "GET /geng/detail/8 HTTP/1.1" 200 15047
101.200.101.216 - - [08/Apr/2019:10:53:47 +0800] "GET /geng/detail/17 HTTP/1.1" 200 15525
101.200.101.206 - - [08/Apr/2019:10:53:48 +0800] "GET /geng/detail/1 HTTP/1.1" 200 17262
101.200.101.216 - - [08/Apr/2019:10:53:49 +0800] "GET /geng/detail/17 HTTP/1.1" 200 5081
140.205.127.171 - - [08/Apr/2019:10:53:49 +0800] "GET /geng/detail/24 HTTP/1.1" 200 5482
101.200.101.206 - - [08/Apr/2019:10:53:49 +0800] "GET /geng/detail/1 HTTP/1.1" 200 5306
140.205.127.169 - - [08/Apr/2019:10:53:49 +0800] "GET /geng/detail/22 HTTP/1.1" 200 5424
140.205.127.149 - - [08/Apr/2019:10:53:49 +0800] "GET /geng/detail/8 HTTP/1.1" 200 5557
120.202.26.149 - - [08/Apr/2019:10:53:59 +0800] "GET //css/bootstrap.min.css HTTP/1.1" 304 -
120.202.26.149 - - [08/Apr/2019:10:53:59 +0800] "GET //css/font-awesome.min.css HTTP/1.1" 304 -
120.202.26.149 - - [08/Apr/2019:10:53:59 +0800] "GET //css/main.css HTTP/1.1" 304 -
120.202.26.149 - - [08/Apr/2019:10:53:59 +0800] "GET //js/jquery.min.js HTTP/1.1" 304 -
120.202.26.149 - - [08/Apr/2019:10:53:59 +0800] "GET //image/logo.png HTTP/1.1" 304 -
120.202.26.149 - - [08/Apr/2019:10:53:59 +0800] "GET //image/Banner_woniu.jpg HTTP/1.1" 304 -
120.202.26.149 - - [08/Apr/2019:10:53:59 +0800] "GET //js/bootstrap.min.js HTTP/1.1" 304 -
120.202.26.149 - - [08/Apr/2019:10:53:59 +0800] "GET //js/ias.js HTTP/1.1" 304 -
120.202.26.149 - - [08/Apr/2019:10:54:00 +0800] "GET //js/main.js HTTP/1.1" 304 -
120.202.26.149 - - [08/Apr/2019:10:54:00 +0800] "GET //image/Banner_guangyingshuihua.jpg HTTP/1.1" 304 -
120.202.26.149 - - [08/Apr/2019:10:54:00 +0800] "GET //image/Banner_weimei.jpg HTTP/1.1" 304 -
120.202.26.149 - - [08/Apr/2019:10:54:00 +0800] "GET //image/loading.gif HTTP/1.1" 304 -
120.202.26.149 - - [08/Apr/2019:10:54:00 +0800] "GET //image/wxapp.jpg HTTP/1.1" 304 -
120.202.26.149 - - [08/Apr/2019:10:54:00 +0800] "GET //image/wxqrcode.png HTTP/1.1" 304 -
120.202.26.149 - - [08/Apr/2019:10:54:00 +0800] "GET /fonts/fontawesome-webfont.woff?v=4.7.0 HTTP/1.1" 304 -
120.202.26.149 - - [08/Apr/2019:11:07:58 +0800] "GET //css/bootstrap.min.css HTTP/1.1" 200 16330
120.202.26.149 - - [08/Apr/2019:11:07:58 +0800] "GET //css/font-awesome.min.css HTTP/1.1" 200 7046
120.202.26.149 - - [08/Apr/2019:11:07:58 +0800] "GET //css/main.css HTTP/1.1" 200 18617
120.202.26.149 - - [08/Apr/2019:11:07:58 +0800] "GET //js/jquery.min.js HTTP/1.1" 200 33354
120.202.26.149 - - [08/Apr/2019:11:07:58 +0800] "GET //image/logo.png HTTP/1.1" 200 6525
120.202.26.149 - - [08/Apr/2019:11:07:58 +0800] "GET //image/Banner_woniu.jpg HTTP/1.1" 200 55537
120.202.26.149 - - [08/Apr/2019:11:07:58 +0800] "GET //image/Banner_woniu.jpg HTTP/1.1" 304 -
120.202.26.149 - - [08/Apr/2019:11:07:58 +0800] "GET //image/logo.png HTTP/1.1" 304 -
120.202.26.149 - - [08/Apr/2019:11:07:58 +0800] "GET //js/bootstrap.min.js HTTP/1.1" 200 9551
120.202.26.149 - - [08/Apr/2019:11:07:58 +0800] "GET /js/jquery.min.map HTTP/1.1" 404 63
120.202.26.149 - - [08/Apr/2019:11:07:58 +0800] "GET /fonts/fontawesome-webfont.woff?v=4.7.0 HTTP/1.1" 200 98024
120.202.26.149 - - [08/Apr/2019:11:07:58 +0800] "GET //image/Banner_guangyingshuihua.jpg HTTP/1.1" 200 40592
120.202.26.149 - - [08/Apr/2019:11:07:58 +0800] "GET //js/ias.js HTTP/1.1" 200 2185
120.202.26.149 - - [08/Apr/2019:11:07:58 +0800] "GET //js/main.js HTTP/1.1" 200 6191
120.202.26.149 - - [08/Apr/2019:11:07:58 +0800] "GET //image/wxqrcode.png HTTP/1.1" 200 40117
120.202.26.149 - - [08/Apr/2019:11:07:58 +0800] "GET //image/wxapp.jpg HTTP/1.1" 200 75999
120.202.26.149 - - [08/Apr/2019:11:07:58 +0800] "GET /fonts/fontawesome-webfont.ttf?v=4.7.0 HTTP/1.1" 404 1937
120.202.26.149 - - [08/Apr/2019:11:07:59 +0800] "GET //image/loading.gif HTTP/1.1" 200 2418
120.202.26.149 - - [08/Apr/2019:11:07:59 +0800] "GET //image/Banner_guangyingshuihua.jpg HTTP/1.1" 304 -
120.202.26.149 - - [08/Apr/2019:11:07:59 +0800] "GET //image/wxapp.jpg HTTP/1.1" 304 -
120.202.26.149 - - [08/Apr/2019:11:07:59 +0800] "GET //image/wxqrcode.png HTTP/1.1" 304 -
120.202.26.149 - - [08/Apr/2019:11:07:59 +0800] "GET //image/loading.gif HTTP/1.1" 304 -
120.202.26.149 - - [08/Apr/2019:11:07:59 +0800] "GET //image/Banner_weimei.jpg HTTP/1.1" 304 -
120.202.26.149 - - [08/Apr/2019:11:07:58 +0800] "GET //image/Banner_weimei.jpg HTTP/1.1" 200 165019
120.202.26.149 - - [08/Apr/2019:11:08:01 +0800] "GET //favicon.ico HTTP/1.1" 200 1925
140.205.127.159 - - [08/Apr/2019:11:10:15 +0800] "GET /article/getRandArticle HTTP/1.1" 200 5088
101.200.101.215 - - [08/Apr/2019:11:10:15 +0800] "GET /article/getArticleList?ps=1&pn=1&type=dz HTTP/1.1" 200 1252
101.200.101.204 - - [08/Apr/2019:11:10:15 +0800] "GET /article/getArticleList?ps=5&pn=1&type=notice HTTP/1.1" 200 1590
101.200.101.210 - - [08/Apr/2019:11:10:15 +0800] "GET /article/getArticleList?ps=1&pn=1&type=video&sort=read HTTP/1.1" 200 1024
140.205.127.175 - - [08/Apr/2019:11:10:15 +0800] "GET /article/getArticleList?ps=5&pn=1&sort=read HTTP/1.1" 200 4358
101.200.101.208 - - [08/Apr/2019:11:10:15 +0800] "GET /article/getArticleList?ps=10&pn=1 HTTP/1.1" 200 8349
101.200.101.207 - - [08/Apr/2019:11:10:15 +0800] "GET /article/getCountInfo HTTP/1.1" 200 282
101.200.101.207 - - [08/Apr/2019:11:13:16 +0800] "GET / HTTP/1.1" 200 33539
120.202.26.149 - - [08/Apr/2019:11:16:48 +0800] "GET //css/bootstrap.min.css HTTP/1.1" 304 -
120.202.26.149 - - [08/Apr/2019:11:16:48 +0800] "GET //css/font-awesome.min.css HTTP/1.1" 304 -
120.202.26.149 - - [08/Apr/2019:11:16:48 +0800] "GET //css/main.css HTTP/1.1" 304 -
120.202.26.149 - - [08/Apr/2019:11:16:48 +0800] "GET //js/jquery.min.js HTTP/1.1" 304 -
120.202.26.149 - - [08/Apr/2019:11:16:48 +0800] "GET //image/logo.png HTTP/1.1" 304 -
120.202.26.149 - - [08/Apr/2019:11:16:48 +0800] "GET //image/Banner_woniu.jpg HTTP/1.1" 304 -
120.202.26.149 - - [08/Apr/2019:11:16:48 +0800] "GET //js/bootstrap.min.js HTTP/1.1" 304 -
120.202.26.149 - - [08/Apr/2019:11:16:49 +0800] "GET //js/ias.js HTTP/1.1" 304 -
120.202.26.149 - - [08/Apr/2019:11:16:49 +0800] "GET //js/main.js HTTP/1.1" 304 -
120.202.26.149 - - [08/Apr/2019:11:16:49 +0800] "GET //image/Banner_guangyingshuihua.jpg HTTP/1.1" 304 -
120.202.26.149 - - [08/Apr/2019:11:16:49 +0800] "GET //image/Banner_weimei.jpg HTTP/1.1" 304 -
120.202.26.149 - - [08/Apr/2019:11:16:49 +0800] "GET //image/loading.gif HTTP/1.1" 304 -
120.202.26.149 - - [08/Apr/2019:11:16:49 +0800] "GET //image/wxapp.jpg HTTP/1.1" 304 -
120.202.26.149 - - [08/Apr/2019:11:16:49 +0800] "GET //image/wxqrcode.png HTTP/1.1" 304 -
120.202.26.149 - - [08/Apr/2019:11:16:49 +0800] "GET /fonts/fontawesome-webfont.woff?v=4.7.0 HTTP/1.1" 200 98024
120.202.26.149 - - [08/Apr/2019:11:19:14 +0800] "GET //css/bootstrap.min.css HTTP/1.1" 304 -
120.202.26.149 - - [08/Apr/2019:11:19:14 +0800] "GET //css/font-awesome.min.css HTTP/1.1" 304 -
120.202.26.149 - - [08/Apr/2019:11:19:14 +0800] "GET //image/logo.png HTTP/1.1" 304 -
120.202.26.149 - - [08/Apr/2019:11:19:14 +0800] "GET //css/main.css HTTP/1.1" 304 -
120.202.26.149 - - [08/Apr/2019:11:19:14 +0800] "GET //js/jquery.min.js HTTP/1.1" 304 -
120.202.26.149 - - [08/Apr/2019:11:19:14 +0800] "GET //image/Banner_woniu.jpg HTTP/1.1" 304 -
120.202.26.149 - - [08/Apr/2019:11:19:14 +0800] "GET //js/bootstrap.min.js HTTP/1.1" 304 -
120.202.26.149 - - [08/Apr/2019:11:19:14 +0800] "GET //js/ias.js HTTP/1.1" 304 -
120.202.26.149 - - [08/Apr/2019:11:19:14 +0800] "GET //js/main.js HTTP/1.1" 304 -
120.202.26.149 - - [08/Apr/2019:11:19:14 +0800] "GET //image/Banner_guangyingshuihua.jpg HTTP/1.1" 304 -
120.202.26.149 - - [08/Apr/2019:11:19:14 +0800] "GET //image/Banner_weimei.jpg HTTP/1.1" 304 -
120.202.26.149 - - [08/Apr/2019:11:19:14 +0800] "GET //image/loading.gif HTTP/1.1" 304 -
120.202.26.149 - - [08/Apr/2019:11:19:14 +0800] "GET //image/wxapp.jpg HTTP/1.1" 304 -
120.202.26.149 - - [08/Apr/2019:11:19:14 +0800] "GET //image/wxqrcode.png HTTP/1.1" 304 -
120.202.26.149 - - [08/Apr/2019:11:19:15 +0800] "GET /fonts/fontawesome-webfont.woff?v=4.7.0 HTTP/1.1" 206 1
120.202.26.149 - - [08/Apr/2019:11:19:15 +0800] "GET /fonts/fontawesome-webfont.woff?v=4.7.0 HTTP/1.1" 206 48872
64.78.193.238 - - [08/Apr/2019:11:21:22 +0800] "GET /.well-known/pki-validation/fileauth.txt HTTP/1.1" 301 270
120.202.26.149 - - [08/Apr/2019:11:22:07 +0800] "GET /css/bootstrap.min.css HTTP/1.1" 304 -
120.202.26.149 - - [08/Apr/2019:11:22:07 +0800] "GET /css/font-awesome.min.css HTTP/1.1" 304 -
120.202.26.149 - - [08/Apr/2019:11:22:07 +0800] "GET /css/main.css HTTP/1.1" 304 -
120.202.26.149 - - [08/Apr/2019:11:22:07 +0800] "GET /js/jquery.min.js HTTP/1.1" 304 -
120.202.26.149 - - [08/Apr/2019:11:22:07 +0800] "GET /image/logo.png HTTP/1.1" 304 -
120.202.26.149 - - [08/Apr/2019:11:22:08 +0800] "GET /image/Banner_woniu.jpg HTTP/1.1" 304 -
120.202.26.149 - - [08/Apr/2019:11:22:08 +0800] "GET /image/Banner_guangyingshuihua.jpg HTTP/1.1" 304 -
120.202.26.149 - - [08/Apr/2019:11:22:08 +0800] "GET /image/Banner_weimei.jpg HTTP/1.1" 304 -
120.202.26.149 - - [08/Apr/2019:11:22:08 +0800] "GET /image/loading.gif HTTP/1.1" 304 -
120.202.26.149 - - [08/Apr/2019:11:22:08 +0800] "GET /image/wxapp.jpg HTTP/1.1" 304 -
120.202.26.149 - - [08/Apr/2019:11:22:08 +0800] "GET /image/wxqrcode.png HTTP/1.1" 304 -
120.202.26.149 - - [08/Apr/2019:11:22:08 +0800] "GET /js/bootstrap.min.js HTTP/1.1" 304 -
120.202.26.149 - - [08/Apr/2019:11:22:08 +0800] "GET /js/ias.js HTTP/1.1" 304 -
120.202.26.149 - - [08/Apr/2019:11:22:08 +0800] "GET /js/main.js HTTP/1.1" 304 -
120.202.26.149 - - [08/Apr/2019:11:22:08 +0800] "GET /fonts/fontawesome-webfont.woff?v=4.7.0 HTTP/1.1" 206 1
120.202.26.149 - - [08/Apr/2019:11:22:08 +0800] "GET /fonts/fontawesome-webfont.woff?v=4.7.0 HTTP/1.1" 206 16104
120.202.26.149 - - [08/Apr/2019:11:22:14 +0800] "GET /gif/detail/128 HTTP/1.1" 500 922
120.202.26.149 - - [08/Apr/2019:11:22:23 +0800] "GET /css/font-awesome.min.css HTTP/1.1" 304 -
120.202.26.149 - - [08/Apr/2019:11:22:23 +0800] "GET /css/bootstrap.min.css HTTP/1.1" 304 -
120.202.26.149 - - [08/Apr/2019:11:22:23 +0800] "GET /css/main.css HTTP/1.1" 304 -
120.202.26.149 - - [08/Apr/2019:11:22:23 +0800] "GET /js/jquery.min.js HTTP/1.1" 304 -
120.202.26.149 - - [08/Apr/2019:11:22:23 +0800] "GET /image/logo.png HTTP/1.1" 304 -
120.202.26.149 - - [08/Apr/2019:11:22:23 +0800] "GET /image/Banner_woniu.jpg HTTP/1.1" 304 -
120.202.26.149 - - [08/Apr/2019:11:22:23 +0800] "GET /image/Banner_guangyingshuihua.jpg HTTP/1.1" 304 -
120.202.26.149 - - [08/Apr/2019:11:22:23 +0800] "GET /image/Banner_weimei.jpg HTTP/1.1" 304 -
120.202.26.149 - - [08/Apr/2019:11:22:23 +0800] "GET /image/loading.gif HTTP/1.1" 304 -
120.202.26.149 - - [08/Apr/2019:11:22:23 +0800] "GET /image/wxapp.jpg HTTP/1.1" 304 -
120.202.26.149 - - [08/Apr/2019:11:22:23 +0800] "GET /image/wxqrcode.png HTTP/1.1" 304 -
120.202.26.149 - - [08/Apr/2019:11:22:23 +0800] "GET /js/bootstrap.min.js HTTP/1.1" 304 -
120.202.26.149 - - [08/Apr/2019:11:22:23 +0800] "GET /js/ias.js HTTP/1.1" 304 -
120.202.26.149 - - [08/Apr/2019:11:22:23 +0800] "GET /js/jquery.min.js HTTP/1.1" 304 -
120.202.26.149 - - [08/Apr/2019:11:22:23 +0800] "GET /image/logo.png HTTP/1.1" 304 -
120.202.26.149 - - [08/Apr/2019:11:22:23 +0800] "GET /image/Banner_woniu.jpg HTTP/1.1" 304 -
120.202.26.149 - - [08/Apr/2019:11:22:23 +0800] "GET /js/main.js HTTP/1.1" 304 -
120.202.26.149 - - [08/Apr/2019:11:22:23 +0800] "GET /js/bootstrap.min.js HTTP/1.1" 304 -
120.202.26.149 - - [08/Apr/2019:11:22:23 +0800] "GET /js/ias.js HTTP/1.1" 304 -
120.202.26.149 - - [08/Apr/2019:11:22:23 +0800] "GET /image/Banner_guangyingshuihua.jpg HTTP/1.1" 304 -
120.202.26.149 - - [08/Apr/2019:11:22:23 +0800] "GET /fonts/fontawesome-webfont.woff?v=4.7.0 HTTP/1.1" 304 -
120.202.26.149 - - [08/Apr/2019:11:22:23 +0800] "GET /image/Banner_weimei.jpg HTTP/1.1" 304 -
120.202.26.149 - - [08/Apr/2019:11:22:23 +0800] "GET /js/main.js HTTP/1.1" 304 -
120.202.26.149 - - [08/Apr/2019:11:22:23 +0800] "GET /image/wxapp.jpg HTTP/1.1" 304 -
120.202.26.149 - - [08/Apr/2019:11:22:23 +0800] "GET /image/loading.gif HTTP/1.1" 304 -
120.202.26.149 - - [08/Apr/2019:11:22:23 +0800] "GET /image/wxqrcode.png HTTP/1.1" 304 -
120.202.26.149 - - [08/Apr/2019:11:22:25 +0800] "GET /geng HTTP/1.1" 500 922
120.202.26.149 - - [08/Apr/2019:11:22:29 +0800] "GET /css/font-awesome.min.css HTTP/1.1" 304 -
120.202.26.149 - - [08/Apr/2019:11:22:29 +0800] "GET /css/bootstrap.min.css HTTP/1.1" 304 -
120.202.26.149 - - [08/Apr/2019:11:22:29 +0800] "GET /css/main.css HTTP/1.1" 304 -
120.202.26.149 - - [08/Apr/2019:11:22:29 +0800] "GET /js/jquery.min.js HTTP/1.1" 304 -
120.202.26.149 - - [08/Apr/2019:11:22:29 +0800] "GET /image/logo.png HTTP/1.1" 304 -
120.202.26.149 - - [08/Apr/2019:11:22:29 +0800] "GET /image/Banner_woniu.jpg HTTP/1.1" 304 -
120.202.26.149 - - [08/Apr/2019:11:22:29 +0800] "GET /image/Banner_weimei.jpg HTTP/1.1" 304 -
120.202.26.149 - - [08/Apr/2019:11:22:29 +0800] "GET /image/Banner_guangyingshuihua.jpg HTTP/1.1" 304 -
120.202.26.149 - - [08/Apr/2019:11:22:29 +0800] "GET /image/loading.gif HTTP/1.1" 304 -
120.202.26.149 - - [08/Apr/2019:11:22:29 +0800] "GET /image/wxapp.jpg HTTP/1.1" 304 -
120.202.26.149 - - [08/Apr/2019:11:22:29 +0800] "GET /image/wxqrcode.png HTTP/1.1" 304 -
120.202.26.149 - - [08/Apr/2019:11:22:29 +0800] "GET /js/bootstrap.min.js HTTP/1.1" 304 -
120.202.26.149 - - [08/Apr/2019:11:22:29 +0800] "GET /js/ias.js HTTP/1.1" 304 -
120.202.26.149 - - [08/Apr/2019:11:22:29 +0800] "GET /js/main.js HTTP/1.1" 304 -
120.202.26.149 - - [08/Apr/2019:11:22:29 +0800] "GET /css/bootstrap.min.css HTTP/1.1" 304 -
120.202.26.149 - - [08/Apr/2019:11:22:29 +0800] "GET /css/font-awesome.min.css HTTP/1.1" 304 -
120.202.26.149 - - [08/Apr/2019:11:22:29 +0800] "GET /css/main.css HTTP/1.1" 304 -
120.202.26.149 - - [08/Apr/2019:11:22:29 +0800] "GET /js/jquery.min.js HTTP/1.1" 304 -
120.202.26.149 - - [08/Apr/2019:11:22:29 +0800] "GET /image/logo.png HTTP/1.1" 304 -
120.202.26.149 - - [08/Apr/2019:11:22:30 +0800] "GET /image/Banner_woniu.jpg HTTP/1.1" 304 -
120.202.26.149 - - [08/Apr/2019:11:22:30 +0800] "GET /js/bootstrap.min.js HTTP/1.1" 304 -
120.202.26.149 - - [08/Apr/2019:11:22:30 +0800] "GET /js/ias.js HTTP/1.1" 304 -
120.202.26.149 - - [08/Apr/2019:11:22:30 +0800] "GET /js/main.js HTTP/1.1" 304 -
120.202.26.149 - - [08/Apr/2019:11:22:30 +0800] "GET /image/Banner_guangyingshuihua.jpg HTTP/1.1" 304 -
120.202.26.149 - - [08/Apr/2019:11:22:30 +0800] "GET /image/loading.gif HTTP/1.1" 304 -
120.202.26.149 - - [08/Apr/2019:11:22:30 +0800] "GET /image/Banner_weimei.jpg HTTP/1.1" 304 -
120.202.26.149 - - [08/Apr/2019:11:22:30 +0800] "GET /image/wxapp.jpg HTTP/1.1" 304 -
120.202.26.149 - - [08/Apr/2019:11:22:30 +0800] "GET /image/wxqrcode.png HTTP/1.1" 304 -
120.202.26.149 - - [08/Apr/2019:11:22:39 +0800] "GET /geng HTTP/1.1" 500 922
120.202.26.149 - - [08/Apr/2019:11:23:17 +0800] "GET /geng HTTP/1.1" 500 922
120.202.26.149 - - [08/Apr/2019:11:23:17 +0800] "GET /favicon.ico HTTP/1.1" 200 1925
120.202.26.149 - - [08/Apr/2019:11:25:56 +0800] "GET /css/bootstrap.min.css HTTP/1.1" 304 -
120.202.26.149 - - [08/Apr/2019:11:25:56 +0800] "GET /css/font-awesome.min.css HTTP/1.1" 304 -
120.202.26.149 - - [08/Apr/2019:11:25:56 +0800] "GET /css/main.css HTTP/1.1" 304 -
120.202.26.149 - - [08/Apr/2019:11:25:56 +0800] "GET /js/jquery.min.js HTTP/1.1" 304 -
120.202.26.149 - - [08/Apr/2019:11:25:56 +0800] "GET /image/logo.png HTTP/1.1" 304 -
120.202.26.149 - - [08/Apr/2019:11:25:56 +0800] "GET /image/Banner_guangyingshuihua.jpg HTTP/1.1" 304 -
120.202.26.149 - - [08/Apr/2019:11:25:56 +0800] "GET /image/Banner_woniu.jpg HTTP/1.1" 304 -
120.202.26.149 - - [08/Apr/2019:11:25:56 +0800] "GET /image/Banner_weimei.jpg HTTP/1.1" 304 -
120.202.26.149 - - [08/Apr/2019:11:25:57 +0800] "GET /image/loading.gif HTTP/1.1" 304 -
120.202.26.149 - - [08/Apr/2019:11:25:57 +0800] "GET /image/wxapp.jpg HTTP/1.1" 304 -
120.202.26.149 - - [08/Apr/2019:11:25:57 +0800] "GET /image/wxqrcode.png HTTP/1.1" 304 -
120.202.26.149 - - [08/Apr/2019:11:25:57 +0800] "GET /js/bootstrap.min.js HTTP/1.1" 304 -
120.202.26.149 - - [08/Apr/2019:11:25:57 +0800] "GET /js/ias.js HTTP/1.1" 304 -
120.202.26.149 - - [08/Apr/2019:11:25:57 +0800] "GET /js/main.js HTTP/1.1" 304 -
120.202.26.149 - - [08/Apr/2019:11:25:57 +0800] "GET /js/jquery.min.js HTTP/1.1" 304 -
120.202.26.149 - - [08/Apr/2019:11:25:57 +0800] "GET /image/logo.png HTTP/1.1" 304 -
120.202.26.149 - - [08/Apr/2019:11:25:57 +0800] "GET /image/Banner_woniu.jpg HTTP/1.1" 304 -
120.202.26.149 - - [08/Apr/2019:11:25:57 +0800] "GET /fonts/fontawesome-webfont.woff?v=4.7.0 HTTP/1.1" 304 -
120.202.26.149 - - [08/Apr/2019:11:25:57 +0800] "GET /js/bootstrap.min.js HTTP/1.1" 304 -
120.202.26.149 - - [08/Apr/2019:11:25:57 +0800] "GET /js/ias.js HTTP/1.1" 304 -
120.202.26.149 - - [08/Apr/2019:11:25:57 +0800] "GET /js/main.js HTTP/1.1" 304 -
120.202.26.149 - - [08/Apr/2019:11:25:57 +0800] "GET /image/Banner_guangyingshuihua.jpg HTTP/1.1" 304 -
120.202.26.149 - - [08/Apr/2019:11:25:57 +0800] "GET /image/Banner_weimei.jpg HTTP/1.1" 304 -
120.202.26.149 - - [08/Apr/2019:11:25:57 +0800] "GET /image/loading.gif HTTP/1.1" 304 -
120.202.26.149 - - [08/Apr/2019:11:25:57 +0800] "GET /image/wxapp.jpg HTTP/1.1" 304 -
120.202.26.149 - - [08/Apr/2019:11:25:57 +0800] "GET /image/wxqrcode.png HTTP/1.1" 304 -
120.202.26.149 - - [08/Apr/2019:11:26:08 +0800] "GET / HTTP/1.1" 500 922
120.202.26.149 - - [08/Apr/2019:11:26:08 +0800] "GET /favicon.ico HTTP/1.1" 200 1925
120.202.26.149 - - [08/Apr/2019:11:29:34 +0800] "GET / HTTP/1.1" 500 922
64.78.193.238 - - [08/Apr/2019:11:32:08 +0800] "GET /.well-known/pki-validation/fileauth.txt HTTP/1.1" 301 270
120.202.26.149 - - [08/Apr/2019:11:37:33 +0800] "GET / HTTP/1.1" 500 922
120.202.26.149 - - [08/Apr/2019:11:37:33 +0800] "GET /favicon.ico HTTP/1.1" 200 1925
120.202.26.149 - - [08/Apr/2019:11:38:41 +0800] "GET / HTTP/1.1" 500 922
120.202.26.149 - - [08/Apr/2019:11:38:50 +0800] "GET / HTTP/1.1" 200 7944
120.202.26.149 - - [08/Apr/2019:11:38:50 +0800] "GET /css/font-awesome.min.css HTTP/1.1" 200 7046
120.202.26.149 - - [08/Apr/2019:11:38:50 +0800] "GET /css/bootstrap.min.css HTTP/1.1" 200 16330
120.202.26.149 - - [08/Apr/2019:11:38:50 +0800] "GET /css/main.css HTTP/1.1" 200 18617
120.202.26.149 - - [08/Apr/2019:11:38:50 +0800] "GET /js/jquery.min.js HTTP/1.1" 200 33354
120.202.26.149 - - [08/Apr/2019:11:38:50 +0800] "GET /image/logo.png HTTP/1.1" 200 6525
120.202.26.149 - - [08/Apr/2019:11:38:50 +0800] "GET /image/Banner_woniu.jpg HTTP/1.1" 200 55537
120.202.26.149 - - [08/Apr/2019:11:38:50 +0800] "GET /js/bootstrap.min.js HTTP/1.1" 200 9551
120.202.26.149 - - [08/Apr/2019:11:38:50 +0800] "GET /js/ias.js HTTP/1.1" 200 2185
120.202.26.149 - - [08/Apr/2019:11:38:50 +0800] "GET /js/main.js HTTP/1.1" 200 6191
120.202.26.149 - - [08/Apr/2019:11:38:50 +0800] "GET /_nuxt/c379a202c1d2fec47105.js HTTP/1.1" 200 1385
120.202.26.149 - - [08/Apr/2019:11:38:50 +0800] "GET /image/Banner_guangyingshuihua.jpg HTTP/1.1" 200 40592
120.202.26.149 - - [08/Apr/2019:11:38:50 +0800] "GET /_nuxt/598f3d6488342a2ed064.js HTTP/1.1" 200 7256
120.202.26.149 - - [08/Apr/2019:11:38:50 +0800] "GET /_nuxt/802c1ec572fcd1f86a88.js HTTP/1.1" 200 54660
120.202.26.149 - - [08/Apr/2019:11:38:50 +0800] "GET /_nuxt/bbf8a3fb503554752ac2.js HTTP/1.1" 200 13774
120.202.26.149 - - [08/Apr/2019:11:38:51 +0800] "GET /image/loading.gif HTTP/1.1" 200 2418
120.202.26.149 - - [08/Apr/2019:11:38:51 +0800] "GET /fonts/fontawesome-webfont.eot? HTTP/1.1" 200 98278
120.202.26.149 - - [08/Apr/2019:11:38:51 +0800] "GET /image/wxapp.jpg HTTP/1.1" 200 75999
120.202.26.149 - - [08/Apr/2019:11:38:51 +0800] "GET /image/wxqrcode.png HTTP/1.1" 200 40117
120.202.26.149 - - [08/Apr/2019:11:38:50 +0800] "GET /image/Banner_weimei.jpg HTTP/1.1" 200 165019
120.202.26.149 - - [08/Apr/2019:11:38:55 +0800] "GET /favicon.ico HTTP/1.1" 200 1925
120.202.26.149 - - [08/Apr/2019:11:39:00 +0800] "GET /fonts/fontawesome-webfont.eot? HTTP/1.1" 304 -
120.202.26.149 - - [08/Apr/2019:11:40:14 +0800] "-" 408 -
120.202.26.149 - - [08/Apr/2019:11:40:14 +0800] "-" 408 -
120.202.26.149 - - [08/Apr/2019:11:40:17 +0800] "GET / HTTP/1.1" 301 231
120.202.26.149 - - [08/Apr/2019:11:40:17 +0800] "GET // HTTP/1.1" 200 7933
120.202.26.149 - - [08/Apr/2019:11:40:18 +0800] "GET /css/bootstrap.min.css HTTP/1.1" 200 16330
120.202.26.149 - - [08/Apr/2019:11:40:18 +0800] "GET /js/jquery.min.js HTTP/1.1" 200 33354
120.202.26.149 - - [08/Apr/2019:11:40:18 +0800] "GET /css/font-awesome.min.css HTTP/1.1" 200 7046
120.202.26.149 - - [08/Apr/2019:11:40:18 +0800] "GET /img/d7fa0d897cd49c522e29fdfea247fe71.jpg HTTP/1.1" 301 271
120.202.26.149 - - [08/Apr/2019:11:40:18 +0800] "GET /img/4ff73e6eb0f48a06d9aabe6ceba4155d.jpg HTTP/1.1" 301 271
120.202.26.149 - - [08/Apr/2019:11:40:18 +0800] "GET /image/Banner_guangyingshuihua.jpg HTTP/1.1" 200 40592
120.202.26.149 - - [08/Apr/2019:11:40:18 +0800] "GET /image/logo.png HTTP/1.1" 200 6525
120.202.26.149 - - [08/Apr/2019:11:40:18 +0800] "GET /image/wxapp.jpg HTTP/1.1" 200 75999
120.202.26.149 - - [08/Apr/2019:11:40:18 +0800] "GET /image/wxqrcode.png HTTP/1.1" 200 40117
120.202.26.149 - - [08/Apr/2019:11:40:18 +0800] "GET /img/9f77d9bff62d54455c56db3fc5e5d05d.jpg HTTP/1.1" 301 271
120.202.26.149 - - [08/Apr/2019:11:40:18 +0800] "GET /img/23d099ed578c01b05d19437375e26229.jpg HTTP/1.1" 301 271
120.202.26.149 - - [08/Apr/2019:11:40:18 +0800] "GET /img/de5fd9655a1f0ed92e8becd32ed23a8a.jpg HTTP/1.1" 301 271
120.202.26.149 - - [08/Apr/2019:11:40:18 +0800] "GET /js/main.js HTTP/1.1" 200 6191
120.202.26.149 - - [08/Apr/2019:11:40:18 +0800] "GET /js/ias.js HTTP/1.1" 200 2185
120.202.26.149 - - [08/Apr/2019:11:40:18 +0800] "GET /img/bebc7ac5e8964531401fc29fe6f79573.jpg HTTP/1.1" 301 271
120.202.26.149 - - [08/Apr/2019:11:40:18 +0800] "GET /img/5edfced63f9808df538ec3fa8f17d18d.jpg HTTP/1.1" 301 271
120.202.26.149 - - [08/Apr/2019:11:40:18 +0800] "GET /img/d3da5d9cc075175c86e35f42f5c8eb22.png HTTP/1.1" 301 271
120.202.26.149 - - [08/Apr/2019:11:40:18 +0800] "GET /img/5a880809bd9fe2962f8d362aaa2a3f5e.jpg HTTP/1.1" 301 271
120.202.26.149 - - [08/Apr/2019:11:40:18 +0800] "GET /img/9b0f50528b3b61c7ac372ab6c6b17d10.jpg HTTP/1.1" 301 271
120.202.26.149 - - [08/Apr/2019:11:40:18 +0800] "GET /img/9d56568b9b48c4c8ec444dc688f11804.jpg HTTP/1.1" 301 271
120.202.26.149 - - [08/Apr/2019:11:40:18 +0800] "GET /js/bootstrap.min.js HTTP/1.1" 200 9551
120.202.26.149 - - [08/Apr/2019:11:40:19 +0800] "GET /image/loading.gif HTTP/1.1" 200 2418
120.202.26.149 - - [08/Apr/2019:11:40:19 +0800] "GET //img/4ff73e6eb0f48a06d9aabe6ceba4155d.jpg HTTP/1.1" 200 23052
120.202.26.149 - - [08/Apr/2019:11:40:19 +0800] "GET //img/d7fa0d897cd49c522e29fdfea247fe71.jpg HTTP/1.1" 200 42180
120.202.26.149 - - [08/Apr/2019:11:40:19 +0800] "GET //img/23d099ed578c01b05d19437375e26229.jpg HTTP/1.1" 200 29743
120.202.26.149 - - [08/Apr/2019:11:40:19 +0800] "GET //img/de5fd9655a1f0ed92e8becd32ed23a8a.jpg HTTP/1.1" 200 33711
120.202.26.149 - - [08/Apr/2019:11:40:18 +0800] "GET /image/Banner_weimei.jpg HTTP/1.1" 200 165019
120.202.26.149 - - [08/Apr/2019:11:40:19 +0800] "GET //img/bebc7ac5e8964531401fc29fe6f79573.jpg HTTP/1.1" 200 31961
120.202.26.149 - - [08/Apr/2019:11:40:20 +0800] "GET //img/9f77d9bff62d54455c56db3fc5e5d05d.jpg HTTP/1.1" 200 39586
120.202.26.149 - - [08/Apr/2019:11:40:20 +0800] "GET /_nuxt/802c1ec572fcd1f86a88.js HTTP/1.1" 200 54660
120.202.26.149 - - [08/Apr/2019:11:40:20 +0800] "GET /css/main.css HTTP/1.1" 200 18617
120.202.26.149 - - [08/Apr/2019:11:40:20 +0800] "GET /_nuxt/bbf8a3fb503554752ac2.js HTTP/1.1" 200 13774
120.202.26.149 - - [08/Apr/2019:11:40:20 +0800] "GET //img/5edfced63f9808df538ec3fa8f17d18d.jpg HTTP/1.1" 200 29263
120.202.26.149 - - [08/Apr/2019:11:40:21 +0800] "GET //img/9d56568b9b48c4c8ec444dc688f11804.jpg HTTP/1.1" 200 20396
120.202.26.149 - - [08/Apr/2019:11:40:21 +0800] "GET //img/d3da5d9cc075175c86e35f42f5c8eb22.png HTTP/1.1" 200 28219
120.202.26.149 - - [08/Apr/2019:11:40:21 +0800] "GET /image/Banner_woniu.jpg HTTP/1.1" 200 55537
120.202.26.149 - - [08/Apr/2019:11:40:21 +0800] "GET /_nuxt/c379a202c1d2fec47105.js HTTP/1.1" 200 1385
120.202.26.149 - - [08/Apr/2019:11:40:21 +0800] "GET /_nuxt/598f3d6488342a2ed064.js HTTP/1.1" 200 7256
120.202.26.149 - - [08/Apr/2019:11:40:21 +0800] "GET //img/5a880809bd9fe2962f8d362aaa2a3f5e.jpg HTTP/1.1" 200 7010
120.202.26.149 - - [08/Apr/2019:11:40:21 +0800] "GET //img/9b0f50528b3b61c7ac372ab6c6b17d10.jpg HTTP/1.1" 200 21217
120.202.26.149 - - [08/Apr/2019:11:40:22 +0800] "GET /fonts/fontawesome-webfont.woff?v=4.7.0 HTTP/1.1" 200 98024
120.202.26.149 - - [08/Apr/2019:11:40:28 +0800] "-" 408 -
120.202.26.149 - - [08/Apr/2019:11:40:28 +0800] "-" 408 -
120.202.26.149 - - [08/Apr/2019:11:40:40 +0800] "-" 408 -
120.202.26.149 - - [08/Apr/2019:11:40:40 +0800] "-" 408 -
120.202.26.149 - - [08/Apr/2019:11:40:41 +0800] "-" 408 -
120.202.26.149 - - [08/Apr/2019:11:40:44 +0800] "-" 408 -
120.202.26.149 - - [08/Apr/2019:11:40:54 +0800] "-" 408 -
120.202.26.149 - - [08/Apr/2019:11:40:54 +0800] "-" 408 -
120.202.26.149 - - [08/Apr/2019:11:40:55 +0800] "-" 408 -
120.202.26.149 - - [08/Apr/2019:11:40:55 +0800] "-" 408 -
120.202.26.149 - - [08/Apr/2019:11:40:55 +0800] "-" 408 -
120.202.26.149 - - [08/Apr/2019:11:40:55 +0800] "-" 408 -
120.202.26.149 - - [08/Apr/2019:11:40:55 +0800] "-" 408 -
120.202.26.149 - - [08/Apr/2019:11:40:55 +0800] "-" 408 -
120.202.26.149 - - [08/Apr/2019:11:40:55 +0800] "-" 408 -
120.202.26.149 - - [08/Apr/2019:11:40:55 +0800] "-" 408 -
120.202.26.149 - - [08/Apr/2019:11:40:56 +0800] "-" 408 -
120.202.26.149 - - [08/Apr/2019:11:40:56 +0800] "-" 408 -
120.202.26.149 - - [08/Apr/2019:11:40:56 +0800] "-" 408 -
120.202.26.149 - - [08/Apr/2019:11:40:57 +0800] "GET /fonts/fontawesome-webfont.woff?v=4.7.0 HTTP/1.1" 304 -
120.202.26.149 - - [08/Apr/2019:11:40:57 +0800] "GET /img/d3da5d9cc075175c86e35f42f5c8eb22.png HTTP/1.1" 301 271
120.202.26.149 - - [08/Apr/2019:11:40:57 +0800] "GET /img/9b0f50528b3b61c7ac372ab6c6b17d10.jpg HTTP/1.1" 301 271
